Scheme evaluation results:
Order: 8, No. cycles: 22
---------------------------------------------------------------------------------------------------
Vector a: 0.130735714298100006761366523131520094, 0.424830959751107239300182377625068773, -0.207602963764894694936759305114016205, 0.160090848951420409392433546990099302, -0.092112163851948880038830268041805996, -0.017252700145636493497004598457041316, 0.136213300533619979976388097606241385, -0.221695381713568598128177314278714445, 0.592984147830870837242730148670393461, -0.052559669295493762079958796781074390, -0.060218035045747249004895196252407838, 0.206585942452171205012524784901737091
Vector b: 0.261471428596200013522733046263023530, 0.588190490906014465077631708987092349, -1.003396418435803854951150319214792633, 1.323578116338644673736017413195120852, -1.507802444042542433813677949278575447, 1.473297043751269446819668752364470992, -1.200870442684029486866892557152229252, 0.757479679256892290610537928594695206, 0.428488616404849383874922368745938893, -0.533607954995836908034839962307942686, 0.413171884904342410025049569803198293
---------------------------------------------------------------------------------------------------
Highest efficiency scheme - Less efficient than it's pair at odd cycles (21), and much less
uniform. Shouldn't be used!
---------------------------------------------------------------------------------------------------
| Order |                  Error^2                   |                 Efficiency                 |
---------------------------------------------------------------------------------------------------
|   2   | 3.060819528643428780218082320320073622e-69 | 3.734528486818649170465623703674200781e+31 |
|   4   | 2.054109236361791616370293636026329918e-71 | 9.418841941193571521383922262960751953e+29 |
|   6   | 1.519664074497862315259595763846411592e-73 | 2.262507964694623438849998261228454971e+28 |
|   8   | 8.632192109922317246209559859413812789e-14 | 6.202374778050391124497888681731977473e-05 |
---------------------------------------------------------------------------------------------------
Distance from the origin: x = 1.5953973014520044
---------------------------------------------------------------------------------------------------

Scheme evaluation results:
Order: 8, No. cycles: 22
---------------------------------------------------------------------------------------------------
Vector a: 0.099177802402589382437694706543669839, 0.514968850619742194408025646251869231, -0.018033723336761858223483123165269594, -0.311276353426112646932175054208130433, 0.292106993747960697026656932399996069, 0.316949002447234012442919845101968855, -0.193565707213324107675850219540468301, -0.244108443022358373785228432416365503, 0.219866533600317410544765942367393959, -0.169912516565162484623442012952894364, 0.100448100799218475890215761394960276, 0.393379459946657298489900008223269872
Vector b: 0.198355604805178764875389413086823746, 0.831582096434305623940661879417465267, -0.867649543107829340387628125748009926, 0.245096836255604046523278017331926317, 0.339117151240317347530035847467829196, 0.294780853654150677355803842736137403, -0.681912268080798892707504281817017912, 0.193695382036082145137047416984207294, 0.246037685164552675952484467750712815, -0.585862718294877645199368493656568083, 0.786758919893314596979800016446493714
---------------------------------------------------------------------------------------------------
Smallest distance from the origin point - Less efficient than the scheme above, but more uniform.
Likely performs worse than schemes at even cycles. Do not use!
---------------------------------------------------------------------------------------------------
| Order |                  Error^2                   |                 Efficiency                 |
---------------------------------------------------------------------------------------------------
|   2   |                    0.0                     |                  Infinity                  |
|   4   | 6.278839986295865020440893258330402504e-73 | 5.387280257343469510389837513213755859e+30 |
|   6   | 1.821476743752192510493656885148813376e-74 | 6.535097926699201272763651778645418549e+28 |
|   8   | 2.662620637642026294171522600064993664e-13 | 3.531538185388463805584364842586267138e-05 |
---------------------------------------------------------------------------------------------------
Distance from the origin: x = 0.8916492825453675
---------------------------------------------------------------------------------------------------
