Scheme evaluation results:
Order: 8, No. cycles: 26
---------------------------------------------------------------------------------------------------
Vector a: 0.172627933881443759004677358349508811, -0.205587233188434049944344433261288448, -0.273817948165372637725553311473278596, -0.328123097004169059774675588436840561, -0.307077688075205466731720862520724960, 0.697282218258237810393093799031444542, -0.061450031321406912715099933247123572, -0.682039894877268891103751474830893325, 0.562507739778828750802696043396794331, 1.004364565137955514007272109611314616, -0.114778822792510119633635795330736634, -0.236152979863630980162037126188909950, 0.521986926313749636953927130209544076, 0.250258311917782646629152084691189742
Vector b: 0.345258336496976359493343263146729357, -0.756434917768114689560662140400452560, 0.208800651631418124158138640693131759, -0.865049518314840949645942030465588617, 0.250895095503084659049430395864623026, 1.143668281978668001523014930087086807, -1.266568774439654900652388611922683845, -0.097509299920116027821904171174730825, 1.222523233725716084165955566138386377, 0.786207819582421356643597188645013589, -1.015765686588772728322750003803166558, 0.543458339640824836328633497991376778, 0.500516438472389874641533475200274641
---------------------------------------------------------------------------------------------------
| Order |                  Error^2                   |                 Efficiency                 |
---------------------------------------------------------------------------------------------------
|   2   | 2.516259461035344960278645862645184052e-39 | 2.949005575483480851313708808228645705e+16 |
|   4   | 9.844595264703883737682635414067135428e-35 | 2.205503113203490798683996176405166002e+11 |
|   6   | 2.237945427006520094136366877561649093e-34 | 2.163889931793801041873855508774590262e+08 |
|   8   | 1.214692700781492725815424586698281929e-13 | 1.373978716412925646047483247730432493e-05 |
---------------------------------------------------------------------------------------------------

Scheme evaluation results:
Order: 8, No. cycles: 26
---------------------------------------------------------------------------------------------------
Vector a: 0.172627916332598065020358830005036609, -0.205587248934288905062850634673087348, -0.273817932301075371079992560983874324, -0.328123080360161448483199837136770139, -0.307077684947220617033948245556991447, 0.697282214910675752649455293418807649, -0.061450031208919477185839452994865828, -0.682039891027306629129227850742827830, 0.562507736390177190919670891398598239, 1.004364563441430664989545491856447231, -0.114778820162695383983608414697546233, -0.236152976501720375327908734662829606, 0.521986925516374824696406570529151657, 0.250258308852131709011138654240751437
Vector b: 0.345258301399876803817238120462273560, -0.756434914163461915441130092372264816, 0.208800679755560991370039618633930040, -0.865049513151316515689530308023296701, 0.250895096595395028580767959266606410, 1.143668274191412282999479567413347256, -1.266568766427572364246418939770660248, -0.097509300232557040113943847321295251, 1.222523227261180959517806692344432347, 0.786207822654719986277417171029667800, -1.015765684401654561586366915550148461, 0.543458344177221112918008347461223798, 0.500516432341195231596632626426184338
---------------------------------------------------------------------------------------------------
| Order |                  Error^2                   |                 Efficiency                 |
---------------------------------------------------------------------------------------------------
|   2   | 2.516247236148866510885181095344961329e-39 | 2.949012739170355317649222366004794355e+16 |
|   4   | 9.844550982819437947331153886025512146e-35 | 2.205508073496974407087691370857517659e+11 |
|   6   | 2.237945924809031932527117377015193146e-34 | 2.163889691128937036621574358038195837e+08 |
|   8   | 1.214692693817045629482433477164162687e-13 | 1.373978720351782822408589823845370900e-05 |
---------------------------------------------------------------------------------------------------

Scheme evaluation results:
Order: 8, No. cycles: 26
---------------------------------------------------------------------------------------------------
Vector a: -0.435842928805841107088876357898799654, -0.400613389026835844999041181162061736, 0.479923721913327371436928972695521776, 0.677210991851796270583406085341838998, -0.362524746219777088009668743337389369, 0.114193775031077637669313275599513648, 0.199532913196607320524021248678552373, 0.075264662531595053509055308210569157, -0.102019715349715096315893213879903533, -0.387630540404748046624673286899652095, -0.092150473207842364137947545505402095, 0.795301621367354092818571857828881934, 0.303377339699498217126573369550549566, 0.135976767423503583508230210777781080
Vector b: -0.871686481090119630727529672769579982, 0.070461656689319948642084268393510667, 0.889384016392303049680420273725059657, 0.465038976569931341417589859891233553, -1.190088384871779858096804824292117398, 1.418475838839851953752701946460623531, -0.000000969682378662370326732169774441, -0.868881004436126851714430190023788568, 0.664841914744485786115280789604360832, -1.440101717931874634601816378318751595, 1.255801041417968029290016517551271943, 0.334801891656879806027529714153236577, 0.271953221701539722585284427794715186
---------------------------------------------------------------------------------------------------
| Order |                  Error^2                   |                 Efficiency                 |
---------------------------------------------------------------------------------------------------
|   2   | 7.345891010711661692441888819706023445e-38 | 5.457968989248458344079907991380684086e+15 |
|   4   | 2.151104041341621421901338511855228755e-34 | 1.492024312526928130902117071477529714e+11 |
|   6   | 2.041818727160966668713868009119274975e-34 | 2.265433512839443077518650403276507978e+08 |
|   8   | 2.349761864271207295831392848845573038e-11 | 9.878733980457213314403903587352328645e-07 |
---------------------------------------------------------------------------------------------------

