Scheme evaluation results:
Order: 4, No. cycles: 5
-------------------------------------------------------------------
Vector a: -0.11058692399317974259, 0.92542079537209700818, 0.18516612862108273443
Vector b: 0.82706325946537083752, -0.33528148929444152458, 0.50821822982907068707
-------------------------------------------------------------------
| Order |          Error^2           |         Efficiency         |
-------------------------------------------------------------------
|   2   | 2.86985925493722536125e-41 | 7.46671701595330033300e+18 |
|   4   | 2.31112163543876271212e-08 | 1.05246722681084016217e+01 |
|   6   | 4.82736142235395765622e-10 | 2.91289658414604790931e+00 |
|   8   | 5.20537759283170798154e-11 | 3.54824701573635509130e-01 |
-------------------------------------------------------------------

Scheme evaluation results:
Order: 4, No. cycles: 5
-------------------------------------------------------------------
Vector a: 0.93433443918237074936, -0.13753273627436995258, 0.20319829709199920323
Vector b: 0.37560974106058634883, -0.26497627549773007267, 0.88936653443714372381
-------------------------------------------------------------------
| Order |          Error^2           |         Efficiency         |
-------------------------------------------------------------------
|   2   | 1.79366203433576585078e-41 | 9.44473296573929042700e+18 |
|   4   | 4.07292936576659862922e-08 | 7.92805297496969002286e+00 |
|   6   | 4.38340336064035420858e-10 | 3.05685089735209225168e+00 |
|   8   | 1.94138160105493213896e-11 | 5.81011208513592858100e-01 |
-------------------------------------------------------------------

Scheme evaluation results:
Order: 4, No. cycles: 5
-------------------------------------------------------------------
Vector a: 0.70190539851864015294, -0.28941304444172608298, 0.58750764592308593007
Vector b: 0.41266047227982647876, 0.72366564787807322945, -0.13632612015789970824
-------------------------------------------------------------------
| Order |          Error^2           |         Efficiency         |
-------------------------------------------------------------------
|   2   | 1.19386145005388575028e-39 | 1.15766532915811771125e+18 |
|   4   | 1.07870204019542994453e-07 | 4.87157319964824343100e+00 |
|   6   | 9.33600027746437545701e-10 | 2.09459250900466326540e+00 |
|   8   | 1.29835095124090886655e-10 | 2.24669394616745238819e-01 |
-------------------------------------------------------------------

Scheme evaluation results:
Order: 4, No. cycles: 5
-------------------------------------------------------------------
Vector a: -0.24347231538312730000, 0.82898154358875100002, 0.41449077179437590000
Vector b: -0.65796308717750289998, 0.82898154358875100002, 0.82898154358875100002
-------------------------------------------------------------------
| Order |          Error^2           |         Efficiency         |
-------------------------------------------------------------------
|   2   | 2.84262830841082800469e-34 | 2.37246575834543526953e+15 |
|   4   | 2.13027519669513676336e-06 | 1.09623112130197186015e+00 |
|   6   | 3.22889820919698012566e-08 | 3.56166277231795251943e-01 |
|   8   | 6.67098677549480644729e-09 | 3.13433148624795847245e-02 |
-------------------------------------------------------------------
