Scheme evaluation results:
Order: 4, No. cycles: 5
-------------------------------------------------------------------
Vector a: -0.11058692399317974259, 0.92542079537209700818, 0.18516612862108273443
Vector b: 0.82706325946537083752, -0.33528148929444152458, 0.50821822982907068707
-------------------------------------------------------------------
| Order |          Error^2           |         Efficiency         |
-------------------------------------------------------------------
|   2   | 2.86985925493722536125e-41 | 7.46671701595330033300e+18 |
|   4   | 2.31112163543876271212e-08 | 1.05246722681084016217e+01 |
|   6   | 4.82736142235395765622e-10 | 2.91289658414604790931e+00 |
|   8   | 5.20537759283170798154e-11 | 3.54824701573635509130e-01 |
-------------------------------------------------------------------

Scheme evaluation results:
Order: 4, No. cycles: 5
-------------------------------------------------------------------
Vector a: 0.93433443918237074936, -0.13753273627436995258, 0.20319829709199920323
Vector b: 0.37560974106058634883, -0.26497627549773007267, 0.88936653443714372381
-------------------------------------------------------------------
| Order |          Error^2           |         Efficiency         |
-------------------------------------------------------------------
|   2   | 1.79366203433576585078e-41 | 9.44473296573929042700e+18 |
|   4   | 4.07292936576659862922e-08 | 7.92805297496969002286e+00 |
|   6   | 4.38340336064035420858e-10 | 3.05685089735209225168e+00 |
|   8   | 1.94138160105493213896e-11 | 5.81011208513592858100e-01 |
-------------------------------------------------------------------

Scheme evaluation results:
Order: 4, No. cycles: 5
-------------------------------------------------------------------
Vector a: -0.03470493338734178480, 0.82803963122766791874, 0.20666530215967386609
Vector b: -1.30610336664934436528, 1.77988771155456724084, 0.52621565509477712444
-------------------------------------------------------------------
| Order |          Error^2           |         Efficiency         |
-------------------------------------------------------------------
|   2   | 8.10735239519766164554e-41 | 4.44242869859072677450e+18 |
|   4   | 8.44510860969986542960e-08 | 5.50576109993324550561e+00 |
|   6   | 2.21495738834453629533e-09 | 1.35986966567955059855e+00 |
|   8   | 1.24652140796587529743e-10 | 2.29292629377300832859e-01 |
-------------------------------------------------------------------

Scheme evaluation results:
Order: 4, No. cycles: 5
-------------------------------------------------------------------
Vector a: 0.70190539851864015294, -0.28941304444172608298, 0.58750764592308593007
Vector b: 0.41266047227982647876, 0.72366564787807322945, -0.13632612015789970824
-------------------------------------------------------------------
| Order |          Error^2           |         Efficiency         |
-------------------------------------------------------------------
|   2   | 1.19386145005388575028e-39 | 1.15766532915811771125e+18 |
|   4   | 1.07870204019542994453e-07 | 4.87157319964824343100e+00 |
|   6   | 9.33600027746437545701e-10 | 2.09459250900466326540e+00 |
|   8   | 1.29835095124090886655e-10 | 2.24669394616745238819e-01 |
-------------------------------------------------------------------

Scheme evaluation results:
Order: 4, No. cycles: 5
-------------------------------------------------------------------
Vector a: -0.71396930951816913521, 0.98480327067738210881, 0.72916603884078702640
Vector b: -1.06158432182090367167, 0.41730869541146023199, 1.64427562640944343968
-------------------------------------------------------------------
| Order |          Error^2           |         Efficiency         |
-------------------------------------------------------------------
|   2   | 3.76525534247763967396e-39 | 6.51872671735000739812e+17 |
|   4   | 1.11035029945230833323e-06 | 1.51841321781646442402e+00 |
|   6   | 2.39706523840695518808e-06 | 4.13371039541555024255e-02 |
|   8   | 4.18968623313151448894e-07 | 3.95502483965692179122e-03 |
-------------------------------------------------------------------

Scheme evaluation results:
Order: 4, No. cycles: 5
-------------------------------------------------------------------
Vector a: 0.24410303156918557082, -0.69465179625379804804, 1.45054876468461247719
Vector b: 2.40700586531654494140, -4.31599201470390120543, 2.90898614938735626404
-------------------------------------------------------------------
| Order |          Error^2           |         Efficiency         |
-------------------------------------------------------------------
|   2   | 4.14292882042737853150e-38 | 1.96519773741849973969e+17 |
|   4   | 1.63712710187752902437e-06 | 1.25048585521834251170e+00 |
|   6   | 7.51262526913882165476e-04 | 2.33498508407540784222e-03 |
|   8   | 6.37605609735444202712e-04 | 1.01382711100499315552e-04 |
-------------------------------------------------------------------

Scheme evaluation results:
Order: 4, No. cycles: 5
-------------------------------------------------------------------
Vector a: -0.24347231538312730000, 0.82898154358875100002, 0.41449077179437590000
Vector b: -0.65796308717750289998, 0.82898154358875100002, 0.82898154358875100002
-------------------------------------------------------------------
| Order |          Error^2           |         Efficiency         |
-------------------------------------------------------------------
|   2   | 2.84262830841082800469e-34 | 2.37246575834543526953e+15 |
|   4   | 2.13027519669513676336e-06 | 1.09623112130197186015e+00 |
|   6   | 3.22889820919698012566e-08 | 3.56166277231795251943e-01 |
|   8   | 6.67098677549480644729e-09 | 3.13433148624795847245e-02 |
-------------------------------------------------------------------

Scheme evaluation results:
Order: 4, No. cycles: 5
-------------------------------------------------------------------
Vector a: 0.84537132710132237783, 2.03973763562070525618, -1.88510896272202763406
Vector b: 0.36923767572323462871, 0.64619661913568199823, -0.01543429485891662694
-------------------------------------------------------------------
| Order |          Error^2           |         Efficiency         |
-------------------------------------------------------------------
|   2   | 9.18354961579912115601e-40 | 1.31994155879539035488e+18 |
|   4   | 1.26187475034192772196e-05 | 4.50413975582194747255e-01 |
|   6   | 3.27327552952794707270e-08 | 3.53743682126323348959e-01 |
|   8   | 7.44126346701631913627e-09 | 2.96767695687212144774e-02 |
-------------------------------------------------------------------

Scheme evaluation results:
Order: 4, No. cycles: 5
-------------------------------------------------------------------
Vector a: -0.40742086511011250629, -1.24430726412163457242, 2.65172812923174707877
Vector b: 1.91963643673578978558, -1.10931044346063295948, 0.18967400672484317390
-------------------------------------------------------------------
| Order |          Error^2           |         Efficiency         |
-------------------------------------------------------------------
|   2   | 9.18354961579912115601e-40 | 1.31994155879539035488e+18 |
|   4   | 3.36286033421794887731e-04 | 8.72500264595884350338e-02 |
|   6   | 1.68141367436689793436e-05 | 1.56078357631154613079e-02 |
|   8   | 3.00499200735809938436e-06 | 1.47678850998498279112e-03 |
-------------------------------------------------------------------

Scheme evaluation results:
Order: 4, No. cycles: 5
-------------------------------------------------------------------
Vector a: 0.92147743518365324056, -1.15471070313193145164, 1.23323326794827821114
Vector b: -2.85253878404043827253, 0.15573209565053804767, 3.69680668838990022476
-------------------------------------------------------------------
| Order |          Error^2           |         Efficiency         |
-------------------------------------------------------------------
|   2   | 3.42087223188517263061e-38 | 2.16267651636968722016e+17 |
|   4   | 5.90487993774348530638e-04 | 6.58437332533140643506e-02 |
|   6   | 1.92800160205445083834e-04 | 4.60920770033574668008e-03 |
|   8   | 1.67758885596304186989e-04 | 1.97650173115320543480e-04 |
-------------------------------------------------------------------

Scheme evaluation results:
Order: 4, No. cycles: 5
-------------------------------------------------------------------
Vector a: -0.50793912217199465513, -0.11297994804986150284, 1.62091907022185615804
Vector b: -1.05109961249541734223, 3.58675375710760924414, -1.53565414461219190180
-------------------------------------------------------------------
| Order |          Error^2           |         Efficiency         |
-------------------------------------------------------------------
|   2   | 2.38772290010777150056e-39 | 8.18593004592261656062e+17 |
|   4   | 9.33611475753825236982e-04 | 5.23644916736855495851e-02 |
|   6   | 4.93207571035809024884e-05 | 9.11307840252893208410e-03 |
|   8   | 1.64454447865413107991e-05 | 6.31272910869544217328e-04 |
-------------------------------------------------------------------

Scheme evaluation results:
Order: 4, No. cycles: 5
-------------------------------------------------------------------
Vector a: -2.37779300782263423842, 1.78893880527680191293, 1.58885420254583232549
Vector b: 1.88711529787307534804, 0.12076912820186520449, -1.00788442607494055261
-------------------------------------------------------------------
| Order |          Error^2           |         Efficiency         |
-------------------------------------------------------------------
|   2   | 3.90300858671462649130e-39 | 6.40265701947743297062e+17 |
|   4   | 1.39256881783908769521e-03 | 4.28757420558802545476e-02 |
|   6   | 2.28368135880127430484e-04 | 4.23508587104121997338e-03 |
|   8   | 1.94634199581502669257e-05 | 5.80270361432332468544e-04 |
-------------------------------------------------------------------

Scheme evaluation results:
Order: 4, No. cycles: 5
-------------------------------------------------------------------
Vector a: -0.17099803337457148949, -0.16742269706949548435, 1.33842073044406697385
Vector b: -1.06993464109359047486, -1.12872078808572159523, 3.19865542917931207009
-------------------------------------------------------------------
| Order |          Error^2           |         Efficiency         |
-------------------------------------------------------------------
|   2   | 1.15942313899463904595e-39 | 1.17473256906411014150e+18 |
|   4   | 1.42069424263686307675e-03 | 4.24492158826132318204e-02 |
|   6   | 1.96185619883467499256e-04 | 4.56926544436956881446e-03 |
|   8   | 2.60613989852661232542e-05 | 5.01465549799858623781e-04 |
-------------------------------------------------------------------

