Scheme evaluation results:
Order: 8, No. cycles: 29
---------------------------------------------------------------------------------------------------
Vector a: 0.446720720955467271734555851506554904, -0.818583468719280146367719243978094502, 0.818592252970222403562602619332162668, -0.006164017106962513744181216958319981, 0.049213501546296509234496321836427204, -0.205601294284892249417463202181206929, 0.282428389588450273680124394809569542, -0.179040552494204708620578008697946082, 1.005768549536790297638722957334211083, 0.000295430836116348282840835630669212, -0.000024431883199749812715968799907465, -0.958491709642249915500989060041703497, 0.535593739921255880962283972677042240, -0.047114680286122701655591499054360795, 0.076407569062313000023611246584902221
Vector b: 0.121709404526905194615168513768040318, 1.764509130012367468203432819206132057, -0.000003946890100799283487046936235821, -1.498254213486837829843969269363653319, -0.385027035597482080023637566015901803, 0.051039431244123181116571514942480128, 0.359977110454230023063106737517388833, 0.434301037864055480759372723829485674, 0.068184253587566236481863633286425352, -0.275128784673300125935673079663922551, 1.149132572688508869239719565598711868, -0.874420758386387103145041237699868319, -0.150102245902551663285906705408503866, -0.075938663164903170515019587085702872, 0.310022707723806318553498984025124530
---------------------------------------------------------------------------------------------------
Highest efficiency, very bad uniformity - These scheme parameters should decompose into a lower
cycle making it less uniform. However, it may perform well in certain cases (global ordering) due
to it's high theoretical efficiency.
---------------------------------------------------------------------------------------------------
| Order |                  Error^2                   |                 Efficiency                 |
---------------------------------------------------------------------------------------------------
|   2   | 1.479811157468770134755583956122201274e-68 | 9.774641894222575211907682385264230469e+30 |
|   4   | 2.474462995591778780066283787509605958e-70 | 8.988092362860463976152347165149194336e+28 |
|   6   | 6.850394562663366516674661770433066806e-71 | 2.031207163271402772985254148464428782e+26 |
|   8   | 3.289066727999981681919026247705302313e-17 | 3.485617076328669227213978133336695939e-04 |
---------------------------------------------------------------------------------------------------
Distance from the origin: x = 3.0117286649927406
---------------------------------------------------------------------------------------------------

Scheme evaluation results:
Order: 8, No. cycles: 29
---------------------------------------------------------------------------------------------------
Vector a: -0.052962445727808842631641283842097002, 0.492670000625007234885822185415415896, -0.148614601781067092269271682937889812, 0.297045920726748836638486034855861882, -0.118501711956029387507474360182262347, 0.245188252048569318003544009104894654, 0.217558235374914929553202675173718396, -0.048112996809726660142671704556269579, -0.010908134514981369835669301528620535, -0.497072147063833453719748048906094586, 0.000014992532640540000056052073233799, -0.055398800140462475463543321347571341, 0.498690218454257417168577396879870372, 0.022534502306958278318087711795897944, 0.157868715924812727002243638001912317
Vector b: -0.284241829405583112592713722565270970, 0.405612671839393809218107851575267930, 0.042201931705847333842564947470895532, 0.257056639749556248556398463258426388, -0.149636613711082685656448137972430354, 0.298250977289597631998610716042913483, 0.220686458951528614761580186267223766, 0.277267520605873216875743955056151707, -0.796509945122711420228393696321633825, 0.356370131486071100412283868326822026, 0.750495700198932358084906009572332181, -0.800526902027868503702949754366347037, 0.032001525618826225720986142459764636, -0.319052918187808584050836921313992156, 0.710024651009427766760160092509876806
---------------------------------------------------------------------------------------------------
Lowest distance from the origin scheme - Small efficiency, but low uniformity, which is still
higher than the best schemes at lower cycles (19, 21, 23). Likely a bad candidate!
---------------------------------------------------------------------------------------------------
| Order |                  Error^2                   |                 Efficiency                 |
---------------------------------------------------------------------------------------------------
|   2   | 6.361614552875765438175156301848673726e-70 | 4.714333785004210502342811183436038281e+31 |
|   4   | 6.852557935747899165794559385279958648e-72 | 5.401092938389677685154886709491109009e+29 |
|   6   | 4.259710019095966259495313007163507436e-74 | 8.145579653871352047746089583499377251e+27 |
|   8   | 2.083012798027493224904226078669840884e-15 | 4.379959025279932521664106709171756180e-05 |
---------------------------------------------------------------------------------------------------
Distance from the origin: x = 1.47129608951579
---------------------------------------------------------------------------------------------------
