Scheme evaluation results:
Order: 8, No. cycles: 29
-------------------------------------------------------------------
Vector a: 0.65389004991144350498, -0.00252377411793879361, 0.03900853042896689632, -0.03375276927754408685, -0.70345556804894049385, 0.52438520297906077161, -0.44592679945689861487, 0.34381891258041918924, 0.21966776441904345418, -0.09154980140264473709, 0.05036435251914388872, 0.00011008683716154876, 0.40025270902762127845, -0.02367488290398040568, 0.06938598650508653876
Vector b: 0.25539281922393991531, 0.52759146720932248442, -1.05072007334594985650, -0.02379634730923369315, 0.52489265238341675790, -0.08082365583061043579, -0.04091557764061989205, 0.04152813327458276110, 0.28537913241513401807, 0.53268799974782210516, 0.04168110576378375454, -1.80678768843938608590, 1.58347551835895838934, -0.11889125508758467686, 0.32930576927642446483
-------------------------------------------------------------------
| Order |          Error^2           |         Efficiency         |
-------------------------------------------------------------------
|   2   | 1.73985217330569287526e-41 | 2.85067580186517856000e+17 |
|   4   | 4.94592672041145200236e-43 | 2.01040784205956750000e+15 |
|   6   | 1.25177906182754597592e-43 | 4.75169078319295214844e+12 |
|   8   | 2.64375524685336830772e-16 | 1.22943449293357406514e-04 |
-------------------------------------------------------------------

Scheme evaluation results:
Order: 8, No. cycles: 29
-------------------------------------------------------------------
Vector a: 0.24329638900695077508, -0.82251505691696336076, -0.00001472587857787628, 0.82332779970410485681, -0.10735086297313174708, 0.49768646471336919213, 0.00223981870835250445, -0.65245460882028261107, 0.51072169933012367959, -0.31547238850658565479, 0.34657594462182550465, 0.26102274703263578237, -0.02346856488359491330, 0.21797675508401850863, 0.01842858977775534146
Vector b: 0.13453976779056697755, -0.17217877403282491611, -2.16315290820810934846, 2.16593875349338427228, 0.47487669756313533043, -0.04088313911346121154, 0.92511658093005932901, -1.02695182094756298774, -0.01048064453069262256, -0.15739987256895379697, 0.00434688786003634229, 0.49837272249746994435, 0.46830750887142563732, -0.17383788790878079711, 0.07338612830430804590
-------------------------------------------------------------------
| Order |          Error^2           |         Efficiency         |
-------------------------------------------------------------------
|   2   | 1.00192728095347274586e-38 | 1.18791646872102700000e+16 |
|   4   | 1.83881946535686930118e-40 | 1.04264979500239718750e+14 |
|   6   | 2.77760771721219849343e-42 | 1.00873376379345117188e+12 |
|   8   | 2.96243046848613442237e-16 | 1.16142704265978516051e-04 |
-------------------------------------------------------------------

Scheme evaluation results:
Order: 8, No. cycles: 29
-------------------------------------------------------------------
Vector a: 0.22540967156816871242, -0.12366184097350568782, 0.26839592182733418291, 0.00061004139209043431, -0.32566106291485891200, 0.38868077962245184409, 0.38362382907099923379, -0.00476697506746929026, 0.27842528524897969255, -1.78074267236100869383, 1.78158577629621950322, -0.01713944934931770775, -0.30227401525192804099, 0.17820108030508011177, 0.04931363058676467570
Vector b: 0.17942361979559184881, 0.22821151056130883905, -0.30037463165037953106, 0.93987517643854856519, -0.95158563522069328222, 0.18736552630689015664, 0.31872901224210853366, 0.55414632446646783226, -0.82308327014394999654, 0.08057134126418655229, 0.00009317284727373438, -0.15428908029314788997, 0.09098151191021605633, 0.53633774683270829531, 0.11359767464287032213
-------------------------------------------------------------------
| Order |          Error^2           |         Efficiency         |
-------------------------------------------------------------------
|   2   | 6.25988049983182281923e-41 | 1.50286850379213088000e+17 |
|   4   | 7.87760732244275737923e-42 | 5.03745110878380812500e+14 |
|   6   | 1.47024181946195679593e-43 | 4.38447528963660449219e+12 |
|   8   | 3.39334522465473439630e-16 | 1.08518053260980620856e-04 |
-------------------------------------------------------------------

Scheme evaluation results:
Order: 8, No. cycles: 29
-------------------------------------------------------------------
Vector a: 0.50278556912883665131, 0.44981498615883075409, 0.59977339703470133880, -1.29908695370361515486, -0.16564978264126217766, 0.12987546270709054985, -0.05698090426879787868, -0.63150584091786721164, 0.08540997976188451080, 0.21660504819931644671, 0.39071135251795285903, 1.39061340241072972645, -0.81474501207391292201, 0.15819025598908154073, 0.04418903969703105727
Vector b: 0.28161964242382397927, 0.39133820254218681933, -0.05897314467637661262, 0.00544785538864387114, -0.78410864078717146253, 0.24924894557915405757, 0.45493271785864441981, -0.83036055423005794562, 0.03216864729895970582, -0.05797806896815548700, 0.04035525883617596676, 0.88054104471374394780, -0.00357905688001577483, 0.27197896240223051745, 0.12736818849821415767
-------------------------------------------------------------------
| Order |          Error^2           |         Efficiency         |
-------------------------------------------------------------------
|   2   | 1.92459936284227675789e-40 | 8.57104618621224640000e+16 |
|   4   | 2.11293543648683815883e-41 | 3.07584817693116500000e+14 |
|   6   | 1.60361814970857592911e-43 | 4.19818459941296777344e+12 |
|   8   | 1.98927627439593265406e-15 | 4.48196504710199282429e-05 |
-------------------------------------------------------------------

Scheme evaluation results:
Order: 8, No. cycles: 29
-------------------------------------------------------------------
Vector a: 0.34655237025287172203, -0.17263793000126814725, 0.12732233993172303865, -0.39263097526397899850, -0.54987054288780612410, 0.00619820580216893288, -0.04013983871293663047, 0.38624757767288503407, 0.31230447735063032733, 0.20439906711067498679, -0.02881716375052245996, 0.26654167280699048170, 0.29456882148625052054, 0.16685166881145804818, 0.07311024939085929153
Vector b: 0.11717563830976950034, -0.29127441125127706556, -0.14115175718501724034, 0.44378550238978248244, -0.52834190542073278252, -0.74484696324833710168, 0.18070903280198591379, 0.44618556697081818152, 0.35432471962959177780, 0.45031477124458085814, -0.74070501104768471379, 0.64070663206679923096, 0.44745054863351652052, 0.21722535296541203853, 0.14844228314079249698
-------------------------------------------------------------------
| Order |          Error^2           |         Efficiency         |
-------------------------------------------------------------------
|   2   | 4.66352128927299121203e-41 | 1.74119344035585696000e+17 |
|   4   | 1.30375495403470675763e-43 | 3.91570551325453500000e+15 |
|   6   | 2.74781527496040697684e-45 | 3.20714241826588125000e+13 |
|   8   | 7.15315604236897886345e-15 | 2.36356291569772657536e-05 |
-------------------------------------------------------------------
