Scheme evaluation results:
Order: 8, No. cycles: 28
---------------------------------------------------------------------------------------------------
Vector a: 0.067538418884731681243402766433045774, -0.677442007081493476631357255839571490, 0.647467476829291948326963070287513756, 0.356486419342389110451974364031714236, 0.281853939971458466582625247780503205, 0.067531007149224361866997094625971130, -1.324118483663575755483631921757262238, 1.242679008561139256982270990489289536, 0.595569109427711917166763434745665516, -0.665993092240380173420421251498199291, -0.373365103088612324076379225165414838, -0.150629487664915912130052237414964504, 0.152485232073500923411178549967303342, 0.729840432883243361216476276037701050, 0.050097128616286614493190097276704598
Vector b: -0.284049505504637410967534062394467965, -0.004570586021328492157076130780546910, 0.514288040210530651628024689352412519, 0.284393539257059898350206696214611695, -0.385924378251671184351956457330449017, 0.021682114570725220750272999572985650, 0.000192025173816419487545804509250862, 0.753838775907439878096999975776044882, -0.001882846690037360325767154939349347, -0.058676547032752853277883777969177274, 0.521476455684060297202261246385793516, -0.001606631253458008335855408046223987, -0.524786053791264455295325182895614894, 0.165625597741517399196086762544730182
---------------------------------------------------------------------------------------------------
Highest efficiency scheme - Sligthly improved efficiency over 27 cycles, but worse uniformity.
Likely a good scheme in global groupings.
---------------------------------------------------------------------------------------------------
| Order |                  Error^2                   |                 Efficiency                 |
---------------------------------------------------------------------------------------------------
|   2   | 2.103181466057503947353992955308689641e-69 | 2.781285453176644942226247226088907422e+31 |
|   4   | 8.912335953149254775616956622669030749e-72 | 5.449693783927851856015632341818325195e+29 |
|   6   | 6.094578838432481772171818228561157681e-73 | 2.658152923359068160211119724448543549e+27 |
|   8   | 4.512325471136657310747637713995125497e-17 | 3.940356722616584370098249472818258713e-04 |
---------------------------------------------------------------------------------------------------
Distance from the origin: x = 2.2440807563636853
---------------------------------------------------------------------------------------------------

Scheme evaluation results:
Order: 8, No. cycles: 28
---------------------------------------------------------------------------------------------------
Vector a: 0.146014544586437824009273706130795972, 0.406986851476255047303758284122316490, 0.000129198101478628902947039500097015, 0.048965083972143151386845373255988596, -0.205159096407730890681603048494693255, -0.084825326596478672890663219770897481, -0.002053386658554291346498138335472188, 0.387145306332298057129122553056785123, 0.349858083365779613279085893403156857, -0.773548222301200368900781112606416036, -0.120321493502212239932424182387803472, 0.152355646964707191647134440891029949, 0.646965581445292608155107340109846375, -0.581461901431868044552521994117684086, 0.628949130653652386491217065242950037
Vector b: 0.245407067560942455999939786343891981, 1.061611927732175892170286794503414272, -1.165293808612624726768593453415682873, 0.047984649146205938487826517382667241, 0.430862167494835697513389680403448881, -0.666029471736367495901842949148012769, 0.604721204918386893475146211430761508, 0.289995124678416544970947990413648024, -0.021800977676316030106655843850891635, 0.112083979255648943797808278291137634, -0.008748551579601099339050121047785631, -0.113590320932581777080775490015670766, 0.184033826765262456951175857273200223, -0.001236817014383694169603258564126025
---------------------------------------------------------------------------------------------------
Second highest efficiency scheme - Slightly worse efficiency than the scheme above, but a better
distance from the origin
---------------------------------------------------------------------------------------------------
| Order |                  Error^2                   |                 Efficiency                 |
---------------------------------------------------------------------------------------------------
|   2   | 5.886191401237363038880927539077064657e-70 | 5.257348267402026046852658163506639844e+31 |
|   4   | 6.968628041128368501559751954315996019e-72 | 6.163029301659259759345109269134910889e+29 |
|   6   | 1.536309614687138490521541598753220081e-73 | 5.294347432003215427445482739180031776e+27 |
|   8   | 6.506649869432625174023687746230604017e-17 | 3.281383806460903681821414197745517870e-04 |
---------------------------------------------------------------------------------------------------
Distance from the origin: x = 1.710767709785257
---------------------------------------------------------------------------------------------------

Scheme evaluation results:
Order: 8, No. cycles: 28
-------------------------------------------------------------------
Vector a: 0.23370353797489723524, -0.19779285854761233243, -0.30175483383857432118, 0.22140620356916854150, -0.19015705172651270471, 0.02970660991682792448, 0.17332824310101538345, -0.13714642332179874384, 0.86618478249341013253, -0.24510462702191024298, 0.32589644669894352047, -0.01379405688246602459, -0.12102618062050382597, 0.25514584965558895213, 0.10140435854952652150
Vector b: -0.01179251373404879497, -0.45377601042703991086, 0.31946280388903142144, 0.25593752881250730891, -0.81569930611107466234, 0.26832301435521632715, 0.12860781457639780534, 0.59560189533289942254, 0.00704770515410186107, 0.27953751768212919959, 0.49501361207854305269, -0.57283674987556110203, 0.26709613963876838172, 0.23747654862812955789
-------------------------------------------------------------------
Best uniformity scheme - Much smaller distance from the origin with
a much smaller efficiency. Probably outperformed by schemes at
lower cycles.
-------------------------------------------------------------------
| Order |          Error^2           |         Efficiency         |
-------------------------------------------------------------------
|   2   | 5.82940161159123901504e-41 | 1.67059796855563616000e+17 |
|   4   | 1.09388861371356032599e-43 | 4.91905098249360400000e+15 |
|   6   | 2.74789078056346708136e-45 | 3.95869532714419062500e+13 |
|   8   | 3.10312264123465423108e-15 | 4.75156067367853878532e-05 |
-------------------------------------------------------------------
Distance from the origin: x = 1.0637636486140176
---------------------------------------------------------------------------------------------------
