Scheme evaluation results:
Order: 8, No. cycles: 30
---------------------------------------------------------------------------------------------------
Vector a: -0.370338996679893739013076341583727178, 0.421491926926381088078965496183472586, 0.289920750097306577439229653026435033, 0.006825274785497774630681330474056513, -0.054982214483412417203997317258877187, 0.237248560671350537407373912903302311, 0.573887222903917787451367786906773467, -0.686536625633295282548400033954880051, -0.028175614895586930957379748378119864, 1.227597724401751173786442273147896012, -1.138777829195538565358313739909439210, -0.000001065239449345843225758866892073, 0.302794238703552194783032125695300383, 0.237951278069495564080439814631295157, -0.058730294627219675897126822730902753, 0.039825664195143259163987369714306628
Vector b: 0.002922308818846327366439159701295016, 0.145741880686420701679469398008651257, -0.290977840403018992955780218144559203, 0.152081889422011894744656057056528508, 0.397215943464493757183332442561110973, 0.455996869645486970018581588381793354, -0.000410383900194674593203919444141682, 0.129590439565194918018787502684982067, -0.049953606718405342795220160591020521, 0.000022130037332143402358754895981704, 1.364810884775437282491492909334289074, -1.622153869025116167121874077839776507, 0.184034300651080343463983537287848428, -0.026518921704229984223155876715704582, 0.157597974684660823320132902822722247
---------------------------------------------------------------------------------------------------
Highest theoretical efficiency scheme - This scheme has one of the highest efficiencies at order 8,
and it is only slightly higher than the highest one at 21 cycles. It's uniformity is also larger,
but it's still a likely good candidate in formulas with less stages (global groupings)
---------------------------------------------------------------------------------------------------
| Order |                  Error^2                   |                 Efficiency                 |
---------------------------------------------------------------------------------------------------
|   2   | 2.938143376122448161114482219926328068e-69 | 2.049844883252251765036564801549608594e+31 |
|   4   | 2.171835542966914189253519672690855835e-70 | 8.377250710344112108813960244474873352e+28 |
|   6   | 2.777096114406885079333882770929935008e-71 | 2.603017070937219630720367706363896728e+26 |
|   8   | 6.035908601959021931567015448861549156e-18 | 6.203812089843490032860731053513047793e-04 |
---------------------------------------------------------------------------------------------------
Distance from the origin: x = 2.2756837099422045
---------------------------------------------------------------------------------------------------

Scheme evaluation results:
Order: 8, No. cycles: 30
-------------------------------------------------------------------
Vector a: 0.30721966824658453188, -0.10112030417183513753, -0.57727749714214826593, 0.39476570424263762726, 0.06350997692341278644, -0.14304707275526692967, 0.38672450705300165374, 0.21996593239986328427, 0.27252261507891528680, -0.35664396766968053942, 0.22814563811441854191, 0.55753478658315347438, 0.14021351838286985614, -0.12020358977231111741, -0.32510191476528271792, 0.05279199925166763036
Vector b: 0.15769770510473876679, -0.21733251537754885718, -0.09657162168074209796, -0.12731500468300685491, 0.04117057977062481278, 0.38845888887104540466, 0.30318408969871335490, 0.25950219463355367333, -0.01266840930361174539, -0.06860071727945953046, 0.18942919632520924256, -0.11364061808676685639, -0.00490320423395722901, 0.10653059223798097555, 0.19505884400322698324
-------------------------------------------------------------------
High theoretical efficiency with better uniformity - This scheme
has much better uniformity than the scheme above with only a slight
decrease in efficiency.
-------------------------------------------------------------------
| Order |          Error^2           |         Efficiency         |
-------------------------------------------------------------------
|   2   | 2.70888202623741777749e-33 | 2.13482580991268750000e+13 |
|   4   | 3.16371857636152363113e-34 | 6.94090433798962554932e+10 |
|   6   | 5.92537213738741236066e-34 | 5.63526905486497431993e+07 |
|   8   | 1.71034505196494668755e-17 | 3.68542938654929468339e-04 |
-------------------------------------------------------------------
Distance from the origin: x = 1.22003218988865
-------------------------------------------------------------------

Scheme evaluation results:
Order: 8, No. cycles: 30
---------------------------------------------------------------------------------------------------
Vector a: 0.402402767879684546438896885231299198, -0.268224608583082484071441422179444057, 0.386405432006675799440448394190180488, 0.376713423296426740656708123888574535, -0.390079564566433282411114165297124448, -0.238433866089626398107674398743093366, -0.073196213395648727247756621366143768, 0.394560776656950899567607568720817710, -0.100901736475069296945165884111909810, 0.328465668586977366712641910592991220, -0.191784323537616024223251330325447566, -0.159536084539206835988921011058379418, 0.276037171614321183502973936952886689, -0.363089023739311035497987210208345122, 0.545708461353858645157092309516460336, 0.074951719531098903016942914196677318
Vector b: 0.018940543031461227788770194953749830, 0.202654684630387377119070303100984494, 0.816640606123087982182615087346676179, -0.008772106325927748903373124308367510, -0.849319629994566025701390423619111553, 0.270702604698597471671934250732521732, -0.104248792673447226486722560971042494, 0.485245791633599004033055713235831187, 0.079482229092988967108632835236204178, 0.062736800970608925121056837467641284, -0.611477261464122651120001015822899408, 0.230488774587000233093039805947328050, 0.265686976117218102818900852689474660, -0.010469128572118564936170985743929339, 0.151707908145232926210582229754938774
---------------------------------------------------------------------------------------------------
Lowest uniformity scheme - An order less efficient than the top scheme, but a better distance from
the origin. Likely a bad candidate for general product formulas though.
---------------------------------------------------------------------------------------------------
| Order |                  Error^2                   |                 Efficiency                 |
---------------------------------------------------------------------------------------------------
|   2   | 2.405414755313345472619609811642069692e-70 | 7.164114283855260941746397091121021875e+31 |
|   4   | 4.570951292840387651324488313942995485e-73 | 1.826045876705488029950972803059969482e+30 |
|   6   | 5.536775010422202674055740310015875507e-74 | 5.829670835937732309073995206446764946e+27 |
|   8   | 7.007536646322201556684748485482741727e-15 | 1.820737233306258889219403769748407240e-05 |
---------------------------------------------------------------------------------------------------
Distance from the origin: x = 1.086480775253368
---------------------------------------------------------------------------------------------------
