Scheme evaluation results:
Order: 6, No. cycles: 12
-------------------------------------------------------------------
Vector a: -0.52303771759071215897, 0.71882047976815444112, 0.35312260166633097080, -0.19852165118027900736, 0.10417489268673472969, 0.46477512286772426631, 0.08066627178204667514
Vector b: -0.02266263460765141277, 0.38033323964735266109, 0.62354322108760629195, 0.05991140237055871814, -0.25759194314527050773, 0.21646671464740424584
-------------------------------------------------------------------
| Order |          Error^2           |         Efficiency         |
-------------------------------------------------------------------
|   2   | 3.91466738993780896933e-39 | 1.10991590248547008000e+17 |
|   4   | 1.14349994369634259374e-39 | 1.42612286190574600000e+15 |
|   6   | 2.54087591077598812449e-13 | 6.64386494747548406181e-01 |
|   8   | 2.05413592723932681981e-14 | 1.62268956120162170798e-02 |
-------------------------------------------------------------------

Scheme evaluation results:
Order: 6, No. cycles: 12
-------------------------------------------------------------------
Vector a: 0.29899254652057016823, -0.13306657780685884895, -0.33822144285735622482, 0.77090388974537971123, -0.12738954993522322301, 0.42125292893348226242, 0.10752820540000612715
Vector b: 0.60198282054501239813, -0.23536581700260453265, 0.03429636205593979831, -0.18463318167616205034, 0.47539969295911366221, 0.30832012311870066190
-------------------------------------------------------------------
| Order |          Error^2           |         Efficiency         |
-------------------------------------------------------------------
|   2   | 7.98767926426677934797e-37 | 7.77011056980863900000e+15 |
|   4   | 1.67371312742919865912e-37 | 1.17878473877305421875e+14 |
|   6   | 4.56106791509043127779e-12 | 1.56811985669179532188e-01 |
|   8   | 1.02620435306674172417e-12 | 2.29579499807865995697e-03 |
-------------------------------------------------------------------

Scheme evaluation results:
Order: 6, No. cycles: 12
-------------------------------------------------------------------
Vector a: -0.00014491512564957263, 0.62480325047421991780, -0.32945015424856244346, -0.25364391379160461382, 0.34781228706821937235, 0.39454229493673415030, 0.21608115068664313085
Vector b: 0.50494386936328883309, 0.23464694128786042771, -0.88848898450865954057, 0.36482953745647955790, 0.35267522899895215049, 0.43139340740207859914
-------------------------------------------------------------------
| Order |          Error^2           |         Efficiency         |
-------------------------------------------------------------------
|   2   | 1.92998034894528405544e-40 | 4.99874593972489088000e+17 |
|   4   | 3.97443276944126241741e-43 | 7.64957731299904160000e+16 |
|   6   | 2.79324991769623592458e-10 | 2.00381501432376867011e-02 |
|   8   | 4.58417735008623225220e-11 | 3.43494135015896644159e-04 |
-------------------------------------------------------------------
