Scheme evaluation results:
Order: 8, No. cycles: 27
-------------------------------------------------------------------
Vector a: -0.30307661406528174641, 0.09497389185994878358, 0.66633242307583828712, -0.01046258255379249429, -0.70142805443147637767, -0.38455625890896688590, -0.00498813731070859353, 0.00000455643370638846, 1.05015156502709849917, 0.73186879567006446479, 0.03000363551260282896, -0.40664108131704224114, 0.19395997835125283748, 0.04385788265675638620
Vector b: 0.30481455792411521477, 0.06227912649519010135, -0.14269435441454755842, 0.65838642247457024315, -0.73429054864607079534, -0.00517409778275940840, 0.18976864896552736450, -2.45934080403504529144, 2.27378950668782708888, 0.45286298150611409286, -0.07387105659030843152, 0.05777641582871270026, 0.28675308052526543579, 0.12894012106140920193
-------------------------------------------------------------------
| Order |          Error^2           |         Efficiency         |
-------------------------------------------------------------------
|   2   | 9.80170743417141065211e-37 | 1.38554809003072175000e+15 |
|   4   | 2.60794034891459032149e-39 | 3.68464894336665390625e+13 |
|   6   | 7.91595682744910381916e-40 | 9.17414725116442260742e+10 |
|   8   | 2.35114671765172305113e-16 | 2.30913870688711467434e-04 |
-------------------------------------------------------------------

Scheme evaluation results:
Order: 8, No. cycles: 27
-------------------------------------------------------------------
Vector a: -0.00437583431224390119, 0.46480672508837861390, 0.01998684340650087182, -0.11790928044903260796, 0.56588517958949069442, -0.66136793477401245589, -0.01732746486891390339, 1.11224601416066892767, -1.10342106160737074561, 0.00838540413138659339, 0.39084455722588540283, 0.25453016498777664145, -0.16701747338543537769, 0.25473416080692135033
Vector b: 0.83881677721140590620, -0.65261200158881149669, 0.45964403093950123580, -0.49266321247902511438, 0.47624508762723655186, -0.00860776778029499236, -0.75186021170160921567, 1.06339660390366064213, 0.00010792060257893397, -1.35771543483772072491, 0.91187015550658923058, 0.31269232364777543864, 0.21884272907192936497, -0.01815700012321562473
-------------------------------------------------------------------
| Order |          Error^2           |         Efficiency         |
-------------------------------------------------------------------
|   2   | 4.85006214084391086052e-40 | 6.22872016839406640000e+16 |
|   4   | 6.87687221367403977556e-42 | 7.17545534756077500000e+14 |
|   6   | 2.61557182171975880683e-43 | 5.04700912658122753906e+12 |
|   8   | 2.98719978477980746900e-16 | 2.04860275330937723287e-04 |
-------------------------------------------------------------------

Scheme evaluation results:
Order: 8, No. cycles: 27
-------------------------------------------------------------------
Vector a: 0.24333946826305177802, -1.13374296208902713978, 0.81096727896422848847, 0.98503684680573810883, -1.15488424704478287453, 0.64725294464694416163, 0.48506845096678591345, -0.78261521473887785127, 0.95280774596023476430, 0.18284987832515114947, -0.09947735450338861252, -0.29532686419159004387, 0.10128376939828878656, 0.05744025923724326715
Vector b: -0.38279448950327094048, 0.04368649873700219260, -0.00802582211811895055, 0.62007781686646268327, 0.00183090333062612765, -0.08066094843225760092, 0.45467907394396611664, -0.01569116949057719132, -0.01980848364755398439, -0.19505359651282441757, -0.02995321675311821835, 0.15232966135833886367, 0.36334453419488271786, 0.09603923802644262486
-------------------------------------------------------------------
| Order |          Error^2           |         Efficiency         |
-------------------------------------------------------------------
|   2   | 7.76105594943992795404e-35 | 1.55708408053554687500e+14 |
|   4   | 5.45142678139614493614e-37 | 2.54853059508870361328e+12 |
|   6   | 7.15242327269236971346e-37 | 3.05204414665550613403e+09 |
|   8   | 4.96462695725160636605e-15 | 5.02512160825111883918e-05 |
-------------------------------------------------------------------

Scheme evaluation results:
Order: 8, No. cycles: 27
-------------------------------------------------------------------
Vector a: -0.09664965714291672005, 0.07852347761132985604, -0.84325724445518568384, -0.39071626874103770888, 0.82747514332642946311, -0.72446196074255342356, 1.07686723298378161928, -0.23181992158010306104, 0.46457693137933742111, -0.08058699139659654398, 0.61167194553004111679, 0.32128801024471514980, -0.05411731686351625020, 0.04120661984627466828
Vector b: 0.12324865585152024183, 0.28147984980009860267, -0.80561366657760047350, -0.15765048238896334221, -0.03803571582219756470, -0.02279968343985701307, 0.10337202588662065816, -0.02318186716486190027, 0.42130146659658423980, -0.16382956724510452928, 0.68879857913806930014, 0.42444490447018695667, -0.20346834730365348509, 0.37193384819915831230
-------------------------------------------------------------------
| Order |          Error^2           |         Efficiency         |
-------------------------------------------------------------------
|   2   | 2.78241823076335677603e-40 | 8.22358653128117280000e+16 |
|   4   | 1.11231486744611273015e-43 | 5.64197389396891500000e+15 |
|   6   | 2.43972259017959125132e-44 | 1.65252177683904589844e+13 |
|   8   | 1.32186892606876803919e-14 | 3.07960977872872410750e-05 |
-------------------------------------------------------------------

Scheme evaluation results:
Order: 8, No. cycles: 27
-------------------------------------------------------------------
Vector a: -0.29070966976848339192, 1.31457203165775249332, -0.48992494894149829499, 0.01268138809008740632, -0.08077260651663341340, 0.46015025689131155984, -0.72095662847133401563, 0.36528339113205199329, 0.18828264440871250729, -0.40626967511118328158, -0.27230009038980718117, -0.01809257632218119055, 0.85509927166954768918, 0.08295721167165721888
Vector b: 0.32723430093778610450, -0.03794144326310849857, -0.00585846006645248524, 0.72631431257632828036, -0.11542181866611099517, -0.14269893428155799864, -0.16613806077455614552, -0.28304582428455588028, -0.15650204276453794083, 0.04883227099918718839, 0.34452218761159564275, -0.24153966668205550938, 0.30288371033397909482, 0.39935946832405910811
-------------------------------------------------------------------
| Order |          Error^2           |         Efficiency         |
-------------------------------------------------------------------
|   2   | 1.88155147401821837747e-40 | 1.00003320320174768000e+17 |
|   4   | 2.27765738674045462192e-43 | 3.94276366028696750000e+15 |
|   6   | 8.28919219746798142814e-46 | 8.96522741052177968750e+13 |
|   8   | 3.12375512399715318845e-14 | 2.00332493190074688945e-05 |
-------------------------------------------------------------------
