Scheme evaluation results:
Order: 6, No. cycles: 10
---------------------------------------------------------------------------------------------------
Vector a: -0.695639959976700120186943085326077942, 1.036583160218270963000998044267206277, -0.254292187017406583041381009498023548, 0.110215354558828785055479915097235574, 0.686623231343840186431397364858896610, 0.116510400873166768740448770600762981
Vector b: -0.031236125481274296429886911116220599, 0.962542483585864740427839862627903015, 0.106387655362457871675706889044400962, -0.357488732223587041246351338150964784, 0.319794718756538725572691497594881292
---------------------------------------------------------------------------------------------------
Top efficient scheme at 10 cycles - An order improvement over the most efficient 9 cycles scheme.
A slight improvement over the Blanes and Moan scheme at the same number of cycles. Likely a good
choice for global grouping of operators.
---------------------------------------------------------------------------------------------------
| Order |                  Error^2                   |                 Efficiency                 |
---------------------------------------------------------------------------------------------------
|   2   | 2.943095700618681519440463769538532329e-71 | 1.843307575224902157490223784959868500e+33 |
|   4   | 7.641281937547564604541844128205793541e-74 | 3.617569537999855592114246893633492500e+32 |
|   6   | 4.342253913307067444851523342540087347e-12 | 4.798907649095431681641778992859143290e-01 |
|   8   | 6.681673831566553208119888830740936007e-13 | 1.223368698239298828649598365654954240e-02 |
---------------------------------------------------------------------------------------------------
Distance from the origin: x = 1.401039931663771
---------------------------------------------------------------------------------------------------

Scheme evaluation results:
Order: 6, No. cycles: 10
---------------------------------------------------------------------------------------------------
Vector a: -0.470335757785626922581572694468987075, -0.132824942210763740546191067753323174, 0.038701590415527082146656948563668322, 0.715093225762498189934820136704825419, 0.607326656505103526962005358499485387, 0.242039227313261864084281318454331163
Vector b: -1.157936636787484336445991473208990089, -0.275314660467483376468777201658859701, 1.149314816148416803939349808875514578, 0.750557104317022585791258351901292166, 0.533379376789528323184160514091043093
---------------------------------------------------------------------------------------------------
Second best uniformity scheme - Smaller efficency, but improved distance from the origin.
Another choice for local groupings due to its better uniformity.
---------------------------------------------------------------------------------------------------
| Order |                  Error^2                   |                 Efficiency                 |
---------------------------------------------------------------------------------------------------
|   2   | 5.659799424266695229693199556804869863e-71 | 1.329227995784915872903807060280344500e+33 |
|   4   | 2.164431107951990089792829049262487342e-72 | 6.797169757275469458194693150482236719e+31 |
|   6   | 2.455597467196362612710679520998629894e-10 | 6.381479987570892767097767590920147907e-02 |
|   8   | 1.207928495966882938722332451672258176e-10 | 9.098700855086749670347725756870256367e-04 |
---------------------------------------------------------------------------------------------------
Distance from the origin: x = 1.195092337627534
---------------------------------------------------------------------------------------------------

Scheme evaluation results:
Order: 6, No. cycles: 10
---------------------------------------------------------------------------------------------------
Vector a: -0.518754668470326113907607275852871549, -0.238661016800858330936184470985048104, 0.030885055427795962035777539099936935, 0.556161776576830263582276018666849192, 0.829387284973294455710779948960239536, 0.340981568293263763514958240110894010
Vector b: -1.139117703446029381009703621116592267, -0.449125654081124031089201062018125691, 1.008923320077800820738569235128465856, 0.791880203193844482639696587589214291, 0.787439834255508108720638860417037859
---------------------------------------------------------------------------------------------------
Best uniformity scheme - Close to the scheme above in the distance from the origin, but a worse
efficency make it a similar choice to the last scheme. Uses in local groupings.
---------------------------------------------------------------------------------------------------
| Order |                  Error^2                   |                 Efficiency                 |
---------------------------------------------------------------------------------------------------
|   2   | 2.626146932859746586577644594357459616e-70 | 6.170786054792120538018655409856628125e+32 |
|   4   | 1.735524432831779591917641270348368298e-72 | 7.590749051121634762621795074080028125e+31 |
|   6   | 1.111078319053297215685720942957371160e-09 | 3.000044270257957348247410409687991995e-02 |
|   8   | 8.573110331930097147141471774543821246e-10 | 3.415315220122469554808070871835132665e-04 |
---------------------------------------------------------------------------------------------------
Distance from the origin: x = 1.179749264517945
---------------------------------------------------------------------------------------------------
