Scheme evaluation results:
Order: 6, No. cycles: 9
---------------------------------------------------------------------------------------------------
Vector a: -0.042842398144331777743442890187363014, 0.896444553201654968337032683731225174, 0.211945906906502262875871752174344629, -0.255900571047373558824383832428593546, 0.190352509083548105354922286710386709
Vector b: -0.875839046765549867684563706140419936, 1.315458524101826355378702600186777954, -0.821451067235902264639857478363971525, 0.049237801904210174261568606174260219, 1.332593787995415602684149978143353264
---------------------------------------------------------------------------------------------------
| Order |                  Error^2                   |                 Efficiency                 |
---------------------------------------------------------------------------------------------------
|   2   | 1.811135815765342473501823858177558356e-70 | 9.173593074601468578738032253083922500e+32 |
|   4   | 1.176729782642948646876642759417731244e-72 | 1.405049386064902771543131420126213906e+32 |
|   6   | 1.541387917992806003042211525812588715e-10 | 1.515615255781831136010057377159018665e-01 |
|   8   | 1.681215904515106186877007295335471565e-11 | 5.665629615438277344564214151813018201e-03 |
---------------------------------------------------------------------------------------------------

Scheme evaluation results:
Order: 6, No. cycles: 9
---------------------------------------------------------------------------------------------------
Vector a: 0.201732208748001535074441612009923891, -0.232180784253339193583464097400000837, 0.866707303214128798869468735143942903, -0.029196561305003539109307235254032707, 0.192937833596212398748860985500166701
Vector b: -1.597438970618085101662058968802123372, 0.045779007723498007675679794722430288, 2.013213672699958783237027919405751409, -0.440039631275410255375295081553417027, 0.978485921470038566124646336227358607
---------------------------------------------------------------------------------------------------
| Order |                  Error^2                   |                 Efficiency                 |
---------------------------------------------------------------------------------------------------
|   2   | 9.282071055797380176696847273159986575e-71 | 1.281423064872731595425360664348701625e+33 |
|   4   | 6.942097731327118367670565081393473191e-73 | 1.829298593835259015936397003306820938e+32 |
|   6   | 3.455869385417901630308478670985108993e-10 | 1.012199884427936417889686575195675110e-01 |
|   8   | 8.468420060444734089484090262326080090e-11 | 2.524403236780972809845166667314680403e-03 |
---------------------------------------------------------------------------------------------------

Scheme evaluation results:
Order: 6, No. cycles: 9
---------------------------------------------------------------------------------------------------
Vector a: 0.856367552992328049723230043588686460, -0.022670443975876048655578017387536956, -2.843563390388810812498212009210655107, 2.733488716407212197887201572247252528, 0.276377564965146613543358410762253081
Vector b: 0.344509089749377585456377852079411428, 1.060885090022948604186596189501899540, -1.397298230402653062654777400980383358, 0.002025103681155782692507129533744348, 0.989878946949171090319296229865328055
---------------------------------------------------------------------------------------------------
| Order |                  Error^2                   |                 Efficiency                 |
---------------------------------------------------------------------------------------------------
|   2   | 3.712828422318952070678738909263994630e-70 | 6.407115324363657977126803321743508125e+32 |
|   4   | 4.145360906445333420185448894144191794e-72 | 7.485982172774227541129082347349668750e+31 |
|   6   | 7.491972795797207621750811696673858777e-10 | 6.874590720407606813738969615201958297e-02 |
|   8   | 1.117704512192697360403097318278685269e-10 | 2.197335753930252781135651707085663223e-03 |
---------------------------------------------------------------------------------------------------

Scheme evaluation results:
Order: 6, No. cycles: 9
---------------------------------------------------------------------------------------------------
Vector a: 1.569378755410681581411301038904191159, 0.116978940245720154889364332640286329, -2.919515334373961914728945745662498430, 2.068054727516523512228243972899496283, 0.165102911201036666200036401218524732
Vector b: 0.427413727434999859338973571290060483, -0.216533272457868865259017033384009636, 0.150680544117408760474867990974248890, -0.008362673253862126531959973263665363, 0.646801674159322371977135444383365578
---------------------------------------------------------------------------------------------------
| Order |                  Error^2                   |                 Efficiency                 |
---------------------------------------------------------------------------------------------------
|   2   | 2.558229339768546243821326199675801178e-70 | 7.718719225151695443745207400193971250e+32 |
|   4   | 2.198699424778604846066362093454079328e-72 | 1.027890922752960491793592864398171094e+32 |
|   6   | 9.054799831014919265219400705000650056e-10 | 6.253246033900386407449400595650812377e-02 |
|   8   | 4.395218286967272386912155593347402726e-11 | 3.504045202509881998338814266903961733e-03 |
---------------------------------------------------------------------------------------------------

Scheme evaluation results:
Order: 6, No. cycles: 9
---------------------------------------------------------------------------------------------------
Vector a: -0.077344782195506492703448094052040587, 0.981856021510091639067666096584940825, -2.930873137450422383477702172729712444, 2.842428076491725673451594488348923756, 0.183933821644111563661889681847888582
Vector b: -0.714562474158589978203234704357173446, 1.152823346519864796674082307461946403, -0.356279654565968800864540799996311195, 0.001905794309240565894780360004987137, 0.916112987895453416498912836886551067
---------------------------------------------------------------------------------------------------
| Order |                  Error^2                   |                 Efficiency                 |
---------------------------------------------------------------------------------------------------
|   2   | 5.886191401237363038880927539077064657e-70 | 5.088593878571837556459856790357043750e+32 |
|   4   | 1.771782522893488108232863330009149495e-71 | 3.620968573084049903740785697269833984e+31 |
|   6   | 1.218547209415997081045427420533754154e-09 | 5.390434380987839384529289707662591329e-02 |
|   8   | 1.211663742070816090695333511536856215e-10 | 2.110419875783441979335644322754737872e-03 |
---------------------------------------------------------------------------------------------------

Scheme evaluation results:
Order: 6, No. cycles: 9
---------------------------------------------------------------------------------------------------
Vector a: -0.033122028950549824134951734458652610, 0.799682235085723459389585122799137384, -0.558946401009090924946628973447821096, 0.022505039667797467156930348759310754, 0.769881155206119822535065236348025567
Vector b: -1.310795492155877974986625252239285098, 1.798519015439225166880581585731976705, 0.581658725720680931808844106934940156, 0.685884699367241124269659018272994613, -0.755266948371269247972459458700626473
---------------------------------------------------------------------------------------------------
| Order |                  Error^2                   |                 Efficiency                 |
---------------------------------------------------------------------------------------------------
|   2   | 2.037527792736010282689551840449753151e-71 | 2.735037028364024429843224403869022000e+33 |
|   4   | 1.202707377656672736309804905821034846e-72 | 1.389792535338672597698559749976748125e+32 |
|   6   | 1.881468256861577722134842888112408641e-09 | 4.338069400652616066334964772875627590e-02 |
|   8   | 1.189141281558287887205728809864626640e-10 | 2.130311915096260388683022063183353805e-03 |
---------------------------------------------------------------------------------------------------

Scheme evaluation results:
Order: 6, No. cycles: 9
---------------------------------------------------------------------------------------------------
Vector a: -0.028927039126048654902524968703936119, 0.779014772376063413172497616169125602, -0.302587455837968244705774265945544168, 0.286444124893223357652632744678125512, 0.266055597694730128783168873802229221
Vector b: -1.241185331943322017058266868017385015, 1.683850320481264212940475205920734327, 1.710661168285451957440183887837705240, 0.027423054773887685540851925222943657, -1.180749211597281838863244150963998387
---------------------------------------------------------------------------------------------------
| Order |                  Error^2                   |                 Efficiency                 |
---------------------------------------------------------------------------------------------------
|   2   | 1.756801741292382199296769142432231605e-69 | 2.945463222953348007643077094705618438e+32 |
|   4   | 9.844955795413903850712428760332845898e-72 | 4.857614844036839712876744567799891406e+31 |
|   6   | 3.147404842282465195141848189848273412e-09 | 3.354043099847854345851892251829754862e-02 |
|   8   | 7.358397069951009421429465013805242270e-11 | 2.708122558467710936741491439967371821e-03 |
---------------------------------------------------------------------------------------------------

Scheme evaluation results:
Order: 6, No. cycles: 9
---------------------------------------------------------------------------------------------------
Vector a: -0.160239062353213289652017852030016047, 0.160239062353213289652017852030012845, 0.723184323738973726581664833729611277, -0.723184323738973726581664833729601359, 0.999999999999999999999999999999993259
Vector b: 0.844822426901192270803107895585091904, -2.010122978508811120910251495230222211, 1.520464192450570600681564663113530379, 0.736041365792043952014487540522414994, -0.091205006634995702588908603990814970
---------------------------------------------------------------------------------------------------
| Order |                  Error^2                   |                 Efficiency                 |
---------------------------------------------------------------------------------------------------
|   2   | 2.092868053773284636046552013893456284e-70 | 8.533831366781954432825110115556192500e+32 |
|   4   | 4.432636123171833069551386998577922133e-72 | 7.239339125726691033530545643971457031e+31 |
|   6   | 1.473084629709093496060552895871623505e-08 | 1.550354786171569837343859247679007400e-02 |
|   8   | 1.266649037944452006664746438752755825e-09 | 6.527272976786031512228876679914698819e-04 |
---------------------------------------------------------------------------------------------------

Scheme evaluation results:
Order: 6, No. cycles: 9
---------------------------------------------------------------------------------------------------
Vector a: 0.102705701552614186747546019320651764, -0.764584996642128309882043710849392773, 0.661214152329424903728081016916201283, 0.782539659861611887814728835314511763, 0.218125482898477331591687839298027975
Vector b: 0.964090673561032844134629751069749213, -1.722769944016837314774167463498194921, 0.193599950732580695010080041799417030, 1.128828353926269112446081992032975666, 0.436250965796954663183375678596053060
---------------------------------------------------------------------------------------------------
| Order |                  Error^2                   |                 Efficiency                 |
---------------------------------------------------------------------------------------------------
|   2   | 5.659799424266695229693199556804869863e-71 | 1.641022217018414657905934642321413000e+33 |
|   4   | 1.227579543095344736830917599185899997e-72 | 1.375641094346798636015786580559331875e+32 |
|   6   | 1.792851144587229188169133272093954096e-08 | 1.405312233735333178327507784248368592e-02 |
|   8   | 1.226591602201403837769006962459386101e-09 | 6.632998987305709431547417714435780232e-04 |
---------------------------------------------------------------------------------------------------

Scheme evaluation results:
Order: 6, No. cycles: 9
---------------------------------------------------------------------------------------------------
Vector a: 0.759914849881346040017207553533848031, -0.330319549930135780783482109108059405, 0.214715754534212415812478338988969411, -0.218137030497381217555759559152128107, 0.573825976011958542509555775737370070
Vector b: 0.449646452211802104234082595674126808, 0.614783292748635105076006244665856263, -4.547704955261882541903784323569652657, 0.014264558297572858352221797336653555, 4.469010652003872474241473685893016273
---------------------------------------------------------------------------------------------------
| Order |                  Error^2                   |                 Efficiency                 |
---------------------------------------------------------------------------------------------------
|   2   | 3.413991012717670562550937972664697501e-69 | 2.112923602134010325295326988788399688e+32 |
|   4   | 8.186280826639745479960465465216718724e-70 | 5.327048401814025722750044871315785156e+30 |
|   6   | 1.840136205240163946002439203774455495e-08 | 1.387138923162617764245590031043128566e-02 |
|   8   | 2.873674544623753794387967339637157912e-09 | 4.333523280379528374824351605836038678e-04 |
---------------------------------------------------------------------------------------------------

Scheme evaluation results:
Order: 6, No. cycles: 9
---------------------------------------------------------------------------------------------------
Vector a: 0.279616642527775022509317127321891247, -0.175973768227795111555210466807266763, -0.503447748966410320763327040282039686, 1.122619738205657533028866329085798831, 0.277185136460772876780354050681616394
Vector b: 1.963660143469037257165530286546665145, 0.237882729212904780547204796877736215, -1.527457867422844549768981172698332219, -0.443619367290080726681569295825167337, 0.769534362030983238737815385099097979
---------------------------------------------------------------------------------------------------
| Order |                  Error^2                   |                 Efficiency                 |
---------------------------------------------------------------------------------------------------
|   2   | 2.263919769706678091877279822721947945e-70 | 8.205111085092073289529673211607065000e+32 |
|   4   | 1.983140657643447508216718750958581354e-72 | 1.082313817737103639356187345596723281e+32 |
|   6   | 2.541336214246597924432501492280319861e-08 | 1.180358361188798485208067217887291555e-02 |
|   8   | 2.415823391600834999710393994598862602e-09 | 4.726365825679715184816050464903101374e-04 |
---------------------------------------------------------------------------------------------------

Scheme evaluation results:
Order: 6, No. cycles: 9
---------------------------------------------------------------------------------------------------
Vector a: 1.796466027965975357316227010616402359, -5.461059289334706285863410511644270548, 5.692217524760475486962545272774620666, -1.195641595197800885211458137117821593, 0.168017331806056326796096365371069309
Vector b: 0.400767678203076832537438755360135068, -0.177563900408357895087597943216771452, -0.000790094267738328137001357360215063, 0.110776616278846838404214599471030591, 0.666809700194172552282945945745820888
---------------------------------------------------------------------------------------------------
| Order |                  Error^2                   |                 Efficiency                 |
---------------------------------------------------------------------------------------------------
|   2   | 5.770731492982322456195186268118245312e-69 | 1.625172808733398452565721888060287812e+32 |
|   4   | 2.359799203898821023663889132010907005e-70 | 9.921844975760297384641049835529791016e+30 |
|   6   | 2.784847990937971597959616340677838309e-08 | 1.127571774743351333068767225521376777e-02 |
|   8   | 3.403655895055025812493734809602271936e-09 | 3.981870218865816110712513877635539204e-04 |
---------------------------------------------------------------------------------------------------

Scheme evaluation results:
Order: 6, No. cycles: 9
---------------------------------------------------------------------------------------------------
Vector a: 0.882980229684156911440949731020692116, -0.647056162091617563867133891438983037, -0.342943480731642276296720714474512194, 0.740976900732688206103606837487671006, 0.366042512406414722619298037405132109
Vector b: 0.812158522717858715527054107902625314, 0.141643413932596391827791246236133218, -1.435755738115831519562059029114099677, 0.749868776652546966968617600165076926, 0.732085024812829445238596074810264219
---------------------------------------------------------------------------------------------------
| Order |                  Error^2                   |                 Efficiency                 |
---------------------------------------------------------------------------------------------------
|   2   | 8.150111170944041130758207361799012603e-71 | 1.367518514182012214921612201934511000e+33 |
|   4   | 6.013536888283363681549024529105174229e-73 | 1.965463452360839764539477939950897812e+32 |
|   6   | 3.477197980720931308200389229176218637e-08 | 1.009090770518179553610056278888181606e-02 |
|   8   | 9.817326683802346683650110824604769092e-10 | 7.414183029985618696175012426862281577e-04 |
---------------------------------------------------------------------------------------------------

Scheme evaluation results:
Order: 6, No. cycles: 9
---------------------------------------------------------------------------------------------------
Vector a: 0.664210084031645937483776283647320781, -0.014938228109076629663345966949286054, -0.677353381938314391811051438942317072, 0.822818485913805048638589422630382422, 0.205263040101940035352031699613899886
Vector b: -2.643765960407780682890177416759523598, -0.850483439956649372205456318444499703, 0.908638932050889325042051183290984081, 3.074088248297832789313337980424472175, 0.511522220015707940740244571488567045
---------------------------------------------------------------------------------------------------
| Order |                  Error^2                   |                 Efficiency                 |
---------------------------------------------------------------------------------------------------
|   2   | 6.504241498367286157963424930680156446e-69 | 1.530793650396423278150939549384833594e+32 |
|   4   | 8.313714748051750289741526411487903372e-71 | 1.671600154342313069978138582926484766e+31 |
|   6   | 3.699547668572938065940885132476813469e-08 | 9.782967924000447318140570895739878434e-03 |
|   8   | 7.158775070936284812250805811285397963e-08 | 8.682415512664135476153649817791494575e-05 |
---------------------------------------------------------------------------------------------------

Scheme evaluation results:
Order: 6, No. cycles: 9
---------------------------------------------------------------------------------------------------
Vector a: 0.889639168663276097556039704914444119, -3.021409766467535511427532555795433062, -0.000099169202650779761326748946396902, 2.900970904520936471770480912744981258, 0.230898862485973721862338687082404653
Vector b: 0.342491045679773964423014070447293017, -0.330252831638832066741576848582315490, -4.579177018361887588624921056780757004, 4.581327320143688979074161615452216876, 0.985611484177256711869322219463562408
---------------------------------------------------------------------------------------------------
| Order |                  Error^2                   |                 Efficiency                 |
---------------------------------------------------------------------------------------------------
|   2   | 7.398421889808332803912194142260644226e-67 | 1.435309087703625686106448481906578906e+31 |
|   4   | 4.589347962371362020207706516353992033e-67 | 2.249854686159726692655123777107914124e+29 |
|   6   | 5.407867382994820837146547534090812135e-08 | 8.091553816209945231088893795101853276e-03 |
|   8   | 4.473349111541555824130293199374738102e-08 | 1.098357014705878922927524990219455347e-04 |
---------------------------------------------------------------------------------------------------

Scheme evaluation results:
Order: 6, No. cycles: 9
---------------------------------------------------------------------------------------------------
Vector a: -0.614477290062482575167992348067494925, -0.139438817955493588280041067167076925, 0.000094421064674917550377053047685054, 1.230713166562233883678067514682364404, 0.523108520391067362219588847504522344
Vector b: 0.177654905183039929592792640732552144, -1.425796713101732088727467500727076454, 4.750957069316642113604898323691271866, -3.695484519025329483862544890172864521, 1.192669257627379529392321426476117061
---------------------------------------------------------------------------------------------------
| Order |                  Error^2                   |                 Efficiency                 |
---------------------------------------------------------------------------------------------------
|   2   | 5.542075596241947968915581006023328570e-68 | 5.244194109890897946072794758024057031e+31 |
|   4   | 3.289366651113618141948741916236008021e-68 | 8.403763457202056694705361168714271240e+29 |
|   6   | 9.253705936158398290238597163324133280e-08 | 6.185674972346600707879118544706972172e-03 |
|   8   | 5.268738067999021309062485823428699240e-08 | 1.012060838564456056827086712196170691e-04 |
---------------------------------------------------------------------------------------------------

Scheme evaluation results:
Order: 6, No. cycles: 9
---------------------------------------------------------------------------------------------------
Vector a: -0.611791546429836113674666574533616107, 0.000220176628459364865946487173846380, -0.141257268336439336322159604374337392, 1.227944399678993266324007925017416869, 0.524884238458822818806871766716690188
Vector b: 0.180169499499323075773793265247490366, 2.663284774546374579186782287589736723, -4.089332567287076875360533577887139493, 1.052772962915451164532315387586712195, 1.193105330325928055867642637463200161
---------------------------------------------------------------------------------------------------
| Order |                  Error^2                   |                 Efficiency                 |
---------------------------------------------------------------------------------------------------
|   2   | 3.160431998510522616260682632519839331e-69 | 2.196047633608157871390803809042366562e+32 |
|   4   | 2.255164767472265547693848154657515412e-70 | 1.014941061866349752585301951331389258e+31 |
|   6   | 9.316623118041597705124190469664768380e-08 | 6.164752985723614964164221792967012875e-03 |
|   8   | 5.438668392879585121516541435938178913e-08 | 9.961245292663873352555042818952782236e-05 |
---------------------------------------------------------------------------------------------------

Scheme evaluation results:
Order: 6, No. cycles: 9
---------------------------------------------------------------------------------------------------
Vector a: -0.606200458650585202190375937816382511, -0.144633612060809448554582287697233760, 1.222159897485986856678338796925773969, 0.000635358218877951499493115286077900, 0.528038815006529842567126313301764415
Vector b: 0.185379438647491840324567704986369162, -1.427071536938123764367952230116963758, 1.047557668029299219424383228392024931, -2.001141218190776693245918774071625588, 3.195275648452109397864920070810195301
---------------------------------------------------------------------------------------------------
| Order |                  Error^2                   |                 Efficiency                 |
---------------------------------------------------------------------------------------------------
|   2   | 1.539465443400541102476550279450924603e-70 | 9.950158727576751307981107071001418750e+32 |
|   4   | 7.191482643458869626228921686865187770e-71 | 1.797300701959032856931993714972646680e+31 |
|   6   | 1.016325922890662621069676813315010425e-07 | 5.902397335676712637225072256981502945e-03 |
|   8   | 5.741577852885187871501892341633527558e-08 | 9.694921467448865260741671978476606199e-05 |
---------------------------------------------------------------------------------------------------

Scheme evaluation results:
Order: 6, No. cycles: 9
---------------------------------------------------------------------------------------------------
Vector a: -0.467384010265064103705252133218362506, 0.103703005209386943472239306221722921, 1.082457382370015700734026956721099769, -0.475839882669484059513524111074063294, 0.757063505355145519012509981349603181
Vector b: 0.229724985167580342623201550664471864, -1.695754671804345445679295647823568368, 1.741022783822648361711437381672852579, 0.941180444904771533592725936786245084, -0.216173542090654792248069221300001231
---------------------------------------------------------------------------------------------------
| Order |                  Error^2                   |                 Efficiency                 |
---------------------------------------------------------------------------------------------------
|   2   | 1.471547850309340759720231884769266164e-70 | 1.017718775714367511291971358071408750e+33 |
|   4   | 2.971394697740014995588929767322556678e-72 | 8.841985334028377246865460680236310938e+31 |
|   6   | 1.451398227122994039807720403672030306e-07 | 4.939143557589099966213820657891803719e-03 |
|   8   | 2.910776515499011476120237826669299279e-08 | 1.361618656396748679531988027454549788e-04 |
---------------------------------------------------------------------------------------------------

Scheme evaluation results:
Order: 6, No. cycles: 9
---------------------------------------------------------------------------------------------------
Vector a: 0.776761548207823547624741224738024520, -1.119680163223152786994754575423611821, 0.342918615015329239370013350685634149, -0.351207191959657634047687808971524544, 1.351207191959657634047687808971477744
Vector b: 0.505711434152246701659894012954594257, 0.542100228111153691929694423566855807, -2.781460554557459265919203574414042567, 0.031234508374743604234239519949661463, 2.702414383919315268095375617942931221
---------------------------------------------------------------------------------------------------
| Order |                  Error^2                   |                 Efficiency                 |
---------------------------------------------------------------------------------------------------
|   2   | 7.244543263061369894007295432710233425e-70 | 4.586796537300734289369016126541961250e+32 |
|   4   | 8.673642617688710439504828320803463065e-71 | 1.636549705622562878440715375400434766e+31 |
|   6   | 1.476124246682581112255537395261814797e-07 | 4.897601963607887004890806774334740552e-03 |
|   8   | 1.647421129003443555298045500804895820e-08 | 1.809912621517678129913805277600599211e-04 |
---------------------------------------------------------------------------------------------------

Scheme evaluation results:
Order: 6, No. cycles: 9
---------------------------------------------------------------------------------------------------
Vector a: 0.780041699755743504918602614068328515, -1.061266336311063284014102841217410630, 0.004577116526485308229644688176273894, -0.023832947648927598104740776621719707, 1.300480467677762068970596315594527991
Vector b: 0.533256698575212411662298720683638704, 0.535171718605208110248089254862688722, -3.710796334555619680274136014983233443, 2.012923714426513464979341474611293409, 1.629444202948685693384406564825612607
---------------------------------------------------------------------------------------------------
| Order |                  Error^2                   |                 Efficiency                 |
---------------------------------------------------------------------------------------------------
|   2   | 1.811135815765342473501823858177558356e-70 | 9.173593074601468578738032253083922500e+32 |
|   4   | 5.688098421388028705841665554588894212e-71 | 2.020907385476437889287724357562666211e+31 |
|   6   | 2.744704080478909180948153357327069820e-07 | 3.591676220869106061485317954881673028e-03 |
|   8   | 4.574991844343220015020058780030027166e-08 | 1.086087367562276123269814634027203778e-04 |
---------------------------------------------------------------------------------------------------

Scheme evaluation results:
Order: 6, No. cycles: 9
---------------------------------------------------------------------------------------------------
Vector a: 0.780469131414025393720448873227051158, -1.055010019207519887733456437684378431, -0.024831445490952363905317539094493625, 0.004494523565085904926717688824881034, 1.294877809719360952991607414726939746
Vector b: 0.535740654606362143455647066977878506, 0.534637358374199296327940607239714709, -1.668766210363300224525258286971063316, -2.072932840258008546752149498976029773, 3.671321037640747331493820111729500066
---------------------------------------------------------------------------------------------------
| Order |                  Error^2                   |                 Efficiency                 |
---------------------------------------------------------------------------------------------------
|   2   | 2.463144709440865763962480447121479364e-69 | 2.487539681894187826995276767750354688e+32 |
|   4   | 1.585097576258691332765951700877663866e-70 | 1.210603600674185774945935436743950195e+31 |
|   6   | 2.858345751362729135108270700294930839e-07 | 3.519553433245772660773777792451675492e-03 |
|   8   | 4.946875446577430440868600489825617471e-08 | 1.044466311310470799166421321258119189e-04 |
---------------------------------------------------------------------------------------------------

Scheme evaluation results:
Order: 6, No. cycles: 9
---------------------------------------------------------------------------------------------------
Vector a: -8.350721303470633211382426286510938184, 8.308143367134175946598271934642366867, 3.852637920599072178783798993944416610, -2.993262892474166780939087008022278623, 0.183202908211551866939442365946433329
Vector b: -0.808796969849375192153883240693541682, 0.000142977576553905409294336172672880, 1.254114663265232325272902043594248753, -0.003529089428256251837550180356416546, 0.558068418435845213309237041283036612
---------------------------------------------------------------------------------------------------
| Order |                  Error^2                   |                 Efficiency                 |
---------------------------------------------------------------------------------------------------
|   2   | 1.246543656157503144202824675028399924e-66 | 1.105760914215572107721119992612890234e+31 |
|   4   | 5.855308694624556065839217475200828501e-67 | 1.991842818500247048050688223640586548e+29 |
|   6   | 9.034733662732994583337854841003834989e-07 | 1.979644766664443761906390265976836582e-03 |
|   8   | 1.496530697853009700297129448229100814e-07 | 6.005056661213183192982184990868746012e-05 |
---------------------------------------------------------------------------------------------------

Scheme evaluation results:
Order: 6, No. cycles: 9
---------------------------------------------------------------------------------------------------
Vector a: -0.980765778526345517684968154511774831, 3.715747967282759268439101684224985201, -3.836471855298254965656450824118713625, 1.356068300529384125651216104571685853, 0.745421366012457089251101189833817306
Vector b: -0.905269581752094502913283116941007818, 0.914792132692968776397031581083147847, 0.002799205519440738794622992043506002, -0.549911759763147558212960476870501259, 1.537590003302832545934589020684855219
---------------------------------------------------------------------------------------------------
| Order |                  Error^2                   |                 Efficiency                 |
---------------------------------------------------------------------------------------------------
|   2   | 4.799509911778157554779833224170529644e-70 | 5.635293429549434604374440955997988125e+32 |
|   4   | 8.225280382047583176777570168412827280e-71 | 1.680562261004186670374198945715766016e+31 |
|   6   | 2.527040092947167169215586549707089559e-06 | 1.183692449101389811594826823888962531e-03 |
|   8   | 5.633115259420462243322401140332662294e-07 | 3.095177828457341926208003799465989772e-05 |
---------------------------------------------------------------------------------------------------

Scheme evaluation results:
Order: 6, No. cycles: 9
---------------------------------------------------------------------------------------------------
Vector a: 1.438319785266836762489143937267491679, -1.340678063925418791712729233737557054, -1.084382290711884940443493628827918042, 1.107837438571813988691562172056145960, 0.878903130798652980975516753241837457
Vector b: 1.465681250707209606042334123362971448, -0.054722930880745687106380372190758699, -2.626633196970091896319078095284538216, 0.457868615546322015432090837628627117, 1.757806261597305961951033506483698410
---------------------------------------------------------------------------------------------------
| Order |                  Error^2                   |                 Efficiency                 |
---------------------------------------------------------------------------------------------------
|   2   | 4.718008800068717143472251150552539518e-69 | 1.797362216304195051665636504073107812e+32 |
|   4   | 4.991456703190202273468100249764982301e-71 | 2.157328635132125583672630584330935938e+31 |
|   6   | 2.533855882980745859616247031289825316e-06 | 1.182099376675487323700918137204347816e-03 |
|   8   | 6.101303235551967416984526027936990796e-07 | 2.974052423026941943936638864755942027e-05 |
---------------------------------------------------------------------------------------------------

Scheme evaluation results:
Order: 6, No. cycles: 9
---------------------------------------------------------------------------------------------------
Vector a: -0.109788984391632466120315833676308277, 0.312663546901359674865531883164424800, -0.995890977954532937125341882307483042, 1.022615284168035753649185939248375159, 0.770401131276769974730939893570991337
Vector b: -1.670557662138790857029435644825590192, 3.121537355494316781818239622298567440, -2.496210261691597432087175855969725640, 0.504428305782531557836492091354764949, 1.540802262553539949461879787141983443
---------------------------------------------------------------------------------------------------
| Order |                  Error^2                   |                 Efficiency                 |
---------------------------------------------------------------------------------------------------
|   2   | 5.659799424266695229693199556804869863e-71 | 1.641022217018414657905934642321413000e+33 |
|   4   | 1.008151772447505087789101171055867444e-71 | 4.800284783351089550780007857416418750e+31 |
|   6   | 2.988628485466731230805126220373944486e-06 | 1.088451237845780977444514825802221292e-03 |
|   8   | 6.741345240977662303657733359753270666e-07 | 2.829349775449077594217023513948402797e-05 |
---------------------------------------------------------------------------------------------------

Scheme evaluation results:
Order: 6, No. cycles: 9
---------------------------------------------------------------------------------------------------
Vector a: 0.131868461637296826103739862089298239, -1.041209852609678013776722068255572000, 0.236404431840022566171531598154202330, 0.902738866126007866019369917992657990, 0.770198093006350755482080690019413489
Vector b: 1.276941972967340295514704300525822627, -2.290147022660086938821928876873047333, 0.207727317440730911268484740361903189, 0.265081546239314221074578455946494634, 1.540396186012701510964161380038826978
---------------------------------------------------------------------------------------------------
| Order |                  Error^2                   |                 Efficiency                 |
---------------------------------------------------------------------------------------------------
|   2   | 1.811135815765342473501823858177558356e-70 | 9.173593074601468578738032253083922500e+32 |
|   4   | 1.475085224949507444238790134492269208e-71 | 3.968454504205447062019331336200473828e+31 |
|   6   | 3.214628607774233564905909555182360955e-06 | 1.049492986685758910493761471111852368e-03 |
|   8   | 5.288064105094436617210570302681902100e-07 | 3.194563820636857335894752959245260787e-05 |
---------------------------------------------------------------------------------------------------

Scheme evaluation results:
Order: 6, No. cycles: 9
---------------------------------------------------------------------------------------------------
Vector a: 0.067308124165122599281386916361879393, 0.086717244181323079333127912196771674, -0.958847735817696936500843655702610076, 1.020335210597126131073578196892607844, 0.784487156874125126812750630251351164
Vector b: -1.214104909556898420813412218178722178, 2.562826067444042040189598269081279483, -2.389391579081395881523342444687774533, 0.471696107446002008521655133282512155, 1.568974313748250253625501260502705025
---------------------------------------------------------------------------------------------------
| Order |                  Error^2                   |                 Efficiency                 |
---------------------------------------------------------------------------------------------------
|   2   | 2.739342921345080491171508585493557014e-70 | 7.459191895538248445026975646915513750e+32 |
|   4   | 3.289758415355016602259172242392830608e-72 | 8.403263056926048404753135960675914062e+31 |
|   6   | 3.640300691252819070716626712171716662e-06 | 9.862256970352893361605294016287800850e-04 |
|   8   | 5.579621105896534723573319318011266168e-07 | 3.109979814949957655024454846930732080e-05 |
---------------------------------------------------------------------------------------------------

Scheme evaluation results:
Order: 6, No. cycles: 9
---------------------------------------------------------------------------------------------------
Vector a: -0.818638216251789129820495975733792743, 1.007865253353551111097822366600240381, -0.617081535469255335039882227492323221, 0.020143097265137519035192443631798404, 1.407711401102355834727363392994077196
Vector b: -1.056016701237377260266029620464059816, 0.474756969971176260891067289460585039, 1.540973536735925961304577443739872468, -2.775136607674436631384341898724093664, 2.815422802204711669454726785987696021
---------------------------------------------------------------------------------------------------
| Order |                  Error^2                   |                 Efficiency                 |
---------------------------------------------------------------------------------------------------
|   2   | 1.811135815765342473501823858177558356e-70 | 9.173593074601468578738032253083922500e+32 |
|   4   | 8.659493119128043701430595321911450890e-71 | 1.637886210300699803782898283292414453e+31 |
|   6   | 4.431228946077394077105832675367363876e-06 | 8.938874683345206200696178178588633874e-04 |
|   8   | 5.903123153231643655803282303268856850e-07 | 3.023562864048864249488631963305875842e-05 |
---------------------------------------------------------------------------------------------------

Scheme evaluation results:
Order: 6, No. cycles: 9
---------------------------------------------------------------------------------------------------
Vector a: -0.715797518138514435759074711685684825, 0.948315977181956429135791624611756024, -0.759815461513028579218179711569299696, 0.236073407370845376902276388835237982, 1.291223595098741208939186409807990563
Vector b: -1.368778769105603612076136026893971352, 1.305962501934178352634122630416593277, 0.590669452429734505637460618806908178, -2.110300375455791664073820041945481184, 2.582447190197482417878372819615951082
---------------------------------------------------------------------------------------------------
| Order |                  Error^2                   |                 Efficiency                 |
---------------------------------------------------------------------------------------------------
|   2   | 1.811135815765342473501823858177558356e-70 | 9.173593074601468578738032253083922500e+32 |
|   4   | 3.229623046472182965443681997101778866e-71 | 2.681970795850443299666244711090991016e+31 |
|   6   | 5.663190578833877934928331817301173953e-06 | 7.907047631138209675024283374359534038e-04 |
|   8   | 1.033961798945962784728035090520145252e-06 | 2.284586876624282125191479642434678650e-05 |
---------------------------------------------------------------------------------------------------

Scheme evaluation results:
Order: 6, No. cycles: 9
---------------------------------------------------------------------------------------------------
Vector a: -0.747965331360410682346845115539708657, 0.908504051317115996241569071850263697, -0.346340097480152323145760548404877742, 0.126362560167728750477271828273114594, 1.059438817355718258773764763821208108
Vector b: -1.069733222969689493437681800246750514, 0.643535783218557622181673369414082944, 1.173472319415674370301464774286426346, -1.866152514375979016592985871096141481, 2.118877634711436517547529527642382705
---------------------------------------------------------------------------------------------------
| Order |                  Error^2                   |                 Efficiency                 |
---------------------------------------------------------------------------------------------------
|   2   | 1.499846847430674235868697882553290514e-70 | 1.008071934530436627970277965105803750e+33 |
|   4   | 1.034295181897486990559070735414936814e-71 | 4.739229186465551083726701754538035156e+31 |
|   6   | 5.672327902688585790176230049892900978e-06 | 7.900676492560712164952027767081888275e-04 |
|   8   | 8.415661606451386422602209508731074552e-07 | 2.532303716583353853451177772587463952e-05 |
---------------------------------------------------------------------------------------------------

Scheme evaluation results:
Order: 6, No. cycles: 9
---------------------------------------------------------------------------------------------------
Vector a: -0.632591489373641259731550858992886320, 0.632591489373641259731550858992889883, -0.318731939147596156129784134682174092, 0.318731939147596156129784134682171492, 0.999999999999999999999999999999999037
Vector b: -1.327816238743032247117996610096706804, 1.390449498738781974772891502207643086, 0.716604607306041231931756433458265030, -2.195939612898774231432870920502742623, 2.416701745596983271846219594933541311
---------------------------------------------------------------------------------------------------
| Order |                  Error^2                   |                 Efficiency                 |
---------------------------------------------------------------------------------------------------
|   2   | 6.439594011610106572450929273520078816e-71 | 1.538458328454763741786813727176340250e+33 |
|   4   | 3.775339509478638394380767040788767521e-71 | 2.480572676981196579971809668478415234e+31 |
|   6   | 5.798132238065614181362536105229973644e-06 | 7.814494418539353977896249889741344490e-04 |
|   8   | 7.759730707123197887692875025606382068e-07 | 2.637160727245294404546547853056127952e-05 |
---------------------------------------------------------------------------------------------------

Scheme evaluation results:
Order: 6, No. cycles: 9
---------------------------------------------------------------------------------------------------
Vector a: 0.883055914321111691157815327403584424, -1.676588435670060699596396760345080658, 0.829954408724668201937759657411580010, -0.934151185168388170266279424782045471, 1.897729297792668976767101200311961600
Vector b: -1.402080553991904743076227104355537784, 0.394533059447599205910242596630644356, 0.528188482269884206069112268490008810, 1.863253534609177193787331638825676805, -0.383894522334755862690459399590792187
---------------------------------------------------------------------------------------------------
| Order |                  Error^2                   |                 Efficiency                 |
---------------------------------------------------------------------------------------------------
|   2   | 5.795634610449095915205836346168186740e-70 | 5.128194428182545805956045757254415625e+32 |
|   4   | 2.624731983003679912770221294468258399e-71 | 2.975003497328014030986680726919014062e+31 |
|   6   | 1.713595612275760845712162044415499263e-05 | 4.545595355477247066837181351844505574e-04 |
|   8   | 2.519467770620208178056086777389786374e-05 | 4.628129696366844026684827382544827859e-06 |
---------------------------------------------------------------------------------------------------

Scheme evaluation results:
Order: 6, No. cycles: 9
---------------------------------------------------------------------------------------------------
Vector a: 0.928903656669272433712944662292628532, -1.895745146977437847694890776000396422, 1.508811643129719529747319847445348588, -1.710633643723012670233381249699157853, 2.168663490901458554468007515961577156
Vector b: -0.292671880848199570076838228880099962, -0.753439751944054871383024620037896929, 0.181830573910494918653106986084281162, 1.616270893383679855090294013056676818, 0.248010165498079667716461849777038839
---------------------------------------------------------------------------------------------------
| Order |                  Error^2                   |                 Efficiency                 |
---------------------------------------------------------------------------------------------------
|   2   |                    0.0                     |                  Infinity                  |
|   4   | 2.831314661989414288654023078291636149e-70 | 9.058074603455784869886543732240854492e+30 |
|   6   | 2.224948226987851757758258694846315055e-05 | 3.989192450882627134416261429448097689e-04 |
|   8   | 5.897614969651308303342527366734390241e-06 | 9.565809252252582372790571277853959358e-06 |
---------------------------------------------------------------------------------------------------

Scheme evaluation results:
Order: 6, No. cycles: 9
---------------------------------------------------------------------------------------------------
Vector a: -0.180703770481115901151591130471995265, 2.850800462075365285171004526859277908, -2.320372772519327620303321540102931794, -0.835529645539711244186274986970891907, 1.485805726464789480470183130686541106
Vector b: -3.030541633071308081969459079776810136, 5.699675725180384361635735898609722860, 0.001925198970346208706273155108704015, -4.642670744009001449312916235314640307, 2.971611452929578960940366261373023664
---------------------------------------------------------------------------------------------------
| Order |                  Error^2                   |                 Efficiency                 |
---------------------------------------------------------------------------------------------------
|   2   | 1.410150346154895649868520055977046936e-67 | 3.287624982331632861530963240420071875e+31 |
|   4   | 2.860565212888952602937981245251148317e-68 | 9.011644185869300048613117886476529541e+29 |
|   6   | 4.072199446448343251989385077191050043e-05 | 2.948698868214742893839724503507213039e-04 |
|   8   | 5.736744706028525142286725888851754794e-04 | 9.699004542140536934828339428788211384e-07 |
---------------------------------------------------------------------------------------------------

Scheme evaluation results:
Order: 6, No. cycles: 9
---------------------------------------------------------------------------------------------------
Vector a: -2.994771544939202032688860974594269159, 2.821998133118513595581396918711118678, 0.514117775483913864912342411015969247, -0.824313233734679069728620286939122685, 1.482968870071453641923741931806303919
Vector b: -2.995369798767669051705553263590543637, 0.001196507656934038033384577975457905, 5.642799758580093153129409259474621885, -4.614564207612265423304724437465816120, 2.965937740142907283847483863606280003
---------------------------------------------------------------------------------------------------
| Order |                  Error^2                   |                 Efficiency                 |
---------------------------------------------------------------------------------------------------
|   2   | 1.350274196085693427694549759225696857e-66 | 1.062438981824750806733294977511566406e+31 |
|   4   | 2.504371042184688388684017568518218337e-67 | 3.045654431507199847442159619735777893e+29 |
|   6   | 9.852131323906891779005109489389782820e-05 | 1.895744686078861074786651993613067761e-04 |
|   8   | 3.077465262586941036897076340839496299e-04 | 1.324229763078880433191051368803967078e-06 |
---------------------------------------------------------------------------------------------------

Scheme evaluation results:
Order: 6, No. cycles: 9
---------------------------------------------------------------------------------------------------
Vector a: 0.342918615015329239370013350685569390, -1.119680163223152786994754575423594102, 0.776761548207823547624741224738025290, -0.351207191959657634047687808971461951, 1.351207191959657634047687808971461373
Vector b: 1.733648892294058872329615137892593177, -2.781460554557459265919203574414046033, 0.542100228111153691929694423566853014, -1.196702949767068566435481604988321557, 2.702414383919315268095375617942921206
---------------------------------------------------------------------------------------------------
| Order |                  Error^2                   |                 Efficiency                 |
---------------------------------------------------------------------------------------------------
|   2   | 6.157861773602164409906201117803698411e-70 | 4.975079363788375653990553535500709375e+32 |
|   4   | 7.478009989312371072232139914428434306e-71 | 1.762531720409757437548463890319810547e+31 |
|   6   | 3.705234117048076649113620962789706632e-04 | 9.775458047196696517442457527552997371e-05 |
|   8   | 1.360443564701873373569257700622833267e-04 | 1.991680444205678001640814762476635875e-06 |
---------------------------------------------------------------------------------------------------

Scheme evaluation results:
Order: 6, No. cycles: 9
---------------------------------------------------------------------------------------------------
Vector a: 0.747149377811069697948087636795762285, 0.176026713599432331331099121295622731, -1.687906115583602053679556148035603196, -0.165341422236945693129362127659461957, 1.930071446410045717529731517603680160
Vector b: 0.507004590832005743755413604792087668, -3.386810582771575455954689777619857710, 1.833418122540276641270665452373083130, 3.956774650712438605052515933839792004, -1.910386781313145534123905213385105094
---------------------------------------------------------------------------------------------------
| Order |                  Error^2                   |                 Efficiency                 |
---------------------------------------------------------------------------------------------------
|   2   |                    0.0                     |                  Infinity                  |
|   4   | 8.368544054974333899779179282194450549e-70 | 5.268718662557967766891328681519798828e+30 |
|   6   | 3.816199834087390074318407828394425016e-04 | 9.632286446025038671366572942058185018e-05 |
|   8   | 4.659998572951092362404081751150179390e-04 | 1.076135684160705640985018336820097118e-06 |
---------------------------------------------------------------------------------------------------

Scheme evaluation results:
Order: 6, No. cycles: 9
---------------------------------------------------------------------------------------------------
Vector a: -0.857146651756188564836512145802635080, 0.031034817439332171420558190459788332, 0.778115324827879873454559695192752358, -0.907950499331665820468836290343121113, 1.955947008820642340430230550493215618
Vector b: 6.176199519643104031441415558357426144, -3.557556012378789998094226538304595488, 3.704746483984877252720264033888390224, -5.796210206144346770089407217493011279, 0.472820214895155484021954163551790015
---------------------------------------------------------------------------------------------------
| Order |                  Error^2                   |                 Efficiency                 |
---------------------------------------------------------------------------------------------------
|   2   | 1.506864998716764937953517450003728552e-67 | 3.180371174107398472787410493973152344e+31 |
|   4   | 1.381842151859497740340305806743742779e-67 | 4.100159429943876654428604304421927490e+29 |
|   6   | 1.118329005464820712769788335391986264e-02 | 1.779344944806394974266020121281334131e-05 |
|   8   | 1.792288889186442857676766202221618408e-02 | 1.735225488037595515910474138753338493e-07 |
---------------------------------------------------------------------------------------------------

