Scheme evaluation results:
Order: 6, No. cycles: 8
---------------------------------------------------------------------------------------------------
Vector a: 0.000000000000000000000000000000000069, 0.137506336505040211937834047274546752, -0.942106770819512873261622497985781186, 1.020086823836915397504290816844884388, 0.784513610477557263819497633866349998
Vector b: 1.315186320683911218884249728238863725, -2.355359968357742013892831361928633078, 0.471146426718716267369586365957069405, 1.569027220955114527638995267732699996
---------------------------------------------------------------------------------------------------
| Order |                  Error^2                   |                 Efficiency                 |
---------------------------------------------------------------------------------------------------
|   2   | 3.712828422318952070678738909263994630e-70 | 8.109005332397754627301110454081627500e+32 |
|   4   | 5.491774128858777715061682694962225289e-72 | 1.041798477982124509907762928257338438e+32 |
|   6   | 3.653938776587029062965820112559719816e-06 | 1.995627339030743240632572385540946282e-03 |
|   8   | 5.575927423713678591627643865350562770e-07 | 7.982180567765598112767535473900936975e-05 |
---------------------------------------------------------------------------------------------------

Scheme evaluation results:
Order: 6, No. cycles: 8
---------------------------------------------------------------------------------------------------
Vector a: 0.000000000000000000000000000000000285, 0.244067522306301306452827381605410030, -2.128024540130659504509909658392083016, 1.444108849847575107126582995307649711, 1.439848167976783090930499281479023083
Vector b: 2.376352744307752827158820753826208074, -4.264570444002903041411986744441593392, 0.008521363741584032392167427657339999, 2.879696335953566181860998562958045396
---------------------------------------------------------------------------------------------------
| Order |                  Error^2                   |                 Efficiency                 |
---------------------------------------------------------------------------------------------------
|   2   | 2.452277894546273709121469503972414014e-68 | 9.977808957488451489996254115809065625e+31 |
|   4   | 3.363229686631278639709627089139603825e-69 | 4.209803144070558752947042725362247559e+30 |
|   6   | 6.782709089541555796123944302004926395e-04 | 1.464733055878041472264980940055475591e-04 |
|   8   | 5.415644274782836583490185539268410868e-04 | 2.561268091279129737948676724380066751e-06 |
---------------------------------------------------------------------------------------------------

Scheme evaluation results:
Order: 6, No. cycles: 8
---------------------------------------------------------------------------------------------------
Vector a: -0.000000000000000000000000000000000974, 2.390976645527933485154543048104962405, -2.142506454021140040349034568042926865, -0.696252753906091377703405143360960431, 1.447782562399297932897896663298926046
Vector b: 2.389447783243684214902275809487510910, 0.003057724568498540504534477234410179, -4.288070632610778621202603613319777577, 2.895565124798595865795793326597856330
---------------------------------------------------------------------------------------------------
| Order |                  Error^2                   |                 Efficiency                 |
---------------------------------------------------------------------------------------------------
|   2   | 1.072192402933082744313079724041114547e-68 | 1.508980623654060917612770448992214375e+32 |
|   4   | 6.676865380807420362469067517162704977e-69 | 2.987815266518978484550717705837957520e+30 |
|   6   | 7.415114074904251519644092989306365770e-04 | 1.400880724810470860520080757758144061e-04 |
|   8   | 5.961441826080473566605416571369046702e-04 | 2.441206113630934625672866538137966799e-06 |
---------------------------------------------------------------------------------------------------

