Scheme evaluation results:
Order: 4, No. cycles: 6
-----------------------------------------------------------
Vector a: 0.7912467639240551, -0.4293795569121882, 0.5006686380792579, 0.1374641549088752
Vector b: -0.0526060500131794, 0.6799724080789040, 0.3726336419342754
-----------------------------------------------------------
| Order |        Error^2         |       Efficiency       |
-----------------------------------------------------------
|   2   |          0.0           |        Infinity        |
|   4   | 5.0748671621927934e-09 | 1.0831351730342481e+01 |
|   6   | 9.1113371216600316e-11 | 2.2454399218340373e+00 |
|   8   | 1.3107114386164506e-11 | 1.6445097480242693e-01 |
-----------------------------------------------------------

Scheme evaluation results:
Order: 4, No. cycles: 6
-----------------------------------------------------------
Vector a: 0.2441739787738665, -0.1066661434175121, 0.7143270202827191, 0.1481651443609265
Vector b: 0.8378151000432034, -0.2344610879381713, 0.3966459878949680
-----------------------------------------------------------
| Order |        Error^2         |       Efficiency       |
-----------------------------------------------------------
|   2   | 2.7083389842945504e-35 | 5.3375995583650320e+15 |
|   4   | 5.3693421279518025e-09 | 1.0530147624135028e+01 |
|   6   | 9.4984180480611440e-11 | 2.1992107903754037e+00 |
|   8   | 6.2551780069691207e-12 | 2.3805108230875488e-01 |
-----------------------------------------------------------

Scheme evaluation results:
Order: 4, No. cycles: 6
-----------------------------------------------------------
Vector a: -0.9287433966590269, 1.2310365569684329, 0.5348394149766571, 0.1628674247139369
Vector b: -0.0320118963716206, 0.5944750925850419, 0.4375368037865787
-----------------------------------------------------------
| Order |        Error^2         |       Efficiency       |
-----------------------------------------------------------
|   2   | 7.5231638452626401e-35 | 3.2025597350190195e+15 |
|   4   | 5.5195273992040809e-09 | 1.0385897967088033e+01 |
|   6   | 1.3224103671791980e-10 | 1.8638432064612998e+00 |
|   8   | 1.5767372929051400e-11 | 1.4993752133334634e-01 |
-----------------------------------------------------------

Scheme evaluation results:
Order: 4, No. cycles: 6
-----------------------------------------------------------
Vector a: 0.2331884175589315, 0.6934045091345047, -0.0931052062830574, 0.1665122795896212
Vector b: 0.4983398471350503, -0.2579381454414646, 0.7595982983064143
-----------------------------------------------------------
| Order |        Error^2         |       Efficiency       |
-----------------------------------------------------------
|   2   | 1.2037062152420224e-35 | 8.0063993375475480e+15 |
|   4   | 1.0176235165365025e-08 | 7.6489431157757819e+00 |
|   6   | 9.0145357315183558e-11 | 2.2574639071583791e+00 |
|   8   | 7.0957769778059446e-12 | 2.2350642827725464e-01 |
-----------------------------------------------------------

Scheme evaluation results:
Order: 4, No. cycles: 6
-----------------------------------------------------------
Vector a: 1.9197815752037424, -3.4438947756669305, 2.3188039779138294, 0.2053092225493584
Vector b: 0.1699272797989106, -0.4831315649678726, 1.3132042851689620
-----------------------------------------------------------
| Order |        Error^2         |       Efficiency       |
-----------------------------------------------------------
|   2   | 9.5453902868692377e-33 | 2.8431557683075075e+14 |
|   4   | 1.3843903685372531e-08 | 6.5579139519540011e+00 |
|   6   | 1.4861528145994709e-05 | 5.5598204106202349e-03 |
|   8   | 5.2279973567356404e-06 | 2.6038881025492372e-04 |
-----------------------------------------------------------

Scheme evaluation results:
Order: 4, No. cycles: 6
-----------------------------------------------------------
Vector a: -0.7208531126922736, 0.4352042888667720, 1.0696428487706069, 0.2160059750548946
Vector b: -0.3329685307057735, 0.5870937029589516, 0.7458748277468220
-----------------------------------------------------------
| Order |        Error^2         |       Efficiency       |
-----------------------------------------------------------
|   2   | 2.7083389842945504e-35 | 5.3375995583650320e+15 |
|   4   | 1.5283285685956391e-08 | 6.2414663411737727e+00 |
|   6   | 6.2125483426186752e-09 | 2.7193030331167672e-01 |
|   8   | 8.1306395094488666e-10 | 2.0879862957827129e-02 |
-----------------------------------------------------------

Scheme evaluation results:
Order: 4, No. cycles: 6
-----------------------------------------------------------
Vector a: 0.2255154153127124, 0.5449657210465421, -0.3461503634053826, 0.5756692270461281
Vector b: 0.5349577810261263, 0.5377206177804882, -0.0726783988066145
-----------------------------------------------------------
| Order |        Error^2         |       Efficiency       |
-----------------------------------------------------------
|   2   | 8.1852022636457524e-34 | 9.7091853381128838e+14 |
|   4   | 2.5527925975705118e-08 | 4.8293338888364534e+00 |
|   6   | 2.3976796670604980e-10 | 1.3841938569671717e+00 |
|   8   | 3.8002187037405224e-11 | 9.6579666493754462e-02 |
-----------------------------------------------------------

Scheme evaluation results:
Order: 4, No. cycles: 6
-----------------------------------------------------------
Vector a: 0.5133025518130747, -0.3304145468120875, 0.2403353974172189, 0.5767765975817939
Vector b: 2.0647717558451637, 0.1371035499595762, -1.2018753058047400
-----------------------------------------------------------
| Order |        Error^2         |       Efficiency       |
-----------------------------------------------------------
|   2   | 3.4907480242018650e-34 | 1.4867510325664162e+15 |
|   4   | 2.7533182578278361e-07 | 1.4705059670257259e+00 |
|   6   | 1.9648908131921762e-08 | 1.5290556316419873e-01 |
|   8   | 1.7374056044051546e-09 | 1.4283656182661048e-02 |
-----------------------------------------------------------

Scheme evaluation results:
Order: 4, No. cycles: 6
-----------------------------------------------------------
Vector a: 0.9785934607469808, -0.0079300418921092, -0.3473471307720306, 0.3766837119171589
Vector b: 2.0910083711489986, -2.2490680865354253, 1.1580597153864265
-----------------------------------------------------------
| Order |        Error^2         |       Efficiency       |
-----------------------------------------------------------
|   2   | 5.4166779685891008e-34 | 1.1935235449177068e+15 |
|   4   | 2.9963588500893631e-07 | 1.4096071254428633e+00 |
|   6   | 1.8564593585789382e-08 | 1.5730762515099059e-01 |
|   8   | 1.8644345436774869e-09 | 1.3788481048050631e-02 |
-----------------------------------------------------------

Scheme evaluation results:
Order: 4, No. cycles: 6
-----------------------------------------------------------
Vector a: 0.8409066492890923, -0.2200810471773310, -0.0094745935149254, 0.3886489914031640
Vector b: -0.2056069767225308, 2.4093187781255456, -1.2037118014030150
-----------------------------------------------------------
| Order |        Error^2         |       Efficiency       |
-----------------------------------------------------------
|   2   | 8.1852022636457524e-34 | 9.7091853381128838e+14 |
|   4   | 4.3581852222851036e-07 | 1.1688052578202046e+00 |
|   6   | 4.9643446930735912e-09 | 3.0420162762943331e-01 |
|   8   | 1.3556853952371514e-09 | 1.6170019298066062e-02 |
-----------------------------------------------------------

Scheme evaluation results:
Order: 4, No. cycles: 6
-----------------------------------------------------------
Vector a: 4.2229872169928502, -0.1797542617405321, -3.3780880639101638, 0.3348551086578456
Vector b: 0.0710227942839594, -0.0845161663088112, 1.0134933720248518
-----------------------------------------------------------
| Order |        Error^2         |       Efficiency       |
-----------------------------------------------------------
|   2   | 4.9351954824922919e-34 | 1.2503895037272442e+15 |
|   4   | 5.2440908620222270e-07 | 1.0655158011707673e+00 |
|   6   | 6.0239616950676988e-07 | 2.7615403730423215e-02 |
|   8   | 3.8050870749610433e-08 | 3.0521628163638942e-03 |
-----------------------------------------------------------

Scheme evaluation results:
Order: 4, No. cycles: 6
-----------------------------------------------------------
Vector a: -1.1796308341507451, 1.7771008577827165, -0.0555955599279572, 0.4581255362959857
Vector b: -0.0553296105806565, 1.5858521598811903, -0.5305225493005339
-----------------------------------------------------------
| Order |        Error^2         |       Efficiency       |
-----------------------------------------------------------
|   2   | 1.5648180798146291e-34 | 2.2205756417975848e+15 |
|   4   | 5.6675572261611622e-07 | 1.0249366935245667e+00 |
|   6   | 8.5452005667705244e-09 | 2.3186295548833566e-01 |
|   8   | 1.6228108301957484e-09 | 1.4779374302851299e-02 |
-----------------------------------------------------------

Scheme evaluation results:
Order: 4, No. cycles: 6
-----------------------------------------------------------
Vector a: -5.4341080079469384, 8.4596374539411379, -2.3595054547134517, 0.3339760087192528
Vector b: 0.0017914978902410, -0.0186403610417026, 1.0168488631514616
-----------------------------------------------------------
| Order |        Error^2         |       Efficiency       |
-----------------------------------------------------------
|   2   | 1.4083362718331662e-33 | 7.4019188059919488e+14 |
|   4   | 5.8960164288545347e-07 | 1.0048833628447251e+00 |
|   6   | 4.8625127254403292e-07 | 3.0737045658585184e-02 |
|   8   | 3.2025989305719851e-08 | 3.3268921307834437e-03 |
-----------------------------------------------------------

Scheme evaluation results:
Order: 4, No. cycles: 6
-----------------------------------------------------------
Vector a: 0.9112637829607468, -0.3093045515090792, 0.0682510634295675, 0.3297897051187648
Vector b: -0.4178629242815249, -0.5004108258628848, 1.9182737501444098
-----------------------------------------------------------
| Order |        Error^2         |       Efficiency       |
-----------------------------------------------------------
|   2   | 6.0185310762101120e-35 | 3.5805706347531205e+15 |
|   4   | 6.6652918536465942e-07 | 9.4511664781373772e-01 |
|   6   | 7.3673261248926394e-09 | 2.4971092892615518e-01 |
|   8   | 1.0922254195827646e-09 | 1.8014983017744908e-02 |
-----------------------------------------------------------

Scheme evaluation results:
Order: 4, No. cycles: 6
-----------------------------------------------------------
Vector a: 0.9242987732181208, 0.0236590187993791, -0.2840864914453430, 0.3361286994278431
Vector b: -1.1466576217791355, 0.8012017946027629, 1.3454558271763726
-----------------------------------------------------------
| Order |        Error^2         |       Efficiency       |
-----------------------------------------------------------
|   2   | 1.5648180798146291e-34 | 2.2205756417975848e+15 |
|   4   | 7.2864825609051281e-07 | 9.0393256712919212e-01 |
|   6   | 7.7274909949635269e-09 | 2.4382219904687338e-01 |
|   8   | 2.6728310866541779e-09 | 1.1516068514787285e-02 |
-----------------------------------------------------------

Scheme evaluation results:
Order: 4, No. cycles: 6
-----------------------------------------------------------
Vector a: -0.9027472595221986, 1.8663493732796370, -0.3036613631767267, 0.3400592494192883
Vector b: -0.0668064161911850, -0.1558598769193572, 1.2226662931105423
-----------------------------------------------------------
| Order |        Error^2         |       Efficiency       |
-----------------------------------------------------------
|   2   | 7.8240903990731457e-34 | 9.9307161684792462e+14 |
|   4   | 8.0473299087823841e-07 | 8.6013990265190787e-01 |
|   6   | 1.4152903038338268e-08 | 1.8016471210182269e-01 |
|   8   | 2.0053410927306106e-09 | 1.3295230474276732e-02 |
-----------------------------------------------------------

Scheme evaluation results:
Order: 4, No. cycles: 6
-----------------------------------------------------------
Vector a: 0.9920229026362859, -0.0740157787273165, -0.2620419686852849, 0.3440348447763155
Vector b: -0.1341755164400210, -0.0549112776695566, 1.1890867941095775
-----------------------------------------------------------
| Order |        Error^2         |       Efficiency       |
-----------------------------------------------------------
|   2   |          0.0           |        Infinity        |
|   4   | 8.4928470886086221e-07 | 8.3727542830341695e-01 |
|   6   | 1.1853585547893595e-08 | 1.9686459989206906e-01 |
|   8   | 2.3049497067237189e-09 | 1.2401073173672830e-02 |
-----------------------------------------------------------

Scheme evaluation results:
Order: 4, No. cycles: 6
-----------------------------------------------------------
Vector a: 0.5358426449421674, 0.0010537352674567, -0.0418573512011344, 0.5049609709915103
Vector b: 4.9883438688422430, -2.8142397846226337, -1.1741040842196089
-----------------------------------------------------------
| Order |        Error^2         |       Efficiency       |
-----------------------------------------------------------
|   2   | 5.3203814713697390e-32 | 1.2042762264902659e+14 |
|   4   | 9.0409480123489488e-07 | 8.1149904391578476e-01 |
|   6   | 8.6650818352039930e-08 | 7.2812536995939120e-02 |
|   8   | 4.7288006562452623e-09 | 8.6579384414835914e-03 |
-----------------------------------------------------------

Scheme evaluation results:
Order: 4, No. cycles: 6
-----------------------------------------------------------
Vector a: -0.0078323255746262, 0.2513513057442448, -0.6926302688777723, 1.4491112887081536
Vector b: 2.3710370801939069, -4.2818096342776260, 2.9107725540837186
-----------------------------------------------------------
| Order |        Error^2         |       Efficiency       |
-----------------------------------------------------------
|   2   | 5.1037143526261750e-32 | 1.2295730041195102e+14 |
|   4   | 1.0775069119525439e-06 | 7.4333565727633399e-01 |
|   6   | 7.3655341533042905e-04 | 7.8975134439733476e-04 |
|   8   | 6.1591232766786835e-04 | 2.3990016605294914e-05 |
-----------------------------------------------------------

Scheme evaluation results:
Order: 4, No. cycles: 6
-----------------------------------------------------------
Vector a: -0.0211896437132021, -0.6639772183901110, 0.9599640191922019, 0.7252028429111114
Vector b: -1.0763160374835889, 0.4493747469504655, 1.6269412905331235
-----------------------------------------------------------
| Order |        Error^2         |       Efficiency       |
-----------------------------------------------------------
|   2   | 4.8148248609680896e-35 | 4.0031996687737740e+15 |
|   4   | 1.1012696193830850e-06 | 7.3527223928444785e-01 |
|   6   | 2.2906710938602340e-06 | 1.4161561084014288e-02 |
|   8   | 4.0497813899717953e-07 | 9.3556551813427677e-04 |
-----------------------------------------------------------

Scheme evaluation results:
Order: 4, No. cycles: 6
-----------------------------------------------------------
Vector a: 0.5192637145068827, -0.1964846151055518, -1.0228116996638204, 1.7000326002624895
Vector b: 1.3616286847880679, -0.3716520789350442, 0.0100233941469764
-----------------------------------------------------------
| Order |        Error^2         |       Efficiency       |
-----------------------------------------------------------
|   2   | 1.9259299443872359e-34 | 2.0015998343868870e+15 |
|   4   | 1.1656821657482483e-06 | 7.1466896411296965e-01 |
|   6   | 8.5686575108494834e-09 | 2.3154537226759400e-01 |
|   8   | 1.9148528151607966e-09 | 1.3605744091650272e-02 |
-----------------------------------------------------------

Scheme evaluation results:
Order: 4, No. cycles: 6
-----------------------------------------------------------
Vector a: -0.2871425332317039, -0.2287145197136348, 0.8834824253282147, 0.6323746276171239
Vector b: -1.3139128316782491, 0.9846121637455872, 1.3293006679326620
-----------------------------------------------------------
| Order |        Error^2         |       Efficiency       |
-----------------------------------------------------------
|   2   | 9.6296497219361793e-35 | 2.8306896322336765e+15 |
|   4   | 1.1817910523331510e-06 | 7.0978145778109258e-01 |
|   6   | 7.2325666423061864e-07 | 2.5202653914465013e-02 |
|   8   | 1.5945907613874983e-07 | 1.4909578815785927e-03 |
-----------------------------------------------------------

Scheme evaluation results:
Order: 4, No. cycles: 6
-----------------------------------------------------------
Vector a: 0.5066065221675078, -0.2473752927555324, 0.0071731128919296, 0.7335956576960949
Vector b: 1.3368144036211627, -3.7512403013928561, 3.4144258977716939
-----------------------------------------------------------
| Order |        Error^2         |       Efficiency       |
-----------------------------------------------------------
|   2   | 3.8518598887744717e-34 | 1.4153448161168382e+15 |
|   4   | 1.2121673618794820e-06 | 7.0083164792681207e-01 |
|   6   | 9.7505219419304244e-08 | 6.8640204023709281e-02 |
|   8   | 6.1270551752486586e-09 | 7.6061362599850278e-03 |
-----------------------------------------------------------

Scheme evaluation results:
Order: 4, No. cycles: 6
-----------------------------------------------------------
Vector a: 0.5295152080362863, -0.0702014736821249, -0.0857284353356573, 0.6264147009814960
Vector b: 1.5053615079836964, -0.2551459790810147, -0.2502155289026817
-----------------------------------------------------------
| Order |        Error^2         |       Efficiency       |
-----------------------------------------------------------
|   2   | 6.0185310762101120e-35 | 3.5805706347531205e+15 |
|   4   | 1.2175926690613597e-06 | 6.9926853409172807e-01 |
|   6   | 8.3106746574900448e-09 | 2.3511176249885876e-01 |
|   8   | 2.2825246003257842e-09 | 1.2461842654472997e-02 |
-----------------------------------------------------------

Scheme evaluation results:
Order: 4, No. cycles: 6
-----------------------------------------------------------
Vector a: -1.6013074474734996, -0.0023704161187213, 2.2612229465600175, 0.3424549170322034
Vector b: -2.6059600962559020, 2.5504168987528195, 1.0555431975030825
-----------------------------------------------------------
| Order |        Error^2         |       Efficiency       |
-----------------------------------------------------------
|   2   | 9.0759448629248490e-33 | 2.9157586641962988e+14 |
|   4   | 1.3420144489101046e-06 | 6.6606467701258509e-01 |
|   6   | 1.7382622440255900e-07 | 5.1408490166977093e-02 |
|   8   | 1.8417090346622582e-08 | 4.3871197364242871e-03 |
-----------------------------------------------------------

Scheme evaluation results:
Order: 4, No. cycles: 6
-----------------------------------------------------------
Vector a: 0.2773969314089893, 0.6224318487286440, 1.5665337988356138, -1.4663625789732471
Vector b: 0.5540381626202515, 0.4593105322200307, -0.0133486948402823
-----------------------------------------------------------
| Order |        Error^2         |       Efficiency       |
-----------------------------------------------------------
|   2   | 3.8518598887744717e-33 | 4.4757132934414006e+14 |
|   4   | 2.3913947810749274e-06 | 4.9896416921234127e-01 |
|   6   | 4.0951153267067031e-09 | 3.3493414895794560e-01 |
|   8   | 1.0694167397544688e-09 | 1.8206082566924891e-02 |
-----------------------------------------------------------

Scheme evaluation results:
Order: 4, No. cycles: 6
-----------------------------------------------------------
Vector a: 0.8542881592916149, 3.8478356019858446, -0.0911094278353887, -3.6110143334420708
Vector b: 1.0387753653578176, 0.4709961011721167, -0.5097714665299343
-----------------------------------------------------------
| Order |        Error^2         |       Efficiency       |
-----------------------------------------------------------
|   2   | 3.0814879110195774e-33 | 5.0039995859672175e+14 |
|   4   | 1.4859847449616657e-05 | 2.0016485346546897e-01 |
|   6   | 7.3161669882679207e-05 | 2.5058247413808216e-03 |
|   8   | 8.2776766864566391e-05 | 6.5438866361960694e-05 |
-----------------------------------------------------------

Scheme evaluation results:
Order: 4, No. cycles: 6
-----------------------------------------------------------
Vector a: -1.6296508940066323, 3.0064796099649795, -2.3371948050490712, 1.9603660890907240
Vector b: 0.6927060989986679, -1.8387419085214631, 2.1460358095227954
-----------------------------------------------------------
| Order |        Error^2         |       Efficiency       |
-----------------------------------------------------------
|   2   | 4.0829714821009400e-32 | 1.3747044102549269e+14 |
|   4   | 2.7782764878525486e-05 | 1.4638860313126129e-01 |
|   6   | 2.4822739355287411e-02 | 1.3604031978568784e-04 |
|   8   | 3.8152157487766500e-02 | 3.0481086672858532e-06 |
-----------------------------------------------------------

Scheme evaluation results:
Order: 4, No. cycles: 6
-----------------------------------------------------------
Vector a: -1.1182735168817846, -0.7468123178348699, 0.5812761703303829, 2.2838096643862715
Vector b: 4.6838272814825643, 0.2991752634657248, -3.9830025449482891
-----------------------------------------------------------
| Order |        Error^2         |       Efficiency       |
-----------------------------------------------------------
|   2   | 1.1786691259649883e-31 | 8.0909877817607375e+13 |
|   4   | 5.8149587278171996e-04 | 3.1997914981673675e-02 |
|   6   | 3.0449320210398688e-03 | 3.8842188991035115e-04 |
|   8   | 7.3457049602281277e-03 | 6.9466154267138238e-06 |
-----------------------------------------------------------

Scheme evaluation results:
Order: 4, No. cycles: 6
-----------------------------------------------------------
Vector a: 0.0114887917198691, 0.9450161596614214, -1.1875687937020867, 1.2310638423207962
Vector b: -2.7844856334106809, 0.1528073962623846, 3.6316782371482961
-----------------------------------------------------------
| Order |        Error^2         |       Efficiency       |
-----------------------------------------------------------
|   2   | 8.7292774729351465e-32 | 9.4017424503935750e+13 |
|   4   | 5.9023625998615918e-04 | 3.1760114208322553e-02 |
|   6   | 1.8463848561563225e-04 | 1.5773620322528370e-03 |
|   8   | 1.5853850365965807e-04 | 4.7284915742831929e-05 |
-----------------------------------------------------------

Scheme evaluation results:
Order: 4, No. cycles: 6
-----------------------------------------------------------
Vector a: -0.1710753763525422, -0.3246842654736171, -0.1207969707810971, 1.6165566126072564
Vector b: -1.3074832804038374, 3.7626941869368853, -1.4552109065330479
-----------------------------------------------------------
| Order |        Error^2         |       Efficiency       |
-----------------------------------------------------------
|   2   |          0.0           |        Infinity        |
|   4   | 8.7615606101178374e-04 | 2.6067792998153226e-02 |
|   6   | 4.9197492756694474e-05 | 3.0557724596486442e-03 |
|   8   | 1.3807808775066701e-05 | 1.6022401670772726e-04 |
-----------------------------------------------------------

Scheme evaluation results:
Order: 4, No. cycles: 6
-----------------------------------------------------------
Vector a: -0.0565122840270621, -0.1431144441596786, -0.1372174801978532, 1.3368442083845939
Vector b: -1.4384413781372791, -0.8320768544047651, 3.2705182325420443
-----------------------------------------------------------
| Order |        Error^2         |       Efficiency       |
-----------------------------------------------------------
|   2   |          0.0           |        Infinity        |
|   4   | 1.4103130483084153e-03 | 2.0546470855094676e-02 |
|   6   | 1.9740465412573116e-04 | 1.5255055917227983e-03 |
|   8   | 2.6762922260264501e-05 | 1.1508619475213947e-04 |
-----------------------------------------------------------

