Scheme evaluation results:
Order: 6, No. cycles: 7
---------------------------------------------------------------------------------------------------
Vector a: 0.137506336505040211937834047274546873, -0.942106770819512873261622497985781283, 1.020086823836915397504290816844884388, 0.784513610477557263819497633866349998
Vector b: 1.315186320683911218884249728238862762, -2.355359968357742013892831361928631537, 0.471146426718716267369586365957069261, 1.569027220955114527638995267732699611
---------------------------------------------------------------------------------------------------
| Order |                  Error^2                   |                 Efficiency                 |
---------------------------------------------------------------------------------------------------
|   2   | 5.886191401237363038880927539077064657e-70 | 8.411757227843241674964253061610623750e+32 |
|   4   | 1.107198262372172254308732163299952667e-71 | 1.251685272159738819796154028687868750e+32 |
|   6   | 3.653938776587029062965820112559707694e-06 | 4.446631362466958121806263167857326823e-03 |
|   8   | 5.575927423713678591627643865350532465e-07 | 2.323042331147355770079371350950340955e-04 |
---------------------------------------------------------------------------------------------------

Scheme evaluation results:
Order: 6, No. cycles: 7
---------------------------------------------------------------------------------------------------
Vector a: 0.244067522306301306452827381605410873, -2.128024540130659504509909658392020231, 1.444108849847575107126582995307585962, 1.439848167976783090930499281479023468
Vector b: 2.376352744307752827158820753826203837, -4.264570444002903041411986744441587999, 0.008521363741584032392167427657340622, 2.879696335953566181860998562958043470
---------------------------------------------------------------------------------------------------
| Order |                  Error^2                   |                 Efficiency                 |
---------------------------------------------------------------------------------------------------
|   2   | 4.962512135197038377394997371406509896e-69 | 2.897030910842717681815701893181319062e+32 |
|   4   | 2.087369401415958867556037579046866036e-69 | 9.116081169896304908290448278963123047e+30 |
|   6   | 6.782709089541555796123944302004900064e-04 | 3.263699497659081706648005198088409642e-04 |
|   8   | 5.415644274782836583490185539268369491e-04 | 7.454021049694113622584430289804802798e-06 |
---------------------------------------------------------------------------------------------------

Scheme evaluation results:
Order: 6, No. cycles: 7
---------------------------------------------------------------------------------------------------
Vector a: 2.390976645527933485154543048105014791, -2.142506454021140040349034568042979635, -0.696252753906091377703405143360961683, 1.447782562399297932897896663298926624
Vector b: 2.389447783243684214902275809487509369, 0.003057724568498540504534477234410346, -4.288070632610778621202603613319772185, 2.895565124798595865795793326597852478
---------------------------------------------------------------------------------------------------
| Order |                  Error^2                   |                 Efficiency                 |
---------------------------------------------------------------------------------------------------
|   2   | 6.567178467965131808917613309751826599e-68 | 7.963693017673830047291556115568169531e+31 |
|   4   | 3.401114969027463830903385943672966422e-69 | 7.141627326694893242118976724658789062e+30 |
|   6   | 7.415114074904251519644092989306292419e-04 | 3.121424548655033814653554642723292758e-04 |
|   8   | 5.961441826080473566605416571368474002e-04 | 7.104606432885841939174106313386164992e-06 |
---------------------------------------------------------------------------------------------------

