Scheme evaluation results:
Order: 8, No. cycles: 25
---------------------------------------------------------------------------------------------------
Vector a: -0.220741207676152202785023758167480652, -0.085697318400734952334408755316123045, 0.104268020160405238173691344184398839, 0.489754723385905599530530549890421732, 0.215378995622877558627688239616784594, 0.262848118368266553398024853328686563, -0.104207226113665365965607490809795615, -0.158391739965392987809979503122440147, -0.147160823512660349283552426255864693, -0.142868612089017418823267937361569064, 0.353387743259476995349391753770251643, 0.342805160860574987148624168936451543, 0.090624166100116344773888961306278376
Vector b: -0.416900664319203562219046752798602577, 0.392318913286102718868045989257020631, -0.563713550087572623536863499889449083, 0.772249590408383099884246188260021216, 0.207259856363428099176814911563171571, 0.223498134882327018078561567586439180, 0.302198101854206088717488139137786850, -0.510612554081536820648703120770605824, 0.193829074150750845028744114523291587, -0.488150721176071543595848967033347243, 0.202413496998036705949313092310596275, 0.504361989520917284749470415230974554, 0.181248332200232689547777922622702840
---------------------------------------------------------------------------------------------------
Highest efficiency scheme - Good efficiency with good uniformity make for a good choice, but it
does not compare to some of the best schemes at lower cycles (19, 21).
---------------------------------------------------------------------------------------------------
| Order |                  Error^2                   |                 Efficiency                 |
---------------------------------------------------------------------------------------------------
|   2   | 2.065826789857343758838017838233777500e-70 | 1.113199570512749940600179479505981562e+32 |
|   4   | 1.516165751532380698432827933033238149e-73 | 6.574558956632401208732638883135982422e+30 |
|   6   | 3.281189531324075032125212972869055034e-75 | 7.150629715421076911105689997032118225e+28 |
|   8   | 2.160880732632019062042001491896909706e-15 | 1.409822807278711738382085607107156858e-04 |
---------------------------------------------------------------------------------------------------
Distance from the origin: x = 0.7721220477071844
---------------------------------------------------------------------------------------------------

Scheme evaluation results:
Order: 8, No. cycles: 25
---------------------------------------------------------------------------------------------------
Vector a: 0.149725169405337906364667273631199804, 0.412547288514597830092478538797769402, 0.064279650277849857496116767410332029, -0.161526276683478085858889267874962443, 0.192540223366756008758991376815613761, -0.195313990753041798322056954179852688, -0.173799027399570995540906661611608376, 0.274166079497187301471574175890909874, 0.260500285231820662585584945951531083, -0.283980901331237234074453138795983942, -0.013829077487700191783364381886167980, 0.417983893068896259579480413160791031, 0.056706684292582479230776912690428348
Vector b: 0.072247815374151454223732467790390242, 0.154954708062372904281869614071346413, 0.670139868966822755903087460902978698, -0.541580568411123040910853925939616352, 0.218528015044166869193075389654193362, 0.166552431689345148324907364893929588, -0.557180413195428744969021273845613900, 0.209582358396286753887207949714929676, 0.338749800598087849055940403605028291, 0.182250769865553476115229487695585317, -0.750212572528027944264135765448559548, 0.722554417552627560697407001633980317, 0.113413368585164958461553825271427860
---------------------------------------------------------------------------------------------------
Similar uniformity, but less efficient - Slightly smaller distance from the origin, and can perform
better than the scheme above even though it is theoretically less efficient.
---------------------------------------------------------------------------------------------------
| Order |                  Error^2                   |                 Efficiency                 |
---------------------------------------------------------------------------------------------------
|   2   | 8.857586098977378034469857306399621335e-70 | 5.376037524254229531945448673628110938e+31 |
|   4   | 1.442205604026551874661019215680215527e-72 | 2.131701426989662850081626153746663330e+30 |
|   6   | 1.410857171887801311120035704044463957e-73 | 1.090481803063953975713031757249118423e+28 |
|   8   | 9.904083702656940130823485592699542826e-15 | 6.585257772446193989133571345685883013e-05 |
---------------------------------------------------------------------------------------------------
Distance from the origin: x = 0.7701379012752709
---------------------------------------------------------------------------------------------------
