Scheme evaluation results:
Order: 8, No. cycles: 30
-------------------------------------------------------------------
Vector a: -0.54217234534625258213, -0.00646302656664269736, 0.34941481400020690806, 0.32379553940764016495, 0.39752457432352095168, 0.05970930169126580783, -0.46517492884803468556, -0.00000313164816320444, 0.46515548441646337174, -0.21023443220865078995, 0.28922659159029423526, -0.05096989635172443495, 0.45383172499808255296, -0.01514575348462716443, -0.11370621617425075156, 0.06521170020087233010
Vector b: 0.25307140522103760416, -0.24106815898292924261, -0.06094733672540515734, 0.25059594619221181588, -0.20885052276864457532, 1.65972510321295141367, -0.50679781899110099008, 0.50682064933427239950, -1.56403295683965137819, 0.41741187027751502914, 0.38394932983178176045, -0.07378868665259259718, 0.12803845252281148559, -0.16395175808957129782, 0.21982448245731361913
-------------------------------------------------------------------
| Order |          Error^2           |         Efficiency         |
-------------------------------------------------------------------
|   2   | 1.25018243793202879800e-40 | 9.93735474627731040000e+16 |
|   4   | 9.41940703203132349646e-41 | 1.27204712017287062500e+14 |
|   6   | 1.48744968287740262672e-42 | 1.12473790070203295898e+12 |
|   8   | 7.70386281942367104115e-17 | 1.73650361533126724881e-04 |
-------------------------------------------------------------------

Scheme evaluation results:
Order: 8, No. cycles: 30
-------------------------------------------------------------------
Vector a: 0.20135593503524418235, 0.61651793994660519793, 0.02633058867280115012, -0.65690524159369056978, -0.00227991049639870080, -0.02805313529322082597, 0.30572546315700477315, 0.45754584394889324939, -0.77342594242275164440, 0.17195738103964752774, 0.00371422538832471335, -0.17404836794990502513, 0.51049173513132173330, 0.25339730715260166960, -0.01064020862887533718, 0.09831638691239776018
Vector b: 0.48181763910454339372, -0.09058810641742037761, 0.07839445981605074054, 0.86631495129603997007, -1.48240125465554428708, 0.50000089380773005132, 0.18786910398101930308, -0.01580508890223714102, 0.55990658157772188463, -0.43302498880097878287, 0.42244793489010118437, -0.56835155883943722088, 0.28388698144086055297, 0.34355399837743594293, -0.13402154667588528358
-------------------------------------------------------------------
| Order |          Error^2           |         Efficiency         |
-------------------------------------------------------------------
|   2   | 1.86002752960618918726e-40 | 8.14700165452394240000e+16 |
|   4   | 1.07979899556054439185e-42 | 1.18807408133128675000e+15 |
|   6   | 1.74973290120304413789e-44 | 1.03701871130400019531e+13 |
|   8   | 9.46980090301910716377e-17 | 1.56624442478000837050e-04 |
-------------------------------------------------------------------

Scheme evaluation results:
Order: 8, No. cycles: 30
-------------------------------------------------------------------
Vector a: 0.18037455419245523869, 0.36930657558630286541, 0.31709101548039109186, -0.08108634305415905741, -0.28773335138191402649, 0.27898588300803495166, -0.23965346359634967510, -0.26138103737009255045, -0.16919795245391003324, 0.00066783320238895548, 0.43313505626477910582, 0.22840852338914641173, 0.17491684025456025187, -0.36500172027056576596, -0.00260012441160501232, 0.42376771116053729704
Vector b: 0.33981310155099586634, 0.44392370698040228838, -0.03423822521865870633, 0.43773231593910327808, 0.00804723344637101046, -0.40758403239258655937, -0.50350935681671959987, 0.13394613955683951079, 0.50978171616197054394, -0.56302423746134566684, 0.31699153722179151949, 0.17749637242478852328, 0.13957738039433709165, 0.43149941817736442440, -0.43045306996465354521
-------------------------------------------------------------------
| Order |          Error^2           |         Efficiency         |
-------------------------------------------------------------------
|   2   | 2.86985925493722536125e-42 | 6.55884233731895168000e+17 |
|   4   | 3.05483065222810121461e-43 | 2.23368234357526250000e+15 |
|   6   | 1.35128141464603575848e-44 | 1.18004771940321230469e+13 |
|   8   | 1.54758818699967990929e-16 | 1.22518665923989923108e-04 |
-------------------------------------------------------------------

Scheme evaluation results:
Order: 8, No. cycles: 30
-------------------------------------------------------------------
Vector a: 0.06742907273432113824, -0.04474309374741410050, 0.28129368996669568137, 0.31948717428011552677, -0.01373861891967153963, 0.22416579535492275888, -0.09798230123834876515, 0.03776813012408617581, 0.02503082853327025931, -0.27131848564327853968, 0.35730559665944339187, -0.01584008080452065093, -0.00054947619331337445, -0.31753124427684209508, 0.36617118157070938089, 0.08305183159982480745
Vector b: 0.31636001766791183032, -0.13334411919884539555, 0.28029808740797479416, 0.66158102704033350250, -0.33645188398628989024, -0.26262043978525961840, 0.37000490720804418698, -0.50691055815549879160, 0.42955418154526203711, 0.17825268297336865908, 0.06799685690278350902, -0.90843270682766585900, 0.83101690207250966669, -0.24445419513889934948, 0.25714924027427066289
-------------------------------------------------------------------
| Order |          Error^2           |         Efficiency         |
-------------------------------------------------------------------
|   2   | 3.81153182296350243291e-40 | 5.69125068397994080000e+16 |
|   4   | 1.24426545516641725791e-42 | 1.10677275358657962500e+15 |
|   6   | 2.94721782162448376528e-44 | 7.99036014278450292969e+12 |
|   8   | 1.80584405142314316969e-15 | 3.58665695600082995529e-05 |
-------------------------------------------------------------------
