Scheme evaluation results:
Order: 8, No. cycles: 15
-----------------------------------------------------------
Vector a: -0.5290198643382183, 0.5625673606949787, 0.9691870987260389, -0.0046016185230330, -1.4328141306531461, 0.1772172621293467, 1.0465609411899783, 0.2109029507740548
Vector b: -0.8921719101506945, 0.7263040916249522, 0.3988306297650052, 1.5395435676870726, -1.5487468047331385, -1.3168814565731535, 1.6713159808318470, 0.4218059015481095
-----------------------------------------------------------
| Order |        Error^2         |       Efficiency       |
-----------------------------------------------------------
|   2   | 8.5011751451467833e-33 | 4.8203436399638961e+13 |
|   4   | 1.9587850114927188e-34 | 1.4113722613362734e+12 |
|   6   | 3.9418056086211863e-35 | 1.3983144451580227e+10 |
|   8   | 1.3232132859624824e-09 | 1.0726425015977702e-05 |
-----------------------------------------------------------

Scheme evaluation results:
Order: 8, No. cycles: 15
-----------------------------------------------------------
Vector a: -0.6473472229932338, 0.5030651553251234, 1.1645926911359370, -0.0044111896485725, -1.4832275492739357, 0.1647672024986210, 1.0470293093486260, 0.2555316036074344
Vector b: -0.8379055435652129, 0.3811166411439581, 0.6250136695062888, 1.7041717127655855, -1.7129940920627307, -1.2534610064851410, 1.5829954114823832, 0.5110632072148689
-----------------------------------------------------------
| Order |        Error^2         |       Efficiency       |
-----------------------------------------------------------
|   2   | 7.5352009074150603e-33 | 5.1200012121516867e+13 |
|   4   | 4.2518512290005256e-34 | 9.5795681996314563e+11 |
|   6   | 1.6106635868099453e-34 | 6.9175136604173307e+09 |
|   8   | 1.5562654790426981e-09 | 9.8907240556808143e-06 |
-----------------------------------------------------------

Scheme evaluation results:
Order: 8, No. cycles: 15
-----------------------------------------------------------
Vector a: -0.4815948469561497, 0.6499180106420648, 0.6336890995489541, -0.2747982898124263, -0.3831077608198439, -0.2183461155037932, 0.3325695385505814, 0.7416703643506130
Vector b: -0.7968879393529164, 0.6305861847935332, 0.6692498364905963, 0.5981283626073118, -1.1477249422321645, 0.3815094205924768, -0.8182016516000632, 1.4833407287012259
-----------------------------------------------------------
| Order |        Error^2         |       Efficiency       |
-----------------------------------------------------------
|   2   | 6.0185310762101120e-35 | 5.7289130156049925e+14 |
|   4   | 2.6918820633830384e-36 | 1.2039458372090830e+13 |
|   6   | 3.9729829299981334e-37 | 1.3928171193018710e+11 |
|   8   | 2.1982056899157269e-09 | 8.3221542997391159e-06 |
-----------------------------------------------------------

Scheme evaluation results:
Order: 8, No. cycles: 15
-----------------------------------------------------------
Vector a: -0.4844336065639097, 0.7766677229908545, 0.5717843409280526, -0.4558618567292953, -0.3581303062764158, -0.1904648494625240, 0.3429524553897305, 0.7974860997235070
Vector b: -0.8556542330450847, 0.7424412529623501, 0.8108941930193589, 0.3326744888367464, -1.2443982022953370, 0.5281375897425052, -0.9090672886675532, 1.5949721994470141
-----------------------------------------------------------
| Order |        Error^2         |       Efficiency       |
-----------------------------------------------------------
|   2   | 2.2419028258882667e-33 | 9.3866168245212125e+13 |
|   4   | 1.7961553680564553e-35 | 4.6608273256648994e+12 |
|   6   | 4.2179541159995749e-37 | 1.3517660043201334e+11 |
|   8   | 2.3910554555406497e-09 | 7.9794894186611964e-06 |
-----------------------------------------------------------

Scheme evaluation results:
Order: 8, No. cycles: 15
-----------------------------------------------------------
Vector a: -0.8623334336276315, 0.7690755656992628, 0.7170820817707072, -0.6498691094093508, -0.6074872647017088, -0.1000014109033365, 0.7039023935832338, 1.0296311775888238
Vector b: -1.0976724459507987, 0.4706780246463343, 1.0674731067521912, 0.3666910567892231, -1.6664292756079249, 0.4514547462045073, -0.6514575680111803, 2.0592623551776477
-----------------------------------------------------------
| Order |        Error^2         |       Efficiency       |
-----------------------------------------------------------
|   2   | 1.8604784189334509e-33 | 1.0303983712964347e+14 |
|   4   | 4.9177540850619662e-35 | 2.8167711235721489e+12 |
|   6   | 7.1514625444224256e-36 | 3.2828800252588730e+10 |
|   8   | 2.8869165807598149e-09 | 7.2619425715161017e-06 |
-----------------------------------------------------------

Scheme evaluation results:
Order: 8, No. cycles: 15
-----------------------------------------------------------
Vector a: -0.3583822428410405, 0.6129498974430760, -0.6312165055427843, 0.1099160220493251, 1.1045036614239665, -0.7971969304247745, -0.0234931330233263, 0.9829192309155579
Vector b: -0.8171764399663692, 0.9175883942506574, 0.3083114006354947, -1.5707444117210634, 1.7905764558197135, 0.4184308670282195, -2.0128247278777684, 1.9658384618311158
-----------------------------------------------------------
| Order |        Error^2         |       Efficiency       |
-----------------------------------------------------------
|   2   | 1.7756547465781146e-33 | 1.0547225190018433e+14 |
|   4   | 4.4866461236727001e-35 | 2.9489951305986646e+12 |
|   6   | 2.0287290322469120e-35 | 1.9491282836464828e+10 |
|   8   | 2.9004675198023110e-09 | 7.2449588701448106e-06 |
-----------------------------------------------------------

Scheme evaluation results:
Order: 8, No. cycles: 15
-----------------------------------------------------------
Vector a: -0.0707194400619032, 0.5900263163473513, -0.1212391009601570, -0.5084143243825413, -0.5601037361727278, 0.8987327152815240, 0.6808199357287920, 0.0908976342196622
Vector b: -1.1424846829319921, 2.1435304857401780, -0.9634778530454754, 0.7209996511251614, -1.7378282998902441, 0.6176208275447884, 1.1798446030182594, 0.1817952684393244
-----------------------------------------------------------
| Order |        Error^2         |       Efficiency       |
-----------------------------------------------------------
|   2   | 4.8900564994207160e-34 | 2.0098356408995100e+14 |
|   4   | 2.2340132384133337e-35 | 4.1791897741133540e+12 |
|   6   | 8.5759625204184352e-37 | 9.4800583074242538e+10 |
|   8   | 3.1602298100027795e-09 | 6.9408170129621760e-06 |
-----------------------------------------------------------

Scheme evaluation results:
Order: 8, No. cycles: 15
-----------------------------------------------------------
Vector a: -0.2833722860757070, 0.6079900377778105, -0.7001442030831656, 0.0735594677056890, 1.1357033439560669, -0.8053608220518359, -0.0250847248782961, 0.9967091866494383
Vector b: -0.7457957401622036, 0.9248469081729933, 0.2911331673826276, -1.6914215735489586, 1.8385405089603368, 0.4328661789517970, -2.0435878230554687, 1.9934183732988766
-----------------------------------------------------------
| Order |        Error^2         |       Efficiency       |
-----------------------------------------------------------
|   2   | 3.1238057076491797e-33 | 7.9519835841139219e+13 |
|   4   | 3.0142625370397527e-35 | 3.5978613731639434e+12 |
|   6   | 4.5224538172224482e-36 | 4.1282441616300117e+10 |
|   8   | 3.2721622017444725e-09 | 6.8210701465776813e-06 |
-----------------------------------------------------------

Scheme evaluation results:
Order: 8, No. cycles: 15
-----------------------------------------------------------
Vector a: -0.0930732722924266, 0.4241538647120657, -0.1218644771505541, -0.2524543542358416, -0.9965606456310263, 0.7722108511449471, 1.0082503219688284, 0.2593377114840073
Vector b: -1.4064961462103571, 2.6268457478358611, -1.7785380184117296, 1.5348090641106216, -2.0397177725823048, 0.0465964813202520, 1.4978252209696423, 0.5186754229680146
-----------------------------------------------------------
| Order |        Error^2         |       Efficiency       |
-----------------------------------------------------------
|   2   | 8.7870553712667636e-34 | 1.4993250614030478e+14 |
|   4   | 3.8717845180209095e-35 | 3.1745295520848994e+12 |
|   6   | 1.3707406065522032e-36 | 7.4985070902107437e+10 |
|   8   | 3.9186421847207204e-09 | 6.2330717024649903e-06 |
-----------------------------------------------------------

Scheme evaluation results:
Order: 8, No. cycles: 15
-----------------------------------------------------------
Vector a: -0.5408902695933935, 1.4458939610927128, -0.0037215956462978, -0.8130240155378488, -0.5451525925589343, 0.1834990121437876, 1.0996419577741394, 0.1737535423258346
Vector b: -0.9802450000489724, 0.8787094609111579, 2.0130784612742678, -2.0205216525668632, 0.3944736214911658, -1.4847788066090344, 1.8517768308966096, 0.3475070846516691
-----------------------------------------------------------
| Order |        Error^2         |       Efficiency       |
-----------------------------------------------------------
|   2   | 4.7726951434346188e-33 | 6.4333271159676391e+13 |
|   4   | 3.8357041882903579e-34 | 1.0085847805330774e+12 |
|   6   | 1.5355668116266615e-34 | 7.0846448985115032e+09 |
|   8   | 4.3195215800350170e-09 | 5.9367956932419956e-06 |
-----------------------------------------------------------

Scheme evaluation results:
Order: 8, No. cycles: 15
-----------------------------------------------------------
Vector a: -0.6616935850900190, 0.9702031323744479, -0.1696502171783170, -0.3991553332553847, -0.2315597453279178, 0.3687508441320948, 1.0451552441706875, 0.0779496601744082
Vector b: -1.0354966068511324, 0.7476060435222269, 1.1928002212266688, -1.5321006555833028, 0.7337899890725335, -1.1969094797283690, 1.9344111679925586, 0.1558993203488164
-----------------------------------------------------------
| Order |        Error^2         |       Efficiency       |
-----------------------------------------------------------
|   2   | 7.3727005683573872e-35 | 5.1761181846558656e+14 |
|   4   | 1.3286438159901616e-35 | 5.4191438389010605e+12 |
|   6   | 2.2024492063043807e-36 | 5.9156094629912186e+10 |
|   8   | 6.3695903243019777e-09 | 4.8889340327453751e-06 |
-----------------------------------------------------------

Scheme evaluation results:
Order: 8, No. cycles: 15
-----------------------------------------------------------
Vector a: -0.2211525359520484, 1.3140757309007072, -1.3572842848219693, 0.0832969022621701, 0.3807343056649899, -0.4083667342640267, 0.9391158423295030, 0.2695807738806744
Vector b: -1.5171733455590499, 2.5920416192140028, 0.0361098425874114, -2.7506784122313501, 2.9172722167556904, -2.1558036054257106, 1.3390701368976572, 0.5391615477613487
-----------------------------------------------------------
| Order |        Error^2         |       Efficiency       |
-----------------------------------------------------------
|   2   | 6.3796429407827188e-34 | 1.7596216451263062e+14 |
|   4   | 1.1429625446632807e-34 | 1.8476468437406243e+12 |
|   6   | 1.1718977158539957e-34 | 8.1097523415722256e+09 |
|   8   | 9.7742418790662455e-09 | 3.9466479356913080e-06 |
-----------------------------------------------------------

Scheme evaluation results:
Order: 8, No. cycles: 15
-----------------------------------------------------------
Vector a: -0.6943259337339551, 0.6740672009377040, 0.6630253501405966, -0.4609586466815856, -0.9934336163505219, -0.1305649008866978, 1.0449915078919914, 0.8971990386824685
Vector b: -0.9594853841037784, 0.5303189007396464, 0.8178155011357617, 0.5082351991454315, -1.4301524925086027, -0.5567147401924410, 0.2955849384190455, 1.7943980773649371
-----------------------------------------------------------
| Order |        Error^2         |       Efficiency       |
-----------------------------------------------------------
|   2   | 8.6140226028257229e-34 | 1.5143089124404156e+14 |
|   4   | 2.4490543178619244e-34 | 1.2622220277619771e+12 |
|   6   | 2.5982328161759269e-36 | 5.4464486553989944e+10 |
|   8   | 9.9830201746721902e-09 | 3.9051610873084973e-06 |
-----------------------------------------------------------

Scheme evaluation results:
Order: 8, No. cycles: 15
-----------------------------------------------------------
Vector a: 0.4798954234207838, -0.1872807534478100, -0.3872697885085211, -0.2279260305653900, 1.1247443911099717, -1.0996291521762707, -0.0496059766627958, 1.3470718868300320
Vector b: 1.3355280987188773, -1.7112653505961870, 1.3367038437005669, -2.1112434207176092, 1.6553913595868293, 0.5940974226331143, -2.7933557269856557, 2.6941437736600640
-----------------------------------------------------------
| Order |        Error^2         |       Efficiency       |
-----------------------------------------------------------
|   2   | 7.7037197775489434e-34 | 1.6012798675095097e+14 |
|   4   | 4.0060847476023558e-35 | 3.1208643882428921e+12 |
|   6   | 5.7359498107008672e-35 | 1.1591770505329491e+10 |
|   8   | 1.3118974222617662e-08 | 3.4065909489197815e-06 |
-----------------------------------------------------------

Scheme evaluation results:
Order: 8, No. cycles: 15
-----------------------------------------------------------
Vector a: -0.2171421264303829, 1.0769477259814728, -0.7988812100996426, -0.4950867832202264, 0.6563044583353258, -0.5903454910756954, 0.2993458395749962, 1.0688575869341526
Vector b: -1.1207460772394071, 1.8072079016180485, 0.3466875503448973, -1.9444499705441824, 0.9542764041037297, 0.3583325125669218, -1.5390234947183128, 2.1377151738683051
-----------------------------------------------------------
| Order |        Error^2         |       Efficiency       |
-----------------------------------------------------------
|   2   | 5.2128002283824833e-33 | 6.1557637106572023e+13 |
|   4   | 4.6411455706340967e-35 | 2.8994950294776001e+12 |
|   6   | 1.0676324843875062e-35 | 2.6868384581745552e+10 |
|   8   | 1.4675532230208226e-08 | 3.2208685241503468e-06 |
-----------------------------------------------------------

Scheme evaluation results:
Order: 8, No. cycles: 15
-----------------------------------------------------------
Vector a: -0.9586808859113388, 0.7680485263542127, 0.9293835982676084, -1.2450051728509790, 0.1806966242149154, -0.0213698496813997, -0.1554810111661273, 1.5024081707731081
Vector b: -1.0081633491898845, 0.0989649265570915, 1.4371321261513339, 0.4216350703838829, -2.9116454160858409, 3.2730386645156715, -3.3157783638784708, 3.0048163415462161
-----------------------------------------------------------
| Order |        Error^2         |       Efficiency       |
-----------------------------------------------------------
|   2   | 1.2325951644078309e-32 | 4.0031996687737742e+13 |
|   4   | 7.4212249751593313e-33 | 2.2929636239303882e+11 |
|   6   | 4.5784662632138182e-33 | 1.2974553956708767e+09 |
|   8   | 1.4897094658229190e-08 | 3.1968270318354802e-06 |
-----------------------------------------------------------

Scheme evaluation results:
Order: 8, No. cycles: 15
-----------------------------------------------------------
Vector a: -0.7674679497243633, 0.9639776672098602, 0.6426975387806232, -0.8051423620117271, -0.4928637745738843, -0.1588683211846565, 0.5446927624949609, 1.0729744390091867
Vector b: -1.1458828460453270, 0.7568297926419273, 1.1711255417777933, 0.1142695357834532, -1.7245542598069072, 0.7388267106591389, -1.0565633530284517, 2.1459488780183733
-----------------------------------------------------------
| Order |        Error^2         |       Efficiency       |
-----------------------------------------------------------
|   2   | 4.8148248609680896e-33 | 6.4051194700380391e+13 |
|   4   | 1.4953463636810319e-34 | 1.6153404345720813e+12 |
|   6   | 3.9766702865984598e-35 | 1.3921712266175169e+10 |
|   8   | 1.5164384777793886e-08 | 3.1685278574456553e-06 |
-----------------------------------------------------------

Scheme evaluation results:
Order: 8, No. cycles: 15
-----------------------------------------------------------
Vector a: -0.2374778799382960, 1.1259019689339858, -0.9637334758127220, 0.0887976058508515, 0.3779948310038665, -0.5978936425362248, 0.7087871160707343, 0.4976234764278047
Vector b: -1.2288588173528343, 1.9827618748290767, 0.2690420630388947, -2.1965090146643389, 2.3741042263660419, -1.6181145643583088, 0.4223272792858592, 0.9952469528556095
-----------------------------------------------------------
| Order |        Error^2         |       Efficiency       |
-----------------------------------------------------------
|   2   | 3.0092655381050560e-34 | 2.5620477880152156e+14 |
|   4   | 1.8807909613156600e-35 | 4.5547516231381611e+12 |
|   6   | 1.0620856204195636e-35 | 2.6938454823483128e+10 |
|   8   | 1.9846469648831157e-08 | 2.7696717120880654e-06 |
-----------------------------------------------------------

Scheme evaluation results:
Order: 8, No. cycles: 15
-----------------------------------------------------------
Vector a: -0.4882084212049342, 0.6393298349778126, 0.5245277665607221, -0.3752553902537767, -1.0189289502971757, -0.1539671154035784, 1.0345707627247911, 0.8379315128961394
Vector b: -0.8960776844331937, 0.8157385264565189, 0.4629211434991063, 0.5861343896223379, -1.3366451701298914, -0.7012127304644602, 0.3932784996573033, 1.6758630257922789
-----------------------------------------------------------
| Order |        Error^2         |       Efficiency       |
-----------------------------------------------------------
|   2   | 3.4004700580587133e-34 | 2.4101718199819481e+14 |
|   4   | 2.1749584226089375e-35 | 4.2355467941086982e+12 |
|   6   | 1.7434165385003249e-36 | 6.6489315952355194e+10 |
|   8   | 2.0877603516174102e-08 | 2.7004093603731156e-06 |
-----------------------------------------------------------

Scheme evaluation results:
Order: 8, No. cycles: 15
-----------------------------------------------------------
Vector a: -0.2521888474668678, 1.1235477633184945, -0.6943641582292990, -0.6833469741352785, 0.7112890850908822, -0.4856744569925305, 0.1260078344703038, 1.1547297539442953
Vector b: -1.2185121722699614, 1.9326466496061874, 0.3144488770308013, -1.7031771934893993, 0.3364832452188424, 1.0860949249629219, -2.0574438389479828, 2.3094595078885907
-----------------------------------------------------------
| Order |        Error^2         |       Efficiency       |
-----------------------------------------------------------
|   2   | 7.4419136757338035e-33 | 5.1519918564821734e+13 |
|   4   | 1.0764001770479687e-34 | 1.9039173149141406e+12 |
|   6   | 2.4684348935401074e-35 | 1.7670205782023800e+10 |
|   8   | 3.1865289611654387e-08 | 2.1858028735492005e-06 |
-----------------------------------------------------------

Scheme evaluation results:
Order: 8, No. cycles: 15
-----------------------------------------------------------
Vector a: 0.5183779085665471, -0.1578722643338185, -0.3529044895984890, -0.2485737325408813, 1.0179058946951283, -0.8338620460266256, -0.0783928919050669, 1.1353216211432058
Vector b: 1.2099728435162391, -1.3831898698993841, 1.0674453412317471, -1.7732543204287250, 1.2761068553469623, 0.7597049340432942, -2.4274290260965454, 2.2706432422864116
-----------------------------------------------------------
| Order |        Error^2         |       Efficiency       |
-----------------------------------------------------------
|   2   | 5.3233907369078441e-33 | 6.0914868302980898e+13 |
|   4   | 1.6212418086540989e-34 | 1.5513545592485063e+12 |
|   6   | 3.7538014472052597e-35 | 1.4329030165676508e+10 |
|   8   | 5.9083394107288833e-08 | 1.6052297856135433e-06 |
-----------------------------------------------------------

Scheme evaluation results:
Order: 8, No. cycles: 15
-----------------------------------------------------------
Vector a: -0.9000541309163823, 1.1797163101359016, 0.3208028148898221, -0.3423779091594044, -0.6684345492350566, -0.1426738897250955, 1.2507795086682401, 0.3022418453419752
Vector b: -0.9938127131867536, 0.1875171645407425, 2.1719154557310607, -1.5303098259514163, 0.8455540076326077, -2.1824231061027208, 1.8970753266525300, 0.6044836906839504
-----------------------------------------------------------
| Order |        Error^2         |       Efficiency       |
-----------------------------------------------------------
|   2   | 1.1266690174665330e-32 | 4.1871575852073117e+13 |
|   4   | 4.0839612483443324e-35 | 3.0909654987777046e+12 |
|   6   | 8.0541202839192359e-36 | 3.0934520599408001e+10 |
|   8   | 6.5937670210367923e-08 | 1.5195084814423913e-06 |
-----------------------------------------------------------

Scheme evaluation results:
Order: 8, No. cycles: 15
-----------------------------------------------------------
Vector a: -0.1135426811318297, 0.4448848291976103, -0.1941273825326832, 0.9746767907289717, -1.2053991308843519, -0.2669253266697774, 1.1545444565248937, 0.2058884447671662
Vector b: -1.7170494760479416, 3.2070135898322238, -2.3172439314370035, 1.9289891663716372, 0.0203644150863063, -2.4311626768550099, 1.8973120235154552, 0.4117768895343323
-----------------------------------------------------------
| Order |        Error^2         |       Efficiency       |
-----------------------------------------------------------
|   2   | 2.0613468936019634e-33 | 9.7890814105506953e+13 |
|   4   | 1.5801582810928600e-34 | 1.5713924711855432e+12 |
|   6   | 1.6907949113056731e-35 | 2.1350447375299377e+10 |
|   8   | 7.5333617141476027e-08 | 1.4215937887312584e-06 |
-----------------------------------------------------------

Scheme evaluation results:
Order: 8, No. cycles: 15
-----------------------------------------------------------
Vector a: 0.0918793492583054, -0.2628535689278258, 0.7099650154990425, -0.1951082440890295, -0.5033718365768187, -0.6148930446632704, 1.0896831990081572, 0.6846991304914394
Vector b: 1.7763114543773728, -3.3688642102381348, 2.8431570723824833, -1.4232270413843982, 1.0330105532063392, -2.0397542263599768, 0.8099681370334357, 1.3693982609828788
-----------------------------------------------------------
| Order |        Error^2         |       Efficiency       |
-----------------------------------------------------------
|   2   | 1.3962992096807460e-33 | 1.1894008260531328e+14 |
|   4   | 8.3060430829102835e-35 | 2.1673940363482883e+12 |
|   6   | 4.6660032153031423e-35 | 1.2852272609709486e+10 |
|   8   | 8.8267421901398497e-08 | 1.3133174252287256e-06 |
-----------------------------------------------------------

Scheme evaluation results:
Order: 8, No. cycles: 15
-----------------------------------------------------------
Vector a: -0.7897275254084898, 1.1700475143863447, -0.1739936783131150, -0.6752623400956115, 0.3985586996791064, -0.5226385803136189, 0.4766311746216494, 1.1163847354437346
Vector b: -1.1770626588416979, 0.7746702668664162, 1.5654247619062731, -1.9134121185325033, 0.5628874383412801, 0.2342299610169327, -1.2795071216441705, 2.2327694708874692
-----------------------------------------------------------
| Order |        Error^2         |       Efficiency       |
-----------------------------------------------------------
|   2   | 4.3634350302523312e-34 | 2.1276648796393662e+14 |
|   4   | 9.8086187368488725e-35 | 1.9944862053585371e+12 |
|   6   | 8.5791010792144261e-35 | 9.4783240673291245e+09 |
|   8   | 1.0008025362277613e-07 | 1.2333766690617566e-06 |
-----------------------------------------------------------

Scheme evaluation results:
Order: 8, No. cycles: 15
-----------------------------------------------------------
Vector a: -0.0863326192564656, 1.3027543518117131, -0.6021974764589129, -0.1433044995747137, -0.6053812065390780, -0.6842587501105798, 1.0970781615793868, 0.7216420385486503
Vector b: -1.3936662813501395, 2.6146673241873479, -0.0091586205639219, -1.1952363323539037, 0.9086273332044762, -2.1193897462826321, 0.7508722460614726, 1.4432840770973006
-----------------------------------------------------------
| Order |        Error^2         |       Efficiency       |
-----------------------------------------------------------
|   2   | 8.1370540150360715e-33 | 4.9270149769523375e+13 |
|   4   | 3.6609596062009322e-34 | 1.0323750383478552e+12 |
|   6   | 1.0397164378851221e-34 | 8.6098382097302933e+09 |
|   8   | 1.0298443625764107e-07 | 1.2158615636263623e-06 |
-----------------------------------------------------------

Scheme evaluation results:
Order: 8, No. cycles: 15
-----------------------------------------------------------
Vector a: 0.4453121471974885, -0.0708458457258859, -1.2760922128685492, 0.7302011809082727, 0.7998774851177777, -1.0706933217420689, 0.0944414317586249, 1.3477991353543401
Vector b: -0.8729222975893163, 2.6364688895736097, -2.7781605810253813, 0.2259761552882829, 1.2344262065282625, 0.3653287637072929, -2.5067154071914306, 2.6955982707086803
-----------------------------------------------------------
| Order |        Error^2         |       Efficiency       |
-----------------------------------------------------------
|   2   | 3.8518598887744717e-34 | 2.2645517057869412e+14 |
|   4   | 3.0261926567568970e-34 | 1.1354987938266750e+12 |
|   6   | 5.5424010498153163e-35 | 1.1792434469014872e+10 |
|   8   | 1.0322020380475269e-07 | 1.2144721816685063e-06 |
-----------------------------------------------------------

Scheme evaluation results:
Order: 8, No. cycles: 15
-----------------------------------------------------------
Vector a: -0.7753737869689483, 1.1516428578739986, -0.1934809473317474, -0.8746223404211435, 0.4048164324141349, -0.3030381142901992, 0.4653804133076526, 1.1246754854162524
Vector b: -1.1973157771578167, 0.8438839803777364, 1.4594017353702609, -1.8463636300337556, 0.0971189491914685, 0.7125139156368013, -1.3185901442171997, 2.2493509708325048
-----------------------------------------------------------
| Order |        Error^2         |       Efficiency       |
-----------------------------------------------------------
|   2   | 1.7363462154866173e-33 | 1.0665944499371272e+14 |
|   4   | 1.0523025428561118e-34 | 1.9255936887726956e+12 |
|   6   | 3.5692090148289983e-35 | 1.4694893911018183e+10 |
|   8   | 1.0500781418502926e-07 | 1.2040904679060835e-06 |
-----------------------------------------------------------

Scheme evaluation results:
Order: 8, No. cycles: 15
-----------------------------------------------------------
Vector a: 0.2796007577400587, -0.4164761379126634, 0.9193219237284102, -0.9499006749595886, -1.5870919858233772, -0.0083928609522414, 1.5208355290746849, 1.2421034491047167
Vector b: 1.2653324494395533, -1.9714633833989890, 1.1385111075736623, 0.7001327398831581, -2.5999340898023351, -0.5742498818444192, 0.5574641599399365, 2.4842068982094334
-----------------------------------------------------------
| Order |        Error^2         |       Efficiency       |
-----------------------------------------------------------
|   2   | 3.7676004537075301e-33 | 7.2407751535916016e+13 |
|   4   | 6.1886486186611135e-33 | 2.5109441406140790e+11 |
|   6   | 2.5944434999334558e-33 | 1.7235755986830218e+09 |
|   8   | 1.0563348201884804e-07 | 1.2005192539480834e-06 |
-----------------------------------------------------------

Scheme evaluation results:
Order: 8, No. cycles: 15
-----------------------------------------------------------
Vector a: -1.3837333583034412, 1.2952459657493542, 0.7037076015172630, -0.1483476994131985, -0.6065797537668667, -0.6725472522637583, 1.0954604124750427, 0.7167940840056048
Vector b: -1.3822901961560043, -0.0028863242948734, 2.5933782557935818, -1.1859630527590559, 0.8892676539326588, -2.1024271614663923, 0.7573326569388754, 1.4335881680112097
-----------------------------------------------------------
| Order |        Error^2         |       Efficiency       |
-----------------------------------------------------------
|   2   | 3.9481563859938335e-33 | 7.0732711776801297e+13 |
|   4   | 2.1445718936401813e-34 | 1.3488531137656213e+12 |
|   6   | 3.1671830591855641e-35 | 1.5599686218483118e+10 |
|   8   | 1.0706637552318017e-07 | 1.1924587840670613e-06 |
-----------------------------------------------------------

Scheme evaluation results:
Order: 8, No. cycles: 15
-----------------------------------------------------------
Vector a: -0.0866160386563198, 0.7170665478904652, -0.1482039722365403, -0.6167666219430943, -1.0695712222671427, 0.3765805895205797, 1.1053665320983252, 0.7221441855937268
Vector b: -1.3980494021233547, 2.6228667269340700, -1.1887336311531396, 0.8923256866800592, -2.1258589305662476, -0.0132835139680375, 0.7664446930091969, 1.4442883711874537
-----------------------------------------------------------
| Order |        Error^2         |       Efficiency       |
-----------------------------------------------------------
|   2   | 1.9259299443872359e-33 | 1.0127383105405409e+14 |
|   4   | 9.4286401879455681e-35 | 2.0342786092037146e+12 |
|   6   | 1.0886423652604948e-35 | 2.6607852849034374e+10 |
|   8   | 1.1077427546974854e-07 | 1.1723315918835262e-06 |
-----------------------------------------------------------

Scheme evaluation results:
Order: 8, No. cycles: 15
-----------------------------------------------------------
Vector a: -0.0912112089164892, 0.6564999938551025, -0.1101941774478467, 0.5451314611075387, -1.1161923976976120, -0.7185452558488381, 1.0989881172067832, 0.7355234677413616
Vector b: -1.4372193337103296, 2.6920162495876805, -1.3790162618774757, 1.1586279069817824, -0.0683649847667048, -2.1640198106285196, 0.7269292989308433, 1.4710469354827231
-----------------------------------------------------------
| Order |        Error^2         |       Efficiency       |
-----------------------------------------------------------
|   2   | 1.6575034583882649e-32 | 3.4521547868845809e+13 |
|   4   | 4.7363018383331608e-34 | 9.0764345010680237e+11 |
|   6   | 6.7406209551196752e-35 | 1.0693072036860979e+10 |
|   8   | 1.1871424967623852e-07 | 1.1324486061978390e-06 |
-----------------------------------------------------------

Scheme evaluation results:
Order: 8, No. cycles: 15
-----------------------------------------------------------
Vector a: -0.0928607962468747, 0.6248179007679532, -0.7649980377072582, 0.5616356016589439, -0.4406657488490310, -0.6630888202779807, 1.0859487548526690, 0.6892111458015786
Vector b: -1.4251516559009900, 2.6645817193082308, -1.4149459177723243, -0.1150501576421920, 1.2383213609600798, -2.1196528586581418, 0.7934752181021805, 1.3784222916031572
-----------------------------------------------------------
| Order |        Error^2         |       Efficiency       |
-----------------------------------------------------------
|   2   | 2.0342635037590179e-33 | 9.8540299539046750e+13 |
|   4   | 1.4938182210249630e-34 | 1.6161664519591145e+12 |
|   6   | 1.3827753882427130e-35 | 2.3608947431397514e+10 |
|   8   | 1.1910753621399744e-07 | 1.1305774187551676e-06 |
-----------------------------------------------------------

Scheme evaluation results:
Order: 8, No. cycles: 15
-----------------------------------------------------------
Vector a: -0.0924922086127165, 1.2982348349469170, -1.1582759942605589, -0.6189686336327233, -0.1981471004421206, -0.1977559700499619, 1.2217366482870176, 0.7456684237641464
Vector b: -1.4543573100567568, 2.7237302028880803, -0.1272605329942464, -2.1892914555268712, 0.9513541882614249, -1.3476483891456661, 0.9521364490457424, 1.4913368475282929
-----------------------------------------------------------
| Order |        Error^2         |       Efficiency       |
-----------------------------------------------------------
|   2   | 6.2713093814109367e-33 | 5.6122675766218641e+13 |
|   4   | 3.1570251780034176e-34 | 1.1117213369348889e+12 |
|   6   | 8.3527575039184497e-35 | 9.6058877874518032e+09 |
|   8   | 1.2030062403222105e-07 | 1.1249571684987799e-06 |
-----------------------------------------------------------

Scheme evaluation results:
Order: 8, No. cycles: 15
-----------------------------------------------------------
Vector a: -0.1172599543373593, 0.3791371917645298, -1.2964532598141922, 1.1254739013967381, -0.1036181753329022, -0.2901706594469705, 1.1138260929138113, 0.1890648628563452
Vector b: -1.8070105931412850, 3.3795012776078512, -2.6212268940787919, 0.0283203744504075, 2.2226274283430687, -2.4298637790088731, 1.8495224601149320, 0.3781297257126904
-----------------------------------------------------------
| Order |        Error^2         |       Efficiency       |
-----------------------------------------------------------
|   2   | 3.9752397758367790e-33 | 7.0491348265033922e+13 |
|   4   | 1.4677589806351714e-34 | 1.6304503960888997e+12 |
|   6   | 2.8671253373278704e-35 | 1.6395667649907555e+10 |
|   8   | 1.2295518804243852e-07 | 1.1127471698798568e-06 |
-----------------------------------------------------------

Scheme evaluation results:
Order: 8, No. cycles: 15
-----------------------------------------------------------
Vector a: -0.7837183583685023, 1.1478903276507719, -0.2002464587460288, -0.4691818467582933, -0.2717691851419429, -0.7105883289373294, 1.1430696840331016, 1.1445441662682232
Vector b: -1.2253286364467453, 0.8832205561564858, 1.4125600991450582, -1.8130530166371159, 0.8746893231205293, -1.4182276934044151, -0.0029489644702433, 2.2890883325364464
-----------------------------------------------------------
| Order |        Error^2         |       Efficiency       |
-----------------------------------------------------------
|   2   | 2.4375050858650954e-34 | 2.8467197644613506e+14 |
|   4   | 1.7848706222885614e-34 | 1.4785349435834209e+12 |
|   6   | 6.9043168660635181e-35 | 1.0565549483017632e+10 |
|   8   | 1.2696687342223445e-07 | 1.0950267158421912e-06 |
-----------------------------------------------------------

Scheme evaluation results:
Order: 8, No. cycles: 15
-----------------------------------------------------------
Vector a: -0.1154298256630104, 0.3947700937917131, -1.3024371201107876, 1.2795923686896713, -0.0769999586162541, -0.4509609076812203, 1.0807896784815179, 0.1906756711083701
Vector b: -1.8281544518170680, 3.4254492523081153, -2.6359090647246890, 0.0310348245031143, 2.5281499128762279, -2.6821498301087363, 1.7802280147462957, 0.3813513422167402
-----------------------------------------------------------
| Order |        Error^2         |       Efficiency       |
-----------------------------------------------------------
|   2   | 5.8981604546859098e-34 | 1.8300341342965825e+14 |
|   4   | 2.1765747273413181e-35 | 4.2339738626476538e+12 |
|   6   | 1.1357543559427266e-35 | 2.6050150703890671e+10 |
|   8   | 1.2769353932063143e-07 | 1.0919065350624799e-06 |
-----------------------------------------------------------

Scheme evaluation results:
Order: 8, No. cycles: 15
-----------------------------------------------------------
Vector a: -1.2295730788360171, 0.4424610264253058, 1.1517138707991788, -0.2004239244193024, -0.4707345272869712, -0.2745277273157773, 0.4351186327064340, 1.1459657279271496
Vector b: -1.2269502052347516, -0.0052457472025313, 0.8901678000531432, 1.4132599415452143, -1.8141077903838190, 0.8726387358098766, -1.4216941904414311, 2.2919314558542991
-----------------------------------------------------------
| Order |        Error^2         |       Efficiency       |
-----------------------------------------------------------
|   2   | 2.2268564981977415e-33 | 9.4182749812594141e+13 |
|   4   | 1.1571566389494598e-34 | 1.8362799323634634e+12 |
|   6   | 4.7108476360207914e-35 | 1.2790953398739012e+10 |
|   8   | 1.3112666133164058e-07 | 1.0775177319063849e-06 |
-----------------------------------------------------------

Scheme evaluation results:
Order: 8, No. cycles: 15
-----------------------------------------------------------
Vector a: 0.5190443380022658, -0.2091587604892561, -0.4062008299009528, 0.2426239776103679, -0.0804843704290230, -0.8408125985965414, 1.0819742857837584, 0.6930139580193814
Vector b: 1.2286668469120967, -1.4192450178196618, 1.0009274968411495, -1.8133291566430552, 2.2985771118637910, -2.4595458527218370, 0.7779206555287539, 1.3860279160387627
-----------------------------------------------------------
| Order |        Error^2         |       Efficiency       |
-----------------------------------------------------------
|   2   | 4.4537129963954829e-34 | 2.1059903088881609e+14 |
|   4   | 7.5243393396134623e-35 | 2.2771979124310854e+12 |
|   6   | 2.3383659126976591e-35 | 1.8154998188326611e+10 |
|   8   | 1.4560342605898520e-07 | 1.0225490051306167e-06 |
-----------------------------------------------------------

Scheme evaluation results:
Order: 8, No. cycles: 15
-----------------------------------------------------------
Vector a: -0.8338489928478666, 1.2348433029333326, -0.1460562179862284, -0.6598452555001992, 0.6200377719497315, -0.6966547979994338, 0.3305492218469758, 1.1509749676036882
Vector b: -1.0586364340747756, 0.4495748824538178, 2.0201117234128474, -2.3122241593853041, 0.9925336483849057, 0.2475418955145574, -1.6408514915134249, 2.3019499352073765
-----------------------------------------------------------
| Order |        Error^2         |       Efficiency       |
-----------------------------------------------------------
|   2   | 7.8240903990731457e-34 | 1.5889145869566794e+14 |
|   4   | 6.3100536752140393e-35 | 2.4866716153019980e+12 |
|   6   | 1.8829686105183064e-35 | 2.0231631470726227e+10 |
|   8   | 1.4805651406136933e-07 | 1.0140425241266120e-06 |
-----------------------------------------------------------

Scheme evaluation results:
Order: 8, No. cycles: 15
-----------------------------------------------------------
Vector a: -0.7853300245437737, 1.1730324907162903, 0.7189484489757265, -0.9186538817123221, -0.4787163911511898, -0.2903795861308964, 0.4277696431275358, 1.1533293007186292
Vector b: -1.2346566471834020, 0.8986532452792566, 1.4474117361533239, -0.0095148382018706, -1.8277929252227736, 0.8703601429203940, -1.4511193151821868, 2.3066586014372583
-----------------------------------------------------------
| Order |        Error^2         |       Efficiency       |
-----------------------------------------------------------
|   2   | 9.1271023770726349e-33 | 4.6521212020377602e+13 |
|   4   | 2.2678812510414393e-34 | 1.3116706729440596e+12 |
|   6   | 6.3214071254124965e-35 | 1.1041944625313774e+10 |
|   8   | 1.6203292144633452e-07 | 9.6932250586413601e-07 |
-----------------------------------------------------------

Scheme evaluation results:
Order: 8, No. cycles: 15
-----------------------------------------------------------
Vector a: -0.7568552806198864, 1.1337442820403691, -0.2445244482658438, -0.3345337313929652, 0.4771420660386452, -0.8417346111239439, 0.3915974777456116, 1.1751642455780131
Vector b: -1.2652803702029469, 1.0168501791661211, 1.2506383849146174, -1.7396872814463049, 1.0706198186603746, -0.1163356865830843, -1.5671335356648033, 2.3503284911560263
-----------------------------------------------------------
| Order |        Error^2         |       Efficiency       |
-----------------------------------------------------------
|   2   | 9.6296497219361793e-34 | 1.4322282539012481e+14 |
|   4   | 1.6218295558295101e-34 | 1.5510734301739749e+12 |
|   6   | 9.4645076889137735e-35 | 9.0240902797145920e+09 |
|   8   | 1.8030044244753299e-07 | 9.1890693957370767e-07 |
-----------------------------------------------------------

Scheme evaluation results:
Order: 8, No. cycles: 15
-----------------------------------------------------------
Vector a: -0.7580123489467415, 0.4666589677610516, 0.6627921628746931, -0.1899116961878545, -0.4293300532004912, -0.3216211621267234, 0.3917593823719859, 1.1776647474540800
Vector b: -1.2655817138011072, 1.0151387297087315, -0.0818207941866284, 1.4074051199360147, -1.7872285123117237, 0.9285684059107413, -1.5718107301641879, 2.3553294949081600
-----------------------------------------------------------
| Order |        Error^2         |       Efficiency       |
-----------------------------------------------------------
|   2   | 2.1666711874356403e-33 | 9.5481883593416547e+13 |
|   4   | 2.3707370067383894e-34 | 1.2829013858305488e+12 |
|   6   | 3.1789098063266073e-35 | 1.5570886629050110e+10 |
|   8   | 1.9504935450900031e-07 | 8.8348192514382319e-07 |
-----------------------------------------------------------

Scheme evaluation results:
Order: 8, No. cycles: 15
-----------------------------------------------------------
Vector a: -0.1022024396423516, 0.5768586736536265, -1.1577391143085018, 0.9458718923007434, -0.2136072224177520, -0.8090620649370842, 1.1295659731828807, 0.6303143021684390
Vector b: -1.6879656063714494, 3.1715263334581958, -2.0178089861509427, -0.2976692424660611, 2.1894130270675478, -2.6166274719030520, 0.9985033420288835, 1.2606286043368780
-----------------------------------------------------------
| Order |        Error^2         |       Efficiency       |
-----------------------------------------------------------
|   2   | 2.3231529954171032e-33 | 9.2210117599210219e+13 |
|   4   | 3.2252038503511102e-34 | 1.0999080459626973e+12 |
|   6   | 1.8463876625393235e-34 | 6.4608699740617228e+09 |
|   8   | 2.0863854585609550e-07 | 8.5422574055446861e-07 |
-----------------------------------------------------------

Scheme evaluation results:
Order: 8, No. cycles: 15
-----------------------------------------------------------
Vector a: -1.3461995941146629, 0.7061726172404826, 1.2280566421374861, -0.1132054971585661, -0.3019917759502015, -0.6833346499243305, 0.2448189404800891, 1.2656833172897033
Vector b: -1.3506315748945790, 0.0088639615598315, 1.4034812729211341, 1.0526320113538381, -1.2790430056709703, 0.6750594537705673, -2.0417287536192283, 2.5313666345794066
-----------------------------------------------------------
| Order |        Error^2         |       Efficiency       |
-----------------------------------------------------------
|   2   | 6.2592723192585165e-34 | 1.7764605134380678e+14 |
|   4   | 6.5456227431188258e-34 | 7.7207497884669824e+11 |
|   6   | 5.5976378048669441e-35 | 1.1734107122959505e+10 |
|   8   | 2.2546213427553121e-07 | 8.2173752684507913e-07 |
-----------------------------------------------------------

Scheme evaluation results:
Order: 8, No. cycles: 15
-----------------------------------------------------------
Vector a: 0.9513068308241459, -0.4083585114763937, 0.1636588657674372, 0.2762450652395478, -1.8705335886063954, -0.0791157933573510, 1.4948120864560839, 0.4719850451529253
Vector b: 0.4784883888825431, 0.9456368838832055, -1.7623539068359930, 2.0896716383708673, -1.5371815078917719, -2.2038856693210187, 2.0456540826063168, 0.9439700903058507
-----------------------------------------------------------
| Order |        Error^2         |       Efficiency       |
-----------------------------------------------------------
|   2   | 4.0926011318228762e-33 | 6.9473274950927016e+13 |
|   4   | 4.6415569936568845e-34 | 9.1686019825632214e+11 |
|   6   | 1.6020619527258682e-34 | 6.9360592188143263e+09 |
|   8   | 2.2925335789208863e-07 | 8.1491455515198184e-07 |
-----------------------------------------------------------

Scheme evaluation results:
Order: 8, No. cycles: 15
-----------------------------------------------------------
Vector a: -0.1126599615508054, 0.4419340460469475, -1.0900602584013865, 1.0224376658810250, -0.4591838496134996, -0.1326161231638655, 1.2664927541436697, 0.0636557266579149
Vector b: -1.7908226308440438, 3.3563253385864771, -2.4724572464925818, 0.2923367296898086, 1.7525386020722413, -2.6709063012992407, 2.4056740549715094, 0.1273114533158299
-----------------------------------------------------------
| Order |        Error^2         |       Efficiency       |
-----------------------------------------------------------
|   2   | 3.0340919787944227e-33 | 8.0686914970963688e+13 |
|   4   | 3.4017499004920451e-34 | 1.0709859498331093e+12 |
|   6   | 6.7005826052999198e-35 | 1.0724971897387508e+10 |
|   8   | 2.3289961852323863e-07 | 8.0851026648828743e-07 |
-----------------------------------------------------------

Scheme evaluation results:
Order: 8, No. cycles: 15
-----------------------------------------------------------
Vector a: -0.1009176242381466, 0.6910742157288703, -0.1558488838199092, -0.5511061087431788, -0.6473773522944486, 0.3739835684661300, 0.6323203559623141, 0.7578718289383689
Vector b: -1.5436470087803806, 2.8854587690844680, -1.5033103376267276, 1.1916125699869093, -2.2938247874732669, 0.9990700828843696, -0.2511029459521096, 1.5157436578767378
-----------------------------------------------------------
| Order |        Error^2         |       Efficiency       |
-----------------------------------------------------------
|   2   | 1.7604203397914578e-33 | 1.0592763913044530e+14 |
|   4   | 8.5575988739862531e-36 | 6.7524130564244062e+12 |
|   6   | 1.7043098273910718e-35 | 2.1265625995477303e+10 |
|   8   | 2.5287777176923116e-07 | 7.7591580716479101e-07 |
-----------------------------------------------------------

Scheme evaluation results:
Order: 8, No. cycles: 15
-----------------------------------------------------------
Vector a: -0.6530280854878181, 1.2441091659391594, -0.1095800023469576, -0.3148467703605488, -0.6871332358361221, -1.0215914999695648, 1.2718455514166889, 1.2702248766451631
Vector b: -1.3557915445084179, 1.4055269180411993, 1.0826914138371193, -1.3018514185310346, 0.6721578778099371, -2.0464243494821814, 0.0032413495430518, 2.5404497532903263
-----------------------------------------------------------
| Order |        Error^2         |       Efficiency       |
-----------------------------------------------------------
|   2   | 9.4852049761071366e-33 | 4.5634586706033352e+13 |
|   4   | 6.5136492967764595e-34 | 7.7396759518900281e+11 |
|   6   | 2.7384436930844717e-34 | 5.3051850595092402e+09 |
|   8   | 2.5585882525532828e-07 | 7.7138240191872978e-07 |
-----------------------------------------------------------

Scheme evaluation results:
Order: 8, No. cycles: 15
-----------------------------------------------------------
Vector a: 0.5066775927084584, -0.1694433537832118, -0.4451776684282048, -0.6834822641832810, 1.0974694241669776, -0.5719010858154682, -0.0348737990806664, 1.3007311544153961
Vector b: 1.2481910987331297, -1.4830270120493425, 1.1441403044829190, -2.0344956413393289, 0.6675311129727668, 1.5274077353611886, -2.6712099069921251, 2.6014623088307922
-----------------------------------------------------------
| Order |        Error^2         |       Efficiency       |
-----------------------------------------------------------
|   2   | 1.7333369499485123e-33 | 1.0675199116730064e+14 |
|   4   | 2.4774718937930532e-34 | 1.2549620577705549e+12 |
|   6   | 7.5478779252224575e-35 | 1.0105085952053310e+10 |
|   8   | 3.1645629025550511e-07 | 6.9360635121408554e-07 |
-----------------------------------------------------------

Scheme evaluation results:
Order: 8, No. cycles: 15
-----------------------------------------------------------
Vector a: -0.2569538339390398, 1.2279449006932077, -1.4417051674486041, 0.2877855561018372, 0.1669023426506530, -0.8590857501217725, 1.1991653336343864, 0.6759466184293321
Vector b: -1.6651826502052092, 2.8164576325323387, -0.3605678311459235, -2.5228425037512849, 3.0984136159549593, -2.7646089306536532, 1.0464374304101085, 1.3518932368586642
-----------------------------------------------------------
| Order |        Error^2         |       Efficiency       |
-----------------------------------------------------------
|   2   | 2.4675977412461459e-33 | 8.9470589717963031e+13 |
|   4   | 5.1150461181681019e-34 | 8.7339396542143079e+11 |
|   6   | 3.1993494102923991e-34 | 4.9081927437150173e+09 |
|   8   | 3.3106632452549614e-07 | 6.7812916649140589e-07 |
-----------------------------------------------------------

Scheme evaluation results:
Order: 8, No. cycles: 15
-----------------------------------------------------------
Vector a: -0.7851370116559675, 1.5172510288181527, 0.0751095604007153, -0.7322454384768325, -0.8521044512230150, -0.0577008002290599, 1.6271620688739064, 0.2076650434921006
Vector b: -0.8699396672087215, 0.1696053111055082, 2.8648967465307966, -2.7146776257293661, 1.2501867487757015, -2.9543956512217311, 2.8389940507636116, 0.4153300869842011
-----------------------------------------------------------
| Order |        Error^2         |       Efficiency       |
-----------------------------------------------------------
|   2   | 1.8816937409770915e-32 | 3.2399850905971699e+13 |
|   4   | 1.5527661035776328e-32 | 1.5851922587313510e+11 |
|   6   | 3.5248734066151012e-33 | 1.4787020792660058e+09 |
|   8   | 3.3632197953921521e-07 | 6.7280979009671304e-07 |
-----------------------------------------------------------

Scheme evaluation results:
Order: 8, No. cycles: 15
-----------------------------------------------------------
Vector a: -0.7445419670229626, 1.1423499806126616, -0.2199560239831689, -0.8488457898890994, 0.4977238281389210, -0.3730707927792516, 0.2933884270103840, 1.2529523379125158
Vector b: -1.3467714717136530, 1.2044590093813807, 1.0802409518439424, -1.5201529998102801, -0.1775385799679186, 1.1729862362457606, -1.9191278218042638, 2.5059046758250316
-----------------------------------------------------------
| Order |        Error^2         |       Efficiency       |
-----------------------------------------------------------
|   2   | 4.8148248609680896e-35 | 6.4051194700380388e+14 |
|   4   | 4.8195268383713788e-35 | 2.8453307818148843e+12 |
|   6   | 2.9279876801741279e-35 | 1.6224369297773193e+10 |
|   8   | 3.4987669685940745e-07 | 6.5964825615769999e-07 |
-----------------------------------------------------------

Scheme evaluation results:
Order: 8, No. cycles: 15
-----------------------------------------------------------
Vector a: -0.0914849577447132, 1.8622875574543634, 0.4829710451619326, -0.6143813129719159, -1.6549560838578796, -0.7030240955370967, 1.0462933220446460, 0.6722945254506634
Vector b: -1.4343533487920286, 2.6857367820946307, 1.0388383328140960, -0.0728962424902309, -1.1558663834536007, -2.1540457842621583, 0.7479975931879651, 1.3445890509013267
-----------------------------------------------------------
| Order |        Error^2         |       Efficiency       |
-----------------------------------------------------------
|   2   | 1.3529657859320332e-32 | 3.8209739319210305e+13 |
|   4   | 1.2706741284083681e-33 | 5.5413791972775293e+11 |
|   6   | 7.7457119312488880e-34 | 3.1544363964193583e+09 |
|   8   | 3.7313235867633663e-07 | 6.3876111577433296e-07 |
-----------------------------------------------------------

Scheme evaluation results:
Order: 8, No. cycles: 15
-----------------------------------------------------------
Vector a: 0.0737267672374283, -0.8207357292892905, 1.1486277853364768, -0.2190166040810400, -0.3163617564290512, -0.4665640186395342, 0.3588228299927059, 1.2415007258723048
Vector b: 1.5296312522751196, -2.9118089700753829, 1.2703375114968019, 1.0269180591761520, -1.4649512673382319, 0.8322277544801295, -1.7653557917591980, 2.4830014517446095
-----------------------------------------------------------
| Order |        Error^2         |       Efficiency       |
-----------------------------------------------------------
|   2   | 1.3962992096807460e-33 | 1.1894008260531328e+14 |
|   4   | 1.1421103112589345e-34 | 1.8483360646986853e+12 |
|   6   | 1.2318889505903197e-34 | 7.9098211868931055e+09 |
|   8   | 3.9731121057717359e-07 | 6.1901976761797739e-07 |
-----------------------------------------------------------

Scheme evaluation results:
Order: 8, No. cycles: 15
-----------------------------------------------------------
Vector a: 0.5429515045492284, -0.3697184360947046, -0.2216553071580386, 0.4571527636151932, -0.1757823080797153, -1.0198970009238391, 1.0803969819370702, 0.7065518021548055
Vector b: 1.4518217424970896, -1.8177404758957223, 1.0783036037063132, -1.5216142180223904, 2.4359197452527770, -2.7874843614122073, 0.7476903595645296, 1.4131036043096110
-----------------------------------------------------------
| Order |        Error^2         |       Efficiency       |
-----------------------------------------------------------
|   2   | 7.3666820372811771e-33 | 5.1782321803268727e+13 |
|   4   | 3.2791590410538532e-34 | 1.0908215858062125e+12 |
|   6   | 1.7869530567357770e-34 | 6.5674363711005964e+09 |
|   8   | 4.2977515256183337e-07 | 5.9518129769858995e-07 |
-----------------------------------------------------------

Scheme evaluation results:
Order: 8, No. cycles: 15
-----------------------------------------------------------
Vector a: -1.3859138962436979, 1.2347645789307038, 0.2623455954295654, -0.6284271336174607, -0.3532662253915135, -0.1304830326099357, 1.2994552769894598, 0.7015248365128789
Vector b: -1.3547584984323726, -0.0623107956226506, 2.5318399534840581, -2.0071487626249276, 0.7502944953900060, -1.4568269461730332, 1.1958608809531619, 1.4030496730257578
-----------------------------------------------------------
| Order |        Error^2         |       Efficiency       |
-----------------------------------------------------------
|   2   | 1.2037062152420224e-33 | 1.2810238940076078e+14 |
|   4   | 3.7023370073498767e-34 | 1.0265899059879945e+12 |
|   6   | 4.2233528952299629e-35 | 1.3509017360299305e+10 |
|   8   | 4.7804614725984241e-07 | 5.6433244057497971e-07 |
-----------------------------------------------------------

Scheme evaluation results:
Order: 8, No. cycles: 15
-----------------------------------------------------------
Vector a: 0.9094858818450241, -0.0790432720575591, -0.8166795366126149, 0.7650841562802205, -0.0029306911075080, -1.7227431408540284, 1.1180712790052920, 0.8287553235011734
Vector b: 1.4158938662603868, -1.0128159688307254, 0.8547294247156071, -2.4880884979408369, 4.0182568105012786, -4.0241181927162941, 0.5786319110082373, 1.6575106470023468
-----------------------------------------------------------
| Order |        Error^2         |       Efficiency       |
-----------------------------------------------------------
|   2   | 3.1567195494722038e-33 | 7.9104188925138250e+13 |
|   4   | 3.5866007723037914e-33 | 3.2983249877054346e+11 |
|   6   | 1.3733176982631917e-32 | 7.4914681454882169e+08 |
|   8   | 5.0999489151622601e-07 | 5.4637021317592940e-07 |
-----------------------------------------------------------

Scheme evaluation results:
Order: 8, No. cycles: 15
-----------------------------------------------------------
Vector a: -0.1222372082494692, 0.3517729600592663, -0.5199995507675714, 1.0757148230212807, -0.7792832612813538, -0.0443193609180053, 0.9195289529691858, 0.1188226451666669
Vector b: -2.0039821346584175, 3.7634898528178962, -3.0599439326993636, 2.0199448311642207, 0.1314848148783407, -1.6900513374410484, 1.6014126156050377, 0.2376452903333338
-----------------------------------------------------------
| Order |        Error^2         |       Efficiency       |
-----------------------------------------------------------
|   2   | 1.9503049952458868e-32 | 3.1824839005576336e+13 |
|   4   | 1.2562576085504944e-33 | 5.5730842855120825e+11 |
|   6   | 7.4000754428095748e-35 | 1.0205501996379250e+10 |
|   8   | 5.3635321108705874e-07 | 5.3277579406094113e-07 |
-----------------------------------------------------------

Scheme evaluation results:
Order: 8, No. cycles: 15
-----------------------------------------------------------
Vector a: -0.1256065801075310, 0.4479003449183572, -1.2260099438999494, 0.1785274722880081, 1.1055316816170326, -0.2835329096972890, -0.2085359565044480, 1.1117258913858195
Vector b: -1.9092415977897916, 3.5672700353645213, -2.6714693455278069, 0.2194494577279081, 0.1376054868481081, 2.0734578763859570, -2.6405236957805354, 2.2234517827716389
-----------------------------------------------------------
| Order |        Error^2         |       Efficiency       |
-----------------------------------------------------------
|   2   | 1.3653037746382639e-32 | 3.8036700454399516e+13 |
|   4   | 4.0226592179489501e-34 | 9.8486871603244434e+11 |
|   6   | 4.0221421841055806e-35 | 1.3842793366685421e+10 |
|   8   | 6.0369689750115436e-07 | 5.0218120629702676e-07 |
-----------------------------------------------------------

Scheme evaluation results:
Order: 8, No. cycles: 15
-----------------------------------------------------------
Vector a: -0.1263335195055960, 0.4493446008240102, -1.3153685358842622, 0.1780107345020610, 1.1931792732767210, -0.2816651814869512, -0.2105285064989519, 1.1133611347729691
Vector b: -1.9181025772241778, 3.5835381154371637, -2.6848489137891431, 0.0541118420206191, 0.3019096269835028, 2.0844489195699394, -2.6477792825438420, 2.2267222695459381
-----------------------------------------------------------
| Order |        Error^2         |       Efficiency       |
-----------------------------------------------------------
|   2   | 9.4641401173404012e-33 | 4.5685344186876180e+13 |
|   4   | 5.9625775451109712e-34 | 8.0894304167869495e+11 |
|   6   | 5.5535209652169029e-35 | 1.1780622450862299e+10 |
|   8   | 6.4819661787948014e-07 | 4.8463697722822273e-07 |
-----------------------------------------------------------

Scheme evaluation results:
Order: 8, No. cycles: 15
-----------------------------------------------------------
Vector a: 0.4623224273064890, -0.1828329119190105, -0.3274850640841575, -0.7564855552706720, 1.1047820207170058, -0.5892018368135913, -0.0592676702243746, 1.3481685902883112
Vector b: 1.3607034274299252, -1.7967620002468725, 1.4310961764088517, -2.0860663045771668, 0.5730951940358227, 1.6364688473981890, -2.8148725210253716, 2.6963371805766223
-----------------------------------------------------------
| Order |        Error^2         |       Efficiency       |
-----------------------------------------------------------
|   2   | 3.8518598887744717e-34 | 2.2645517057869412e+14 |
|   4   | 1.0330244355026263e-34 | 1.9434781685476296e+12 |
|   6   | 3.1903080263294414e-35 | 1.5543046182655884e+10 |
|   8   | 6.7791535188046544e-07 | 4.7389507261354333e-07 |
-----------------------------------------------------------

Scheme evaluation results:
Order: 8, No. cycles: 15
-----------------------------------------------------------
Vector a: -0.1271738555446381, 0.4519840368457221, -1.1727653280102788, 1.2237500435765525, 1.0474294726169624, -1.3293812956252271, -0.2118719014948098, 1.1180288276357169
Vector b: -1.9287632248655284, 3.6031787386417808, -2.6992106649503365, 0.3536800089297788, 2.0938200782233261, 0.0010388670105989, -2.6598014582610534, 2.2360576552714337
-----------------------------------------------------------
| Order |        Error^2         |       Efficiency       |
-----------------------------------------------------------
|   2   | 6.9604311896369946e-33 | 5.3272050021353469e+13 |
|   4   | 3.1877349679186498e-34 | 1.1063533635635823e+12 |
|   6   | 5.2803904260454437e-34 | 3.8204931749809012e+09 |
|   8   | 6.9693396002987189e-07 | 4.6738429366173099e-07 |
-----------------------------------------------------------

Scheme evaluation results:
Order: 8, No. cycles: 15
-----------------------------------------------------------
Vector a: -0.1194378232736843, 0.6975856888484541, -1.0133133201808566, 1.0567288100245105, -0.4570964755813069, -0.4124754384347595, 1.1364845179097307, 0.1115240406879120
Vector b: -1.9067262022522342, 3.5745767579570997, -2.1794053802601918, 0.1527787398984786, 1.9606788801505426, -2.8748718313131563, 2.0499209544436372, 0.2230480813758240
-----------------------------------------------------------
| Order |        Error^2         |       Efficiency       |
-----------------------------------------------------------
|   2   | 7.6224696080201069e-33 | 5.0906077127792172e+13 |
|   4   | 9.6680920606279144e-35 | 2.0089289403707927e+12 |
|   6   | 9.7538940644607762e-35 | 8.8892153681993618e+09 |
|   8   | 7.0670365171196238e-07 | 4.6414241737226897e-07 |
-----------------------------------------------------------

Scheme evaluation results:
Order: 8, No. cycles: 15
-----------------------------------------------------------
Vector a: -0.1626086047236865, -0.5824538562919968, 1.1520841084671136, -0.2543621946206484, -0.2385436770994360, -0.5363987859484463, 0.3247487370834872, 1.2975342731336130
Vector b: 1.1513611274549569, -2.6279394643572869, 1.4630317517732934, 0.8411364651609340, -1.3498608544022308, 0.8727735002033588, -1.9455710721002515, 2.5950685462672261
-----------------------------------------------------------
| Order |        Error^2         |       Efficiency       |
-----------------------------------------------------------
|   2   | 4.8148248609680896e-33 | 6.4051194700380391e+13 |
|   4   | 9.8746227446475440e-34 | 6.2860047879737012e+11 |
|   6   | 3.8157800182214009e-34 | 4.4942867767817497e+09 |
|   8   | 7.1037821361591213e-07 | 4.6294042999152990e-07 |
-----------------------------------------------------------

Scheme evaluation results:
Order: 8, No. cycles: 15
-----------------------------------------------------------
Vector a: -0.1275392736644510, 1.8066821032877791, -1.3529835743976188, -1.1769140299392258, 1.2278752019396670, -0.2817341797500625, -0.2143914590865527, 1.1190052116104647
Vector b: -1.9340782104179119, 3.6130778735069216, 0.0002863330686371, -2.7062534818638757, 0.3524254219854241, 2.1033249818939099, -2.6667933413940350, 2.2380104232209295
-----------------------------------------------------------
| Order |        Error^2         |       Efficiency       |
-----------------------------------------------------------
|   2   | 3.8641978774807024e-32 | 2.2609335743746066e+13 |
|   4   | 2.6895780944554267e-33 | 3.8088413584938110e+11 |
|   6   | 8.3109289895932216e-34 | 3.0452830123563433e+09 |
|   8   | 7.3236852952496322e-07 | 4.5593726584524668e-07 |
-----------------------------------------------------------

Scheme evaluation results:
Order: 8, No. cycles: 15
-----------------------------------------------------------
Vector a: -1.9350439336478502, 1.8075392573726903, 0.4534945233800893, -1.1778785714997759, 1.2286982984468324, -0.2812703173404235, -0.2146967483944317, 1.1191574916828695
Vector b: -1.9350957204307189, 0.0001035735657384, 3.6149749411796406, -2.7079858944194619, 0.3522287514199096, 2.1051678454737557, -2.6677084801546025, 2.2383149833657390
-----------------------------------------------------------
| Order |        Error^2         |       Efficiency       |
-----------------------------------------------------------
|   2   | 3.9000081373841526e-33 | 7.1167994111533766e+13 |
|   4   | 3.0683341292338760e-33 | 3.5660188817101300e+11 |
|   6   | 5.6418266184347046e-33 | 1.1688063917070975e+09 |
|   8   | 7.3503136013695442e-07 | 4.5511064445907482e-07 |
-----------------------------------------------------------

Scheme evaluation results:
Order: 8, No. cycles: 15
-----------------------------------------------------------
Vector a: -0.1276603737779948, 0.4584170677119661, -1.1755017695598000, 1.2275011347903870, -0.2860804423459524, -1.3376548345480581, 1.1213935390170362, 1.1195856787124161
Vector b: -1.9356980933334218, 3.6160754391108538, -2.6992413036869221, 0.3482377645673216, 2.1067645050134520, -2.6789253897053569, 0.0036157206092407, 2.2391713574248322
-----------------------------------------------------------
| Order |        Error^2         |       Efficiency       |
-----------------------------------------------------------
|   2   | 1.2518544638517033e-32 | 3.9722864673916984e+13 |
|   4   | 1.6187762092532492e-33 | 4.9095485293789575e+11 |
|   6   | 1.9125785555726765e-34 | 6.3480860434878559e+09 |
|   8   | 7.4216145236703430e-07 | 4.5291919924338037e-07 |
-----------------------------------------------------------

Scheme evaluation results:
Order: 8, No. cycles: 15
-----------------------------------------------------------
Vector a: -0.1387858480486663, -0.0502516725480435, 0.5201822247136870, -1.1923763029592356, 1.2284099230739385, -0.2963389855642484, -0.2113335601722161, 1.1404942215047844
Vector b: 1.7969454791334862, -3.8714626543643051, 3.7709593092682181, -2.7305948598408438, 0.3458422539223727, 2.1109775922255043, -2.7036555633540007, 2.2809884430095688
-----------------------------------------------------------
| Order |        Error^2         |       Efficiency       |
-----------------------------------------------------------
|   2   | 3.1567195494722038e-33 | 7.9104188925138250e+13 |
|   4   | 1.1772340824615045e-33 | 5.7570970455003101e+11 |
|   6   | 1.6416101360779703e-33 | 2.1667930463103852e+09 |
|   8   | 8.2488430557110356e-07 | 4.2960903586864900e-07 |
-----------------------------------------------------------

Scheme evaluation results:
Order: 8, No. cycles: 15
-----------------------------------------------------------
Vector a: 0.5894621282017717, -0.4825332704403610, -0.2530919509954964, -0.2307407986732467, 1.1174038206186925, -0.7832193361876315, -0.1991504382975423, 1.2418698457738140
Vector b: 1.5092471190548506, -1.8395699817061582, 0.8745034408254361, -1.3806873428164288, 0.9192057454699354, 1.3156018957674496, -2.8820405681427124, 2.4837396915476280
-----------------------------------------------------------
| Order |        Error^2         |       Efficiency       |
-----------------------------------------------------------
|   2   | 7.2342743536045547e-33 | 5.2254054560394547e+13 |
|   4   | 5.8765313586307797e-34 | 8.1484393011927332e+11 |
|   6   | 1.2340075954866846e-34 | 7.9030281568296537e+09 |
|   8   | 8.2551629195409631e-07 | 4.2944455756137455e-07 |
-----------------------------------------------------------

Scheme evaluation results:
Order: 8, No. cycles: 15
-----------------------------------------------------------
Vector a: -0.2546371966920287, -0.6785990451098487, 1.0983802021668128, -0.3759868970451848, -0.4569619128265377, -0.2415279134675261, 0.6297667195887071, 1.2795660433856062
Vector b: 1.0330956244739067, -2.5754656423318707, 1.2182675521121735, 0.9784928522214517, -1.7304666463118212, 0.8165428206587459, -1.2995986475937982, 2.5591320867712124
-----------------------------------------------------------
| Order |        Error^2         |       Efficiency       |
-----------------------------------------------------------
|   2   | 1.3962992096807460e-33 | 1.1894008260531328e+14 |
|   4   | 1.0005807914199311e-33 | 6.2446612308531006e+11 |
|   6   | 1.7951820265915508e-34 | 6.5523667820725279e+09 |
|   8   | 1.0896834734404326e-06 | 3.7378317217352324e-07 |
-----------------------------------------------------------

Scheme evaluation results:
Order: 8, No. cycles: 15
-----------------------------------------------------------
Vector a: -0.1300221155041488, 0.3778602551622008, -0.5545578486516058, 1.1928854536015252, -1.0222417202981948, -1.1866473042282508, 1.1606166036111194, 1.1621066763073546
Vector b: -2.0924101616856596, 3.9247760923630222, -3.1690555820386206, 2.0599398847354089, 0.3258310224676417, -2.3703144630640312, -0.0029801453924704, 2.3242133526147093
-----------------------------------------------------------
| Order |        Error^2         |       Efficiency       |
-----------------------------------------------------------
|   2   | 1.9259299443872359e-32 | 3.2025597350190195e+13 |
|   4   | 3.7780035787123074e-33 | 3.2136885192873834e+11 |
|   6   | 3.6315465334914508e-34 | 4.6068772318580685e+09 |
|   8   | 1.3456414969494109e-06 | 3.3636069551549764e-07 |
-----------------------------------------------------------

Scheme evaluation results:
Order: 8, No. cycles: 15
-----------------------------------------------------------
Vector a: 0.7708891880745029, -0.1198147955731300, -0.4275681951865431, 0.2902188224204104, -0.1388371522210238, -1.2985218533797322, 1.0991179146744543, 0.8245160711910614
Vector b: 1.6072035106827807, -1.6726286452165557, 1.4329990540702957, -2.2881354444433817, 2.8685730892842027, -3.1462473937262505, 0.5492036869667860, 1.6490321423821228
-----------------------------------------------------------
| Order |        Error^2         |       Efficiency       |
-----------------------------------------------------------
|   2   | 7.8240903990731457e-34 | 1.5889145869566794e+14 |
|   4   | 1.4557116329071815e-33 | 5.1772279546448187e+11 |
|   6   | 6.1979607609304078e-34 | 3.5263712690980215e+09 |
|   8   | 1.5685239495515974e-06 | 3.1154755724408571e-07 |
-----------------------------------------------------------

Scheme evaluation results:
Order: 8, No. cycles: 15
-----------------------------------------------------------
Vector a: -0.9505385418560848, -0.4801452432569576, -0.0384496021895159, 1.4768245886227522, -0.4646091905464396, -1.1128750250391968, 1.2416708183618443, 1.3281221959035980
Vector b: -1.4238530324603920, 0.9466289812086145, -1.9069194677225296, 1.8300202633434977, 1.1236289139020068, -2.0528472949948857, -0.1729027550835076, 2.6562443918071961
-----------------------------------------------------------
| Order |        Error^2         |       Efficiency       |
-----------------------------------------------------------
|   2   | 6.2592723192585165e-34 | 1.7764605134380678e+14 |
|   4   | 6.6952396640914865e-33 | 2.4140813444671423e+11 |
|   6   | 2.1546407632676768e-33 | 1.8913199765640984e+09 |
|   8   | 1.7598529376286331e-06 | 2.9412486363387981e-07 |
-----------------------------------------------------------

Scheme evaluation results:
Order: 8, No. cycles: 15
-----------------------------------------------------------
Vector a: -0.2910337593720114, -0.6093653274306865, 1.1000010045622444, -0.4814620370126769, -0.3323931001324906, -0.2574723067485156, 0.5448221003975435, 1.3269034257365930
Vector b: 1.0427924909105719, -2.6676525005651666, 1.4489218457037938, 0.7510801634206952, -1.7140042374460489, 1.0492180371810678, -1.5641626506780990, 2.6538068514731861
-----------------------------------------------------------
| Order |        Error^2         |       Efficiency       |
-----------------------------------------------------------
|   2   | 9.6296497219361793e-34 | 1.4322282539012481e+14 |
|   4   | 2.0776157354173438e-33 | 4.3336352067697595e+11 |
|   6   | 2.3896165767371418e-34 | 5.6792153175674267e+09 |
|   8   | 1.9464973566982559e-06 | 2.7966815569047293e-07 |
-----------------------------------------------------------

Scheme evaluation results:
Order: 8, No. cycles: 15
-----------------------------------------------------------
Vector a: -0.0977956593717338, 0.7597325632096967, -1.2903949428302735, 1.1747730000237402, -0.2648382751897870, -1.0790253024335981, 1.1689603223730198, 0.6285882942189357
Vector b: -1.9681371100375491, 3.7406829013316303, -2.2212177749122368, -0.3595721107483099, 2.7091181107957900, -3.2387946611753642, 1.0807440563081681, 1.2571765884378714
-----------------------------------------------------------
| Order |        Error^2         |       Efficiency       |
-----------------------------------------------------------
|   2   | 6.9959405229866342e-32 | 1.6803294056803174e+13 |
|   4   | 1.0362276576086170e-32 | 1.9404719706949600e+11 |
|   6   | 3.6043260569290803e-33 | 1.4623132323488815e+09 |
|   8   | 2.4329556836245010e-06 | 2.5015133698304026e-07 |
-----------------------------------------------------------

Scheme evaluation results:
Order: 8, No. cycles: 15
-----------------------------------------------------------
Vector a: 0.8960927757394395, -1.0566375435501012, 0.1060617474199883, 0.8481125750456386, -0.1410982094333638, -1.0034129568446704, -0.0980301151944267, 1.4489117268174956
Vector b: 0.5260523970632746, 0.7400807573523297, -2.8533558444525320, 3.0654793392925086, -1.3692541892012315, 1.0870577703345039, -3.0938836840238446, 2.8978234536349912
-----------------------------------------------------------
| Order |        Error^2         |       Efficiency       |
-----------------------------------------------------------
|   2   | 9.6296497219361793e-34 | 1.4322282539012481e+14 |
|   4   | 4.5609180811904755e-34 | 9.2492991873789172e+11 |
|   6   | 2.3245378976580398e-34 | 5.7581653281093044e+09 |
|   8   | 2.4828032178456704e-06 | 2.4762744562747899e-07 |
-----------------------------------------------------------

Scheme evaluation results:
Order: 8, No. cycles: 15
-----------------------------------------------------------
Vector a: -0.1293348606181944, 0.5065176056091844, -1.4282190762366280, 0.1673024606128020, 1.1826989579942240, -0.5250300228763902, -0.1521671672739147, 1.3782321027889168
Vector b: -2.0540442922690265, 3.8494188633016639, -2.8363836520832950, -0.0200545003899610, 0.3546594216155650, 2.0107384943728830, -3.0607985401256630, 2.7564642055778337
-----------------------------------------------------------
| Order |        Error^2         |       Efficiency       |
-----------------------------------------------------------
|   2   | 7.7037197775489434e-34 | 1.6012798675095097e+14 |
|   4   | 2.5473902977799628e-33 | 3.9136971731639404e+11 |
|   6   | 3.0291177321038992e-34 | 5.0442240566201029e+09 |
|   8   | 2.7122266919932592e-06 | 2.3692284262186554e-07 |
-----------------------------------------------------------

Scheme evaluation results:
Order: 8, No. cycles: 15
-----------------------------------------------------------
Vector a: -0.1291301542796479, 0.5053266200224313, -1.2497629036977231, 1.1727194927084932, 1.0039605308122397, -1.5304654125036912, -0.1511709068226864, 1.3785227337605843
Vector b: -2.0522068679756362, 3.8461534273919766, -2.8355001873471140, 0.3359743799516676, 2.0094646054653187, -0.0015435438408400, -3.0593872811665412, 2.7570454675211686
-----------------------------------------------------------
| Order |        Error^2         |       Efficiency       |
-----------------------------------------------------------
|   2   | 1.2325951644078309e-32 | 4.0031996687737742e+13 |
|   4   | 7.8019911052776866e-34 | 7.0718369407004419e+11 |
|   6   | 4.8578688754821538e-34 | 3.9831765056259351e+09 |
|   8   | 2.7439579123553309e-06 | 2.3554896738010106e-07 |
-----------------------------------------------------------

Scheme evaluation results:
Order: 8, No. cycles: 15
-----------------------------------------------------------
Vector a: -0.1304468609840877, 0.5076966221479250, -1.2247892799567377, 0.1664971364911493, 0.9768231114914625, -0.5207654741352810, -0.1534497941653789, 1.3784345391109483
Vector b: -2.0637256472294832, 3.8665575724907910, -2.8511643281949408, 0.4015857682814653, -0.0685914952991671, 2.0222377182820925, -3.0637686665526545, 2.7568690782218965
-----------------------------------------------------------
| Order |        Error^2         |       Efficiency       |
-----------------------------------------------------------
|   2   | 3.1296361596292583e-33 | 7.9445729347833969e+13 |
|   4   | 1.2552869073561044e-33 | 5.5752386751215295e+11 |
|   6   | 6.5172297618815118e-34 | 3.4389109470010839e+09 |
|   8   | 2.8622993631680251e-06 | 2.3062819529437964e-07 |
-----------------------------------------------------------

Scheme evaluation results:
Order: 8, No. cycles: 15
-----------------------------------------------------------
Vector a: -0.1354907922840899, 2.0592522944432661, -1.6678035174359385, -0.5851114145943946, 1.2285836316585232, -0.9547157835241652, -0.0227279604447420, 1.0780135421815407
Vector b: -2.1948772770124885, 4.1187729694567965, -0.0002683805702700, -3.3353386543016010, 2.1651158251128120, 0.2920514382042348, -2.2014830052525651, 2.1560270843630809
-----------------------------------------------------------
| Order |        Error^2         |       Efficiency       |
-----------------------------------------------------------
|   2   | 4.3574164991761211e-32 | 2.1291337544291961e+13 |
|   4   | 2.6906104723690364e-32 | 1.2042302979079077e+11 |
|   6   | 3.1602766799310203e-33 | 1.5616722472405307e+09 |
|   8   | 3.0013097902403660e-06 | 2.2522392106362468e-07 |
-----------------------------------------------------------

Scheme evaluation results:
Order: 8, No. cycles: 15
-----------------------------------------------------------
Vector a: -2.0378720229958636, -0.7672107591371604, 0.6362896718037292, 1.8910518204294491, 0.2653136440197121, -0.5475741458959829, 0.9829429146752874, 0.5770588771008294
Vector b: -1.3066515849942704, -1.4624408760031871, -0.0719806422711340, 1.3445599858785924, 2.4375436549803058, -1.9069163669408817, 0.8117680751489159, 1.1541177542016587
-----------------------------------------------------------
| Order |        Error^2         |       Efficiency       |
-----------------------------------------------------------
|   2   | 2.0530413207167934e-31 | 9.8088622755335625e+12 |
|   4   | 3.5025452855067175e-32 | 1.0554631720752849e+11 |
|   6   | 1.9604788001290953e-32 | 6.2700552897272885e+08 |
|   8   | 3.3119322087608121e-06 | 2.1440218559232913e-07 |
-----------------------------------------------------------

Scheme evaluation results:
Order: 8, No. cycles: 15
-----------------------------------------------------------
Vector a: -0.9948542073765443, 1.7259759186010084, -0.2487086032261532, -1.6594273106788640, 1.5138497426223496, 0.4708465471529561, -0.4592034720555780, 0.6515213849608253
Vector b: -1.3778330800718517, 0.7659577453906150, 2.6859940918114020, -3.1834112982637084, -0.1354433230940195, 3.1631428083387187, -2.2214497140328064, 1.3030427699216505
-----------------------------------------------------------
| Order |        Error^2         |       Efficiency       |
-----------------------------------------------------------
|   2   | 1.5070401814830121e-32 | 3.6203875767958008e+13 |
|   4   | 2.1539405836162350e-33 | 4.2561615520848151e+11 |
|   6   | 3.2038176312021903e-33 | 1.5510241219674540e+09 |
|   8   | 3.8191802654166137e-06 | 1.9965714139036483e-07 |
-----------------------------------------------------------

Scheme evaluation results:
Order: 8, No. cycles: 15
-----------------------------------------------------------
Vector a: -0.7856944268766962, 0.9931395101825790, 2.2223973633973872, 1.9557273581548837, -1.9567077297992355, -3.1212741337974910, 0.2638667259372399, 1.4285453328013327
Vector b: -1.5122761346826081, 1.4531634156118229, 0.5331156047533342, 3.9116791220414417, -0.0002244057316737, -3.9131910538667971, -2.3293572137281866, 2.8570906656026667
-----------------------------------------------------------
| Order |        Error^2         |       Efficiency       |
-----------------------------------------------------------
|   2   | 2.9457579981888869e-30 | 2.5895180890439722e+12 |
|   4   | 3.1293055165782590e-30 | 1.1166343432856510e+10 |
|   6   | 1.9273929483649392e-29 | 1.9997113555924606e+07 |
|   8   | 5.3341243841722923e-06 | 1.6894228281866695e-07 |
-----------------------------------------------------------

Scheme evaluation results:
Order: 8, No. cycles: 15
-----------------------------------------------------------
Vector a: -0.6841436702331042, 1.3677145998583828, -1.2403765329015315, 0.2569961696607541, 0.8695938379241459, -0.7924436134048639, 0.6442935016643038, 0.5783657074319130
Vector b: -1.8212657270923720, 2.2742441137185359, 0.4611850859982300, -2.9419381518012933, 3.4559304911228015, -1.7167428152745094, 0.1318555884647817, 1.1567314148638259
-----------------------------------------------------------
| Order |        Error^2         |       Efficiency       |
-----------------------------------------------------------
|   2   | 1.3782436164521157e-32 | 3.7857722811010391e+13 |
|   4   | 4.1036155138900810e-33 | 3.0835545251455103e+11 |
|   6   | 1.4520258906026859e-33 | 2.3039087044029970e+09 |
|   8   | 5.6741565862709172e-06 | 1.6380202607279437e-07 |
-----------------------------------------------------------

Scheme evaluation results:
Order: 8, No. cycles: 15
-----------------------------------------------------------
Vector a: -1.5319775117714771, 0.5910403153252877, 1.0146087262917995, 1.6406524248282630, -0.0047665384097766, -2.3775150786723027, 0.2831612271772844, 1.3847964352309214
Vector b: -1.4779481934243397, -0.1080586366942758, 1.2901392673448515, 0.7390781852387482, 2.5422266644177789, -2.5517597412373321, -2.2032704161072743, 2.7695928704618433
-----------------------------------------------------------
| Order |        Error^2         |       Efficiency       |
-----------------------------------------------------------
|   2   | 7.7037197775489434e-32 | 1.6012798675095098e+13 |
|   4   | 4.0134433422385033e-32 | 9.8599882083744583e+10 |
|   6   | 7.3431923402985617e-32 | 3.2397387745943362e+08 |
|   8   | 6.9588486954591117e-06 | 1.4791125794372759e-07 |
-----------------------------------------------------------

Scheme evaluation results:
Order: 8, No. cycles: 15
-----------------------------------------------------------
Vector a: -0.8519288586526376, -0.5784083645752064, -0.0312776740308122, 1.5604625604218110, -0.8431045092118209, -1.1704430353749304, 1.4446921132320587, 1.4700077681915378
Vector b: -1.5632378573264241, 1.4226179973475728, -2.5794347264979853, 2.5168793784363612, 0.6040457424072608, -2.2902547608309027, -0.0506313099189583, 2.9400155363830756
-----------------------------------------------------------
| Order |        Error^2         |       Efficiency       |
-----------------------------------------------------------
|   2   | 7.7229790769928158e-32 | 1.5992820128731277e+13 |
|   4   | 4.4361464088167946e-32 | 9.3784707505588348e+10 |
|   6   | 2.2398821238355403e-32 | 5.8659703544052196e+08 |
|   8   | 7.2774835052640422e-06 | 1.4463696916113814e-07 |
-----------------------------------------------------------

Scheme evaluation results:
Order: 8, No. cycles: 15
-----------------------------------------------------------
Vector a: -0.7828045086803528, -0.0244612981017580, 0.4454577291563067, -0.4287742580639605, 1.1422301052773729, -1.1217944501464634, 0.2238001057065433, 1.5463465748523118
Vector b: 1.0573668629197404, -3.6803427432001863, 3.6314201469966703, -2.7405046886840569, 1.8829561725561359, 0.4015040379986101, -2.6450929382915365, 3.0926931497046231
-----------------------------------------------------------
| Order |        Error^2         |       Efficiency       |
-----------------------------------------------------------
|   2   | 1.3096323621833204e-32 | 3.8836741352451539e+13 |
|   4   | 8.4579169530365231e-34 | 6.7920872398535840e+11 |
|   6   | 2.0836004997295604e-32 | 6.0819832424086189e+08 |
|   8   | 7.5722730749363312e-06 | 1.4179365385108340e-07 |
-----------------------------------------------------------

Scheme evaluation results:
Order: 8, No. cycles: 15
-----------------------------------------------------------
Vector a: -0.7186661730717664, 1.5482344470938210, -1.3819457618996196, 0.2530698097445202, 1.0713757589830335, -0.6354370265398152, 0.5314837156607291, 0.3318852300290975
Vector b: -1.9955049206552486, 2.5536774951669643, 0.5427913990206784, -3.3066829228199182, 3.8128225423089588, -1.6700710243428916, 0.3991969712632617, 0.6637704600581953
-----------------------------------------------------------
| Order |        Error^2         |       Efficiency       |
-----------------------------------------------------------
|   2   | 5.5851968387229840e-33 | 5.9470041302656641e+13 |
|   4   | 5.4495124645434444e-33 | 2.6758153368939151e+11 |
|   6   | 1.1473011146749512e-32 | 8.1962224692552054e+08 |
|   8   | 8.1086236985021473e-06 | 1.3702390948301123e-07 |
-----------------------------------------------------------

Scheme evaluation results:
Order: 8, No. cycles: 15
-----------------------------------------------------------
Vector a: -0.8470930405463755, -0.0662675328989527, 0.8121873440508124, -0.7086175347942543, 0.9634272312646196, -1.0534896909538567, 0.0760435144758468, 1.8238097094021601
Vector b: 1.0091300984898066, -3.7124462780723642, 3.5799112122744590, -1.9555365241728340, 0.5383014545843257, 1.3885530079449135, -3.4955323898526269, 3.6476194188043203
-----------------------------------------------------------
| Order |        Error^2         |       Efficiency       |
-----------------------------------------------------------
|   2   | 2.2340787354891936e-31 | 9.4030391530340957e+12 |
|   4   | 2.6508667144941471e-32 | 1.2132240694352039e+11 |
|   6   | 7.7979545004378658e-32 | 3.1438520307671624e+08 |
|   8   | 8.3390480002615169e-06 | 1.3511752786825322e-07 |
-----------------------------------------------------------

Scheme evaluation results:
Order: 8, No. cycles: 15
-----------------------------------------------------------
Vector a: -1.7816596015775845, 1.8508791448928230, 0.6527604002235898, -0.9226131047530232, 0.9921448380775143, -1.0973238593708694, -0.2543559660376396, 1.5601681485451897
Vector b: -1.7822206586282403, 0.0011221141013112, 3.7006361756843349, -2.3951153752371552, 0.5498891657311087, 1.4344005104239199, -3.6290482291656585, 3.1203362970903794
-----------------------------------------------------------
| Order |        Error^2         |       Efficiency       |
-----------------------------------------------------------
|   2   | 3.8518598887744717e-33 | 7.1611412695062406e+13 |
|   4   | 1.4177966503685840e-32 | 1.6589297319101971e+11 |
|   6   | 1.1286759296303000e-32 | 8.2635719732286191e+08 |
|   8   | 8.3819176798060954e-06 | 1.3477155271252250e-07 |
-----------------------------------------------------------

Scheme evaluation results:
Order: 8, No. cycles: 15
-----------------------------------------------------------
Vector a: -0.8290284968565500, -0.9405176038149148, -1.7291758096258427, 1.7194436613775383, 1.9638857442545525, -1.0123027416236294, 0.2858383781530610, 1.5418568681357849
Vector b: -1.6169603681495570, 1.5758637425860140, -3.4568989502158436, -0.0014526690358408, 3.4403399917909163, 0.4874314967181888, -2.5120369799654476, 3.0837137362715699
-----------------------------------------------------------
| Order |        Error^2         |       Efficiency       |
-----------------------------------------------------------
|   2   | 3.0814879110195774e-32 | 2.5318457763513523e+13 |
|   4   | 3.5582345654757935e-31 | 3.3114459947509426e+10 |
|   6   | 1.0385123608984137e-30 | 8.6148279938031614e+07 |
|   8   | 1.1053824087719426e-05 | 1.1735825763770186e-07 |
-----------------------------------------------------------

Scheme evaluation results:
Order: 8, No. cycles: 15
-----------------------------------------------------------
Vector a: 0.7658843097204061, -0.8249137330812123, 1.0170687155887270, 0.9004612930777484, -0.0440745721660696, -2.1314429750562529, -0.2668717142401558, 1.5838886761568094
Vector b: 1.9440134778058153, -2.3562583361708187, 0.7064308700083939, 1.3277065611690602, 0.4732160249864365, -0.5613651693185757, -3.7015207807939303, 3.1677773523136188
-----------------------------------------------------------
| Order |        Error^2         |       Efficiency       |
-----------------------------------------------------------
|   2   | 2.0029671421627253e-32 | 3.1403681889054848e+13 |
|   4   | 8.1304712466714667e-33 | 2.1906707252121945e+11 |
|   6   | 8.6920010072475885e-33 | 9.4165661515714562e+08 |
|   8   | 1.5209819169966842e-05 | 1.0004788270691465e-07 |
-----------------------------------------------------------

Scheme evaluation results:
Order: 8, No. cycles: 15
-----------------------------------------------------------
Vector a: -0.9228346510191427, 1.6177714603719167, -0.3054525801814535, -1.4041546672024048, 1.3178226890596767, 0.4390925765254968, -0.4589556054276518, 0.7167107778735627
Vector b: -1.7388402951371427, 1.6320112882359998, 1.6035316325078335, -2.2144367928707407, -0.5938725415340691, 3.2295179196534227, -2.3513327666024293, 1.4334215557471255
-----------------------------------------------------------
| Order |        Error^2         |       Efficiency       |
-----------------------------------------------------------
|   2   | 2.1787082495880606e-33 | 9.5217756161860531e+13 |
|   4   | 1.0932685209822685e-33 | 5.9740869884880127e+11 |
|   6   | 5.4313348678581682e-33 | 1.1912396921341834e+09 |
|   8   | 2.5288951338833234e-05 | 7.7589779413314624e-08 |
-----------------------------------------------------------

Scheme evaluation results:
Order: 8, No. cycles: 15
-----------------------------------------------------------
Vector a: -0.1459107527905293, 0.8490056049970702, -1.2241640262654356, 1.2936118195856710, -0.5915026793038753, -1.7672491700278443, 1.2925029308695024, 1.2937062729354409
Vector b: -2.3381490549806760, 4.3844766043802936, -2.6864653943861527, 0.2381373418552814, 2.3490862973160604, -3.5320916559238111, -0.0024066841318773, 2.5874125458708819
-----------------------------------------------------------
| Order |        Error^2         |       Efficiency       |
-----------------------------------------------------------
|   2   | 1.7410406697260612e-31 | 1.0651555235837240e+13 |
|   4   | 1.4106731546026009e-32 | 1.6631130176827286e+11 |
|   6   | 2.2608614174616038e-33 | 1.8463561376181471e+09 |
|   8   | 3.5466147620404171e-05 | 6.5518345043450870e-08 |
-----------------------------------------------------------

Scheme evaluation results:
Order: 8, No. cycles: 15
-----------------------------------------------------------
Vector a: -0.6782546775592811, 0.9797423672634478, 0.3075627652573443, -1.1256133468224545, 1.2796402765364800, -1.0557890510409429, -0.2969664484159496, 1.5896781147813561
Vector b: 0.2239638316371870, -1.8044370183929364, 3.7639217529198317, -3.1487962224051431, 0.8975695287602341, 1.6617110243127258, -3.7732891263946113, 3.1793562295627122
-----------------------------------------------------------
| Order |        Error^2         |       Efficiency       |
-----------------------------------------------------------
|   2   | 2.7925984193614920e-32 | 2.6595810995492078e+13 |
|   4   | 1.2770946785525595e-32 | 1.7479275040476251e+11 |
|   6   | 1.1466176858737803e-32 | 8.1986647393033504e+08 |
|   8   | 4.8965020105249967e-05 | 5.5760538464095450e-08 |
-----------------------------------------------------------

Scheme evaluation results:
Order: 8, No. cycles: 15
-----------------------------------------------------------
Vector a: 0.8059936122262332, -0.9254116872620864, 0.6752360030664845, 0.1818680776778033, -0.5578923230103394, -0.7627273478602571, -0.1580273895397629, 1.7409610547019247
Vector b: 0.5306198054852308, 0.5507476134820048, -2.4015709880061777, 3.7520429941391464, -3.3883068387835400, 2.2725221927628612, -3.7979768884833751, 3.4819221094038495
-----------------------------------------------------------
| Order |        Error^2         |       Efficiency       |
-----------------------------------------------------------
|   2   | 6.4133467148094954e-32 | 1.7549919240734672e+13 |
|   4   | 1.8357836336113763e-32 | 1.4578881868507654e+11 |
|   6   | 8.4254624522762665e-33 | 9.5643524555323660e+08 |
|   8   | 7.4369567304550239e-05 | 4.5245177905100079e-08 |
-----------------------------------------------------------

Scheme evaluation results:
Order: 8, No. cycles: 15
-----------------------------------------------------------
Vector a: -0.7043448216860454, 0.9549654425465902, 0.3733611506063388, -1.1984108786556986, 1.3433521358620315, -1.0094831833442237, -0.3617675632759131, 1.6023277179469204
Vector b: 0.3012018030128235, -2.0110932493977378, 3.9210241344909180, -3.1743018332782404, 0.7774800759668435, 1.9092241957572194, -3.9281905624456668, 3.2046554358938408
-----------------------------------------------------------
| Order |        Error^2         |       Efficiency       |
-----------------------------------------------------------
|   2   | 1.3096323621833204e-32 | 3.8836741352451539e+13 |
|   4   | 6.5442121498978390e-33 | 2.4417785755484445e+11 |
|   6   | 7.2405309115248341e-33 | 1.0317328051798141e+09 |
|   8   | 8.0629441259628205e-05 | 4.3453333868454704e-08 |
-----------------------------------------------------------

Scheme evaluation results:
Order: 8, No. cycles: 15
-----------------------------------------------------------
Vector a: -1.7815614274084730, 0.1176573967050400, 1.7750262796371707, 1.5203900862310149, -1.8275791261925911, -1.0717469039963716, 1.3449669359442993, 0.9228467590799111
Vector b: -1.9782946760391884, 0.3934664972614303, -0.1581517038513503, 3.7082042631256922, -0.6674240906636623, -2.9877341617215203, 0.8442403537287767, 1.8456935181598220
-----------------------------------------------------------
| Order |        Error^2         |       Efficiency       |
-----------------------------------------------------------
|   2   | 7.7353170656990465e-32 | 1.5980060601402477e+13 |
|   4   | 3.4788661273037533e-32 | 1.0590491242723074e+11 |
|   6   | 5.6844207852369237e-32 | 3.6822166401336247e+08 |
|   8   | 1.9171681192808448e-04 | 2.8179924701999933e-08 |
-----------------------------------------------------------

Scheme evaluation results:
Order: 8, No. cycles: 15
-----------------------------------------------------------
Vector a: -0.1887649130986245, 0.6358623942504371, -0.1450911408985519, -0.1299706943824608, -0.8538517588191691, 0.1073599773266477, 0.2196667901905343, 1.3547893454311872
Vector b: -2.9360820452516223, 5.4946342643059953, -4.2229094758051211, 3.9327271940080180, -4.1926685827729395, 2.4849650651346011, -2.2702451104813055, 2.7095786908623745
-----------------------------------------------------------
| Order |        Error^2         |       Efficiency       |
-----------------------------------------------------------
|   2   | 8.1370540150360715e-33 | 4.9270149769523375e+13 |
|   4   | 4.2058717674681118e-33 | 3.0458390480628241e+11 |
|   6   | 2.0028296506496524e-32 | 6.2034093393455338e+08 |
|   8   | 7.2167720163844910e-04 | 1.4524407820345307e-08 |
-----------------------------------------------------------

Scheme evaluation results:
Order: 8, No. cycles: 15
-----------------------------------------------------------
Vector a: -0.1879198564077390, 2.8612614122723983, -2.3201374619630539, -0.8273393156022858, 0.0046566185741250, -1.4800226648676620, 1.4783492623447141, 1.4711520056495033
Vector b: -3.0501028749039079, 5.7243660369923379, -0.0018432124475379, -4.6384317114785727, 2.9837530802740000, -2.9744398431257495, 0.0143945133904246, 2.9423040112990062
-----------------------------------------------------------
| Order |        Error^2         |       Efficiency       |
-----------------------------------------------------------
|   2   | 3.8831562503707643e-31 | 7.1322252214420635e+12 |
|   4   | 6.1829484114551061e-31 | 2.5121013235307514e+10 |
|   6   | 1.3227628080213049e-30 | 7.6332846529167458e+07 |
|   8   | 1.0669283953896663e-03 | 1.1945443836469226e-08 |
-----------------------------------------------------------

