Scheme evaluation results:
Order: 4, No. cycles: 5
-----------------------------------------------------------
Vector a: -0.1105869239931797, 0.9254207953720970, 0.1851661286210827
Vector b: 0.8270632594653708, -0.3352814892944415, 0.5082182298290707
-----------------------------------------------------------
| Order |        Error^2         |       Efficiency       |
-----------------------------------------------------------
|   2   | 1.5046327690525280e-35 | 1.0312043428088988e+16 |
|   4   | 2.3111216354387720e-08 | 1.0524672268108381e+01 |
|   6   | 4.8273614223539677e-10 | 2.9128965841460448e+00 |
|   8   | 5.2053775928317019e-11 | 3.5482470157363571e-01 |
-----------------------------------------------------------

Scheme evaluation results:
Order: 4, No. cycles: 5
-----------------------------------------------------------
Vector a: 0.9343344391823708, -0.1375327362743700, 0.2031982970919992
Vector b: 0.3756097410605864, -0.2649762754977301, 0.8893665344371438
-----------------------------------------------------------
| Order |        Error^2         |       Efficiency       |
-----------------------------------------------------------
|   2   | 1.5046327690525280e-35 | 1.0312043428088988e+16 |
|   4   | 4.0729293657665951e-08 | 7.9280529749696935e+00 |
|   6   | 4.3834033606403510e-10 | 3.0568508973520934e+00 |
|   8   | 1.9413816010549454e-11 | 5.8101120851359078e-01 |
-----------------------------------------------------------

Scheme evaluation results:
Order: 4, No. cycles: 5
-----------------------------------------------------------
Vector a: -0.0347049333873418, 0.8280396312276679, 0.2066653021596739
Vector b: -1.3061033666493445, 1.7798877115545673, 0.5262156550947771
-----------------------------------------------------------
| Order |        Error^2         |       Efficiency       |
-----------------------------------------------------------
|   2   | 1.5046327690525280e-35 | 1.0312043428088988e+16 |
|   4   | 8.4451086096998415e-08 | 5.5057610999332534e+00 |
|   6   | 2.2149573883445321e-09 | 1.3598696656795519e+00 |
|   8   | 1.2465214079658734e-10 | 2.2929262937730102e-01 |
-----------------------------------------------------------

Scheme evaluation results:
Order: 4, No. cycles: 5
-----------------------------------------------------------
Vector a: 0.7019053985186402, -0.2894130444417261, 0.5875076459230859
Vector b: 0.4126604722798265, 0.7236656478780732, -0.1363261201578997
-----------------------------------------------------------
| Order |        Error^2         |       Efficiency       |
-----------------------------------------------------------
|   2   | 4.8148248609680896e-34 | 1.8229289589729735e+15 |
|   4   | 1.0787020401954253e-07 | 4.8715731996482541e+00 |
|   6   | 9.3360002774643564e-10 | 2.0945925090046655e+00 |
|   8   | 1.2983509512409070e-10 | 2.2466939461674540e-01 |
-----------------------------------------------------------

Scheme evaluation results:
Order: 4, No. cycles: 5
-----------------------------------------------------------
Vector a: -0.7139693095181692, 0.9848032706773822, 0.7291660388407870
Vector b: -1.0615843218209036, 0.4173086954114602, 1.6442756264094434
-----------------------------------------------------------
| Order |        Error^2         |       Efficiency       |
-----------------------------------------------------------
|   2   | 4.8148248609680896e-34 | 1.8229289589729735e+15 |
|   4   | 1.1103502994523090e-06 | 1.5184132178164640e+00 |
|   6   | 2.3970652384069542e-06 | 4.1337103954155512e-02 |
|   8   | 4.1896862331315124e-07 | 3.9550248396569227e-03 |
-----------------------------------------------------------

Scheme evaluation results:
Order: 4, No. cycles: 5
-----------------------------------------------------------
Vector a: 0.2441030315691856, -0.6946517962537980, 1.4505487646846125
Vector b: 2.4070058653165449, -4.3159920147039008, 2.9089861493873563
-----------------------------------------------------------
| Order |        Error^2         |       Efficiency       |
-----------------------------------------------------------
|   2   | 7.7470532012976562e-32 | 1.4371156609368856e+14 |
|   4   | 1.6371271018775032e-06 | 1.2504858552183524e+00 |
|   6   | 7.5126252691388258e-04 | 2.3349850840754072e-03 |
|   8   | 6.3760560973544276e-04 | 1.0138271110049942e-04 |
-----------------------------------------------------------

Scheme evaluation results:
Order: 4, No. cycles: 5
-----------------------------------------------------------
Vector a: -0.2434723153831273, 0.8289815435887510, 0.4144907717943759
Vector b: -0.6579630871775028, 0.8289815435887510, 0.8289815435887510
-----------------------------------------------------------
| Order |        Error^2         |       Efficiency       |
-----------------------------------------------------------
|   2   | 3.4907480242018650e-34 | 2.1409214868956390e+15 |
|   4   | 2.1302751966951366e-06 | 1.0962311213019720e+00 |
|   6   | 3.2288982091969778e-08 | 3.5616627723179534e-01 |
|   8   | 6.6709867754947997e-09 | 3.1343314862479599e-02 |
-----------------------------------------------------------

Scheme evaluation results:
Order: 4, No. cycles: 5
-----------------------------------------------------------
Vector a: 0.8453713271013223, 2.0397376356207051, -1.8851089627220277
Vector b: 0.3692376757232346, 0.6461966191356820, -0.0154342948589166
-----------------------------------------------------------
| Order |        Error^2         |       Efficiency       |
-----------------------------------------------------------
|   2   | 3.8518598887744717e-33 | 6.4450271425556175e+14 |
|   4   | 1.2618747503419233e-05 | 4.5041397558219559e-01 |
|   6   | 3.2732755295280421e-08 | 3.5374368212631818e-01 |
|   8   | 7.4412634669827904e-09 | 2.9676769568788071e-02 |
-----------------------------------------------------------

Scheme evaluation results:
Order: 4, No. cycles: 5
-----------------------------------------------------------
Vector a: -0.4074208651101125, -1.2443072641216346, 2.6517281292317469
Vector b: 1.9196364367357899, -1.1093104434606329, 0.1896740067248432
-----------------------------------------------------------
| Order |        Error^2         |       Efficiency       |
-----------------------------------------------------------
|   2   | 2.4651903288156619e-32 | 2.5476206690103091e+14 |
|   4   | 3.3628603342179440e-04 | 8.7250026459588501e-02 |
|   6   | 1.6814136743669067e-05 | 1.5607835763115420e-02 |
|   8   | 3.0049920073580895e-06 | 1.4767885099849852e-03 |
-----------------------------------------------------------

Scheme evaluation results:
Order: 4, No. cycles: 5
-----------------------------------------------------------
Vector a: 0.9214774351836532, -1.1547107031319315, 1.2332332679482783
Vector b: -2.8525387840404384, 0.1557320956505381, 3.6968066883899002
-----------------------------------------------------------
| Order |        Error^2         |       Efficiency       |
-----------------------------------------------------------
|   2   | 5.1157514147785952e-33 | 5.5924907547530212e+14 |
|   4   | 5.9048799377434884e-04 | 6.5843733253314052e-02 |
|   6   | 1.9280016020544553e-04 | 4.6092077003357414e-03 |
|   8   | 1.6775888559630416e-04 | 1.9765017311532053e-04 |
-----------------------------------------------------------

Scheme evaluation results:
Order: 4, No. cycles: 5
-----------------------------------------------------------
Vector a: -0.5079391221719947, -0.1129799480498615, 1.6209190702218561
Vector b: -1.0510996124954173, 3.5867537571076094, -1.5356541446121919
-----------------------------------------------------------
| Order |        Error^2         |       Efficiency       |
-----------------------------------------------------------
|   2   | 9.6296497219361793e-34 | 1.2890054285111235e+15 |
|   4   | 9.3361147575382500e-04 | 5.2364491673685565e-02 |
|   6   | 4.9320757103580880e-05 | 9.1130784025289339e-03 |
|   8   | 1.6445444786541148e-05 | 6.3127291086954743e-04 |
-----------------------------------------------------------

Scheme evaluation results:
Order: 4, No. cycles: 5
-----------------------------------------------------------
Vector a: -2.3777930078226341, 1.7889388052768018, 1.5888542025458323
Vector b: 1.8871152978730754, 0.1207691282018652, -1.0078844260749404
-----------------------------------------------------------
| Order |        Error^2         |       Efficiency       |
-----------------------------------------------------------
|   2   | 3.0814879110195774e-33 | 7.2057594037927938e+14 |
|   4   | 1.3925688178390903e-03 | 4.2875742055880212e-02 |
|   6   | 2.2836813588012844e-04 | 4.2350858710412109e-03 |
|   8   | 1.9463419958151946e-05 | 5.8027036143230750e-04 |
-----------------------------------------------------------

Scheme evaluation results:
Order: 4, No. cycles: 5
-----------------------------------------------------------
Vector a: -0.1709980333745715, -0.1674226970694955, 1.3384207304440670
Vector b: -1.0699346410935904, -1.1287207880857215, 3.1986554291793121
-----------------------------------------------------------
| Order |        Error^2         |       Efficiency       |
-----------------------------------------------------------
|   2   | 8.1852022636457524e-34 | 1.3981226886882552e+15 |
|   4   | 1.4206942426368628e-03 | 4.2449215882613245e-02 |
|   6   | 1.9618561988346740e-04 | 4.5692654443695701e-03 |
|   8   | 2.6061398985266087e-05 | 5.0146554979985894e-04 |
-----------------------------------------------------------

