Scheme evaluation results:
Order: 8, No. cycles: 17
-------------------------------------------------------------------
Vector a: -0.42334120276916581416, 0.33956742425928942986, -0.27591343484717134604, 0.13670466204351847117, 0.71772957438259221696, 0.36284144099356607782, -0.14847429664718647668, -0.03444758977608927686, 0.32533342236064677344
Vector b: -0.60933187504056940398, 0.37198134454280712413, 0.30715350397577168007, -0.85898037367011437215, 1.13238969775715125898, 0.30306945100803306392, 0.42261343097909909172, -0.71956202427347204509, 0.65066684472129354688
-------------------------------------------------------------------
| Order |          Error^2           |         Efficiency         |
-------------------------------------------------------------------
|   2   | 1.03314933177740113005e-40 | 3.40424342767419648000e+17 |
|   4   | 4.27396031619069206632e-44 | 5.79147347724584720000e+16 |
|   6   | 3.00394163979029942426e-45 | 7.55893700881311500000e+14 |
|   8   | 1.35839782038493227586e-12 | 1.22997176209790833089e-04 |
-------------------------------------------------------------------

Scheme evaluation results:
Order: 8, No. cycles: 17
-------------------------------------------------------------------
Vector a: -0.43943438286695635231, 0.36163786959407057120, -0.29854252364661632013, 0.14319718853039120621, 1.02998960861169330805, -0.01783433066424177510, -0.24489305829964447270, 0.33469778448626624767, 0.13118184425503751078
Vector b: -0.64339702389297248608, 0.40792528205203237857, 0.31535045713610881934, -0.91243550442934151512, 1.19882988149012392753, 0.86114933573326291061, -0.89681799706174636366, 0.40703188046245747378, 0.26236368851007502156
-------------------------------------------------------------------
| Order |          Error^2           |         Efficiency         |
-------------------------------------------------------------------
|   2   | 3.58732406867153170156e-40 | 1.82690873189673408000e+17 |
|   4   | 1.71356906898420052507e-42 | 9.14646985476173000000e+15 |
|   6   | 1.68855117877726570580e-44 | 3.18822789720438187500e+14 |
|   8   | 3.37372419825847531285e-12 | 7.80465735048724214848e-05 |
-------------------------------------------------------------------

Scheme evaluation results:
Order: 8, No. cycles: 17
-------------------------------------------------------------------
Vector a: -0.45265789636043202160, 0.36582900905183890483, -0.29847929929800376403, 0.14021923560776453077, 0.80843298350135461838, 0.32765940312124447464, -0.47163531371647643420, -0.01086696399563813649, 0.59149884208834779820
Vector b: -0.64568136757041960649, 0.38604694241997511428, 0.34561107568370269538, -0.94256967427971016793, 1.22300814549523928498, 0.39385782150746995178, 0.26146098473501899750, -1.20473161216797186590, 1.18299768417669559639
-------------------------------------------------------------------
| Order |          Error^2           |         Efficiency         |
-------------------------------------------------------------------
|   2   | 1.95150429335731324565e-40 | 2.47695092252036928000e+17 |
|   4   | 4.84849268656386706540e-43 | 1.71949509800013280000e+16 |
|   6   | 1.13260222070159653198e-44 | 3.89285087480810375000e+14 |
|   8   | 1.19633687880000418393e-11 | 4.14459294720026809235e-05 |
-------------------------------------------------------------------

Scheme evaluation results:
Order: 8, No. cycles: 17
-------------------------------------------------------------------
Vector a: -0.30057802949217904409, 0.59722706390758839579, 0.41134463525747161361, -0.24458217290309042236, -0.21333893959229704995, -0.25977865923798143521, 0.15035810272045377345, 0.72270588101589505747, 0.13664211832413913905
Vector b: -0.63114422556482308035, 0.66113239214528818355, 0.53332173566988860802, 0.28936753484505467471, -0.77853188065123546391, 0.35185400146664141952, -0.87141131994260423443, 1.17212752538351172582, 0.27328423664827827810
-------------------------------------------------------------------
| Order |          Error^2           |         Efficiency         |
-------------------------------------------------------------------
|   2   | 1.43492962746861268063e-42 | 2.88859633502179276800e+18 |
|   4   | 2.87091022878546897405e-43 | 2.23457280044279400000e+16 |
|   6   | 3.56872087791517119405e-45 | 6.93505933127901500000e+14 |
|   8   | 2.02298295917377963328e-11 | 3.18722348425492724221e-05 |
-------------------------------------------------------------------
