Scheme evaluation results:
Order: 6, No. cycles: 13
---------------------------------------------------------------------------------------------------
Vector a: -0.024392353172790225181162185159965940, 0.364752391457664014912837942565740093, 0.576955812894337237815757117524483282, 0.048167109269771557960366495752571639, -0.243963544732765737400589370376526099, 0.210786956259402790544002848554665835, 0.067693628024380361348787151139031213
Vector b: -0.456370717293627768051303874485006911, 0.623653092181131567428408570945260702, 0.360048970404401196145075149049091483, -0.180868709448410482149205256625739325, 0.102664312532242753693457217753831128, 0.375978016811807037504116497059271694, 0.174895034812455695429451696303291228
---------------------------------------------------------------------------------------------------
Highest efficiency at 13 cycles - Ever so slightly more efficient than the one at 12 cycles, with
a better uniformity. A good choice in general and especially in global groupings.
---------------------------------------------------------------------------------------------------
| Order |                  Error^2                   |                 Efficiency                 |
---------------------------------------------------------------------------------------------------
|   2   | 1.131959884853339045938639911360973973e-71 | 1.758724352763831845864569497040941250e+33 |
|   4   | 9.872867892183969095741677449553416790e-74 | 1.114307177387275818978961692364411406e+32 |
|   6   | 8.606164271800589677582484346597805669e-14 | 7.062119635052982530984376315511007956e-01 |
|   8   | 1.026855537929479690257528591953399593e-14 | 1.209758011119339058733230297565203541e-02 |
---------------------------------------------------------------------------------------------------
Distance from the origin: x = 0.907849933447774
---------------------------------------------------------------------------------------------------

Scheme evaluation results:
Order: 6, No. cycles: 13
---------------------------------------------------------------------------------------------------
Vector a: 0.402725017650975626751066776350001052, -0.139296684465996520557620903529570834, -0.300749729772747938856389896419788757, 0.655689911307471991153493027862316733, -0.077617283888046858810950932971601210, 0.363793458435405379223064624513726376, 0.095455310732938321097337304194916723
Vector b: 0.200391770552152807659996430877651552, 0.429930617391657328435595268321502209, -0.166426972072093802482130072240967711, 0.020648376706688460781311834700349398, -0.185139740657464997658505011008087876, 0.432322244218541333259919930586407348, 0.268273703860518870003811618763145114
---------------------------------------------------------------------------------------------------
The middle ground between good uniformity and efficiency - A compromise between the two regimes
which make it a good general scheme.
---------------------------------------------------------------------------------------------------
| Order |                  Error^2                   |                 Efficiency                 |
---------------------------------------------------------------------------------------------------
|   2   | 5.659799424266695229693199556804869863e-73 | 7.865254412928496289371639409942867000e+33 |
|   4   | 6.515125557963249025391463845296621436e-74 | 1.371719131725099817494733943961700938e+32 |
|   6   | 1.566791726147126091928844719073239412e-12 | 1.655138159090765718978407914166686506e-01 |
|   8   | 3.363135745019198481545112334178484860e-13 | 2.113883179781471757335135824065318721e-03 |
---------------------------------------------------------------------------------------------------
Distance from the origin: x = 0.7098162411899387
---------------------------------------------------------------------------------------------------

Scheme evaluation results:
Order: 6, No. cycles: 13
---------------------------------------------------------------------------------------------------
Vector a: 0.589749804967871100744182119228578473, -0.261773842127223260620719441846982451, -0.136650642550588931978548588961030183, -0.137786939791403069890227544724460658, 0.408724250642412872127465466909882012, 0.345440499272285190089207787564106876, 0.192296869586646099528640201829905883
Vector b: 0.456996297862566550634494920184835574, 0.268371606902423786875818153893971705, -0.772833224055773702592097362903406663, -0.110297902783640356458263774095790807, 0.399316426294757486617763839839315386, 0.384732460641923443708402408458417425, 0.373714335137742791213881814622657320
---------------------------------------------------------------------------------------------------
Smallest distance from the origin point - Slightly larger than the one at 12 cycles, but also a
good choice for local groupings.
---------------------------------------------------------------------------------------------------
| Order |                  Error^2                   |                 Efficiency                 |
---------------------------------------------------------------------------------------------------
|   2   | 1.811135815765342473501823858177558356e-71 | 1.390393682784789383465662978906394750e+33 |
|   4   | 9.340879909190151306817878174804912176e-74 | 1.145599186225361316613074470269329844e+32 |
|   6   | 1.483326683955358027557601219506296008e-10 | 1.701067242520301631683578500360052205e-02 |
|   8   | 3.560519611461681508889023935861224261e-11 | 2.054454325203539469252159584777405793e-04 |
---------------------------------------------------------------------------------------------------
Distance from the origin: x = 0.6600011835392675
---------------------------------------------------------------------------------------------------
