Scheme evaluation results:
Order: 8, No. cycles: 16
-----------------------------------------------------------
Vector a: 0.8626649256529041, -0.0480833237776503, -1.6465516407504830, 0.1126019269510938, 0.2165953560310314, -0.3462259159566499, 0.6090932135044519, 0.7817073127832064, 0.4581981455620956
Vector b: 1.7253298513058082, -1.8214964988611089, -1.4716067826398571, 1.6968106365420450, -1.2636199244799822, 0.5711680925666824, 0.6470183344422215, 0.9163962911241913
-----------------------------------------------------------
| Order |        Error^2         |       Efficiency       |
-----------------------------------------------------------
|   2   | 3.9000081373841526e-33 | 6.2549994824590219e+13 |
|   4   | 2.6628473529177279e-34 | 9.3507605023922437e+11 |
|   6   | 5.3053314652371137e-35 | 8.1832127572923317e+09 |
|   8   | 3.7360456684181532e-09 | 3.8092024115870081e-06 |
-----------------------------------------------------------

Scheme evaluation results:
Order: 8, No. cycles: 16
-----------------------------------------------------------
Vector a: 0.2850923853505445, -0.3409167607098788, -0.1779476910618041, -0.2843769219002505, 0.1251564293776126, 1.1867217239692087, -0.5769186761610575, -0.0614280413590793, 0.8446175524947044
Vector b: 0.5701847707010891, -1.2520182921208467, 0.8961229099972386, -1.4648767537977396, 1.7151896125529651, 0.6582538353854522, -1.8120911877075672, 1.6892351049894088
-----------------------------------------------------------
| Order |        Error^2         |       Efficiency       |
-----------------------------------------------------------
|   2   | 2.6782463289134999e-34 | 2.3869030287050794e+14 |
|   4   | 1.6739039555709374e-35 | 3.7295359823516865e+12 |
|   6   | 1.8744263309530230e-36 | 4.3535738505081444e+10 |
|   8   | 6.2752322717048689e-09 | 2.9391735860236660e-06 |
-----------------------------------------------------------

Scheme evaluation results:
Order: 8, No. cycles: 16
-----------------------------------------------------------
Vector a: 0.3596977845129019, -0.2336128233353419, -0.2917988578235158, -0.4131015388249001, 0.1405385662972563, 1.2294717347519231, -0.5133763782510224, -0.0827573725916811, 0.8049388852643802
Vector b: 0.7193955690258037, -1.1866212156964875, 0.6030235000494559, -1.4292265776992561, 1.7103037102937686, 0.7486397592100775, -1.7753925157121224, 1.6098777705287604
-----------------------------------------------------------
| Order |        Error^2         |       Efficiency       |
-----------------------------------------------------------
|   2   | 2.6782463289134999e-34 | 2.3869030287050794e+14 |
|   4   | 6.5122387035554728e-35 | 1.8908405781024829e+12 |
|   6   | 2.8824643942497234e-36 | 3.5107356421070869e+10 |
|   8   | 9.4410455090641521e-09 | 2.3962387845931315e-06 |
-----------------------------------------------------------

Scheme evaluation results:
Order: 8, No. cycles: 16
-----------------------------------------------------------
Vector a: 0.9143811880893442, 0.0358468318682847, -1.4860918546703563, -0.3093282857011980, 0.5830872392947400, 1.3420663231998469, -0.0107224373651093, -0.5685848693669335, 0.4993458646513814
Vector b: 1.8287623761786886, -1.7570687124421194, -1.2151149968985937, 0.5964584254961978, 0.5697160530932824, 2.1144165933064119, -2.1358614680366306, 0.9986917293027627
-----------------------------------------------------------
| Order |        Error^2         |       Efficiency       |
-----------------------------------------------------------
|   2   | 3.9481563859938335e-33 | 6.2167422460079258e+13 |
|   4   | 3.3670860184953603e-34 | 8.3155879966786365e+11 |
|   6   | 1.4808038987941918e-33 | 1.5489283526565769e+09 |
|   8   | 1.3899737901673816e-08 | 1.9748623634596338e-06 |
-----------------------------------------------------------

Scheme evaluation results:
Order: 8, No. cycles: 16
-----------------------------------------------------------
Vector a: 0.9337912369595452, -0.0489421765386947, -1.7872255782736197, 0.1113604956700792, 0.2366625154850316, -0.2989584016800892, 0.6045782656977092, 0.7365400825487048, 0.5121935601313334
Vector b: 1.8675824739190907, -1.9654668269964801, -1.6089843295507593, 1.8317053208909178, -1.3583802899208546, 0.7604634865606760, 0.4486930448347426, 1.0243871202626669
-----------------------------------------------------------
| Order |        Error^2         |       Efficiency       |
-----------------------------------------------------------
|   2   | 1.0712985315653999e-33 | 1.1934515143525397e+14 |
|   4   | 3.3747267317757052e-34 | 8.3061690076787952e+11 |
|   6   | 7.4720239757270183e-35 | 6.8954239930207253e+09 |
|   8   | 1.8425158097920300e-08 | 1.7152780387368080e-06 |
-----------------------------------------------------------

Scheme evaluation results:
Order: 8, No. cycles: 16
-----------------------------------------------------------
Vector a: 0.2812099277055877, -0.5510765166847089, -0.5406872230874297, 1.1686548286935432, -0.2282790118180315, -0.5594184831256097, -0.1108260182474093, 0.4418401711167755, 1.0985823254472828
Vector b: 0.5624198554111753, -1.6645728887805931, 0.5831984426057337, 1.7541112147813525, -2.2106692384174154, 1.0918322721661959, -1.3134843086610144, 2.1971646508945657
-----------------------------------------------------------
| Order |        Error^2         |       Efficiency       |
-----------------------------------------------------------
|   2   | 2.2419028258882667e-33 | 8.2499561934268453e+13 |
|   4   | 5.8833492258655490e-35 | 1.9893342290922808e+12 |
|   6   | 1.6798469318625428e-35 | 1.4542706818639320e+10 |
|   8   | 8.4140437346518447e-08 | 8.0267133960074707e-07 |
-----------------------------------------------------------

Scheme evaluation results:
Order: 8, No. cycles: 16
-----------------------------------------------------------
Vector a: 0.5951077212430966, -0.5123337999488259, -1.0409397964537181, 0.7755913988579514, -0.2542464427802410, 0.4042106998097906, -0.0334717716936736, -0.1674682987189162, 1.2335502896845361
Vector b: 1.1902154424861933, -2.2148830423838448, 0.1330034494764088, 1.4181793482394940, -1.9266722337999762, 2.7350936334195572, -2.8020371768069046, 2.4671005793690721
-----------------------------------------------------------
| Order |        Error^2         |       Efficiency       |
-----------------------------------------------------------
|   2   | 2.2268564981977415e-33 | 8.2777807452475312e+13 |
|   4   | 2.5748028260411386e-34 | 9.5092897537383789e+11 |
|   6   | 1.0123012966170948e-34 | 5.9241385572625751e+09 |
|   8   | 1.1760724151212185e-07 | 6.7892704157863311e-07 |
-----------------------------------------------------------

Scheme evaluation results:
Order: 8, No. cycles: 16
-----------------------------------------------------------
Vector a: 0.5948150722312915, -0.5222011147560686, -0.9063922654005389, 0.5565829583862159, -0.3117819139181914, 1.8677820920152881, -0.0000340812277022, -1.4021639356454370, 1.1233931883151425
Vector b: 1.1896301444625836, -2.2340323739747210, 0.4212478431736403, 0.6919180735987932, -1.3154819014351768, 5.0510460854657833, -5.0511142479211877, 2.2467863766302854
-----------------------------------------------------------
| Order |        Error^2         |       Efficiency       |
-----------------------------------------------------------
|   2   | 1.3636787712476872e-31 | 1.0578010524990256e+13 |
|   4   | 2.6969400098631153e-31 | 2.9382207826696815e+10 |
|   6   | 5.7690105590407289e-31 | 7.8474658986586392e+07 |
|   8   | 1.1836730815502643e-07 | 6.7674374931069614e-07 |
-----------------------------------------------------------

Scheme evaluation results:
Order: 8, No. cycles: 16
-----------------------------------------------------------
Vector a: 0.5949495671361970, -0.5124438289214249, -1.0413828430327934, 0.7761784687307481, -0.2515444508961073, 0.4321251812223278, -0.0265356582628645, -0.1958598210316511, 1.2245133850555683
Vector b: 1.1898991342723939, -2.2147867921152438, 0.1320211060496570, 1.4203358314118393, -1.9234247332040537, 2.7876750956487100, -2.8407464121744388, 2.4490267701111366
-----------------------------------------------------------
| Order |        Error^2         |       Efficiency       |
-----------------------------------------------------------
|   2   | 1.2518544638517033e-32 | 3.4912674029809852e+13 |
|   4   | 3.8026066754750179e-34 | 7.8249102726606140e+11 |
|   6   | 8.0539741609995312e-35 | 6.6416347462309465e+09 |
|   8   | 1.1933252876006875e-07 | 6.7400127308688376e-07 |
-----------------------------------------------------------

Scheme evaluation results:
Order: 8, No. cycles: 16
-----------------------------------------------------------
Vector a: 0.5942123286217139, -0.5230198539299629, 1.0033372678682573, -0.0001107269436642, -1.9069281782837040, 0.5568795968100471, -0.3148569704970943, 0.4662509840635796, 1.1242355522908276
Vector b: 1.1884246572434281, -2.2344643651033542, 4.2411389008398732, -4.2413603547272016, 0.4275039981597881, 0.6862551954603068, -1.3159691364544959, 2.2484711045816552
-----------------------------------------------------------
| Order |        Error^2         |       Efficiency       |
-----------------------------------------------------------
|   2   | 2.7649131764109255e-32 | 2.3491961780048113e+13 |
|   4   | 2.2068143489035802e-31 | 3.2481581747783241e+10 |
|   6   | 5.6673350633613558e-31 | 7.9175471661524326e+07 |
|   8   | 1.2040311581418958e-07 | 6.7099807747506184e-07 |
-----------------------------------------------------------

Scheme evaluation results:
Order: 8, No. cycles: 16
-----------------------------------------------------------
Vector a: 0.5949298104303296, -0.8316402026021472, -0.0196539210332872, 0.3213340678124084, -1.0150863407126522, 0.7629783140112163, -0.2547510345551649, 0.2473278207785225, 1.1945614858707747
Vector b: 1.1898596208606591, -2.8531400260649535, 2.8138321839983793, -2.1711640483735626, 0.1409913669482579, 1.3849652610741747, -1.8944673301845045, 2.3891229717415494
-----------------------------------------------------------
| Order |        Error^2         |       Efficiency       |
-----------------------------------------------------------
|   2   | 3.6713039564881683e-33 | 6.4468841126222594e+13 |
|   4   | 2.8249480238961213e-34 | 9.0785154822366418e+11 |
|   6   | 1.6658357480559771e-34 | 4.6181072563300524e+09 |
|   8   | 1.2225330472520091e-07 | 6.6590125730794948e-07 |
-----------------------------------------------------------

Scheme evaluation results:
Order: 8, No. cycles: 16
-----------------------------------------------------------
Vector a: 0.3332559623024520, -0.5267503527650992, -0.6412805062796261, 1.2144760606039271, -0.1830291976453233, -0.4612441132684110, -0.1722434846595162, 0.2735184054295832, 1.1632972262820134
Vector b: 0.6665119246049040, -1.7200126301351024, 0.4374516175758504, 1.9915005036320037, -2.3575588989226501, 1.4350706723858282, -1.7795576417048606, 2.3265944525640267
-----------------------------------------------------------
| Order |        Error^2         |       Efficiency       |
-----------------------------------------------------------
|   2   | 2.4074124304840448e-34 | 2.5175887275607878e+14 |
|   4   | 3.2764554040469620e-34 | 8.4298129632577563e+11 |
|   6   | 4.6050062939944487e-35 | 8.7834470997669373e+09 |
|   8   | 1.4606330357839935e-07 | 6.0921358502827594e-07 |
-----------------------------------------------------------

Scheme evaluation results:
Order: 8, No. cycles: 16
-----------------------------------------------------------
Vector a: 0.5717791357212292, -0.4405128039374119, 0.1972728341760529, -0.0689575006136101, -1.1868422911891698, 0.7486270637227527, -0.2742351144971972, 0.2608432408282693, 1.1920254357890852
Vector b: 1.1435582714424584, -2.0245838793172819, 2.4191295476693879, -2.5570445488966080, 0.1833599665182682, 1.3138941609272372, -1.8623643899216316, 2.3840508715781703
-----------------------------------------------------------
| Order |        Error^2         |       Efficiency       |
-----------------------------------------------------------
|   2   | 1.7453740121009325e-33 | 9.3500898031026844e+13 |
|   4   | 2.5437697751794302e-35 | 3.0253886132016260e+12 |
|   6   | 3.0428968447418144e-35 | 1.0805291538829987e+10 |
|   8   | 1.9925802520134945e-07 | 5.2159356867851540e-07 |
-----------------------------------------------------------

Scheme evaluation results:
Order: 8, No. cycles: 16
-----------------------------------------------------------
Vector a: 1.0414173891475245, 0.0521642749487195, -1.6181976552391306, -0.3232550868567858, 0.5699028107776666, -0.8350900803032766, -0.0333377902199265, 1.6061808922113427, 0.5402152455338660
Vector b: 2.0828347782950485, -1.9785062283976094, -1.2578890820806512, 0.6113789083670795, 0.5284267131882536, -2.1986068737948061, 2.1319312933549530, 1.0804304910677320
-----------------------------------------------------------
| Order |        Error^2         |       Efficiency       |
-----------------------------------------------------------
|   2   | 5.1157514147785952e-33 | 5.4614167526884977e+13 |
|   4   | 5.8329205182152728e-34 | 6.3179624452856055e+11 |
|   6   | 1.4571976639660083e-33 | 1.5614240735165875e+09 |
|   8   | 2.9683256341374984e-07 | 4.2735064861048671e-07 |
-----------------------------------------------------------

Scheme evaluation results:
Order: 8, No. cycles: 16
-----------------------------------------------------------
Vector a: 0.2969633073459661, 0.5730280860712863, -0.3794250397358818, 0.3646326201481526, 0.1525712976411713, -1.9073258166638214, -0.1166433364311435, 1.4696651104443825, 0.5465337711798879
Vector b: 0.5939266146919323, 0.5521295574506403, -1.3109796369224040, 2.0402448772187096, -1.7351022819363671, -2.0795493513912766, 1.8462626785289897, 1.0930675423597760
-----------------------------------------------------------
| Order |        Error^2         |       Efficiency       |
-----------------------------------------------------------
|   2   | 5.8981604546859098e-34 | 1.6084284383466056e+14 |
|   4   | 1.4601990825914455e-34 | 1.2627402787101165e+12 |
|   6   | 2.3098633961072323e-34 | 3.9218136674183903e+09 |
|   8   | 6.3691233578132961e-07 | 2.9174290866557748e-07 |
-----------------------------------------------------------

Scheme evaluation results:
Order: 8, No. cycles: 16
-----------------------------------------------------------
Vector a: 0.3180328471728046, -0.7571709034816764, 0.4325160984225515, 0.2318881041204105, -1.0680263190760804, 1.2193696513190380, -0.5102979564833119, -0.1940868519577721, 1.3277753299640362
Vector b: 0.6360656943456091, -2.1504075013089619, 3.0154396981540645, -2.5516634899132438, 0.4156108517610829, 2.0231284508769929, -3.0437243638436167, 2.6555506599280725
-----------------------------------------------------------
| Order |        Error^2         |       Efficiency       |
-----------------------------------------------------------
|   2   | 4.8148248609680896e-33 | 5.6294995342131203e+13 |
|   4   | 2.5437697751794302e-34 | 9.5671188248552954e+11 |
|   6   | 3.7440746332325010e-35 | 9.7410967185634003e+09 |
|   8   | 1.1423521875581019e-06 | 2.1784125478270460e-07 |
-----------------------------------------------------------

Scheme evaluation results:
Order: 8, No. cycles: 16
-----------------------------------------------------------
Vector a: 0.7857777034625673, -0.4586449967824844, -1.2735621385558828, 1.4186822265318109, 0.2266022314149972, -0.4281434436138266, -0.9041827886422323, -0.0318937861354999, 1.6653649923205509
Vector b: 1.5715554069251345, -2.4888454004901033, -0.0582788766216628, 2.8956433296852842, -2.4424388668552899, 1.5861519796276369, -3.3945175569121018, 3.3307299846411018
-----------------------------------------------------------
| Order |        Error^2         |       Efficiency       |
-----------------------------------------------------------
|   2   | 2.0992636393820871e-32 | 2.6960413132547773e+13 |
|   4   | 3.3297523179132445e-33 | 2.6443205764280142e+11 |
|   6   | 8.7954123665528350e-34 | 2.0097961092278624e+09 |
|   8   | 1.4592740465286216e-06 | 1.9273993557841571e-07 |
-----------------------------------------------------------

Scheme evaluation results:
Order: 8, No. cycles: 16
-----------------------------------------------------------
Vector a: -1.1979526996761984, -0.0731426918728846, 2.2480230485025738, 0.2125205763447735, -1.8206250978049083, -0.3374528246857746, 1.1558941124322391, 0.6980749402138892, 0.1146606365462903
Vector b: -2.3959053993524217, 2.2496200156066535, 2.2464260813985408, -1.8213849287089960, -1.8198652669008570, 1.1449596175293115, 1.1668286073351879, 0.2293212730925815
-----------------------------------------------------------
| Order |        Error^2         |       Efficiency       |
-----------------------------------------------------------
|   2   | 3.4817202275875498e-33 | 6.6200778919665055e+13 |
|   4   | 6.5263495948821328e-33 | 1.8887953395350790e+11 |
|   6   | 2.4126884282793002e-33 | 1.2134712279509423e+09 |
|   8   | 1.7576515450602988e-06 | 1.7561990933982292e-07 |
-----------------------------------------------------------

Scheme evaluation results:
Order: 8, No. cycles: 16
-----------------------------------------------------------
Vector a: 0.1545422025563678, -0.7696464427658031, 0.6305378755168458, 0.1714782700231992, -0.9951353881522756, 1.2520851799042256, -0.7051778676344652, -0.1539170071616218, 1.4152331777135274
Vector b: 0.3090844051127354, -1.8483772906443414, 3.1094530416780328, -2.7664965016316345, 0.7762257253270832, 1.7279446344813678, -3.1383003697502985, 2.8304663554270548
-----------------------------------------------------------
| Order |        Error^2         |       Efficiency       |
-----------------------------------------------------------
|   2   | 3.8518598887744717e-34 | 1.9903286476643038e+14 |
|   4   | 7.8805141279126155e-34 | 5.4355412183302032e+11 |
|   6   | 1.9586657401420836e-34 | 4.2589244940086980e+09 |
|   8   | 3.4541449753952924e-06 | 1.2527657110218253e-07 |
-----------------------------------------------------------

Scheme evaluation results:
Order: 8, No. cycles: 16
-----------------------------------------------------------
Vector a: -0.6632853211025039, -0.3207245498332809, -0.4038753615772175, 0.1436535250329784, 1.3792726055645004, 1.3529077752582179, -0.0709054513465351, -0.6758367504579152, 0.2587935284617560
Vector b: -1.3265706422050085, 0.6851215425384468, -1.4928722656928823, 1.7801793157588390, 0.9783658953701633, 1.7274496551462737, -1.8692605578393440, 0.5175870569235120
-----------------------------------------------------------
| Order |        Error^2         |       Efficiency       |
-----------------------------------------------------------
|   2   | 5.2481590984552177e-33 | 5.3920826265095547e+13 |
|   4   | 6.2967852827291328e-33 | 1.9229173908689200e+11 |
|   6   | 1.3765462769388830e-33 | 1.6065146710831442e+09 |
|   8   | 4.5539400475519604e-06 | 1.0910545991391000e-07 |
-----------------------------------------------------------

Scheme evaluation results:
Order: 8, No. cycles: 16
-----------------------------------------------------------
Vector a: 1.4469250916700751, -0.0333545251401402, -2.7182382604609843, 0.0888374335415218, 1.3793621859863883, -0.8763674794241364, -0.2510511519584649, 1.3208845710227550, 0.6430021347629852
Vector b: 2.8938501833401502, -2.9605592336204305, -2.4759172873015372, 2.6535921543845808, 0.1051322175881962, -1.8578671764364694, 1.3557648725195395, 1.2860042695259704
-----------------------------------------------------------
| Order |        Error^2         |       Efficiency       |
-----------------------------------------------------------
|   2   | 4.1323234369258629e-32 | 1.9215995196043711e+13 |
|   4   | 3.7162431055201044e-32 | 7.9153115058655563e+10 |
|   6   | 6.1640317810122904e-32 | 2.4007540459917516e+08 |
|   8   | 7.2811245072178574e-06 | 8.6286113906170335e-08 |
-----------------------------------------------------------

Scheme evaluation results:
Order: 8, No. cycles: 16
-----------------------------------------------------------
Vector a: 0.8927678477279916, 0.2894102181336680, -1.6718133118497736, -0.8351395419597858, 1.2922260029145649, 0.2049233459197780, -0.4055406715013196, 0.8408059779063399, 0.3923601327085366
Vector b: 1.7855356954559831, -1.2067152591886472, -2.1369113645108997, 0.4666322805913282, 2.1178197252378017, -1.7079730333982457, 0.8968916903956066, 0.7847202654170733
-----------------------------------------------------------
| Order |        Error^2         |       Efficiency       |
-----------------------------------------------------------
|   2   | 9.4852049761071366e-33 | 4.0108523472099625e+13 |
|   4   | 2.2228598174049457e-34 | 1.0234438763231716e+12 |
|   6   | 6.1193277482490405e-35 | 7.6195311146436729e+09 |
|   8   | 5.2363030179906337e-05 | 3.2175681435928091e-08 |
-----------------------------------------------------------

