Scheme evaluation results:
Order: 8, No. cycles: 16
-------------------------------------------------------------------
Vector a: 0.86266492565290409100, -0.04808332377765033722, -1.64655164075048299210, 0.11260192695109384753, 0.21659535603103136081, -0.34622591595664986563, 0.60909321350445189136, 0.78170731278320637614, 0.45819814556209564893
Vector b: 1.72532985130580818200, -1.82149649886110887032, -1.47160678263985711389, 1.69681063654204500324, -1.26361992447998217060, 0.57116809256668243933, 0.64701833444222145442, 0.91639629112419129786
-------------------------------------------------------------------
| Order |          Error^2           |         Efficiency         |
-------------------------------------------------------------------
|   2   | 2.09499725610417451371e-40 | 2.69878511052548608000e+17 |
|   4   | 9.88447910765439465488e-41 | 1.53476955465125425000e+15 |
|   6   | 1.87092505075374434286e-41 | 1.37800854000922402344e+13 |
|   8   | 3.73604566841778017660e-09 | 3.80920241158719823278e-06 |
-------------------------------------------------------------------

Scheme evaluation results:
Order: 8, No. cycles: 16
-------------------------------------------------------------------
Vector a: 0.28509238535054454156, -0.34091676070987880776, -0.17794769106180405305, -0.28437692190025054551, 0.12515642937761264908, 1.18672172396920871940, -0.57691867616105751981, -0.06142804135907925511, 0.84461755249470438223
Vector b: 0.57018477070108908311, -1.25201829212084669862, 0.89612290999723864804, -1.46487675379773962803, 1.71518961255296509272, 0.65825383538545223505, -1.81209118770756716366, 1.68923510498940876445
-------------------------------------------------------------------
| Order |          Error^2           |         Efficiency         |
-------------------------------------------------------------------
|   2   | 6.38543684223532642879e-41 | 4.88837740278800256000e+17 |
|   4   | 3.49273642232960654928e-42 | 8.16464230331427300000e+15 |
|   6   | 1.12663318872984183329e-42 | 5.61550519980158671875e+13 |
|   8   | 6.27523227170479280479e-09 | 2.93917358602368331791e-06 |
-------------------------------------------------------------------

Scheme evaluation results:
Order: 8, No. cycles: 16
-------------------------------------------------------------------
Vector a: 0.35969778451290185250, -0.23361282333534194589, -0.29179885782351583368, -0.41310153882490008304, 0.14053856629725630656, 1.22947173475192306213, -0.51337637825102244715, -0.08275737259168110260, 0.80493888526438017728
Vector b: 0.71939556902580370501, -1.18662121569648748576, 0.60302350004945592943, -1.42922657769925609550, 1.71030371029376859759, 0.74863975921007752667, -1.77539251571212242098, 1.60987777052876035455
-------------------------------------------------------------------
| Order |          Error^2           |         Efficiency         |
-------------------------------------------------------------------
|   2   | 6.45718332360875706282e-42 | 1.53722867280912921600e+18 |
|   4   | 5.57436529108412230813e-42 | 6.46282441468600200000e+15 |
|   6   | 4.47392588074094977578e-43 | 8.91119016497228281250e+13 |
|   8   | 9.44104550906417028918e-09 | 2.39623878459312942627e-06 |
-------------------------------------------------------------------
