Scheme evaluation results:
Order: 8, No. cycles: 16
-------------------------------------------------------------------
Vector a: 0.86266492565290409100, -0.04808332377765034416, -1.64655164075048299210, 0.11260192695109387528, 0.21659535603103133306, -0.34622591595664986563, 0.60909321350445189136, 0.78170731278320637614, 0.45819814556209564893
Vector b: 1.72532985130580818200, -1.82149649886110887032, -1.47160678263985711389, 1.69681063654204478119, -1.26361992447998217060, 0.57116809256668243933, 0.64701833444222145442, 0.91639629112419129786
-------------------------------------------------------------------
| Order |          Error^2           |         Efficiency         |
-------------------------------------------------------------------
|   2   | 1.29143666472175141256e-40 | 3.43734780936299584000e+17 |
|   4   | 2.72552551311176920295e-41 | 2.92277203591711000000e+15 |
|   6   | 2.12077573304026967784e-41 | 1.29429338454857246094e+13 |
|   8   | 3.73604566841777934942e-09 | 3.80920241158719823278e-06 |
-------------------------------------------------------------------

Scheme evaluation results:
Order: 8, No. cycles: 16
-------------------------------------------------------------------
Vector a: 0.28509238535054454156, -0.34091676070987880776, -0.17794769106180405305, -0.28437692190025054551, 0.12515642937761267683, 1.18672172396920871940, -0.57691867616105751981, -0.06142804135907925511, 0.84461755249470438223
Vector b: 0.57018477070108908311, -1.25201829212084669862, 0.89612290999723864804, -1.46487675379773962803, 1.71518961255296509272, 0.65825383538545223505, -1.81209118770756716366, 1.68923510498940876445
-------------------------------------------------------------------
| Order |          Error^2           |         Efficiency         |
-------------------------------------------------------------------
|   2   | 4.87876073339328311413e-41 | 5.59249075475302144000e+17 |
|   4   | 2.45577555872924191679e-42 | 9.73701262300750000000e+15 |
|   6   | 2.79962053786847547278e-43 | 1.12649824291236578125e+14 |
|   8   | 6.27523227170479363197e-09 | 2.93917358602368331791e-06 |
-------------------------------------------------------------------

Scheme evaluation results:
Order: 8, No. cycles: 16
-------------------------------------------------------------------
Vector a: 0.70753535330492778321, 0.07273241200485018598, -1.25674324539239190557, -0.36239293557654556066, 0.68318655414263029790, 2.44148173950698055279, -0.00003097591065612061, -1.65182121593528496994, 0.36605231385548997469
Vector b: 1.41507070660985556643, -1.26960588260015527773, -1.24388060818462853341, 0.51909473703153752311, 0.84727837125372307270, 4.03568510776023803288, -4.03574705958155011132, 0.73210462771097994938
-------------------------------------------------------------------
| Order |          Error^2           |         Efficiency         |
-------------------------------------------------------------------
|   2   | 2.53695558136450721935e-38 | 2.45246943217827880000e+16 |
|   4   | 3.67607337311766322250e-37 | 2.51667991883084570312e+13 |
|   6   | 4.52754967921193753367e-36 | 2.80122821375090446472e+10 |
|   8   | 8.40572866048852243977e-09 | 2.53952478275144729176e-06 |
-------------------------------------------------------------------

Scheme evaluation results:
Order: 8, No. cycles: 16
-------------------------------------------------------------------
Vector a: 0.35969778451290185250, -0.23361282333534194589, -0.29179885782351583368, -0.41310153882490008304, 0.14053856629725630656, 1.22947173475192306213, -0.51337637825102244715, -0.08275737259168110260, 0.80493888526438017728
Vector b: 0.71939556902580370501, -1.18662121569648748576, 0.60302350004945592943, -1.42922657769925609550, 1.71030371029376859759, 0.74863975921007752667, -1.77539251571212242098, 1.60987777052876035455
-------------------------------------------------------------------
| Order |          Error^2           |         Efficiency         |
-------------------------------------------------------------------
|   2   | 8.10735239519766164554e-41 | 4.33830927596750656000e+17 |
|   4   | 3.01559429522700633663e-42 | 8.78685809717266000000e+15 |
|   6   | 2.81303140207783407365e-43 | 1.12380979732959828125e+14 |
|   8   | 9.44104550906417028918e-09 | 2.39623878459312942627e-06 |
-------------------------------------------------------------------

Scheme evaluation results:
Order: 8, No. cycles: 16
-------------------------------------------------------------------
Vector a: 0.91438118808934432113, 0.03584683186828471063, -1.48609185467035653794, -0.30932828570119796918, 0.58308723929474004510, 1.34206632319984708879, -0.01072243736510928441, -0.56858486936693386493, 0.49934586465138136591
Vector b: 1.82876237617868864227, -1.75706871244211915162, -1.21511499689859370221, 0.59645842549619776385, 0.56971605309328243738, 2.11441659330641185122, -2.13586146803663057270, 0.99869172930276273181
-------------------------------------------------------------------
| Order |          Error^2           |         Efficiency         |
-------------------------------------------------------------------
|   2   | 1.66451836786359070953e-39 | 9.57449195837714880000e+16 |
|   4   | 4.80084853877682328498e-40 | 6.96403695455109750000e+14 |
|   6   | 1.71573366158142642198e-40 | 4.55045860612320117188e+12 |
|   8   | 1.38997379016806254221e-08 | 1.97486236345914975896e-06 |
-------------------------------------------------------------------

Scheme evaluation results:
Order: 8, No. cycles: 16
-------------------------------------------------------------------
Vector a: 0.93379123695954546758, -0.04894217653869469692, -1.78722557827361994143, 0.11136049567007916261, 0.23666251548503175473, -0.29895840168008924742, 0.60457826569770922731, 0.73654008254870484418, 0.51219356013133343630
Vector b: 1.86758247391909093515, -1.96546682699648034287, -1.60898432955075953998, 1.83170532089091797623, -1.35838028992085435576, 0.76046348656067586091, 0.44869304483474264922, 1.02438712026266687261
-------------------------------------------------------------------
| Order |          Error^2           |         Efficiency         |
-------------------------------------------------------------------
|   2   | 1.62147047903953232911e-39 | 9.70075444848124000000e+16 |
|   4   | 8.64012607133395709590e-41 | 1.64157235464516850000e+15 |
|   6   | 3.09600614920523864624e-41 | 1.07122129317213339844e+13 |
|   8   | 1.84251580979198164387e-08 | 1.71527803873683064640e-06 |
-------------------------------------------------------------------

Scheme evaluation results:
Order: 8, No. cycles: 16
-------------------------------------------------------------------
Vector a: 0.28120992770558772555, -0.55107651668470880590, -0.54068722308742978022, 1.16865482869354320172, -0.22827901181803145203, -0.55941848312560971124, -0.11082601824740934138, 0.44184017111677548195, 1.09858232544728284807
Vector b: 0.56241985541117545111, -1.66457288878059306292, 0.58319844260573361350, 1.75411121478135267893, -2.21066923841741536094, 1.09183227216619593847, -1.31348430866101462122, 2.19716465089456569615
-------------------------------------------------------------------
| Order |          Error^2           |         Efficiency         |
-------------------------------------------------------------------
|   2   | 3.67341984631964846240e-40 | 2.03809653520824736000e+17 |
|   4   | 2.04589575791423292355e-41 | 3.37348138815685750000e+15 |
|   6   | 3.13251393844551813968e-42 | 3.36770155936085742188e+13 |
|   8   | 8.41404373465191485287e-08 | 8.02671339600743784744e-07 |
-------------------------------------------------------------------

Scheme evaluation results:
Order: 8, No. cycles: 16
-------------------------------------------------------------------
Vector a: 0.59510772124309663234, -0.51233379994882588537, -1.04093979645371814691, 0.77559139885795147507, -0.25424644278024105537, 0.40421069980979029701, -0.03347177169367367144, -0.16746829871891583119, 1.23355028968453628302
Vector b: 1.19021544248619326467, -2.21488304238384481337, 0.13300344947640876936, 1.41817934823949398648, -1.92667223379997620825, 2.73509363341955680227, -2.80203717680690411740, 2.46710057936907256604
-------------------------------------------------------------------
| Order |          Error^2           |         Efficiency         |
-------------------------------------------------------------------
|   2   | 1.14794370197489014450e-41 | 1.15292150460684697600e+18 |
|   4   | 2.18294274772520003308e-41 | 3.26587002414045600000e+15 |
|   6   | 2.37587369819265995115e-41 | 1.22283660091010371094e+13 |
|   8   | 1.17607241512138132447e-07 | 6.78927041578586095818e-07 |
-------------------------------------------------------------------

Scheme evaluation results:
Order: 8, No. cycles: 16
-------------------------------------------------------------------
Vector a: 0.59481507223129170825, -0.52220111475606889595, -0.90639226540054018688, 0.55658295838621596463, -0.31178191391819171097, 1.86778209201536116169, -0.00003408122770223869, -1.40216393564550823037, 1.12339318831514245467
Vector b: 1.18963014446258341650, -2.23403237397472098635, 0.42124784317364077912, 0.69191807359879109462, -1.31548190143517440553, 5.05104608546589695095, -5.05111424792130137007, 2.24678637663028490934
-------------------------------------------------------------------
| Order |          Error^2           |         Efficiency         |
-------------------------------------------------------------------
|   2   | 9.76103704437386432932e-38 | 1.25029373266229560000e+16 |
|   4   | 3.28306912944882513628e-37 | 2.66305450719159726562e+13 |
|   6   | 2.13838679190932139223e-36 | 4.07602625177842025757e+10 |
|   8   | 1.18367308170242395218e-07 | 6.76743749267198770862e-07 |
-------------------------------------------------------------------

Scheme evaluation results:
Order: 8, No. cycles: 16
-------------------------------------------------------------------
Vector a: 0.59494956713619695510, -0.51244382892142492647, -1.04138284303279338161, 0.77617846873074813896, -0.25154445089610733000, 0.43212518122232784767, -0.02653565826286453239, -0.19585982103165106016, 1.22451338505556828196
Vector b: 1.18989913427239391019, -2.21478679211524376313, 0.13202110604965697216, 1.42033583141183927800, -1.92342473320405371595, 2.78767509564870996641, -2.84074641217443879526, 2.44902677011113656391
-------------------------------------------------------------------
| Order |          Error^2           |         Efficiency         |
-------------------------------------------------------------------
|   2   | 3.67341984631964846240e-40 | 2.03809653520824736000e+17 |
|   4   | 1.96097707097614900905e-41 | 3.44575037076541850000e+15 |
|   6   | 8.05476483864838449678e-42 | 2.10016623189298281250e+13 |
|   8   | 1.19332528760076024427e-07 | 6.74001273086863214534e-07 |
-------------------------------------------------------------------

Scheme evaluation results:
Order: 8, No. cycles: 16
-------------------------------------------------------------------
Vector a: 0.59421232862171402545, -0.52301985392996297453, 1.00333726786827104327, -0.00011072694366423966, -1.90692817828371796729, 0.55687959681004728374, -0.31485697049709454598, 0.46625098406357995406, 1.12423555229082761109
Vector b: 1.18842465724342805089, -2.23446436510335377790, 4.24113890083989542035, -4.24136035472722383588, 0.42750399815978840090, 0.68625519546030611107, -1.31596913645449520303, 2.24847110458165522218
-------------------------------------------------------------------
| Order |          Error^2           |         Efficiency         |
-------------------------------------------------------------------
|   2   | 1.11128124999306709051e-38 | 3.70551044073794000000e+16 |
|   4   | 6.31632431152036393716e-38 | 6.07138619777885312500e+13 |
|   6   | 8.64608408739263392590e-38 | 2.02707760954509918213e+11 |
|   8   | 1.20403115817804106550e-07 | 6.70998077464989984980e-07 |
-------------------------------------------------------------------

Scheme evaluation results:
Order: 8, No. cycles: 16
-------------------------------------------------------------------
Vector a: 0.59492981043032955313, -0.83164020260214721603, -0.01965392103328719373, 0.32133406781240836381, -1.01508634071265224641, 0.76297831401121629646, -0.25475103455516490136, 0.24732782077852252800, 1.19456148587077470857
Vector b: 1.18985962086065910626, -2.85314002606495353831, 2.81383218399837931045, -2.17116404837356258284, 0.14099136694825792349, 1.38496526107417472495, -1.89446733018450452768, 2.38912297174154941715
-------------------------------------------------------------------
| Order |          Error^2           |         Efficiency         |
-------------------------------------------------------------------
|   2   | 1.95150429335731324565e-40 | 2.79624537737651072000e+17 |
|   4   | 5.69599799778751642989e-41 | 2.02178586255532975000e+15 |
|   6   | 3.21558695519678907673e-41 | 1.05111437368055761719e+13 |
|   8   | 1.22253304725202577720e-07 | 6.65901257307944923447e-07 |
-------------------------------------------------------------------

Scheme evaluation results:
Order: 8, No. cycles: 16
-------------------------------------------------------------------
Vector a: 0.33325596230245202456, -0.52675035276509918347, -0.64128050627962607244, 1.21447606060392709892, -0.18302919764532327163, -0.46124411326841102676, -0.17224348465951619391, 0.27351840542958316682, 1.16329722628201337464
Vector b: 0.66651192460490404912, -1.72001263013510263811, 0.43745161757585038220, 1.99150050363200370462, -2.35755889892265013685, 1.43507067238582819435, -1.77955764170486063769, 2.32659445256402674929
-------------------------------------------------------------------
| Order |          Error^2           |         Efficiency         |
-------------------------------------------------------------------
|   2   | 5.16574665888700565025e-40 | 1.71867390468149792000e+17 |
|   4   | 8.70038190529992422995e-41 | 1.63587799722939750000e+15 |
|   6   | 6.46885778880549832750e-42 | 2.34350725423995117188e+13 |
|   8   | 1.46063303578403478755e-07 | 6.09213585028267257988e-07 |
-------------------------------------------------------------------

Scheme evaluation results:
Order: 8, No. cycles: 16
-------------------------------------------------------------------
Vector a: 0.57177913572122918140, -0.44051280393741193420, 0.19727283417605287474, -0.06895750061361005656, -1.18684229118916984014, 0.74862706372275267253, -0.27423511449719722988, 0.26084324082826931823, 1.19202543578908515265
Vector b: 1.14355827144245836280, -2.02458387931728189812, 2.41912954766938792517, -2.55704454889660803829, 0.18335996651826819148, 1.31389416092723698704, -1.86236438992163155781, 2.38405087157817030530
-------------------------------------------------------------------
| Order |          Error^2           |         Efficiency         |
-------------------------------------------------------------------
|   2   | 3.82265252757638418119e-39 | 6.31797092666448240000e+16 |
|   4   | 1.12510253700639562624e-40 | 1.43854687320337925000e+15 |
|   6   | 1.41804678630733834769e-41 | 1.58283200836560820312e+13 |
|   8   | 1.99258025201354112545e-07 | 5.21593568678509362989e-07 |
-------------------------------------------------------------------

Scheme evaluation results:
Order: 8, No. cycles: 16
-------------------------------------------------------------------
Vector a: 1.04141738914752401968, 0.05216427494871955783, -1.61819765523912995064, -0.32325508685678588927, 0.56990281077766657969, -0.83509008030327602778, -0.03333779021992651359, 1.60618089221134230371, 0.54021524553386601752
Vector b: 2.08283477829504803935, -1.97850622839760870164, -1.25788908208065119965, 0.61137890836707953213, 0.52842671318825362725, -2.19860687379480568282, 2.13193129335495257237, 1.08043049106773203505
-------------------------------------------------------------------
| Order |          Error^2           |         Efficiency         |
-------------------------------------------------------------------
|   2   | 4.67500072629274011348e-39 | 5.71306536971163200000e+16 |
|   4   | 1.52242670358105425853e-40 | 1.23666443994137825000e+15 |
|   6   | 1.54202787388991373164e-40 | 4.79991992171430468750e+12 |
|   8   | 2.96832563413744014448e-07 | 4.27350648610490890289e-07 |
-------------------------------------------------------------------

Scheme evaluation results:
Order: 8, No. cycles: 16
-------------------------------------------------------------------
Vector a: 0.29696330734596615430, 0.57302808607128630225, -0.37942503973588187494, 0.36463262014815278622, 0.15257129764117133286, -1.90732581666382183805, -0.11664333643114352390, 1.46966511044438274958, 0.54653377117988799494
Vector b: 0.59392661469193230861, 0.55212955745064029589, -1.31097963692240404576, 2.04024487721870961821, -1.73510228193636706351, -2.07954935139127661259, 1.84626267852898973132, 1.09306754235977598988
-------------------------------------------------------------------
| Order |          Error^2           |         Efficiency         |
-------------------------------------------------------------------
|   2   | 1.08193693911133396119e-39 | 1.18756956888382032000e+17 |
|   4   | 1.87006082661075487749e-40 | 1.11581501945352075000e+15 |
|   6   | 3.83968286908558401679e-41 | 9.61905539918781445312e+12 |
|   8   | 6.36912335781344010404e-07 | 2.91742908665574142081e-07 |
-------------------------------------------------------------------

Scheme evaluation results:
Order: 8, No. cycles: 16
-------------------------------------------------------------------
Vector a: 0.31803284717280455585, -0.75717090348167637170, 0.43251609842255150928, 0.23188810412041047093, -1.06802631907608036599, 1.21936965131903796156, -0.51029795648331188751, -0.19408685195777208854, 1.32777532996403624388
Vector b: 0.63606569434560911169, -2.15040750130896185510, 3.01543969815406498469, -2.55166348991324376527, 0.41561085176108292227, 2.02312845087699288982, -3.04372436384361666484, 2.65555065992807248776
-------------------------------------------------------------------
| Order |          Error^2           |         Efficiency         |
-------------------------------------------------------------------
|   2   | 1.03314933177740113005e-40 | 3.84307168202282304000e+17 |
|   4   | 2.66470915976007214207e-41 | 2.95593692034292350000e+15 |
|   6   | 6.76644606300975580220e-42 | 2.29139410738609804688e+13 |
|   8   | 1.14235218755810360415e-06 | 2.17841254782704440988e-07 |
-------------------------------------------------------------------

Scheme evaluation results:
Order: 8, No. cycles: 16
-------------------------------------------------------------------
Vector a: 0.78577770346256714529, -0.45864499678248432657, -1.27356213855588285000, 1.41868222653181086379, 0.22660223141499699628, -0.42814344361382666859, -0.90418278864223233793, -0.03189378613549986863, 1.66536499232055112962
Vector b: 1.57155540692513429057, -2.48884540049010283269, -0.05827887662166283261, 2.89564332968528459489, -2.44243886685529032476, 1.58615197962763709860, -3.39451755691210177446, 3.33072998464110225925
-------------------------------------------------------------------
| Order |          Error^2           |         Efficiency         |
-------------------------------------------------------------------
|   2   | 3.35199560976667922194e-39 | 6.74696277631371520000e+16 |
|   4   | 3.60212178045480176983e-39 | 2.54238240171061937500e+14 |
|   6   | 5.23393690792908431308e-40 | 2.60534872975438720703e+12 |
|   8   | 1.45927404652895558773e-06 | 1.92739935578393688408e-07 |
-------------------------------------------------------------------

Scheme evaluation results:
Order: 8, No. cycles: 16
-------------------------------------------------------------------
Vector a: -1.19795269967620732210, -0.07314269187288437168, 2.24802304850259027091, 0.21252057634477269921, -1.82062509780492121081, -0.33745282468577336710, 1.15589411243224615689, 0.69807494021388505345, 0.11466063654629199409
Vector b: -2.39590539935241464420, 2.24962001560664592859, 2.24642608139853461324, -1.82138492870898938136, -1.81986526690085304026, 1.14495961752930619504, 1.16682860733518611873, 0.22932127309258398817
-------------------------------------------------------------------
| Order |          Error^2           |         Efficiency         |
-------------------------------------------------------------------
|   2   | 3.36132265234522520437e-39 | 6.73759549288459840000e+16 |
|   4   | 1.41256218896221397084e-39 | 4.05990882790943562500e+14 |
|   6   | 6.64889702459531735148e-40 | 2.31156069175673339844e+12 |
|   8   | 1.75765154506065011210e-06 | 1.75619909339805366553e-07 |
-------------------------------------------------------------------

Scheme evaluation results:
Order: 8, No. cycles: 16
-------------------------------------------------------------------
Vector a: 0.15454220255636771930, -0.76964644276580296278, 0.63053787551684570278, 0.17147827002319915302, -0.99513538815227553513, 1.25208517990422563138, -0.70517786763446510534, -0.15391700716162179385, 1.41523317771352719063
Vector b: 0.30908440511273543860, -1.84837729064434119763, 3.10945304167803282525, -2.76649650163163451921, 0.77622572532708322690, 1.72794463448136781381, -3.13830036975029802448, 2.83046635542705438127
-------------------------------------------------------------------
| Order |          Error^2           |         Efficiency         |
-------------------------------------------------------------------
|   2   | 8.37998902441669805486e-40 | 1.34939255526274304000e+17 |
|   4   | 1.69725269999021843630e-40 | 1.17124247935760000000e+15 |
|   6   | 5.50322010907126230362e-41 | 8.03473693981518261719e+12 |
|   8   | 3.45414497539517716633e-06 | 1.25276571102184621713e-07 |
-------------------------------------------------------------------

Scheme evaluation results:
Order: 8, No. cycles: 16
-------------------------------------------------------------------
Vector a: -0.66328532110250393306, -0.32072454983328069211, -0.40387536157721770635, 0.14365352503297831865, 1.37927260556450059781, 1.35290777525821792615, -0.07090545134653511439, -0.67583675045791558045, 0.25879352846175612823
Vector b: -1.32657064220500786611, 0.68512154253844659291, -1.49287226569288189459, 1.78017931575883858741, 0.97836589537016271922, 1.72744965514627324410, -1.86926055783934330634, 0.51758705692351225647
-------------------------------------------------------------------
| Order |          Error^2           |         Efficiency         |
-------------------------------------------------------------------
|   2   | 5.42116413257641870740e-39 | 5.30534653622672960000e+16 |
|   4   | 1.50432893391429924606e-40 | 1.24408102169198375000e+15 |
|   6   | 1.92460890878180473477e-40 | 4.29644105812828369141e+12 |
|   8   | 4.55394004755173167735e-06 | 1.09105459913912743737e-07 |
-------------------------------------------------------------------

Scheme evaluation results:
Order: 8, No. cycles: 16
-------------------------------------------------------------------
Vector a: 1.44692509167007599125, -0.03335452514014011077, -2.71823826046098604436, 0.08883743354152151550, 1.37936218598638915545, -0.87636747942413650847, -0.25105115195846450238, 1.32088457102275524946, 0.64300213476298506698
Vector b: 2.89385018334015198249, -2.96055923362043227343, -2.47591728730153937121, 2.65359215438458262426, 0.10513221758819603358, -1.85786717643646914766, 1.35576487251954014290, 1.28600426952597013397
-------------------------------------------------------------------
| Order |          Error^2           |         Efficiency         |
-------------------------------------------------------------------
|   2   | 2.04448773321727934736e-38 | 2.73191875791707200000e+16 |
|   4   | 5.59287364120092449201e-39 | 2.04034010249931156250e+14 |
|   6   | 1.18798088902304367180e-38 | 5.46859016348724914551e+11 |
|   8   | 7.28112450721783369671e-06 | 8.62861139061704802760e-08 |
-------------------------------------------------------------------

Scheme evaluation results:
Order: 8, No. cycles: 16
-------------------------------------------------------------------
Vector a: 0.89276784772799155920, 0.28941021813366796245, -1.67181331184977355342, -0.83513954195978579165, 1.29222600291456490851, 0.20492334591977795499, -0.40554067150131956065, 0.84080597790633992972, 0.39236013270853659085
Vector b: 1.78553569545598311841, -1.20671525918864719351, -2.13691136451089969128, 0.46663228059132816350, 2.11781972523780170903, -1.70797303339824568802, 0.89689169039560656671, 0.78472026541707318170
-------------------------------------------------------------------
| Order |          Error^2           |         Efficiency         |
-------------------------------------------------------------------
|   2   | 9.41313835619409918491e-40 | 1.27318881198242336000e+17 |
|   4   | 7.65165013459923113407e-41 | 1.74438569824322000000e+15 |
|   6   | 1.16911416689282963182e-41 | 1.74321776242931015625e+13 |
|   8   | 5.23630301799063983424e-05 | 3.21756814359280711776e-08 |
-------------------------------------------------------------------

