Scheme evaluation results:
Order: 8, No. cycles: 20
-------------------------------------------------------------------
Vector a: -0.38515340825050031759, -0.25576386171797821367, 0.26527737635551257300, -0.23861822681468028429, 0.08356087756368922592, 0.66708435038755198310, 0.41719333982246048498, 0.34172607757184458865, -0.39274453395836639302, -0.01442833942673798185, 0.51186634846720424630
Vector b: -0.77030681650100052416, 0.25877909306504404130, 0.27177565964598127124, -0.74901211327534189532, 0.91613386840272037492, 0.41803483237238359127, 0.41635184727253748971, 0.26710030787115168760, -1.05258937578788436262, 1.02373269693440849260
-------------------------------------------------------------------
| Order |          Error^2           |         Efficiency         |
-------------------------------------------------------------------
|   2   | 1.95150429335731324565e-40 | 1.78959704152096704000e+17 |
|   4   | 2.49431126649817438624e-43 | 1.25142461511372860000e+16 |
|   6   | 1.31674501816810844322e-44 | 1.36166158086835875000e+14 |
|   8   | 1.45781880452570370318e-12 | 3.23525309036684240020e-05 |
-------------------------------------------------------------------

Scheme evaluation results:
Order: 8, No. cycles: 20
-------------------------------------------------------------------
Vector a: 0.50459307675447340191, -0.01478786296053786337, -0.36591626971912655231, 0.34297943826954080393, 0.39372000328464085150, -0.18964403102937063550, -0.27339631769854866317, 0.26199476600949289651, -0.21379791372533138438, 0.09945768971087469434, 0.45479742110389242971
Vector b: 1.00918615350894680383, -1.03876187943002240566, 0.30692933999176924553, 0.37902953654731252886, 0.40841047002196911864, -0.78769853208071038964, 0.24090589668361309106, 0.28308363533537272971, -0.71067946278603555399, 0.90959484220778485941
-------------------------------------------------------------------
| Order |          Error^2           |         Efficiency         |
-------------------------------------------------------------------
|   2   | 1.06184792432677338366e-40 | 2.42610083583916096000e+17 |
|   4   | 4.62428493227189633405e-43 | 9.19089330214445800000e+15 |
|   6   | 9.38354234419168047447e-45 | 1.61300835504177906250e+14 |
|   8   | 2.12619829769994049390e-12 | 2.67891017415160880119e-05 |
-------------------------------------------------------------------

Scheme evaluation results:
Order: 8, No. cycles: 20
-------------------------------------------------------------------
Vector a: 0.49492814456734063322, 0.13644334777448560714, -0.74436361591761213141, -0.23225930464455948887, 0.60780668820202110592, 0.56456240139650459842, -0.40183067838176378395, -0.33971632553925018572, 0.34779432456807557461, 0.37096988101281946903, 0.19566513696193860161
Vector b: 0.98985628913468126644, -0.71696959358571010767, -0.77175763824951426617, 0.30723902896039523291, 0.90837434744364697892, 0.22075045534936232894, -1.02441181211289000785, 0.34497916103438952540, 0.35060948810176167934, 0.39133027392387720322
-------------------------------------------------------------------
| Order |          Error^2           |         Efficiency         |
-------------------------------------------------------------------
|   2   | 3.73081703141839296963e-41 | 4.09296502296130816000e+17 |
|   4   | 2.46803692029208406616e-43 | 1.25806821841870640000e+16 |
|   6   | 2.01348185734788402269e-45 | 3.48213950006288500000e+14 |
|   8   | 1.54087379976302924268e-10 | 3.14685331369784359687e-06 |
-------------------------------------------------------------------
