Scheme evaluation results:
Order: 6, No. cycles: 14
-------------------------------------------------------------------
Vector a: -0.40002038738163930853, 0.52568659604750400671, 0.29093072208325143624, 0.23111171448245676485, -0.13430379138085485335, 0.05772971122322415743, 0.35435675249548687082, 0.07450868243057094664
Vector b: -0.02261766486572730842, 0.26452368155887479029, 0.31733004602037995223, 0.41580218376827676741, 0.07048069018072523895, -0.23319489952364552687, 0.18767596286111606907
-------------------------------------------------------------------
| Order |          Error^2           |         Efficiency         |
-------------------------------------------------------------------
|   2   | 8.96831017167882925391e-41 | 5.38751656651179712000e+17 |
|   4   | 1.03653390547451566478e-42 | 2.55679613408995760000e+16 |
|   6   | 3.26041431984139414374e-14 | 7.35521530288820724053e-01 |
|   8   | 2.25671870472972240196e-15 | 1.42638577901691432359e-02 |
-------------------------------------------------------------------

Scheme evaluation results:
Order: 6, No. cycles: 14
-------------------------------------------------------------------
Vector a: 0.13707672671808845966, 0.32253254663587910267, -0.14393458136890127652, -0.25193248356421582557, 0.58521992155493995913, -0.06473989374702679434, 0.32837199166904429415, 0.08740577210219201143
Vector b: 0.29489685452912844932, 0.35248382782096199239, -0.13346961155168340918, 0.01875228389352674371, -0.16306184224073216882, 0.38611918580489401620, 0.24427930174390435902
-------------------------------------------------------------------
| Order |          Error^2           |         Efficiency         |
-------------------------------------------------------------------
|   2   | 1.95509161742598477735e-41 | 1.15387927187242496000e+18 |
|   4   | 2.33239560800314278875e-43 | 5.38997498734292240000e+16 |
|   6   | 7.81101902029879170484e-13 | 1.50271955606783608195e-01 |
|   8   | 1.64288410816916631702e-13 | 1.67175353516273010081e-03 |
-------------------------------------------------------------------

Scheme evaluation results:
Order: 6, No. cycles: 14
-------------------------------------------------------------------
Vector a: 0.44110929418470251617, 0.25336826135928669501, -0.75591788044020014059, 0.33657773438312110770, 0.35762075177994984143, -0.12683269921634304778, 0.41893415358468832910, 0.07514038436479465732
Vector b: 0.59801080537479056609, -0.27666478886704753970, -0.23434243068464402637, 0.31882627321228862449, -0.09738188771778576169, 0.37600833539287470408, 0.31554369328952347473
-------------------------------------------------------------------
| Order |          Error^2           |         Efficiency         |
-------------------------------------------------------------------
|   2   | 2.38860179450459602583e-37 | 1.04393161818164800000e+16 |
|   4   | 1.63856215735309162741e-37 | 6.43067256672830546875e+13 |
|   6   | 8.34351037122585184971e-11 | 1.45397647859254446762e-02 |
|   8   | 1.42992299132278197818e-11 | 1.79192319055643207787e-04 |
-------------------------------------------------------------------
