Scheme evaluation results:
Order: 6, No. cycles: 8
---------------------------------------------------------------------------------------------------
Vector a: 0.000000000000000000000000000000000069, 0.137506336505040211937834047274546752, -0.942106770819512873261622497985781186, 1.020086823836915397504290816844884388, 0.784513610477557263819497633866349998
Vector b: 1.315186320683911218884249728238863725, -2.355359968357742013892831361928633078, 0.471146426718716267369586365957069405, 1.569027220955114527638995267732699996
---------------------------------------------------------------------------------------------------
Invalid scheme mimicking the one at 7 cycles - An extra cycle in this region of 6th order
does not introduce another degree of freedom, which results in abnormal schemes. In this case,
we find the same scheme as the one at 7 cycles, because the first scheme parameter a1 = 0.0, which
decomposes down to the scheme at 7 cycles. This should not be used!
---------------------------------------------------------------------------------------------------
| Order |                  Error^2                   |                 Efficiency                 |
---------------------------------------------------------------------------------------------------
|   2   | 3.712828422318952070678738909263994630e-70 | 8.109005332397754627301110454081627500e+32 |
|   4   | 5.491774128858777715061682694962225289e-72 | 1.041798477982124509907762928257338438e+32 |
|   6   | 3.653938776587029062965820112559719816e-06 | 1.995627339030743240632572385540946282e-03 |
|   8   | 5.575927423713678591627643865350562770e-07 | 7.982180567765598112767535473900936975e-05 |
---------------------------------------------------------------------------------------------------
Distance from the origin: x = 1.6912255964446534
---------------------------------------------------------------------------------------------------
