Scheme evaluation results:
Order: 6, No. cycles: 9
-----------------------------------------------------------
Vector a: -0.0428423981443318, 0.8964445532016549, 0.2119459069065023, -0.2559005710473735, 0.1903525090835481
Vector b: -0.8758390467655499, 1.3154585241018264, -0.8214510672359024, 0.0492378019042102, 1.3325937879954157
-----------------------------------------------------------
| Order |        Error^2         |       Efficiency       |
-----------------------------------------------------------
|   2   | 3.5208406795829155e-34 | 6.5794833831039538e+14 |
|   4   | 4.9914428871791383e-36 | 6.8220815900542227e+13 |
|   6   | 1.5413879179927896e-10 | 1.5156152557818392e-01 |
|   8   | 1.6812159045149741e-11 | 5.6656296154384998e-03 |
-----------------------------------------------------------

Scheme evaluation results:
Order: 6, No. cycles: 9
-----------------------------------------------------------
Vector a: 0.2017322087480016, -0.2321807842533392, 0.8667073032141288, -0.0291965613050035, 0.1929378335962124
Vector b: -1.5974389706180852, 0.0457790077234980, 2.0132136726999588, -0.4400396312754104, 0.9784859214700387
-----------------------------------------------------------
| Order |        Error^2         |       Efficiency       |
-----------------------------------------------------------
|   2   | 3.1296361596292583e-34 | 6.9785959753455212e+14 |
|   4   | 1.9226679475637040e-36 | 1.0992027825007127e+14 |
|   6   | 3.4558693854178549e-10 | 1.0121998844279434e-01 |
|   8   | 8.4684200604447414e-11 | 2.5244032367809717e-03 |
-----------------------------------------------------------

Scheme evaluation results:
Order: 6, No. cycles: 9
-----------------------------------------------------------
Vector a: 0.8563675529923278, -0.0226704439758761, -2.8435633903888107, 2.7334887164072121, 0.2763775649651467
Vector b: 0.3445090897493776, 1.0608850900229483, -1.3972982304026531, 0.0020251036811558, 0.9898789469491714
-----------------------------------------------------------
| Order |        Error^2         |       Efficiency       |
-----------------------------------------------------------
|   2   | 3.1296361596292583e-34 | 6.9785959753455212e+14 |
|   4   | 6.5633727078162423e-35 | 1.8813362724367801e+13 |
|   6   | 7.4919727957973532e-10 | 6.8745907204075404e-02 |
|   8   | 1.1177045121921579e-10 | 2.1973357539307832e-03 |
-----------------------------------------------------------

Scheme evaluation results:
Order: 6, No. cycles: 9
-----------------------------------------------------------
Vector a: 1.5693787554106815, 0.1169789402457202, -2.9195153343739619, 2.0680547275165235, 0.1651029112010367
Vector b: 0.4274137274349998, -0.2165332724578689, 0.1506805441174087, -0.0083626732538621, 0.6468016741593224
-----------------------------------------------------------
| Order |        Error^2         |       Efficiency       |
-----------------------------------------------------------
|   2   | 2.2780140123455274e-33 | 2.5866447426952962e+14 |
|   4   | 2.8118486087241455e-34 | 9.0893744475124512e+12 |
|   6   | 9.0547998310154584e-10 | 6.2532460339002005e-02 |
|   8   | 4.3952182869739798e-11 | 3.5040452025072084e-03 |
-----------------------------------------------------------

Scheme evaluation results:
Order: 6, No. cycles: 9
-----------------------------------------------------------
Vector a: -0.0773447821955064, 0.9818560215100915, -2.9308731374504218, 2.8424280764917249, 0.1839338216441116
Vector b: -0.7145624741585902, 1.1528233465198650, -0.3562796545659687, 0.0019057943092406, 0.9161129878954533
-----------------------------------------------------------
| Order |        Error^2         |       Efficiency       |
-----------------------------------------------------------
|   2   | 7.8240903990731457e-35 | 1.3957191950691042e+15 |
|   4   | 4.2148819316671646e-35 | 2.3476711090099039e+13 |
|   6   | 1.2185472094159562e-09 | 5.3904343809879303e-02 |
|   8   | 1.2116637420707207e-10 | 2.1104198757835248e-03 |
-----------------------------------------------------------

Scheme evaluation results:
Order: 6, No. cycles: 9
-----------------------------------------------------------
Vector a: -0.0331220289505498, 0.7996822350857234, -0.5589464010090909, 0.0225050396677975, 0.7698811552061198
Vector b: -1.3107954921558780, 1.7985190154392252, 0.5816587257206809, 0.6858846993672411, -0.7552669483712692
-----------------------------------------------------------
| Order |        Error^2         |       Efficiency       |
-----------------------------------------------------------
|   2   | 2.6782463289134999e-34 | 7.5437922882530912e+14 |
|   4   | 6.2536299463745695e-36 | 6.0948619461871398e+13 |
|   6   | 1.8814682568615628e-09 | 4.3380694006526332e-02 |
|   8   | 1.1891412815582414e-10 | 2.1303119150963023e-03 |
-----------------------------------------------------------

Scheme evaluation results:
Order: 6, No. cycles: 9
-----------------------------------------------------------
Vector a: -0.0289270391260486, 0.7790147723760634, -0.3025874558379679, 0.2864441248932229, 0.2660555976947302
Vector b: -1.2411853319433221, 1.6838503204812643, 1.7106611682854513, 0.0274230547738878, -1.1807492115972813
-----------------------------------------------------------
| Order |        Error^2         |       Efficiency       |
-----------------------------------------------------------
|   2   | 2.4074124304840448e-35 | 2.5161685619854905e+15 |
|   4   | 9.1359420945908185e-35 | 1.5946056300229539e+13 |
|   6   | 3.1474048422829182e-09 | 3.3540430998476131e-02 |
|   8   | 7.3583970699558338e-11 | 2.7081225584668234e-03 |
-----------------------------------------------------------

Scheme evaluation results:
Order: 6, No. cycles: 9
-----------------------------------------------------------
Vector a: -0.1602390623532132, 0.1602390623532134, 0.7231843237389735, -0.7231843237389742, 1.0000000000000004
Vector b: 0.8448224269011932, -2.0101229785088122, 1.5204641924505709, 0.7360413657920439, -0.0912050066349957
-----------------------------------------------------------
| Order |        Error^2         |       Efficiency       |
-----------------------------------------------------------
|   2   | 2.7818988085593346e-34 | 7.4019188059919575e+14 |
|   4   | 1.6906801465530431e-35 | 3.7068006954734289e+13 |
|   6   | 1.4730846297090975e-08 | 1.5503547861715677e-02 |
|   8   | 1.2666490379444554e-09 | 6.5272729767860234e-04 |
-----------------------------------------------------------

Scheme evaluation results:
Order: 6, No. cycles: 9
-----------------------------------------------------------
Vector a: 0.1021681679766146, -0.7567395752788785, 0.6624659973969211, 0.7770254761908665, 0.2150799337144762
Vector b: 0.9594281981760293, -1.7145200603988291, 0.2010409098410686, 1.1238910849527777, 0.4301598674289535
-----------------------------------------------------------
| Order |        Error^2         |       Efficiency       |
-----------------------------------------------------------
|   2   | 1.2037062152420224e-34 | 1.1252647894894898e+15 |
|   4   | 6.4946062882931385e-37 | 1.8912700619108553e+14 |
|   6   | 1.7895100712730458e-08 | 1.4066235037232687e-02 |
|   8   | 1.2525138107255551e-09 | 6.5640013673473011e-04 |
-----------------------------------------------------------

Scheme evaluation results:
Order: 6, No. cycles: 9
-----------------------------------------------------------
Vector a: 0.7599148498813461, -0.3303195499301358, 0.2147157545342124, -0.2181370304973812, 0.5738259760119585
Vector b: 0.4496464522118021, 0.6147832927486351, -4.5477049552618825, 0.0142645582975729, 4.4690106520038722
-----------------------------------------------------------
| Order |        Error^2         |       Efficiency       |
-----------------------------------------------------------
|   2   | 1.0207428705252350e-32 | 1.2219594757821573e+14 |
|   4   | 8.6890191424081848e-34 | 5.1706433774917021e+12 |
|   6   | 1.8401362052401690e-08 | 1.3871389231626159e-02 |
|   8   | 2.8736745446820660e-09 | 4.3335232803355612e-04 |
-----------------------------------------------------------

Scheme evaluation results:
Order: 6, No. cycles: 9
-----------------------------------------------------------
Vector a: 0.2796166425277750, -0.1759737682277951, -0.5034477489664103, 1.1226197382056575, 0.2771851364607729
Vector b: 1.9636601434690373, 0.2378827292129048, -1.5274578674228445, -0.4436193672900807, 0.7695343620309832
-----------------------------------------------------------
| Order |        Error^2         |       Efficiency       |
-----------------------------------------------------------
|   2   | 4.0926011318228762e-34 | 6.1026051487792200e+14 |
|   4   | 1.7844004245482324e-35 | 3.6081435140521289e+13 |
|   6   | 2.5413362142465999e-08 | 1.1803583611887979e-02 |
|   8   | 2.4158233916008183e-09 | 4.7263658256797316e-04 |
-----------------------------------------------------------

Scheme evaluation results:
Order: 6, No. cycles: 9
-----------------------------------------------------------
Vector a: 1.7964660279659752, -5.4610592893347061, 5.6922175247604754, -1.1956415951978008, 0.1680173318060563
Vector b: 0.4007676782030768, -0.1775639004083579, -0.0007900942677383, 0.1107766162788468, 0.6668097001941725
-----------------------------------------------------------
| Order |        Error^2         |       Efficiency       |
-----------------------------------------------------------
|   2   | 1.1224560457131859e-33 | 3.6849390542318281e+14 |
|   4   | 2.2387738068631717e-32 | 1.0186496813850494e+12 |
|   6   | 2.7848479909401534e-08 | 1.1275717747429097e-02 |
|   8   | 3.4036558950043917e-09 | 3.9818702188954339e-04 |
-----------------------------------------------------------

Scheme evaluation results:
Order: 6, No. cycles: 9
-----------------------------------------------------------
Vector a: 0.8806035205711406, -0.6394033617246888, -0.3484766505558962, 0.7359815643613768, 0.3712949273480676
Vector b: 0.8068435947266240, 0.1475198516890331, -1.4263265751384107, 0.7293732740266184, 0.7425898546961353
-----------------------------------------------------------
| Order |        Error^2         |       Efficiency       |
-----------------------------------------------------------
|   2   | 2.4074124304840448e-34 | 7.9568236327847112e+14 |
|   4   | 1.6692019781676483e-36 | 1.1797106956201022e+14 |
|   6   | 3.5304609052818078e-08 | 1.0014499288335952e-02 |
|   8   | 9.9200020006851842e-10 | 7.3757135992642896e-04 |
-----------------------------------------------------------

Scheme evaluation results:
Order: 6, No. cycles: 9
-----------------------------------------------------------
Vector a: 0.6642100840316459, -0.0149382281090766, -0.6773533819383144, 0.8228184859138050, 0.2052630401019400
Vector b: -2.6437659604077806, -0.8504834399566493, 0.9086389320508893, 3.0740882482978327, 0.5115222200157079
-----------------------------------------------------------
| Order |        Error^2         |       Efficiency       |
-----------------------------------------------------------
|   2   | 1.9367633003244141e-32 | 8.8710843267708984e+13 |
|   4   | 6.0785694501783604e-34 | 6.1820038431555703e+12 |
|   6   | 3.6995476685731015e-08 | 9.7829679240002305e-03 |
|   8   | 7.1587750709358566e-08 | 8.6824155126643933e-05 |
-----------------------------------------------------------

Scheme evaluation results:
Order: 6, No. cycles: 9
-----------------------------------------------------------
Vector a: 0.8896391686632764, -3.0214097664675346, -0.0000991692026508, 2.9009709045209355, 0.2308988624859737
Vector b: 0.3424910456797739, -0.3302528316388315, -4.5791770183618805, 4.5813273201436813, 0.9856114841772562
-----------------------------------------------------------
| Order |        Error^2         |       Efficiency       |
-----------------------------------------------------------
|   2   | 2.3967295378237719e-31 | 2.5217699600443613e+13 |
|   4   | 8.9761938816820082e-31 | 1.6087325530754205e+11 |
|   6   | 5.4078673830185226e-08 | 8.0915538161922124e-03 |
|   8   | 4.4733491112938134e-08 | 1.0983570147362935e-04 |
-----------------------------------------------------------

Scheme evaluation results:
Order: 6, No. cycles: 9
-----------------------------------------------------------
Vector a: -0.6144772900624825, -0.1394388179554936, 0.0000944210646749, 1.2307131665622340, 0.5231085203910674
Vector b: 0.1776549051830399, -1.4257967131017322, 4.7509570693166410, -3.6954845190253280, 1.1926692576273796
-----------------------------------------------------------
| Order |        Error^2         |       Efficiency       |
-----------------------------------------------------------
|   2   | 1.2325951644078309e-32 | 1.1119999079927150e+14 |
|   4   | 6.7379253904528962e-32 | 5.8717406296666577e+11 |
|   6   | 9.2537059361560718e-08 | 6.1856749723473792e-03 |
|   8   | 5.2687380679837805e-08 | 1.0120608385659199e-04 |
-----------------------------------------------------------

Scheme evaluation results:
Order: 6, No. cycles: 9
-----------------------------------------------------------
Vector a: -0.6117915464298361, 0.0002201766284594, -0.1412572683364393, 1.2279443996789934, 0.5248842384588228
Vector b: 0.1801694994993231, 2.6632847745463777, -4.0893325672870802, 1.0527729629154512, 1.1931053303259280
-----------------------------------------------------------
| Order |        Error^2         |       Efficiency       |
-----------------------------------------------------------
|   2   | 6.2713093814109367e-33 | 1.5589632157282956e+14 |
|   4   | 7.6973721080545031e-33 | 1.7372356033746841e+12 |
|   6   | 9.3166231180413273e-08 | 6.1647529857237040e-03 |
|   8   | 5.4386683928718797e-08 | 9.9612452926709302e-05 |
-----------------------------------------------------------

Scheme evaluation results:
Order: 6, No. cycles: 9
-----------------------------------------------------------
Vector a: -0.6062004586505852, -0.1446336120608094, 1.2221598974859869, 0.0006353582188780, 0.5280388150065298
Vector b: 0.1853794386474918, -1.4270715369381237, 1.0475576680292993, -2.0011412181907766, 3.1952756484521094
-----------------------------------------------------------
| Order |        Error^2         |       Efficiency       |
-----------------------------------------------------------
|   2   | 4.4537129963954829e-34 | 5.8499730802448912e+14 |
|   4   | 1.6502294993453765e-33 | 3.7519564530700205e+12 |
|   6   | 1.0163259228906705e-07 | 5.9023973356766898e-03 |
|   8   | 5.7415778528855203e-08 | 9.6949214674485839e-05 |
-----------------------------------------------------------

Scheme evaluation results:
Order: 6, No. cycles: 9
-----------------------------------------------------------
Vector a: -0.4673840102650641, 0.1037030052093869, 1.0824573823700157, -0.4758398826694841, 0.7570635053551455
Vector b: 0.2297249851675804, -1.6957546718043455, 1.7410227838226484, 0.9411804449047715, -0.2161735420906548
-----------------------------------------------------------
| Order |        Error^2         |       Efficiency       |
-----------------------------------------------------------
|   2   | 4.3634350302523312e-34 | 5.9101802212204612e+14 |
|   4   | 3.3290000015287182e-35 | 2.6416365478944723e+13 |
|   6   | 1.4513982271229934e-07 | 4.9391435575891016e-03 |
|   8   | 2.9107765154989843e-08 | 1.3616186563967551e-04 |
-----------------------------------------------------------

Scheme evaluation results:
Order: 6, No. cycles: 9
-----------------------------------------------------------
Vector a: 0.7767615482078235, -1.1196801632231528, 0.3429186150153292, -0.3512071919596576, 1.3512071919596575
Vector b: 0.5057114341522467, 0.5421002281111537, -2.7814605545574591, 0.0312345083747436, 2.7024143839193151
-----------------------------------------------------------
| Order |        Error^2         |       Efficiency       |
-----------------------------------------------------------
|   2   | 2.4074124304840448e-34 | 7.9568236327847112e+14 |
|   4   | 5.9291935055476182e-35 | 1.9793935471392504e+13 |
|   6   | 1.4761242466826216e-07 | 4.8976019636078200e-03 |
|   8   | 1.6474211290034494e-08 | 1.8099126215176747e-04 |
-----------------------------------------------------------

Scheme evaluation results:
Order: 6, No. cycles: 9
-----------------------------------------------------------
Vector a: 0.7800416997557436, -1.0612663363110633, 0.0045771165264853, -0.0238329476489276, 1.3004804676777622
Vector b: 0.5332566985752124, 0.5351717186052081, -3.7107963345556194, 2.0129237144265133, 1.6294442029486857
-----------------------------------------------------------
| Order |        Error^2         |       Efficiency       |
-----------------------------------------------------------
|   2   | 7.7037197775489434e-34 | 4.4479996319708600e+14 |
|   4   | 2.0110357353867695e-34 | 1.0747812175789211e+13 |
|   6   | 2.7447040804788774e-07 | 3.5916762208691271e-03 |
|   8   | 4.5749918443430810e-08 | 1.0860873675622925e-04 |
-----------------------------------------------------------

Scheme evaluation results:
Order: 6, No. cycles: 9
-----------------------------------------------------------
Vector a: 0.7804691314140254, -1.0550100192075198, -0.0248314454909524, 0.0044945235650859, 1.2948778097193610
Vector b: 0.5357406546063621, 0.5346373583741993, -1.6687662103633001, -2.0729328402580087, 3.6713210376407472
-----------------------------------------------------------
| Order |        Error^2         |       Efficiency       |
-----------------------------------------------------------
|   2   | 9.6296497219361793e-34 | 3.9784118163923556e+14 |
|   4   | 6.9072048054317614e-35 | 1.8339132804945188e+13 |
|   6   | 2.8583457513627732e-07 | 3.5195534332457456e-03 |
|   8   | 4.9468754465775661e-08 | 1.0444663113104566e-04 |
-----------------------------------------------------------

Scheme evaluation results:
Order: 6, No. cycles: 9
-----------------------------------------------------------
Vector a: -8.3507213034705021, 8.3081433671340434, 3.8526379205990025, -2.9932628924740969, 0.1832029082115518
Vector b: -0.8087969698493743, 0.0001429775765539, 1.2541146632652314, -0.0035290894282564, 0.5580684184358455
-----------------------------------------------------------
| Order |        Error^2         |       Efficiency       |
-----------------------------------------------------------
|   2   | 1.7624666403573692e-31 | 2.9407257769070113e+13 |
|   4   | 2.5318859103568384e-29 | 3.0290601413927975e+10 |
|   6   | 9.0347336627907963e-07 | 1.9796447666581111e-03 |
|   8   | 1.4965306958043077e-07 | 6.0050566653235466e-05 |
-----------------------------------------------------------

Scheme evaluation results:
Order: 6, No. cycles: 9
-----------------------------------------------------------
Vector a: -0.9807657785263455, 3.7157479672827591, -3.8364718552982549, 1.3560683005293841, 0.7454213660124571
Vector b: -0.9052695817520945, 0.9147921326929688, 0.0027992055194407, -0.5499117597631475, 1.5375900033028325
-----------------------------------------------------------
| Order |        Error^2         |       Efficiency       |
-----------------------------------------------------------
|   2   | 1.3120397746138044e-33 | 3.4083287713245575e+14 |
|   4   | 2.5993706579733244e-34 | 9.4535702564853652e+12 |
|   6   | 2.5270400929471491e-06 | 1.1836924491013940e-03 |
|   8   | 5.6331152594206968e-07 | 3.0951778284572771e-05 |
-----------------------------------------------------------

Scheme evaluation results:
Order: 6, No. cycles: 9
-----------------------------------------------------------
Vector a: 1.4245305726352913, -1.3228137203814945, -1.0685097745005487, 1.0982988218530401, 0.8684941003937118
Vector b: 1.4490297970569088, -0.0489984488432348, -2.5966289919197543, 0.4596094429186567, 1.7369882007874236
-----------------------------------------------------------
| Order |        Error^2         |       Efficiency       |
-----------------------------------------------------------
|   2   | 7.5231638452626401e-35 | 1.4233598822306752e+15 |
|   4   | 3.9358195727819536e-34 | 7.6826734087153105e+12 |
|   6   | 2.7925779056688337e-06 | 1.1260101220572113e-03 |
|   8   | 5.5688423243561157e-07 | 3.1129881231366707e-05 |
-----------------------------------------------------------

Scheme evaluation results:
Order: 6, No. cycles: 9
-----------------------------------------------------------
Vector a: -0.1074826147514241, 0.3075122484522477, -0.9937787864635431, 1.0224283248706563, 0.7713208278920632
Vector b: -1.6598811466458081, 3.1047970637887681, -2.4897725668842727, 0.5022149939571862, 1.5426416557841265
-----------------------------------------------------------
| Order |        Error^2         |       Efficiency       |
-----------------------------------------------------------
|   2   | 2.0463005659114381e-34 | 8.6303869672114525e+14 |
|   4   | 4.1800579115240544e-35 | 2.3574300379036508e+13 |
|   6   | 3.0097714476855400e-06 | 1.0846214385065135e-03 |
|   8   | 6.5395569272009215e-07 | 2.8726701532652657e-05 |
-----------------------------------------------------------

Scheme evaluation results:
Order: 6, No. cycles: 9
-----------------------------------------------------------
Vector a: 0.1318569229125210, -1.0289185252959685, 0.2362447077394928, 0.8903562068567324, 0.7704606877872222
Vector b: 1.2771246368784721, -2.2905354279319021, 0.2326983773399651, 0.2397910381390205, 1.5409213755744444
-----------------------------------------------------------
| Order |        Error^2         |       Efficiency       |
-----------------------------------------------------------
|   2   | 5.5671412454943536e-34 | 5.2323749895885631e+14 |
|   4   | 4.0554555103368919e-36 | 7.5685056860112344e+13 |
|   6   | 3.2225595694730383e-06 | 1.0482007504996470e-03 |
|   8   | 5.2967588110654579e-07 | 3.1919407824663841e-05 |
-----------------------------------------------------------

Scheme evaluation results:
Order: 6, No. cycles: 9
-----------------------------------------------------------
Vector a: 0.0669492134103000, 0.0869167287348087, -0.9586831554995630, 1.0203327988527275, 0.7844844145017268
Vector b: -1.2144990551750725, 2.5628965371707446, -2.3890630797011276, 0.4716967687020014, 1.5689688290034536
-----------------------------------------------------------
| Order |        Error^2         |       Efficiency       |
-----------------------------------------------------------
|   2   | 9.5453902868692377e-33 | 1.2636247859144480e+14 |
|   4   | 1.2268634539532215e-34 | 1.3760424992252611e+13 |
|   6   | 3.6402948167730204e-06 | 9.8622649278960165e-04 |
|   8   | 5.5795459782615320e-07 | 3.1100007525533775e-05 |
-----------------------------------------------------------

Scheme evaluation results:
Order: 6, No. cycles: 9
-----------------------------------------------------------
Vector a: -0.8200726833223138, 1.0088188288188691, -0.6262932089918453, 0.0194532228989239, 1.4180938405963661
Vector b: -1.0565441034355860, 0.4729428402265445, 1.5446948174111939, -2.7972812353948844, 2.8361876811927322
-----------------------------------------------------------
| Order |        Error^2         |       Efficiency       |
-----------------------------------------------------------
|   2   | 2.1666711874356403e-33 | 2.6522745442615709e+14 |
|   4   | 1.7345594640733674e-34 | 1.1572717874286143e+13 |
|   6   | 4.4371741778353594e-06 | 8.9328842158939838e-04 |
|   8   | 5.8966835067251781e-07 | 3.0252133988818827e-05 |
-----------------------------------------------------------

Scheme evaluation results:
Order: 6, No. cycles: 9
-----------------------------------------------------------
Vector a: -0.7161183494938695, 0.9484764699796524, -0.7603316714653227, 0.2362120107925316, 1.2917615401870082
Vector b: -1.3693769615443678, 1.3065172241009968, 0.5904357158583080, -2.1110990587889531, 2.5835230803740163
-----------------------------------------------------------
| Order |        Error^2         |       Efficiency       |
-----------------------------------------------------------
|   2   | 6.9814960484037300e-33 | 1.4775450553051153e+14 |
|   4   | 5.2873735899986492e-34 | 6.6284191526103301e+12 |
|   6   | 5.6631884686223663e-06 | 7.9070491042960848e-04 |
|   8   | 1.0380548768990881e-06 | 2.2800783345396689e-05 |
-----------------------------------------------------------

Scheme evaluation results:
Order: 6, No. cycles: 9
-----------------------------------------------------------
Vector a: -0.7478558123859267, 0.9083259990322305, -0.3463570986358239, 0.1265843641081884, 1.0593025478813318
Vector b: -1.0698207262808377, 0.6439298277898221, 1.1727221702746389, -1.8654363675462868, 2.1186050957626636
-----------------------------------------------------------
| Order |        Error^2         |       Efficiency       |
-----------------------------------------------------------
|   2   | 1.9026081364669217e-33 | 2.8303510606822444e+14 |
|   4   | 2.2435044369412621e-35 | 3.2178551884267516e+13 |
|   6   | 5.6748134178835588e-06 | 7.8989460918646231e-04 |
|   8   | 8.4190753952469188e-07 | 2.5317902619490637e-05 |
-----------------------------------------------------------

Scheme evaluation results:
Order: 6, No. cycles: 9
-----------------------------------------------------------
Vector a: -0.6325914893736413, 0.6325914893736413, -0.3187319391475962, 0.3187319391475962, 1.0000000000000000
Vector b: -1.3278162387430323, 1.3904494987387819, 0.7166046073060413, -2.1959396128987740, 2.4167017455969835
-----------------------------------------------------------
| Order |        Error^2         |       Efficiency       |
-----------------------------------------------------------
|   2   | 9.6296497219361793e-34 | 3.9784118163923556e+14 |
|   4   | 4.1424420922977412e-35 | 2.3681092773369574e+13 |
|   6   | 5.7981322380656178e-06 | 7.8144944185393509e-04 |
|   8   | 7.7597307071231881e-07 | 2.6371607272452961e-05 |
-----------------------------------------------------------

Scheme evaluation results:
Order: 6, No. cycles: 9
-----------------------------------------------------------
Vector a: 0.8830559143211117, -1.6765884356700607, 0.8299544087246682, -0.9341511851683882, 1.8977292977926690
Vector b: -1.4020805539919048, 0.3945330594475992, 0.5281884822698842, 1.8632535346091772, -0.3838945223347558
-----------------------------------------------------------
| Order |        Error^2         |       Efficiency       |
-----------------------------------------------------------
|   2   | 3.8518598887744717e-33 | 1.9892059081961778e+14 |
|   4   | 4.8007189287582222e-34 | 6.9562762795246914e+12 |
|   6   | 1.7135956122757588e-05 | 4.5455953554772498e-04 |
|   8   | 2.5194677706202097e-05 | 4.6281296963668423e-06 |
-----------------------------------------------------------

Scheme evaluation results:
Order: 6, No. cycles: 9
-----------------------------------------------------------
Vector a: 0.9289036566692724, -1.8957451469774378, 1.5088116431297196, -1.7106336437230127, 2.1686634909014586
Vector b: -0.2926718808481996, -0.7534397519440549, 0.1818305739104949, 1.6162708933836798, 0.2480101654980797
-----------------------------------------------------------
| Order |        Error^2         |       Efficiency       |
-----------------------------------------------------------
|   2   | 1.3096323621833204e-32 | 1.0787983709014316e+14 |
|   4   | 1.1420162717108688e-33 | 4.5101793925651611e+12 |
|   6   | 2.2249482269878529e-05 | 3.9891924508826259e-04 |
|   8   | 5.8976149696512917e-06 | 9.5658092522525955e-06 |
-----------------------------------------------------------

Scheme evaluation results:
Order: 6, No. cycles: 9
-----------------------------------------------------------
Vector a: -0.1797001959488019, 2.8462493513256115, -2.3179889994734020, -0.8337586744317728, 1.4851985185283649
Vector b: -3.0249813537876760, 5.6905623156777470, 0.0019363869734764, -4.6379143859202783, 2.9703970370567303
-----------------------------------------------------------
| Order |        Error^2         |       Efficiency       |
-----------------------------------------------------------
|   2   | 2.7622650227373930e-31 | 2.3489961719415008e+13 |
|   4   | 1.3482097357886062e-31 | 4.1509856570330310e+11 |
|   6   | 4.6967918542549089e-05 | 2.7456443813582361e-04 |
|   8   | 5.1651822502646024e-04 | 1.0221558052413422e-06 |
-----------------------------------------------------------

Scheme evaluation results:
Order: 6, No. cycles: 9
-----------------------------------------------------------
Vector a: -2.9867743207819397, 2.8155053757365871, 0.5109475180570312, -0.8218156198670905, 1.4821370468554118
Vector b: -2.9873795117389985, 0.0012103819141168, 5.6298003695590602, -4.6079053334450011, 2.9642740937108227
-----------------------------------------------------------
| Order |        Error^2         |       Efficiency       |
-----------------------------------------------------------
|   2   | 6.6641990900659329e-31 | 1.5123106119959615e+13 |
|   4   | 9.9188293256000476e-31 | 1.5303816637509729e+11 |
|   6   | 1.1117178387225107e-04 | 1.7846278091492227e-04 |
|   8   | 2.5970307766083541e-04 | 1.4415223368578163e-06 |
-----------------------------------------------------------

Scheme evaluation results:
Order: 6, No. cycles: 9
-----------------------------------------------------------
Vector a: 0.3429186150153292, -1.1196801632231528, 0.7767615482078235, -0.3512071919596577, 1.3512071919596575
Vector b: 1.7336488922940589, -2.7814605545574591, 0.5421002281111537, -1.1967029497670685, 2.7024143839193151
-----------------------------------------------------------
| Order |        Error^2         |       Efficiency       |
-----------------------------------------------------------
|   2   | 9.2926119816684130e-33 | 1.2806960777668088e+14 |
|   4   | 2.2257750433949850e-33 | 3.2306456683873296e+12 |
|   6   | 3.7052341170480793e-04 | 9.7754580471966934e-05 |
|   8   | 1.3604435647018729e-04 | 1.9916804442056784e-06 |
-----------------------------------------------------------

Scheme evaluation results:
Order: 6, No. cycles: 9
-----------------------------------------------------------
Vector a: 0.7471493778110697, 0.1760267135994323, -1.6879061155836019, -0.1653414222369457, 1.9300714464100457
Vector b: 0.5070045908320058, -3.3868105827715755, 1.8334181225402766, 3.9567746507124388, -1.9103867813131457
-----------------------------------------------------------
| Order |        Error^2         |       Efficiency       |
-----------------------------------------------------------
|   2   | 2.8503763176931091e-32 | 7.3124663503061141e+13 |
|   4   | 2.7280872893883648e-33 | 2.9181044385622183e+12 |
|   6   | 3.8161998340873886e-04 | 9.6322864460250402e-05 |
|   8   | 4.6599985729510961e-04 | 1.0761356841607050e-06 |
-----------------------------------------------------------

Scheme evaluation results:
Order: 6, No. cycles: 9
-----------------------------------------------------------
Vector a: -0.8571466517561885, 0.0310348174393322, 0.7781153248278799, -0.9079504993316658, 1.9559470088206423
Vector b: 6.1761995196431041, -3.5575560123787899, 3.7047464839848772, -5.7962102061443472, 0.4728202148951555
-----------------------------------------------------------
| Order |        Error^2         |       Efficiency       |
-----------------------------------------------------------
|   2   | 1.0014835710813626e-31 | 3.9011537470947578e+13 |
|   4   | 1.2113498555033008e-30 | 1.3848258645901462e+11 |
|   6   | 1.1183290054648279e-02 | 1.7793449448063894e-05 |
|   8   | 1.7922888891860177e-02 | 1.7352254880378012e-07 |
-----------------------------------------------------------

