Scheme evaluation results:
Order: 4, No. cycles: 5
---------------------------------------------------------------------------------------------------
Vector a: -0.110586923664170410231066289230298307, 0.925420795036839598885534084359720871, 0.185166128627330811345532204870577412
Vector b: 0.827063260350685078858418891651778681, -0.335281490166872868204256495298486670, 0.508218229816187789345837603646707990
---------------------------------------------------------------------------------------------------
Highest efficiency scheme - Improved efficiency over the schemes at 4 cycles. A good choice for a
fourth order scheme (especially in global grouping of operators).
---------------------------------------------------------------------------------------------------
| Order |                  Error^2                   |                 Efficiency                 |
---------------------------------------------------------------------------------------------------
|   2   | 1.131959884853339045938639911360973973e-71 | 1.188897662468350327804448979999676400e+34 |
|   4   | 2.311121635438115932350261171146134126e-08 | 1.052467226810987431398133506255106745e+01 |
|   6   | 4.827361421029333073814871701076757616e-10 | 2.912896584545696297347720425505712310e+00 |
|   8   | 5.205377585952809886131942290438645915e-11 | 3.548247018080856448657046528475567580e-01 |
---------------------------------------------------------------------------------------------------
Distance from the origin: x = 0.9655875679622462
-------------------------------------------------------------------

Scheme evaluation results:
Order: 4, No. cycles: 5
---------------------------------------------------------------------------------------------------
Vector a: 0.934334439154503988362704853143260026, -0.137532736252613549222526365023922977, 0.203198297098109560859821511880662951
Vector b: 0.375609741055331702106576378663321343, -0.264976275533323027119145430052710533, 0.889366534477991325012569051389389239
---------------------------------------------------------------------------------------------------
2nd highest efficiency scheme - Slightly smaller efficiency, but also a smaller distance from
the origin. A slight compromise, which favours schemes based on efficiency (global grouping).
---------------------------------------------------------------------------------------------------
| Order |                  Error^2                   |                 Efficiency                 |
---------------------------------------------------------------------------------------------------
|   2   | 3.848663608501352756191375698627311507e-71 | 6.447702855469734847571757382008920000e+33 |
|   4   | 4.072929365766555969450241455339062742e-08 | 7.928052974969731542529529350661374393e+00 |
|   6   | 4.383403360553334824768302148080759997e-10 | 3.056850897382434574774006927543683084e+00 |
|   8   | 1.941381600496795070786016812470953798e-11 | 5.810112085971117016806212920958134594e-01 |
---------------------------------------------------------------------------------------------------
Distance from the origin: x = 0.8496633620844701
---------------------------------------------------------------------------------------------------

Scheme evaluation results:
Order: 4, No. cycles: 5
---------------------------------------------------------------------------------------------------
Vector a: 0.701905398528069178048839693441865535, -0.289413044505098650421178992141681786, 0.587507645977029472372339298699816251
Vector b: 0.412660472293053802363893723319665692, 0.723665647836540811396676257869230185, -0.136326120129594613760569981188895925
---------------------------------------------------------------------------------------------------
2nd best distance from origin - A slighty smaller efficiency, but even better distance to
the origin. A compromise favouring schemes based on uniformity (local grouping).
---------------------------------------------------------------------------------------------------
| Order |                  Error^2                   |                 Efficiency                 |
---------------------------------------------------------------------------------------------------
|   2   | 4.527839539413356183754559645443895890e-71 | 5.944488312341751639022244899998382000e+33 |
|   4   | 1.078702040195469951131413075766799417e-07 | 4.871573199648153092816961845776603972e+00 |
|   6   | 9.336000278174097493537141477525872441e-10 | 2.094592508925047883047573750493513029e+00 |
|   8   | 1.298350951362125428809438997102079437e-10 | 2.246693946062574536694820581073092653e-01 |
---------------------------------------------------------------------------------------------------
Distance from the origin: x = 0.7455780345276358
-------------------------------------------------------------------

Scheme evaluation results:
Order: 4, No. cycles: 5
---------------------------------------------------------------------------------------------------
Vector a: -0.243472315383127300000000000000000011, 0.828981543588751000020000000000000007, 0.414490771794375899999999999999999977
Vector b: -0.657963087177502899980000000000000009, 0.828981543588751000020000000000000007, 0.828981543588751000020000000000000007
---------------------------------------------------------------------------------------------------
Suzuki's scheme with the smallest distance from origin - An order smaller efficency than the best,
but much better uniformity. One of the schemes with the smallest distance from the origin.
Good choice if operator ordering favours uniformity (local).
Note: The precision here isn't truly quad, because the minimizer failed to pinpoint it further.
---------------------------------------------------------------------------------------------------
| Order |                  Error^2                   |                 Efficiency                 |
---------------------------------------------------------------------------------------------------
|   2   | 2.842791726728328497861350063005239053e-34 | 2.372397566586805478260408799980663453e+15 |
|   4   | 2.130275196695136762227647073236069308e-06 | 1.096231121301971860437980549778370735e+00 |
|   6   | 3.228898209196980124501534482463678840e-08 | 3.561662772317952520011106673658518683e-01 |
|   8   | 6.670986775494806445059239814133502641e-09 | 3.134331486247958472898146294101122753e-02 |
---------------------------------------------------------------------------------------------------
Distance from the origin: x = 0.6782793759576281
---------------------------------------------------------------------------------------------------
