Scheme evaluation results:
Order: 6, No. cycles: 8
-----------------------------------------------------------
Vector a: -0.0000000000000000, 0.1375063365050402, -0.9421067708195129, 1.0200868238369154, 0.7845136104775573
Vector b: 1.3151863206839112, -2.3553599683577420, 0.4711464267187163, 1.5690272209551146
-----------------------------------------------------------
| Order |        Error^2         |       Efficiency       |
-----------------------------------------------------------
|   2   | 2.1967638428166909e-34 | 1.0542129337990180e+15 |
|   4   | 1.3729774017604318e-35 | 6.5888308362438625e+13 |
|   6   | 3.6539387765870285e-06 | 1.9956273390307434e-03 |
|   8   | 5.5759274237136804e-07 | 7.9821805677655959e-05 |
-----------------------------------------------------------

Scheme evaluation results:
Order: 6, No. cycles: 8
-----------------------------------------------------------
Vector a: 0.0000000000000000, 0.2440675223063012, -2.1280245401306503, 1.4441088498475660, 1.4398481679767829
Vector b: 2.3763527443077530, -4.2645704440029037, 0.0085213637415841, 2.8796963359535663
-----------------------------------------------------------
| Order |        Error^2         |       Efficiency       |
-----------------------------------------------------------
|   2   | 1.1483357293408894e-31 | 4.6108987654481633e+13 |
|   4   | 2.7089784532213977e-32 | 1.4833282797721685e+12 |
|   6   | 6.7827090895415318e-04 | 1.4647330558780440e-04 |
|   8   | 5.4156442747828413e-04 | 2.5612680912791286e-06 |
-----------------------------------------------------------

Scheme evaluation results:
Order: 6, No. cycles: 8
-----------------------------------------------------------
Vector a: -0.0000000000000000, 2.3909766455279446, -2.1425064540211514, -0.6962527539060914, 1.4477825623992979
Vector b: 2.3894477832436838, 0.0030577245684985, -4.2880706326107783, 2.8955651247985958
-----------------------------------------------------------
| Order |        Error^2         |       Efficiency       |
-----------------------------------------------------------
|   2   | 1.0231502829557190e-31 | 4.8848396449870547e+13 |
|   4   | 4.6449753312290757e-32 | 1.1327872340785813e+12 |
|   6   | 7.4151140749041330e-04 | 1.4008807248104820e-04 |
|   8   | 5.9614418260803281e-04 | 2.4412061136309642e-06 |
-----------------------------------------------------------

