Scheme evaluation results:
Order: 8, No. cycles: 28
-------------------------------------------------------------------
Vector a: -0.00258963477909276768, 0.00776102071904586320, -0.02568200878672939613, 0.41521374515643039160, 0.21226755687779183535, 0.77596292391224785945, -1.18981051344569577211, 0.10975624095644548328, 0.33509608505189175665, -0.41066425618937596465, -0.00077153818962741674, 0.85440935944290874460, -0.81161684914930520840, 0.67034456717380397350, 0.06032330124926046921
Vector b: 0.95861901260335546926, -1.72888118723165407076, 1.01618745732085535849, 0.49741423473214035900, -0.00516240138755643362, 0.00057011651299721498, 0.09404833065863295316, -0.28612558705753909916, 0.26108901315267390997, 0.70213091880593547778, -0.70081760094849843146, -0.02234229083815876885, -0.01260454787263630069, 0.22587453154945241751
-------------------------------------------------------------------
| Order |          Error^2           |         Efficiency         |
-------------------------------------------------------------------
|   2   | 9.70012428168782172103e-40 | 4.09539021203541040000e+16 |
|   4   | 1.70863441833736918683e-42 | 1.24463869677970550000e+15 |
|   6   | 1.72576588929301454563e-43 | 4.99529190344958007812e+12 |
|   8   | 3.90225047160788811631e-16 | 1.33991786749618793347e-04 |
-------------------------------------------------------------------

Scheme evaluation results:
Order: 8, No. cycles: 28
-------------------------------------------------------------------
Vector a: 0.34970969012782515684, -0.00443823414380261488, 0.28668399671140526452, -0.41231709698565383038, -0.16556896161052594985, 0.00050639940783831936, 0.00224829307096316867, 0.81181450194663173914, -0.21297742291936461179, -0.49355754156535325272, -0.06517867584900699507, 0.00659243605181326475, 0.18872590414920747959, 0.65789141208018597773, 0.04986529952783692182
Vector b: 0.82386928040733753420, -0.92165500830973778879, 0.00860090198206007669, 0.56888742975385020451, -1.34295960839121697461, 0.77545332772620245709, 0.53959161590331738978, -0.01979312833181047157, 0.44330696579203932028, 0.11326021022913997094, -0.20912646255099251458, 0.16764198062052126925, -0.10426553580686052924, 0.15718803097615022257
-------------------------------------------------------------------
| Order |          Error^2           |         Efficiency         |
-------------------------------------------------------------------
|   2   | 1.55151765970043746093e-40 | 1.02401324903155568000e+17 |
|   4   | 4.41403542440191108524e-43 | 2.44878111609728050000e+15 |
|   6   | 7.29472285034094178119e-45 | 2.42967068509070351562e+13 |
|   8   | 3.97226863801528611761e-16 | 1.32805616902423079435e-04 |
-------------------------------------------------------------------

Scheme evaluation results:
Order: 8, No. cycles: 28
-------------------------------------------------------------------
Vector a: 0.19413892467279753040, 0.58536637794901780207, 0.03053941019146610286, -0.00124299325667121398, -0.47622634455195417269, -0.25982334443624793829, -0.05673093460549406136, 0.05811137152291476898, 0.74616229569578385039, -0.18756134554061695829, -0.32635156450766517056, 0.50424031122814250150, -0.37791445061341555345, 0.50317563681101307171, 0.06411664944092947127
Vector b: 0.41799581624260856438, -0.10160450730426208443, 0.56450108747787108854, -0.48367086290803634752, 0.09966949594093583997, 0.80763905274296932113, -0.00430575603839448637, -0.87142825383347854995, -0.02461571691480616067, 0.34057582781448197951, 0.02227574257479502176, 0.10605033411000013011, -0.01752418382165615851, 0.14444192391697180389
-------------------------------------------------------------------
| Order |          Error^2           |         Efficiency         |
-------------------------------------------------------------------
|   2   | 4.96830931045749622423e-37 | 1.80958765336382775000e+15 |
|   4   | 8.27239280040754486122e-37 | 1.78876093069357885742e+12 |
|   6   | 2.65478233983453395928e-37 | 4.02751671928088951111e+09 |
|   8   | 4.23603903504167973913e-16 | 1.28604383705034234836e-04 |
-------------------------------------------------------------------

Scheme evaluation results:
Order: 8, No. cycles: 28
-------------------------------------------------------------------
Vector a: 0.10018431346794634540, 0.06273312150683452160, -0.12798591390554647784, 0.37882660104264637146, 0.31952794707057774470, 0.00030042462563473324, 0.00212497868541469334, -0.59838466032042203491, -0.16223079614686605754, 0.40153973486609129129, -0.41321819929591785403, 0.63525828607026491035, 0.29157285395616705514, -0.08757113086190697337, 0.19732243923908168726
Vector b: -0.30719172176573655841, 0.04666818987311358025, 0.51946280967705515952, 0.26133572294604140440, -0.48243503740841081617, 1.24380803252891736221, -0.81150343094879218153, -0.08331375141380657767, 0.15242112792794507148, 0.00504868083277412987, -0.11176049635499890611, 0.31622025236214917898, 0.30221897433773070585, -0.05097935259398164026
-------------------------------------------------------------------
| Order |          Error^2           |         Efficiency         |
-------------------------------------------------------------------
|   2   | 2.86985925493722536125e-41 | 2.38096843620959840000e+17 |
|   4   | 1.55018642615932888471e-43 | 4.13214839593676600000e+15 |
|   6   | 8.44731563048174581476e-45 | 2.25783630013991054688e+13 |
|   8   | 5.28906084297871259583e-16 | 1.15092352657496075794e-04 |
-------------------------------------------------------------------

Scheme evaluation results:
Order: 8, No. cycles: 28
-------------------------------------------------------------------
Vector a: 0.16127298925159275211, -0.07701152991934415160, -0.06641965066198181333, 0.39995120796536803853, 0.29499217893586698880, 0.68933929279524919220, -0.00036561606704306140, -0.78975618500943378653, 0.08084068250789107346, -0.04191298260794928954, 0.23607047144895948465, -0.05659919598965150456, -0.06601424229723340531, 0.08170305794055955639, 0.15390952170714986003
Vector b: 0.43141060501687750195, -0.24000270317140229293, 0.08437816413865603660, 0.32135469311492836919, 0.65172036173241698620, 0.45101286749779828655, -0.45180369169830997267, 0.04205436557316376278, -0.80147057269592081319, 0.27304374630161198922, 0.35791398325745926723, 0.37631195505787817801, -0.03716797812780642946, -0.45875579599735089031
-------------------------------------------------------------------
| Order |          Error^2           |         Efficiency         |
-------------------------------------------------------------------
|   2   | 1.84388457129716729460e-40 | 9.39327575886722560000e+16 |
|   4   | 6.27939358094754589694e-42 | 6.49245610802838500000e+14 |
|   6   | 4.58193433397695507191e-43 | 3.06568395960816503906e+12 |
|   8   | 1.79414229733428673270e-15 | 6.24895369881039574201e-05 |
-------------------------------------------------------------------

Scheme evaluation results:
Order: 8, No. cycles: 28
-------------------------------------------------------------------
Vector a: 0.13310668889540985815, -0.12611184029155567132, 0.25873327597986112147, -0.13008398709223514822, -0.68656628290765564504, -0.19784240922703527632, -0.08963821234438627827, 0.54066443058355884155, 0.43052201931056416351, -0.33489812821631503859, 0.26636129486964971180, 0.48961117986891050657, -0.06428691871390541934, 0.30506479473808717495, 0.20536409454704704358
Vector b: -0.46384769554623378474, 0.15100343733645643640, 0.71635202791579422055, -0.64425043782282420679, -0.20099628022158061436, -0.55563436721531478391, 0.37729716405665164602, 0.59623023619043458154, -0.45894394545605970981, -0.07496880200492493651, 0.84856772202163177621, 0.52601512429340269161, -0.22436442616997587240, 0.40754024262254234801
-------------------------------------------------------------------
| Order |          Error^2           |         Efficiency         |
-------------------------------------------------------------------
|   2   |            0.0             |          Infinity          |
|   4   | 3.38063254518362118360e-44 | 8.84848442101542500000e+15 |
|   6   | 3.56895340844494921507e-45 | 3.47361253032305156250e+13 |
|   8   | 1.18471902761323144200e-12 | 2.43180119440340965274e-06 |
-------------------------------------------------------------------
