Scheme evaluation results:
Order: 6, No. cycles: 11
---------------------------------------------------------------------------------------------------
Vector a: -0.034997498908924770667039493368128987, 0.426787761465083495449038729282176635, 0.635969584390339543795344368516290669, 0.083403699521241559115687512778230049, -0.215268437763776894546043931529287063, 0.104104891296037066853012814320718765
Vector b: -0.532195188489507950352266540763640399, 0.712751457584879166596245676399250908, 0.460103798451573512033815219139876221, -0.261252597046027734703011762943012007, 0.091858844038193606975779149305077775, 0.528733685460889399449438258862447491
---------------------------------------------------------------------------------------------------
Highest efficiecy scheme - An improvement over the 10 cycles top scheme. Good choice in the
global grouping of operators.
---------------------------------------------------------------------------------------------------
| Order |                  Error^2                   |                 Efficiency                 |
---------------------------------------------------------------------------------------------------
|   2   | 4.527839539413356183754559645443895890e-72 | 3.883909626291395137284248651821169000e+33 |
|   4   | 4.003036848657376972759081815445241209e-73 | 1.079529377581073946191610626167548594e+32 |
|   6   | 1.311903464817493883652220190156771347e-12 | 4.928252484426665280371479443984557986e-01 |
|   8   | 1.224840931578184638446531656115338812e-13 | 1.332964775900008602952413616515734923e-02 |
---------------------------------------------------------------------------------------------------
Distance from the origin: x = 1.0721094821940325
---------------------------------------------------------------------------------------------------

Scheme evaluation results:
Order: 6, No. cycles: 11
---------------------------------------------------------------------------------------------------
Vector a: -0.031699795765078056579229177138394735, 0.422533801829001375529063480091253725, 0.430264096191292767435216055402621474, -0.250486688510749261482582106472562411, 0.062345190273880519725201499249032869, 0.367043395981652655372330248868049079
Vector b: -0.593535977800379860468048141755585835, 0.778820330763320516172167232648024979, 0.457522276690326413942159561461445223, 0.473575479561553668719572324917409608, 0.133205711516777686232752945839427625, -0.249587820731598424598603923110721431
---------------------------------------------------------------------------------------------------
Slightly smaller efficiecy, but also smaller uniformity - A middle ground between the two regimes.
---------------------------------------------------------------------------------------------------
| Order |                  Error^2                   |                 Efficiency                 |
---------------------------------------------------------------------------------------------------
|   2   | 1.177238280247472607776185507815412931e-70 | 7.616973451342570898719932995701936250e+32 |
|   4   | 1.134170744003443223762738817437850875e-72 | 6.413425277267358731524689615202738281e+31 |
|   6   | 4.903505518174355127731581112158644792e-12 | 2.549121611031865737486785017403313006e-01 |
|   8   | 5.252631157226589171579890597748156380e-13 | 6.436800752535067866138501150535456247e-03 |
---------------------------------------------------------------------------------------------------
Distance from the origin: x = 1.0302108435687014
---------------------------------------------------------------------------------------------------

Scheme evaluation results:
Order: 6, No. cycles: 11
---------------------------------------------------------------------------------------------------
Vector a: 0.582477765963490108756757159435599505, -0.217572733688950770748144023376243119, 0.071656094802915303751534363484273586, -0.196808536275435989803700606805181987, 0.584409335125751579434711302172451048, 0.175838074072229768608841805089101003
Vector b: 0.326876526789003706851088855747666779, -0.269006005511245878828254065088976680, -0.236495105307881155306502860270296557, 0.843106220485042685277870072477664696, -0.108578713948734537071851033452529204, 0.444097077493815179077649030586471001
---------------------------------------------------------------------------------------------------
Most uniform scheme - Further improvement on the distance from the origin, with a cost to the
efficiency. Best performing in local groupings.
---------------------------------------------------------------------------------------------------
| Order |                  Error^2                   |                 Efficiency                 |
---------------------------------------------------------------------------------------------------
|   2   | 2.263919769706678091877279822721947945e-72 | 5.492677668532710218610772976365060000e+33 |
|   4   | 3.802677738179185857450118452228271939e-73 | 1.107603956031818221200370498420634531e+32 |
|   6   | 4.701659364071762772189588883465704302e-11 | 8.232245406471826545265479457848137519e-02 |
|   8   | 2.022972267567392833448593342982481883e-11 | 1.037202498221718767177899316231282969e-03 |
---------------------------------------------------------------------------------------------------
Distance from the origin: x = 0.8831215928902534
---------------------------------------------------------------------------------------------------
