Scheme evaluation results:
Order: 8, No. cycles: 15
---------------------------------------------------------------------------------------------------
Vector a: -0.529019864338218327443889941287323454, 0.562567360694978724518776183313971465, 0.969187098726038853493113772421489129, -0.004601618523032967566281647339444595, -1.432814130653146043937853271186879459, 0.177217262129346716992965687011721707, 1.046560941189978276945665273100071181, 0.210902950774054766997503943966394193
Vector b: -0.892171910150694481885928333905079133, 0.726304091624952308884076785235587529, 0.398830629765005140153475581392228819, 1.539543567687072566832751963450623145, -1.548746804733138501965315258129509537, -1.316881456573153585910391284244040996, 1.671315980831847019896322658267467221, 0.421805901548109533995007887932722904
---------------------------------------------------------------------------------------------------
Highest efficiecy at minimal number of cycles - The first no. cycles for order 8 schemes gives
some of the least performing schemes. This one has the highest efficiency with a relatively large
distance from the origin This also the scheme by Morales at el. for 15 cycles. Should not be used!
---------------------------------------------------------------------------------------------------
| Order |                  Error^2                   |                 Efficiency                 |
---------------------------------------------------------------------------------------------------
|   2   | 1.686620228431475178448573467927851219e-69 | 1.082203239249493973013122737825650000e+32 |
|   4   | 7.717003863438632695017231661338827444e-71 | 2.248591708678829941142395842247374268e+30 |
|   6   | 1.599757551320942351427702937086890040e-71 | 2.194953687404870300279044780966703415e+28 |
|   8   | 1.323213285963869652330215747873039318e-09 | 1.072642501597207976390796211580615955e-05 |
---------------------------------------------------------------------------------------------------
Distance from the origin: x = 1.7043618134766128
---------------------------------------------------------------------------------------------------

Scheme evaluation results:
Order: 8, No. cycles: 15
---------------------------------------------------------------------------------------------------
Vector a: -0.481594846956149757387732176362730435, 0.649918010642064780417014643693244138, 0.633689099548954107629421520570734217, -0.274798289812426342811924185946965161, -0.383107760819843886702511470185193541, -0.218346115503793214043423839443170821, 0.332569538550581359450927705890257832, 0.741670364350612953448227801783823698
Vector b: -0.796887939352916354019788840173753787, 0.630586184793533193264113327622064615, 0.669249836490596367569915959764371565, 0.598128362607311847688927081377137120, -1.147724942232164533312775453271067442, 0.381509420592476759907752512900759661, -0.818201651600063187994600191787150991, 1.483340728701225906896455603567639307
---------------------------------------------------------------------------------------------------
Best uniformity scheme - Slightly worse efficiency than the last, but a smaller distance from the
origin. Should also not be used!
---------------------------------------------------------------------------------------------------
| Order |                  Error^2                   |                 Efficiency                 |
---------------------------------------------------------------------------------------------------
|   2   | 9.055679078826712367509119290887791781e-70 | 1.476919995316573192115341178089271719e+32 |
|   4   | 1.896917150789384573076861413960382165e-71 | 4.535349731800567807911756058730171387e+30 |
|   6   | 1.440988444020818251371628826714552095e-72 | 7.313448317212022167795274873587549591e+28 |
|   8   | 2.198205689915696320035055525510863917e-09 | 8.322154299739173098968803375819967172e-06 |
---------------------------------------------------------------------------------------------------
Distance from the origin: x = 1.2915683200877321
---------------------------------------------------------------------------------------------------
