Scheme evaluation results:
Order: 6, No. cycles: 9
---------------------------------------------------------------------------------------------------
Vector a: -0.042842398144331777743442890187363014, 0.896444553201654968337032683731225174, 0.211945906906502262875871752174344629, -0.255900571047373558824383832428593546, 0.190352509083548105354922286710386709
Vector b: -0.875839046765549867684563706140419936, 1.315458524101826355378702600186777954, -0.821451067235902264639857478363971525, 0.049237801904210174261568606174260219, 1.332593787995415602684149978143353264
---------------------------------------------------------------------------------------------------
Top efficient scheme at 9 cycles, with bad uniformity - Better than the minimal cycles scheme,
but outshone by higher cycles. Better performance with global grouping of operators.
---------------------------------------------------------------------------------------------------
| Order |                  Error^2                   |                 Efficiency                 |
---------------------------------------------------------------------------------------------------
|   2   | 1.811135815765342473501823858177558356e-70 | 9.173593074601468578738032253083922500e+32 |
|   4   | 1.176729782642948646876642759417731244e-72 | 1.405049386064902771543131420126213906e+32 |
|   6   | 1.541387917992806003042211525812588715e-10 | 1.515615255781831136010057377159018665e-01 |
|   8   | 1.681215904515106186877007295335471565e-11 | 5.665629615438277344564214151813018201e-03 |
---------------------------------------------------------------------------------------------------
Distance from the origin: x = 2.0821829535929828
---------------------------------------------------------------------------------------------------

Scheme evaluation results:
Order: 6, No. cycles: 9
---------------------------------------------------------------------------------------------------
Vector a: 0.102705701552614186747546019320651764, -0.764584996642128309882043710849392773, 0.661214152329424903728081016916201283, 0.782539659861611887814728835314511763, 0.218125482898477331591687839298027975
Vector b: 0.964090673561032844134629751069749213, -1.722769944016837314774167463498194921, 0.193599950732580695010080041799417030, 1.128828353926269112446081992032975666, 0.436250965796954663183375678596053060
---------------------------------------------------------------------------------------------------
Much smaller distance from the origin, at a cost to the efficiency - An order worse efficency than
the top scheme, but improved uniformity make it a good candidate for local grouping.
---------------------------------------------------------------------------------------------------
| Order |                  Error^2                   |                 Efficiency                 |
---------------------------------------------------------------------------------------------------
|   2   | 5.659799424266695229693199556804869863e-71 | 1.641022217018414657905934642321413000e+33 |
|   4   | 1.227579543095344736830917599185899997e-72 | 1.375641094346798636015786580559331875e+32 |
|   6   | 1.792851144587229188169133272093954096e-08 | 1.405312233735333178327507784248368592e-02 |
|   8   | 1.226591602201403837769006962459386101e-09 | 6.632998987305709431547417714435780232e-04 |
---------------------------------------------------------------------------------------------------
Distance from the origin: x = 1.2355874119412404
---------------------------------------------------------------------------------------------------

Scheme evaluation results:
Order: 6, No. cycles: 9
---------------------------------------------------------------------------------------------------
Vector a: 0.882980229684156911440949731020692116, -0.647056162091617563867133891438983037, -0.342943480731642276296720714474512194, 0.740976900732688206103606837487671006, 0.366042512406414722619298037405132109
Vector b: 0.812158522717858715527054107902625314, 0.141643413932596391827791246236133218, -1.435755738115831519562059029114099677, 0.749868776652546966968617600165076926, 0.732085024812829445238596074810264219
---------------------------------------------------------------------------------------------------
Smallest distance from the origin - A slightly smaller efficency than the last scheme, but improved
uniformity make it an even better choice for local grouping.
---------------------------------------------------------------------------------------------------
| Order |                  Error^2                   |                 Efficiency                 |
---------------------------------------------------------------------------------------------------
|   2   | 8.150111170944041130758207361799012603e-71 | 1.367518514182012214921612201934511000e+33 |
|   4   | 6.013536888283363681549024529105174229e-73 | 1.965463452360839764539477939950897812e+32 |
|   6   | 3.477197980720931308200389229176218637e-08 | 1.009090770518179553610056278888181606e-02 |
|   8   | 9.817326683802346683650110824604769092e-10 | 7.414183029985618696175012426862281577e-04 |
---------------------------------------------------------------------------------------------------
Distance from the origin: x = 1.034007951108319
---------------------------------------------------------------------------------------------------
