Scheme evaluation results:
Order: 4, No. cycles: 4
-------------------------------------------------------------------
Vector a: 0.97907322034454682779, -0.32324623819940449676, 0.34417301785485766895
Vector b: -0.18312244640186075392, 1.18312244640186075390
-------------------------------------------------------------------
| Order |          Error^2           |         Efficiency         |
-------------------------------------------------------------------
|   2   | 2.29588740394978028900e-41 | 1.30438178253327822130e+19 |
|   4   | 8.50104083025870082954e-07 | 4.23666362117003465282e+00 |
|   6   | 1.19065172689431733670e-08 | 2.23742084012001894245e+00 |
|   8   | 2.29389189765986590559e-09 | 3.18591067918249584636e-01 |
-------------------------------------------------------------------

Scheme evaluation results:
Order: 4, No. cycles: 4
-------------------------------------------------------------------
Vector a: 0.53020982419351272768, -0.12975424741609021475, 0.59954442322257748708
Vector b: 1.43236031583918246119, -0.43236031583918246119
-------------------------------------------------------------------
| Order |          Error^2           |         Efficiency         |
-------------------------------------------------------------------
|   2   | 1.43492962746861268063e-41 | 1.64992694849423794350e+19 |
|   4   | 1.24732933723268485332e-06 | 3.49759457092708237911e+00 |
|   6   | 8.38223886167533711815e-09 | 2.66661326907960997187e+00 |
|   8   | 2.29815643515768096384e-09 | 3.18295336433957091235e-01 |
-------------------------------------------------------------------
