Scheme evaluation results:
Order: 4, No. cycles: 4
-------------------------------------------------------------------
Vector a: 0.97907322034454682779, -0.32324623819940449676, 0.34417301785485766895
Vector b: -0.18312244640186075392, 1.18312244640186075390
-------------------------------------------------------------------
| Order |          Error^2           |         Efficiency         |
-------------------------------------------------------------------
|   2   | 2.29588740394978028900e-41 | 1.30438178253327822130e+19 |
|   4   | 8.50104083025870082954e-07 | 4.23666362117003465282e+00 |
|   6   | 1.19065172689431733670e-08 | 2.23742084012001894245e+00 |
|   8   | 2.29389189765986590559e-09 | 3.18591067918249584636e-01 |
-------------------------------------------------------------------

Scheme evaluation results:
Order: 4, No. cycles: 4
-------------------------------------------------------------------
Vector a: 0.53020982419351272768, -0.12975424741609021475, 0.59954442322257748708
Vector b: 1.43236031583918246119, -0.43236031583918246119
-------------------------------------------------------------------
| Order |          Error^2           |         Efficiency         |
-------------------------------------------------------------------
|   2   | 1.43492962746861268063e-41 | 1.64992694849423794350e+19 |
|   4   | 1.24732933723268485332e-06 | 3.49759457092708237911e+00 |
|   6   | 8.38223886167533711815e-09 | 2.66661326907960997187e+00 |
|   8   | 2.29815643515768096384e-09 | 3.18295336433957091235e-01 |
-------------------------------------------------------------------

Scheme evaluation results:
Order: 4, No. cycles: 4
-------------------------------------------------------------------
Vector a: -1.61656806469252097035, 2.29039216556152037214, 0.32617589913100059821
Vector b: -0.05590153809676309495, 1.05590153809676309490
-------------------------------------------------------------------
| Order |          Error^2           |         Efficiency         |
-------------------------------------------------------------------
|   2   | 2.86985925493722536125e-40 | 3.68934881474191032325e+18 |
|   4   | 1.93679765955571060306e-06 | 2.80684162793143220831e+00 |
|   6   | 7.13122879841257190094e-08 | 9.14235048865665919226e-01 |
|   8   | 8.51802028127955084142e-09 | 1.65329645481355724457e-01 |
-------------------------------------------------------------------

Scheme evaluation results:
Order: 4, No. cycles: 4
-------------------------------------------------------------------
Vector a: 0.77678318866038285532, 3.39090059356148629623, -3.16768378222186915150
Vector b: 1.01610733818636980491, -0.01610733818636980491
-------------------------------------------------------------------
| Order |          Error^2           |         Efficiency         |
-------------------------------------------------------------------
|   2   | 1.24896274774868047722e-38 | 5.59249075475302154219e+17 |
|   4   | 2.35519428216106337701e-04 | 2.54534505820391327688e-01 |
|   6   | 3.39667719008334352826e-06 | 1.32468590286654211701e-01 |
|   8   | 4.10889003198041191759e-07 | 2.38044312921196222649e-02 |
-------------------------------------------------------------------

Scheme evaluation results:
Order: 4, No. cycles: 4
-------------------------------------------------------------------
Vector a: -0.09858448400001509030, -0.24229525452911440978, 1.34087973852912950004
Vector b: -2.03920118459441371056, 3.03920118459441371056
-------------------------------------------------------------------
| Order |          Error^2           |         Efficiency         |
-------------------------------------------------------------------
|   2   | 2.29588740394978028900e-40 | 4.12481737123559485875e+18 |
|   4   | 1.45084447736971067665e-03 | 1.02553291592997331307e-01 |
|   6   | 1.99707441375275853279e-04 | 1.72759893734914986264e-02 |
|   8   | 2.61876572759340955717e-05 | 2.98175355071339931326e-03 |
-------------------------------------------------------------------

Scheme evaluation results:
Order: 4, No. cycles: 4
-------------------------------------------------------------------
Vector a: -1.15055295822107171732, -0.15998298255224968368, 2.31053594077332140094
Vector b: 3.51551287438695708211, -2.51551287438695708211
-------------------------------------------------------------------
| Order |          Error^2           |         Efficiency         |
-------------------------------------------------------------------
|   2   | 5.38156007485828499742e-38 | 2.69417573891089357312e+17 |
|   4   | 8.45859750600755213058e-03 | 4.24727962933547107298e-02 |
|   6   | 9.78247760633565909605e-04 | 7.80576766973527090708e-03 |
|   8   | 1.84479450099536792027e-03 | 3.55259803849316519139e-04 |
-------------------------------------------------------------------

