Scheme evaluation results:
Order: 8, No. cycles: 19
-------------------------------------------------------------------
Vector a: -0.34140353557857111566, 0.27712789769705564735, -0.22784083504279808996, 0.10779242981301780102, 0.60541470817057585485, 0.36995280800738883364, -0.03326860371271429112, -0.11353630945175878508, 0.24979170573059975013, 0.10596973436720433237
Vector b: -0.49461312086581571412, 0.30641917057448925243, 0.24783662481962207003, -0.70351829490521822219, 0.91910315453125390750, 0.29172626180989785771, 0.44817935420487986509, -0.51471656163030843345, 0.28764394272679089104, 0.21193946873440866474
-------------------------------------------------------------------
| Order |          Error^2           |         Efficiency         |
-------------------------------------------------------------------
|   2   | 6.09845091674160389266e-41 | 3.54717840414262208000e+17 |
|   4   | 1.24452819862847816111e-43 | 2.17512001910685040000e+16 |
|   6   | 3.09529139205183048706e-45 | 3.82056527703986625000e+14 |
|   8   | 2.18945201344950783549e-14 | 3.97927063286636632962e-04 |
-------------------------------------------------------------------

Scheme evaluation results:
Order: 8, No. cycles: 19
-------------------------------------------------------------------
Vector a: -0.41415390783098571248, 0.28745333265829509095, -0.19913455478680483490, 0.11601388599842721305, 0.61082584398634909295, 0.22305591323877846377, 0.25719085373839883912, -0.17428562345558826219, -0.01811633581776750726, 0.31115059227089758576
Vector b: -0.52677620142162018269, 0.22524458718126907919, 0.34966207813532113047, -0.74793118770893085578, 0.97995895970578528189, 0.24169272826691290401, 0.20441909821064407904, 0.30996260926615359921, -0.65853385617733017909, 0.62230118454179517151
-------------------------------------------------------------------
| Order |          Error^2           |         Efficiency         |
-------------------------------------------------------------------
|   2   | 2.58287332944350282513e-41 | 5.45056149915702336000e+17 |
|   4   | 1.59748024933029146085e-43 | 1.91985242853578240000e+16 |
|   6   | 3.69346147969988405705e-45 | 3.49753128014958125000e+14 |
|   8   | 1.38864964583059177540e-13 | 1.58006461937271614881e-04 |
-------------------------------------------------------------------

Scheme evaluation results:
Order: 8, No. cycles: 19
-------------------------------------------------------------------
Vector a: -0.30744429585479721156, 0.37563419281079291068, 0.37674992403385287876, 0.31370745594786614285, -0.19719285110678994033, -0.25751176563578692669, -0.24149692773132969137, 0.15222623314924516036, 0.62173614791613196484, 0.16359188647081468471
Vector b: -0.49529600548586394382, 0.37570341926213352002, 0.37556496635945224583, 0.37793488170825351169, 0.24948003018747882953, -0.64386573240105871019, 0.12884220112948488457, -0.61183605659214423955, 0.91628852289063456027, 0.32718377294162936941
-------------------------------------------------------------------
| Order |          Error^2           |         Efficiency         |
-------------------------------------------------------------------
|   2   | 3.73081703141839296963e-41 | 4.53514129968011968000e+17 |
|   4   | 9.14347247971943138778e-44 | 2.53764002229132560000e+16 |
|   6   | 1.56709807758596624344e-45 | 5.36945621581613875000e+14 |
|   8   | 4.20482636784940073761e-12 | 2.87142289525942015244e-05 |
-------------------------------------------------------------------
