Scheme evaluation results:
Order: 8, No. cycles: 16
---------------------------------------------------------------------------------------------------
Vector a: 0.862664925652904082473611393617714529, -0.048083323777650343980700122339697011, -1.646551640750482970418148617655552959, 0.112601926951093876681203108737106176, 0.216595356031031332671233811630330462, -0.346225915956649885611745489155319903, 0.609093213504451914836810212331076014, 0.781707312783206352911242502757888999, 0.458198145562095640436493200076453622
Vector b: 1.725329851305808164947222787235370895, -1.821496498861108852908623031914758296, -1.471606782639857087927674203396260378, 1.696810636542044841290080420870466061, -1.263619924479982175947612797609859449, 0.571168092566682404724121819299235821, 0.647018334442221424949498605362927376, 0.916396291124191280872986400152877969
---------------------------------------------------------------------------------------------------
| Order |                  Error^2                   |                 Efficiency                 |
---------------------------------------------------------------------------------------------------
|   2   | 6.963817211617741810614512734692711879e-69 | 4.680975339189229711873970790893928906e+31 |
|   4   | 2.918157209405506393584628108991360871e-70 | 8.932349898599508917203495790822723389e+29 |
|   6   | 1.340640928797339474104253107728510778e-71 | 1.627885546008931851702803192777143097e+28 |
|   8   | 3.736045668417779806359089851232841739e-09 | 3.809202411587198362655756669110805628e-06 |
---------------------------------------------------------------------------------------------------

Scheme evaluation results:
Order: 8, No. cycles: 16
---------------------------------------------------------------------------------------------------
Vector a: 0.285092385350544542601405288873151859, -0.340916760709878827973783094262421547, -0.177947691061804048652692413357763603, -0.284376921900250538574631147664191186, 0.125156429377612664668908916757799345, 1.186721723969208620028298936028034089, -0.576918676161057521069619885238534999, -0.061428041359079253479884694101422897, 0.844617552494704362451998092965348842
Vector b: 0.570184770701089085202810577746367563, -1.252018292120846741150376766271093656, 0.896122909997238643844991939555505783, -1.464876753797739720994254234884003229, 1.715189612552965050332072068399606830, 0.658253835385452189724525803656455763, -1.812091187707567231863765574133540782, 1.689235104989408724903996185930701728
---------------------------------------------------------------------------------------------------
| Order |                  Error^2                   |                 Efficiency                 |
---------------------------------------------------------------------------------------------------
|   2   | 3.826024410804285975272602900400092027e-70 | 1.997037253282626010973267818930806250e+32 |
|   4   | 6.119658127488364217105772020795265539e-72 | 6.168172188432733189906816658765021484e+30 |
|   6   | 1.880768055351892655030178022623936843e-72 | 4.346227788230187756342786468413750458e+28 |
|   8   | 6.275232271704793404916805102587142280e-09 | 2.939173586023683441431695226538793738e-06 |
---------------------------------------------------------------------------------------------------

Scheme evaluation results:
Order: 8, No. cycles: 16
---------------------------------------------------------------------------------------------------
Vector a: 0.707535353304927770774409780765459422, 0.072732412004850182290600431121703577, -1.256743245392391902245204084835111020, -0.362392935576545545822413341682032583, 0.683186554142630298888872956884841367, 2.441481739506980438787399323783037881, -0.000030975910656120607744438612624103, -1.651821215935285075255586413226205401, 0.366052313855489953189665785800931012
Vector b: 1.415070706609855541548819561513701608, -1.269605882600155176967618699270843729, -1.243880608184628627522789470374613355, 0.519094737031537535877962787016427667, 0.847278371253723061899783126736962277, 4.035685107760237815675015520648684087, -4.035747059581550056890504397873957250, 0.732104627710979906379331571603638887
---------------------------------------------------------------------------------------------------
| Order |                  Error^2                   |                 Efficiency                 |
---------------------------------------------------------------------------------------------------
|   2   | 5.979333633681030583070504423089087494e-63 | 5.051654515041627109828745441627878571e+28 |
|   4   | 8.296330055079553106173733001355475689e-66 | 5.297574326322200242872790144130039215e+27 |
|   6   | 4.867634348124828220609671409926253682e-66 | 2.701600515887767715829761863326850533e+25 |
|   8   | 8.405728660488913640886672457902945340e-09 | 2.539524782751388156044858912997374244e-06 |
---------------------------------------------------------------------------------------------------

Scheme evaluation results:
Order: 8, No. cycles: 16
---------------------------------------------------------------------------------------------------
Vector a: 0.359697784512901851768976983495714000, -0.233612823335341933613011867760512628, -0.291798857823515822897823777697182898, -0.413101538824900078392883442197528989, 0.140538566297256305298086856932881582, 1.229471734751923112050268110465731993, -0.513376378251022458353273988505397536, -0.082757372591681100044372800507685549, 0.804938885264380124184033925773980086
Vector b: 0.719395569025803703537953966991439266, -1.186621215696487570763977702512471455, 0.603023500049455924968330147118099592, -1.429226577699256081754097031513159592, 1.710303710293768692350270745378925933, 0.748639759210077531750265475552537859, -1.775392515712122448456813452563334858, 1.609877770528760248368067851547963254
---------------------------------------------------------------------------------------------------
| Order |                  Error^2                   |                 Efficiency                 |
---------------------------------------------------------------------------------------------------
|   2   | 4.708953120989890431104742031261651726e-70 | 1.800105053930568513174046664999871562e+32 |
|   4   | 2.388612225772553721156458125457805234e-71 | 3.122103124807436138024382609019410156e+30 |
|   6   | 1.056821440100274523878255043625670521e-72 | 5.798014489952091353813830184816312408e+28 |
|   8   | 9.441045509064170619248925602164584659e-09 | 2.396238784593129266965366904700529032e-06 |
---------------------------------------------------------------------------------------------------

Scheme evaluation results:
Order: 8, No. cycles: 16
---------------------------------------------------------------------------------------------------
Vector a: 0.914381188089344300441878998779759038, 0.035846831868284708004964120704866702, -1.486091854670356457927911130871251702, -0.309328285701197991270137402967481354, 0.583087239294740077170357294072900642, 1.342066323199847120607739059002593557, -0.010722437365109284696188617200200590, -0.568584869366933837342565776740125673, 0.499345864651381365011863455218939385
Vector b: 1.828762376178688600883757997559145216, -1.757068712442119184873829756149435188, -1.215114996898593730981992505592826705, 0.596458425496197748441717699658026256, 0.569716053093282405898996888487840799, 2.114416593306411835316481229516664825, -2.135861468036630404708858463917055446, 0.998691729302762730023726910437640147
---------------------------------------------------------------------------------------------------
| Order |                  Error^2                   |                 Efficiency                 |
---------------------------------------------------------------------------------------------------
|   2   | 9.616135057015297595934258683800837214e-67 | 3.983453551859511339884081437829899902e+30 |
|   4   | 7.460579575772949734266944138918336809e-69 | 1.766581938407684549443664998537633362e+29 |
|   6   | 3.996545521141388355862661181865796517e-70 | 2.981519966567742541955522054616948128e+27 |
|   8   | 1.389973790168062660895306260404364022e-08 | 1.974862363459149845565685554200820075e-06 |
---------------------------------------------------------------------------------------------------

Scheme evaluation results:
Order: 8, No. cycles: 16
---------------------------------------------------------------------------------------------------
Vector a: 0.933791236959545420428913965346630903, -0.048942176538694699418607569259355565, -1.787225578273619891552770090976587808, 0.111360495670079163816503052124916055, 0.236662515485031742874476582447517284, -0.298958401680089259838609453333086904, 0.604578265697709260996772830787228157, 0.736540082548704795440713970467540696, 0.512193560131333467252606712395197139
Vector b: 1.867582473919090840857827930693199213, -1.965466826996480239695043069211916277, -1.608984329550759543410497112741149945, 1.831705320890917871043503216991001506, -1.358380289920854385294550052095994334, 0.760463486560675865617331145429783451, 0.448693044834742656376214516144661404, 1.024387120262666934505213424790415078
---------------------------------------------------------------------------------------------------
| Order |                  Error^2                   |                 Efficiency                 |
---------------------------------------------------------------------------------------------------
|   2   | 4.527839539413356183754559645443895890e-69 | 5.805164367521241834982661035154670312e+31 |
|   4   | 4.144211259687279247716917462984215805e-70 | 7.495474416994468442131654954299078369e+29 |
|   6   | 2.699365549246605593196764239773957668e-71 | 1.147226720130481115480964055298089409e+28 |
|   8   | 1.842515809791981638252436630008914813e-08 | 1.715278038736830536612393497957422287e-06 |
---------------------------------------------------------------------------------------------------

Scheme evaluation results:
Order: 8, No. cycles: 16
---------------------------------------------------------------------------------------------------
Vector a: 0.281209927705587726463928585148558187, -0.551076516684708846779006852689287973, -0.540687223087429740166710417254400331, 1.168654828693543120172983342513211833, -0.228279011818031439307020888874574838, -0.559418483125609735069299567403436858, -0.110826018247409335122987285773750781, 0.441840171116775461675323077579531583, 1.098582325447282788132790006754149070
Vector b: 0.562419855411175452927857170297138425, -1.664572888780593146485870875675749231, 0.583198442605733666152450041166959354, 1.754111214781352574193516643859463927, -2.210669238417415452807558421608617021, 1.091832272166195982668959286801745039, -1.313484308661014652914933858349245373, 2.197164650894565576265580013508305073
---------------------------------------------------------------------------------------------------
| Order |                  Error^2                   |                 Efficiency                 |
---------------------------------------------------------------------------------------------------
|   2   | 5.327003218119813550187239422864743515e-69 | 5.352030196866124802579333872776629688e+31 |
|   4   | 6.247003614534364859773869010823375111e-71 | 1.930563943521524942741404258950985596e+30 |
|   6   | 7.577111426859470027155699927336246597e-72 | 2.165350811833838935437101736078548813e+28 |
|   8   | 8.414043734651914472946756567097020983e-08 | 8.026713396007437892559038617215971712e-07 |
---------------------------------------------------------------------------------------------------

Scheme evaluation results:
Order: 8, No. cycles: 16
---------------------------------------------------------------------------------------------------
Vector a: 0.595107721243096620046910450279820891, -0.512333799948825871387846153467964628, -1.040939796453718103553781598258042676, 0.775591398857951431177140161987904542, -0.254246442780241059071527897610370276, 0.404210699809790271408682339736578157, -0.033471771693673670085379499838307689, -0.167468298718915831197976348256512895, 1.233550289684536212663778545426894628
Vector b: 1.190215442486193240093820900559639663, -2.214883042383844982869513207495568341, 0.133003449476408775761950010979495026, 1.418179348239494086592330312996307028, -1.926672233799976204735386108217050469, 2.735093633419556747552750787690189063, -2.802037176806904087723509787366809220, 2.467100579369072425327557090853797345
---------------------------------------------------------------------------------------------------
| Order |                  Error^2                   |                 Efficiency                 |
---------------------------------------------------------------------------------------------------
|   2   | 3.078930886801082204953100558901849205e-69 | 7.039795841577064862308576093971519531e+31 |
|   4   | 4.163489951476187678343059923974582393e-71 | 2.364783077861412995816433153785593750e+30 |
|   6   | 2.090022743298151864344962780247785379e-71 | 1.303780850668322423689014529824758530e+28 |
|   8   | 1.176072415121381336961650734426347663e-07 | 6.789270415785861079455376148065932124e-07 |
---------------------------------------------------------------------------------------------------

Scheme evaluation results:
Order: 8, No. cycles: 16
---------------------------------------------------------------------------------------------------
Vector a: 0.594815072231291723077479150462633747, -0.522201114756068874419585218586422686, -0.906392265400540199533091638430971966, 0.556582958386215965454675650838720278, -0.311781913918191686162738590105919402, 1.867782092015361209474968927958764553, -0.000034081227702238687007033240168446, -1.402163935645508300510059360210042461, 1.123393188315142401305358111313406367
Vector b: 1.189630144462583446154958300924090750, -2.234032373974721194994128738095935410, 0.421247843173640795927945461236953365, 0.691918073598791134981405840439089735, -1.315481901435174507306883020650104338, 5.051046085465896926256820876514875868, -5.051114247921301403630834942995217636, 2.246786376630284802610716222626247666
---------------------------------------------------------------------------------------------------
| Order |                  Error^2                   |                 Efficiency                 |
---------------------------------------------------------------------------------------------------
|   2   | 6.887409398688594392477693408901486910e-64 | 1.488442579332839332849042580405888672e+29 |
|   4   | 9.091945680696148784908964131336968954e-67 | 1.600264065755514865432283031654393387e+28 |
|   6   | 5.030454274011903614928764067068299255e-67 | 8.403815345547857479145962384886416793e+25 |
|   8   | 1.183673081702422674668963520057299720e-07 | 6.767437492671991531061513176384624634e-07 |
---------------------------------------------------------------------------------------------------

Scheme evaluation results:
Order: 8, No. cycles: 16
---------------------------------------------------------------------------------------------------
Vector a: 0.594949567136196962882115317710839111, -0.512443828921424903272741162406607170, -1.041382843032793370364520034578972054, 0.776178468730748068400685912857567876, -0.251544450896107283513624042830766697, 0.432125181222327922872561643815099630, -0.026535658262864524878535701816545588, -0.195859821031651088000506394266050802, 1.224513385055568215874564461515435727
Vector b: 1.189899134272393925764230635421676489, -2.214786792115243732309712960234891215, 0.132021106049656991580672891076964923, 1.420335831411839145220698934638152822, -1.923424733204053712247947020299677164, 2.787675095648709557993070307929884415, -2.840746412174438607750141711562971229, 2.449026770111136431749128923030861055
---------------------------------------------------------------------------------------------------
| Order |                  Error^2                   |                 Efficiency                 |
---------------------------------------------------------------------------------------------------
|   2   | 1.919803964711263021911933289668211858e-69 | 8.915210308466878963951752293668690625e+31 |
|   4   | 1.050246530665488633559944342759603664e-70 | 1.488930552350266416019401163371742676e+30 |
|   6   | 2.238741020284300238571965913865953380e-71 | 1.259732040836846168631053019848955917e+28 |
|   8   | 1.193325287600759931197463103363268552e-07 | 6.740012730868632824838431216694526895e-07 |
---------------------------------------------------------------------------------------------------

Scheme evaluation results:
Order: 8, No. cycles: 16
---------------------------------------------------------------------------------------------------
Vector a: 0.594212328621713982546637446384080538, -0.523019853929962961314815279268836815, 1.003337267868270938010986395392465482, -0.000110726943664239651582421421839734, -1.906928178283717914647607183070373796, 0.556879596810047245469012022974779884, -0.314856970497094560623574374558044152, 0.466250984063579955497385677716543083, 1.124235552290827554713557715851225393
Vector b: 1.188424657243427965093274892768003343, -2.234464365103353887722905451305428143, 4.241138900839895763744878242072097825, -4.241360354727224243048043084915769837, 0.427503998159788413752828718794443804, 0.686255195460306077185195327154074230, -1.315969136454495198432344076269532850, 2.248471104581655109427115431702111436
---------------------------------------------------------------------------------------------------
| Order |                  Error^2                   |                 Efficiency                 |
---------------------------------------------------------------------------------------------------
|   2   | 2.405334159769543914879538980480380790e-65 | 7.964753238557008585819097652614409180e+29 |
|   4   | 3.637622621496475800516387265754607639e-67 | 2.529945981573810014034583944188281250e+28 |
|   6   | 7.468382547512653199101540316480658696e-68 | 2.181056049504498923586137319393447936e+26 |
|   8   | 1.204031158178042297231461198247020674e-07 | 6.709980774649896605072494193832359671e-07 |
---------------------------------------------------------------------------------------------------

Scheme evaluation results:
Order: 8, No. cycles: 16
---------------------------------------------------------------------------------------------------
Vector a: 0.594929810430329531507833017145428784, -0.831640202602147239825984807786762598, -0.019653921033287193527261630904662918, 0.321334067812408382593489984997564292, -1.015086340712652236371743188098512330, 0.762978314011216342160762870013422062, -0.254751034555164899863598843404892259, 0.247327820778522515071731952775771790, 1.194561485870774798254770645262643200
Vector b: 1.189859620860659063015666034290860265, -2.853140026064953542667635649864341550, 2.813832183998379155613112388055013692, -2.171164048373562390426132418059928248, 0.140991366948257917682646041862895908, 1.384965261074174766638879698163949203, -1.894467330184504566366077384973727364, 2.389122971741549596509541290525277926
---------------------------------------------------------------------------------------------------
| Order |                  Error^2                   |                 Efficiency                 |
---------------------------------------------------------------------------------------------------
|   2   | 5.216071149404186323685252711551368066e-69 | 5.408642560973778779719267009604266406e+31 |
|   4   | 5.677132560003511983834134980447584777e-70 | 6.404062354334212877327740027925949707e+29 |
|   6   | 3.454805959845137552383855890113181604e-71 | 1.014070791931111233906347309815316963e+28 |
|   8   | 1.222533047252025642568907937797216828e-07 | 6.659012573079449754940752066723677218e-07 |
---------------------------------------------------------------------------------------------------

Scheme evaluation results:
Order: 8, No. cycles: 16
---------------------------------------------------------------------------------------------------
Vector a: 0.333255962302452048458418683377433516, -0.526750352765099216324011823466354299, -0.641280506279626067558829377362253020, 1.214476060603927072322110925900340693, -0.183029197645323260149787758222821557, -0.461244113268411045272865959284676362, -0.172243484659516195671666395060244533, 0.273518405429583189274766856850696709, 1.163297226282013474921864847267878805
Vector b: 0.666511924604904096916837366754870692, -1.720012630135102529564861013687591232, 0.437451617575850394447202258963093473, 1.991500503632003750197019592837586565, -2.357558898922650270496595109283231269, 1.435070672385828179950863190713882493, -1.779557641704860571294195980834371416, 2.326594452564026949843729694535760692
---------------------------------------------------------------------------------------------------
| Order |                  Error^2                   |                 Efficiency                 |
---------------------------------------------------------------------------------------------------
|   2   | 1.539465443400541102476550279450924603e-70 | 3.148292409897331468540897159184042812e+32 |
|   4   | 1.013192531309742613228046676911146782e-70 | 1.515912309403748612965176591623406494e+30 |
|   6   | 1.246612417141543097958854219403431800e-71 | 1.688163009198853715734663770237812805e+28 |
|   8   | 1.460633035784034890278440551740083186e-07 | 6.092135850282672772015117094676029371e-07 |
---------------------------------------------------------------------------------------------------

Scheme evaluation results:
Order: 8, No. cycles: 16
---------------------------------------------------------------------------------------------------
Vector a: 0.571779135721229137718325293295109712, -0.440512803937411910696219354226010830, 0.197272834176052887132020732424636847, -0.068957500613610062292849542164733774, -1.186842291189169895168254854595902745, 0.748627063722752630686189037579529960, -0.274235114497197214987405132719267899, 0.260843240828269342302879858811215691, 1.192025435789085085305313961595422977
Vector b: 1.143558271442458275436650586590211913, -2.024583879317282096829089295042231936, 2.419129547669387871093130759891509963, -2.557044548896607995678829844220980087, 0.183359966518268205342320135029175513, 1.313894160927237056030057940129886093, -1.862364389921631486004868205568423624, 2.384050871578170170610627923190852117
---------------------------------------------------------------------------------------------------
| Order |                  Error^2                   |                 Efficiency                 |
---------------------------------------------------------------------------------------------------
|   2   | 6.157861773602164409906201117803698411e-70 | 1.574146204948665734270448579592021406e+32 |
|   4   | 3.564612424895967989351148245870167101e-70 | 8.081908162576838541731906264458475342e+29 |
|   6   | 2.668773204071453419942957169086591887e-71 | 1.153783356359459682250541131890524864e+28 |
|   8   | 1.992580252013540989087301836586561948e-07 | 5.215935686785093801821144907341835858e-07 |
---------------------------------------------------------------------------------------------------

Scheme evaluation results:
Order: 8, No. cycles: 16
---------------------------------------------------------------------------------------------------
Vector a: 1.041417389147523956442997523520749094, 0.052164274948719556788608265317309555, -1.618197655239130037998200886036199246, -0.323255086856785864520080376461939207, 0.569902810777666603843317680844043071, -0.835090080303276001878350103955551102, -0.033337790219926515190788193639349921, 1.606180892211342309609822215100221915, 0.540215245533865992902673875310715782
Vector b: 2.082834778295047912885995047042593271, -1.978506228397608799308778516407947571, -1.257889082080651276687623255665655397, 0.611378908367079547647462502741647560, 0.528426713188253660039172858946536707, -2.198606873794805663795873066858739002, 2.131931293354952633414296679580023379, 1.080430491067731985805347750621540956
---------------------------------------------------------------------------------------------------
| Order |                  Error^2                   |                 Efficiency                 |
---------------------------------------------------------------------------------------------------
|   2   | 2.617091253780919874210135475066571825e-69 | 7.635730674315922983133082837088376562e+31 |
|   4   | 1.041270442516065671594102784087483441e-69 | 4.728662292221701633707762585943729248e+29 |
|   6   | 2.840838115899464483454249514811290576e-70 | 3.536363186373292001433326285043820858e+27 |
|   8   | 2.968325634137439955884540210727511929e-07 | 4.273506486104909043660330433752476756e-07 |
---------------------------------------------------------------------------------------------------

Scheme evaluation results:
Order: 8, No. cycles: 16
---------------------------------------------------------------------------------------------------
Vector a: 0.296963307345966144809239210738223911, 0.573028086071286299349011190742163802, -0.379425039735881902525921193882063657, 0.364632620148152791163866256816666178, 0.152571297641171320937938993655406075, -1.907325816663821881194551398632242446, -0.116643336431143522667090077301889258, 1.469665110444382790681673951073466104, 0.546533771179887959445833066790269303
Vector b: 0.593926614691932289618478421476517444, 0.552129557450640309079543960007734471, -1.310979636922404114131386347771842814, 2.040244877218709696459118861405238726, -1.735102281936367054583240874094420845, -2.079549351391276707805861923170225248, 1.846262678528989662471681768566436356, 1.093067542359775918891666133580561910
---------------------------------------------------------------------------------------------------
| Order |                  Error^2                   |                 Efficiency                 |
---------------------------------------------------------------------------------------------------
|   2   | 1.254211552417499662900013021787959162e-68 | 3.487985222844152128365635987075002344e+31 |
|   4   | 4.998045063457512723383914989874075469e-70 | 6.825272347497356103464313623031119385e+29 |
|   6   | 5.146236922789385315738777698414446472e-71 | 8.308740894819205396344698658144281387e+27 |
|   8   | 6.369123357813439761521000985431385918e-07 | 2.917429086655741599866769979048466557e-07 |
---------------------------------------------------------------------------------------------------

Scheme evaluation results:
Order: 8, No. cycles: 16
---------------------------------------------------------------------------------------------------
Vector a: 0.318032847172804573446087933293961164, -0.757170903481676328786549451046269173, 0.432516098422551483504893799020041162, 0.231888104120410480919623450921627101, -1.068026319076080437808426743572113561, 1.219369651319037942428180462461583444, -0.510297956483311880552063538507323686, -0.194086851957772094561254462336925171, 1.327775329964036261409508549765418599
Vector b: 0.636065694345609146892175866587941684, -2.150407501308961804465274768680496786, 3.015439698154064771475062366720577185, -2.551663489913243809635815464877324234, 0.415610851761082934018961977733109629, 2.023128450876992950837398947190041274, -3.043724363843616711941526024204684987, 2.655550659928072522819017099530836427
---------------------------------------------------------------------------------------------------
| Order |                  Error^2                   |                 Efficiency                 |
---------------------------------------------------------------------------------------------------
|   2   | 7.012717878643406057399061978863505955e-68 | 1.475084334811030576287072820801163672e+31 |
|   4   | 5.329054895411110227208003207704085280e-70 | 6.609901266381353337814004646570607910e+29 |
|   6   | 2.973667953207929730775447089791642313e-71 | 1.093034494387196354651108589795283127e+28 |
|   8   | 1.142352187558103597327511822081158439e-06 | 2.178412547827044376504562821499999409e-07 |
---------------------------------------------------------------------------------------------------

Scheme evaluation results:
Order: 8, No. cycles: 16
---------------------------------------------------------------------------------------------------
Vector a: 0.785777703462567176443895141763355931, -0.458644996782484300852587138719700785, -1.273562138555882894687845481939388495, 1.418682226531810855898216761014963828, 0.226602231414997009771798616902511782, -0.428143443613826687843591457426948187, -0.904182788642232343913230644836900126, -0.031893786135499867202038164868333303, 1.665364992320551052385382368110439326
Vector b: 1.571555406925134352887790283526690484, -2.488845400490102954592964560966070966, -0.058278876621662834782726402912716286, 2.895643329685284546579159924942642925, -2.442438866855290527035562691137645603, 1.586151979627637151348379776283760785, -3.394517556912101839174841065957516934, 3.330729984641102104770764736220855926
---------------------------------------------------------------------------------------------------
| Order |                  Error^2                   |                 Efficiency                 |
---------------------------------------------------------------------------------------------------
|   2   | 7.099652397800142496127149524056028756e-69 | 4.635979337977524668330800293946514062e+31 |
|   4   | 2.275946843483244819240377871780158294e-69 | 3.198445920930251151448168462780416870e+29 |
|   6   | 7.054988489362624746733565677600560765e-70 | 2.244047003271830092613971868243510962e+27 |
|   8   | 1.459274046528955514692362702288603766e-06 | 1.927399355783936781815813972776623106e-07 |
---------------------------------------------------------------------------------------------------

Scheme evaluation results:
Order: 8, No. cycles: 16
---------------------------------------------------------------------------------------------------
Vector a: -1.197952699676207374902457386193410108, -0.073142691872884374561802039432939606, 2.248023048502590356141462340083469174, 0.212520576344772710027144844474791024, -1.820625097804921112796066923320725929, -0.337452824685773387925028103531650000, 1.155894112432246136495307523695734528, 0.698074940213885052459685298493058435, 0.114660636546291995061754445731672410
Vector b: -2.395905399352414749804914772399673873, 2.249620015606646000681310693534248892, 2.246426081398534711601613986656794781, -1.821384928708989291547324297708510762, -1.819865266900852934044809548952437863, 1.144959617529306158194753341891035867, 1.166828607335186114795861705513069408, 0.229321273092583990123508891465473551
---------------------------------------------------------------------------------------------------
| Order |                  Error^2                   |                 Efficiency                 |
---------------------------------------------------------------------------------------------------
|   2   | 8.128060592387098086143322656325700830e-67 | 4.332779306222464150087487107062753418e+30 |
|   4   | 7.341841792470485944934748227337287846e-69 | 1.780809888260794594913558716540918884e+29 |
|   6   | 5.437411835654461119631308017835313682e-70 | 2.556136194779507370281134176112544537e+27 |
|   8   | 1.757651545060649955901701465678407156e-06 | 1.756199093398053617405482515731252310e-07 |
---------------------------------------------------------------------------------------------------

Scheme evaluation results:
Order: 8, No. cycles: 16
---------------------------------------------------------------------------------------------------
Vector a: 0.154542202556367707868941669720880491, -0.769646442765802922066688838232659037, 0.630537875516845727410036334949653447, 0.171478270023199158803345628394816348, -0.995135388152275572238374248514776666, 1.252085179904225546718967657954503876, -0.705177867634465151464547215105937609, -0.153917007161621783455624448116706615, 1.415233177713527288423943458950225619
Vector b: 0.309084405112735415737883339441677542, -1.848377290644341259871261015906931097, 3.109453041678032714691333685806255325, -2.766496501631634397084642429016616754, 0.776225725327083252607893931987040408, 1.727944634481367840830041383921992669, -3.138300369750298143759135814133889650, 2.830466355427054576847886917900471653
---------------------------------------------------------------------------------------------------
| Order |                  Error^2                   |                 Efficiency                 |
---------------------------------------------------------------------------------------------------
|   2   | 1.340240503666353430391349655051393184e-69 | 1.067010431664892072742579588921829219e+32 |
|   4   | 7.118966463335452593598477567543625374e-70 | 5.718888059964897074056278728946074829e+29 |
|   6   | 1.020537614256271826118049332636338178e-70 | 5.900184548873079411149531521807106018e+27 |
|   8   | 3.454144975395177169651841704563974575e-06 | 1.252765711021846334338885867617523039e-07 |
---------------------------------------------------------------------------------------------------

Scheme evaluation results:
Order: 8, No. cycles: 16
---------------------------------------------------------------------------------------------------
Vector a: -0.663285321102503983737247573514007423, -0.320724549833280708144796216001621270, -0.403875361577217706882955962433638967, 0.143653525032978307234662819550056918, 1.379272605564500673023652180359855410, 1.352907775258217950673159922035108077, -0.070905451346535108033775544676653488, -0.675836750457915549763026525583578898, 0.258793528461756125630326900264479485
Vector b: -1.326570642205007967474495147027563409, 0.685121542538446551184902715024277921, -1.492872265692881964950814639891273129, 1.780179315758838579420140278991415806, 0.978365895370162766627164081727371530, 1.727449655146273134719155762342297468, -1.869260557839343350786706851695627964, 0.517587056923512251260653800529101873
---------------------------------------------------------------------------------------------------
| Order |                  Error^2                   |                 Efficiency                 |
---------------------------------------------------------------------------------------------------
|   2   | 2.481256067598519188697498685703254948e-69 | 7.841953118424404378807410689313027344e+31 |
|   4   | 3.794791603590764255151557654252052029e-69 | 2.477000554943215504682514497210722961e+29 |
|   6   | 9.219219364963524714814897013067085530e-70 | 1.963057540327929885915333890243651867e+27 |
|   8   | 4.553940047551731926911438615648854225e-06 | 1.091054599139127449124283412364085918e-07 |
---------------------------------------------------------------------------------------------------

Scheme evaluation results:
Order: 8, No. cycles: 16
---------------------------------------------------------------------------------------------------
Vector a: 1.446925091670076097563667725386587428, -0.033354525140140108761107052081117562, -2.718238260460985922116161248511713752, 0.088837433541521509691071012164827098, 1.379362185986389245381311646331338342, -0.876367479424136558648828821856171795, -0.251051151958464516205975944182184438, 1.320884571022755157718864861771526588, 0.643002134762985095377157820976908181
Vector b: 2.893850183340152195127335450773751094, -2.960559233620432412649549554935981705, -2.475917287301539431582772942088506217, 2.653592154384582450964914966418162556, 0.105132217588196039797708326243145429, -1.857867176436469157095365969953862127, 1.355764872519540124683414081589413806, 1.286004269525970190754315641953877222
---------------------------------------------------------------------------------------------------
| Order |                  Error^2                   |                 Efficiency                 |
---------------------------------------------------------------------------------------------------
|   2   | 6.009439193500194594202726652626047504e-67 | 5.038984960216393196847316651755393555e+30 |
|   4   | 1.587737342083915721087925794733454887e-68 | 1.210962626359337072240747387663083344e+29 |
|   6   | 1.673040350174185296083080504973488498e-68 | 4.608153066643968073437569610659290552e+26 |
|   8   | 7.281124507217833255977054072715057338e-06 | 8.628611390617048160680460667491316419e-08 |
---------------------------------------------------------------------------------------------------

Scheme evaluation results:
Order: 8, No. cycles: 16
---------------------------------------------------------------------------------------------------
Vector a: 0.892767847727991596091978446217542601, 0.289410218133667959166839515164028060, -1.671813311849773550691223991342174608, -0.835139541959785830456240745848131625, 1.292226002914564886240258082915162395, 0.204923345919777951296539354029386650, -0.405540671501319546587274482943349880, 0.840805977906339919992861876654621148, 0.392360132708536614946261945152915211
Vector b: 1.785535695455983192183956892435047069, -1.206715259188647273850277862106998075, -2.136911364510899827532170120577277571, 0.466632280591328166619688628881030739, 2.117819725237801605860827536949201269, -1.707973033398245703267748828890305962, 0.896891690395606610093199863003471867, 0.784720265417073229892523890305830711
---------------------------------------------------------------------------------------------------
| Order |                  Error^2                   |                 Efficiency                 |
---------------------------------------------------------------------------------------------------
|   2   | 1.189010663049947333853947362893567061e-68 | 3.582342949891747705665504905924323047e+31 |
|   4   | 3.331587870474987646691123545367341599e-70 | 8.359772007079521707432612817198056641e+29 |
|   6   | 7.529607380515129348973997248423285102e-72 | 2.172170635909231718840770761556126404e+28 |
|   8   | 5.236303017990639930069625864241983605e-05 | 3.217568143592807064197809219459875631e-08 |
---------------------------------------------------------------------------------------------------

