Scheme evaluation results:
Order: 8, No. cycles: 23
-------------------------------------------------------------------
Vector a: -0.32907031027468125473, 0.42190745688477543363, -0.02868145280926400614, -0.15092779104952291913, -0.17661066274305384227, 0.11785182185334960869, 0.62050504046560728266, 0.31287757430613366560, -0.07699252699124697896, -0.07348777556576660541, 0.25132872448677118227, 0.11129990143689846849
Vector b: -0.47904237573187891108, 0.29994413091429888985, 0.54387078285549039780, -0.60123368847403424464, 0.29937810637486322873, -0.65259943186102609136, 0.88830307556776089140, 0.35270700536345656051, 0.27304814324884046917, -0.42703319723139859798, 0.28005764609981625979, 0.22259980287381109232
-------------------------------------------------------------------
| Order |          Error^2           |         Efficiency         |
-------------------------------------------------------------------
|   2   | 1.91168499619505924376e-37 | 4.32350695714995000000e+15 |
|   4   | 4.99306631317018482832e-39 | 5.05714014313313125000e+13 |
|   6   | 9.74342231595093527929e-42 | 2.16409947887171948242e+12 |
|   8   | 6.04074104984020856031e-15 | 1.64297971818941660697e-04 |
-------------------------------------------------------------------

Scheme evaluation results:
Order: 8, No. cycles: 23
-------------------------------------------------------------------
Vector a: -0.22102336680805156899, -0.06925923278177216480, 0.11674105992268819787, 0.61720236587399524009, 0.35754228204930993407, -0.04647038388213782512, -0.51375041235662843864, -0.15413498366205405365, 0.26320050777082404370, 0.28417205750013396770, 0.25893154071255991555, 0.10684856566113264120
Vector b: -0.47671677741859591615, 0.51138682122108869432, -0.64990528678463299617, 0.88338740663000947517, 0.35101732511798122705, 0.36406723898063853007, -0.45700800674491415254, -0.57049281796834261371, 0.26222285064423456191, 0.26417816489741335895, 0.30416595010285463196, 0.21369713132226525465
-------------------------------------------------------------------
| Order |          Error^2           |         Efficiency         |
-------------------------------------------------------------------
|   2   | 9.82926794815999686229e-41 | 1.90670603364113824000e+17 |
|   4   | 5.69890569210099042531e-43 | 4.73361487337653400000e+15 |
|   6   | 4.15083566794970094480e-45 | 1.04849222397907171875e+14 |
|   8   | 1.10143696762174979454e-14 | 1.21673916491747902613e-04 |
-------------------------------------------------------------------

Scheme evaluation results:
Order: 8, No. cycles: 23
-------------------------------------------------------------------
Vector a: -0.33138223227710167373, 0.29670222240762877952, 0.32410049706739002540, -0.01214354334714359655, -0.55183649106723919875, 0.10550405059441476940, 0.61179004874699050021, 0.35398405211997413522, -0.03610963263128164069, -0.09780827669863428886, 0.23746438003259048855, 0.09973492505241170203
Vector b: -0.49194686025730399725, 0.32112925596040320375, 0.27227518885485646472, 0.37592580527992974782, -0.40021289197421716644, -0.70346009016026855853, 0.91446819134909851368, 0.30911190614488309736, 0.39885619809506489553, -0.47107546335762889855, 0.27545890996035921061, 0.19946985010482351508
-------------------------------------------------------------------
| Order |          Error^2           |         Efficiency         |
-------------------------------------------------------------------
|   2   | 3.16581349060262672663e-40 | 1.06243327762517712000e+17 |
|   4   | 5.17044100874249378744e-42 | 1.57153791101245575000e+15 |
|   6   | 9.51845281569829414190e-45 | 6.92388431779670234375e+13 |
|   8   | 1.54817560401270098281e-14 | 1.02628315837305494483e-04 |
-------------------------------------------------------------------

Scheme evaluation results:
Order: 8, No. cycles: 23
-------------------------------------------------------------------
Vector a: -0.20088899868415760475, 0.28423016120432709197, 0.14862327941865643988, -0.21757978657268520206, -0.52205519007841516554, -0.11513726139257979275, 0.49684907370845654562, 0.52635051802593424419, 0.24171456611392783120, 0.17065671035121335319, 0.13053613266438893192, 0.05670079524093325080
Vector b: -0.41044227371043900954, 0.41910655005514624305, 0.14935377233009081155, 0.14789278654544388281, -0.58305235970811164492, -0.46105802044787608240, 0.23078349766211420091, 0.76291464975457645714, 0.28978638630033265455, 0.19364274590998103998, 0.14767067482132431588, 0.11340159048741714487
-------------------------------------------------------------------
| Order |          Error^2           |         Efficiency         |
-------------------------------------------------------------------
|   2   | 1.66021357898118487148e-39 | 4.63940565090536720000e+16 |
|   4   | 1.75735203765528665120e-38 | 2.69562373251426992188e+13 |
|   6   | 3.03762856654107539419e-39 | 1.22564768628838119507e+11 |
|   8   | 1.48832110614536119394e-13 | 3.31000760464762025840e-05 |
-------------------------------------------------------------------

Scheme evaluation results:
Order: 8, No. cycles: 23
-------------------------------------------------------------------
Vector a: -0.29363635583428870923, 0.25619985608880774253, 0.28062902067191475286, 0.26216891874085851422, 0.22303356172683927450, -0.13148916231805599097, -0.50429041569604027284, -0.29041570772339775353, 0.36023593000742715198, 0.50997872402958355220, 0.23059463693860721145, 0.09699099336774441582
Vector b: -0.40686729366621243731, 0.22646185033927965224, 0.28593791284126263141, 0.27532007133865354920, 0.24901782243615622203, 0.19704926971515690504, -0.46002758897110723746, -0.54855324049249809537, -0.03227822196865901688, 0.75275012842058774964, 0.26720730724213426210, 0.19398198276524580841
-------------------------------------------------------------------
| Order |          Error^2           |         Efficiency         |
-------------------------------------------------------------------
|   2   | 2.05051112296520806812e-34 | 1.32011955167700156250e+14 |
|   4   | 2.85363384745622712730e-34 | 2.11538554378847839355e+11 |
|   6   | 3.24211467705283100871e-35 | 1.18636628955206251144e+09 |
|   8   | 2.05857344793307573399e-13 | 2.81445382884988749134e-05 |
-------------------------------------------------------------------

Scheme evaluation results:
Order: 8, No. cycles: 23
-------------------------------------------------------------------
Vector a: -0.26680337295473199877, 0.24834919656542184252, 0.26445126465344431788, 0.25687367000247096627, 0.20971601578505774666, -0.15527999080078064287, -0.23719501234703388448, -0.23434991222314585646, 0.11599017514612078306, 0.48610613846779304748, 0.22091087584656163290, 0.09123095185882196256
Vector b: -0.38586010725552633005, 0.23811346860763715760, 0.25858492444951947098, 0.27031760513274749602, 0.24342973440259263462, 0.17600229756830954031, -0.48656227931235140893, 0.01217225449787658238, -0.48087207881943760945, 0.71285242910913360070, 0.25935984786568810900, 0.18246190375381074467
-------------------------------------------------------------------
| Order |          Error^2           |         Efficiency         |
-------------------------------------------------------------------
|   2   | 2.72049545698577969798e-36 | 1.14609422835982375000e+15 |
|   4   | 5.68496218743737843812e-36 | 1.49873505594990161133e+12 |
|   6   | 4.69425116274154156419e-38 | 3.11781127050030899048e+10 |
|   8   | 2.10691054051083081437e-13 | 2.78198166849258247751e-05 |
-------------------------------------------------------------------
