Scheme evaluation results:
Order: 6, No. cycles: 7
-------------------------------------------------------------------
Vector a: 0.13750633650504021313, -0.94210677081951287899, 1.02008682383691540228, 0.78451361047755726360
Vector b: 1.31518632068391120931, -2.35535996835774200184, 0.47114642671871626419, 1.56902722095511452829
-------------------------------------------------------------------
| Order |          Error^2           |         Efficiency         |
-------------------------------------------------------------------
|   2   | 2.02274854936112986524e-38 | 1.43493745171354334977e+17 |
|   4   | 7.13566401406554699222e-40 | 1.55915985279215666738e+16 |
|   6   | 3.65393877658702909262e-06 | 4.44663136246695810394e-03 |
|   8   | 5.57592742371367865332e-07 | 2.32304233114735575728e-04 |
-------------------------------------------------------------------

Scheme evaluation results:
Order: 6, No. cycles: 7
-------------------------------------------------------------------
Vector a: 0.24406752230630121098, -2.12802454013065115899, 1.44410884984756704766, 1.43984816797678290029
Vector b: 2.37635274430775317810, -4.26457044400290360107, 0.00852136374158412587, 2.87969633595356629715
-------------------------------------------------------------------
| Order |          Error^2           |         Efficiency         |
-------------------------------------------------------------------
|   2   | 9.56832656937668063376e-34 | 6.59759914438503590820e+14 |
|   4   | 4.96237741227103041079e-36 | 1.86966132401057003220e+14 |
|   6   | 6.78270908954154923091e-04 | 3.26369949765908328632e-04 |
|   8   | 5.41564427478283199450e-04 | 7.45402104969411678020e-06 |
-------------------------------------------------------------------

Scheme evaluation results:
Order: 6, No. cycles: 7
-------------------------------------------------------------------
Vector a: 2.39097664552793456806, -2.14250645402114113470, -0.69625275390609136085, 1.44778256239929792749
Vector b: 2.38944778324368426944, 0.00305772456849853537, -4.28807063261077870504, 2.89556512479859590029
-------------------------------------------------------------------
| Order |          Error^2           |         Efficiency         |
-------------------------------------------------------------------
|   2   | 9.78162828452803892129e-38 | 6.52526783676858132188e+16 |
|   4   | 1.62057590131029508049e-36 | 3.27169757209193528046e+14 |
|   6   | 7.41511407490425188759e-04 | 3.12142454865503373725e-04 |
|   8   | 5.96144182608047406712e-04 | 7.10460643288584164116e-06 |
-------------------------------------------------------------------

