Scheme evaluation results:
Order: 4, No. cycles: 6
---------------------------------------------------------------------------------------------------
Vector a: 0.791246764543522299299042857874111106, -0.429379557620806370227016164550133883, 0.500668638127481506061280503516033691, 0.137464154949802564866692803159989086
Vector b: -0.052606049892250448317323809459410805, 0.679972407857037257263693631006216485, 0.372633642035213191053630178453194344
---------------------------------------------------------------------------------------------------
| Order |                  Error^2                   |                 Efficiency                 |
---------------------------------------------------------------------------------------------------
|   2   | 2.037527792736010282689551840449753151e-71 | 6.153833313819054967147254908705299000e+33 |
|   4   | 5.074867162192474903181078783913842742e-09 | 1.083135173034281971652961497239327695e+01 |
|   6   | 9.111337121028616349170552553376192931e-11 | 2.245439921911841778122417153590514580e+00 |
|   8   | 1.310711439209858328834987234530341170e-11 | 1.644509747652003980411543877875014985e-01 |
---------------------------------------------------------------------------------------------------

Scheme evaluation results:
Order: 4, No. cycles: 6
---------------------------------------------------------------------------------------------------
Vector a: 0.244173978873066369903366346498162077, -0.106666143519277588004975875960175057, 0.714327020325727572858153363345193345, 0.148165144320483645243456166116819611
Vector b: 0.837815099941101996817555034776131730, -0.234461087745615885974499719319949158, 0.396645987804513889156944684543817404
---------------------------------------------------------------------------------------------------
| Order |                  Error^2                   |                 Efficiency                 |
---------------------------------------------------------------------------------------------------
|   2   | 1.811135815765342473501823858177558356e-71 | 6.527125899739705716824917873199465000e+33 |
|   4   | 5.369342127951688707894865657471381085e-09 | 1.053014762413514029018259100437994835e+01 |
|   6   | 9.498418044963711409702107907335460209e-11 | 2.199210790733984537508391317664771418e+00 |
|   8   | 6.255177996910953453746267204473046144e-12 | 2.380510825001449162487842697043286166e-01 |
---------------------------------------------------------------------------------------------------

Scheme evaluation results:
Order: 4, No. cycles: 6
---------------------------------------------------------------------------------------------------
Vector a: -0.928743396683139500143215257338442134, 1.231036557105750018595258173893292005, 0.534839414899575805136395001650698620, 0.162867424677813676411562081794451508
Vector b: -0.032011896378229407731483206775400401, 0.594475092691122097792331103740490607, 0.437536803687107309939152103034909770
---------------------------------------------------------------------------------------------------
| Order |                  Error^2                   |                 Efficiency                 |
---------------------------------------------------------------------------------------------------
|   2   | 4.527839539413356183754559645443895890e-72 | 1.305425179947941143364983574639893000e+34 |
|   4   | 5.519527399205217287995925290783170279e-09 | 1.038589796708696359171666739539093177e+01 |
|   6   | 1.322410367675708648790563686924714173e-10 | 1.863843206111401720898532444424709057e+00 |
|   8   | 1.576737291206865701894970254878638566e-11 | 1.499375214140938042702804004377856946e-01 |
---------------------------------------------------------------------------------------------------

Scheme evaluation results:
Order: 4, No. cycles: 6
---------------------------------------------------------------------------------------------------
Vector a: 0.233188417579019718082968033318541773, 0.693404509082075536922720378786366715, -0.093105206251776114611292405187438604, 0.166512279590680859605603993082530104
Vector b: 0.498339847145701258954492173782050721, -0.257938145514485855436517363900284637, 0.759598298368784596482025190118233964
---------------------------------------------------------------------------------------------------
| Order |                  Error^2                   |                 Efficiency                 |
---------------------------------------------------------------------------------------------------
|   2   | 2.263919769706678091877279822721947945e-71 | 5.838038883806983544260556408770033000e+33 |
|   4   | 1.017623516536532273395115616802668255e-08 | 7.648943115775670680973797617106911190e+00 |
|   6   | 9.014535730992751110848841288010254913e-11 | 2.257463907224191301152763027428066449e+00 |
|   8   | 7.095776976124114072551252725993462785e-12 | 2.235064283037422192062861821991097535e-01 |
---------------------------------------------------------------------------------------------------

Scheme evaluation results:
Order: 4, No. cycles: 6
---------------------------------------------------------------------------------------------------
Vector a: 1.919781574881389761181470355550986220, -3.443894775095841410300410658866346475, 2.318803977523521538492900734362997594, 0.205309222690930110626039568952362661
Vector b: 0.169927279721699071833313174516315606, -0.483131564745985376519729206406309435, 1.313204285024286304686416031889993733
---------------------------------------------------------------------------------------------------
| Order |                  Error^2                   |                 Efficiency                 |
---------------------------------------------------------------------------------------------------
|   2   | 9.055679078826712367509119290887791781e-72 | 9.230749970728582450720882363057948000e+33 |
|   4   | 1.384390368540624159392258986070932710e-08 | 6.557913951946016100361113310785280461e+00 |
|   6   | 1.486152808745069769165648208512489268e-05 | 5.559820421571133814055807822197997127e-03 |
|   8   | 5.227997332802145231179379438817882526e-06 | 2.603888108509467747498369321566468882e-04 |
---------------------------------------------------------------------------------------------------

Scheme evaluation results:
Order: 4, No. cycles: 6
---------------------------------------------------------------------------------------------------
Vector a: -0.720853112686415951887295923274616345, 0.435204288870483983346723083468710844, 1.069642848763067448331090915607708788, 0.216005975052864520209481924198196712
Vector b: -0.332968530705201720745021584282793501, 0.587093702962557332501005111341711457, 0.745874827742644388244016472941082044
---------------------------------------------------------------------------------------------------
| Order |                  Error^2                   |                 Efficiency                 |
---------------------------------------------------------------------------------------------------
|   2   | 3.848663608501352756191375698627311507e-71 | 4.477571427409538088591498181950638500e+33 |
|   4   | 1.528328568595776674698135337634379003e-08 | 6.241466341173491332098240942842514390e+00 |
|   6   | 6.212548342650761919666963256145973881e-09 | 2.719303033109744694718851610542290036e-01 |
|   8   | 8.130639509604746873811724707409389411e-10 | 2.087986295762697476739757605194823590e-02 |
---------------------------------------------------------------------------------------------------

Scheme evaluation results:
Order: 4, No. cycles: 6
---------------------------------------------------------------------------------------------------
Vector a: 0.225515415148114953814604986555099764, 0.544965721202801468066088380317394361, -0.346150363590446004491891842527018794, 0.575669227239529582611198475654524669
Vector b: 0.534957780931325926511012861496019745, 0.537720617834760975162032356155601097, -0.072678398766086901673045217651620746
---------------------------------------------------------------------------------------------------
| Order |                  Error^2                   |                 Efficiency                 |
---------------------------------------------------------------------------------------------------
|   2   | 3.622271631530684947003647716355116712e-71 | 4.615374985364291225360441181528974000e+33 |
|   4   | 2.552792597570800505899935471121449316e-08 | 4.829333888836179875509039987749962403e+00 |
|   6   | 2.397679667586256805633183539785178283e-10 | 1.384193856815409876671112677784952867e+00 |
|   8   | 3.800218706185338117377572793849348279e-11 | 9.657966646268790498888862653129086455e-02 |
---------------------------------------------------------------------------------------------------

Scheme evaluation results:
Order: 4, No. cycles: 6
---------------------------------------------------------------------------------------------------
Vector a: 0.513302551879838993004707009837633398, -0.330414546288133777543802153266137208, 0.240335397236005536930594652094791350, 0.576776597172289247608500491333712484
Vector b: 2.064771758575079493462034078909516167, 0.137103549855543554684182461723907177, -1.201875308430623048146216540633423272
---------------------------------------------------------------------------------------------------
| Order |                  Error^2                   |                 Efficiency                 |
---------------------------------------------------------------------------------------------------
|   2   | 1.539465443400541102476550279450924603e-70 | 2.238785713704769044295749090975319250e+33 |
|   4   | 2.753318257827315771111957077605143217e-07 | 1.470505967025864951276631499638189931e+00 |
|   6   | 1.964890823814593765199177869490648182e-08 | 1.529055627508865314932608825331690540e-01 |
|   8   | 1.737405613077895365095364903074438781e-09 | 1.428365614701063714144129682531601202e-02 |
---------------------------------------------------------------------------------------------------

Scheme evaluation results:
Order: 4, No. cycles: 6
---------------------------------------------------------------------------------------------------
Vector a: 0.978593459956896268406552938442174867, -0.007930041887391332372986132065774571, -0.347347130015265042055800274926678135, 0.376683711945760106022233468550277870
Vector b: 2.091008372184803565597766463462413917, -2.249068087878913082311403702287711055, 1.158059715694109516713637238825297139
---------------------------------------------------------------------------------------------------
| Order |                  Error^2                   |                 Efficiency                 |
---------------------------------------------------------------------------------------------------
|   2   | 4.527839539413356183754559645443895890e-71 | 4.128116883570660860432114513887765000e+33 |
|   4   | 2.996358850091960968991211458611664009e-07 | 1.409607125442252130784629361275112740e+00 |
|   6   | 1.856459353374866412411691321480191650e-08 | 1.573076253714748506227383368825858856e-01 |
|   8   | 1.864434541138002797133068386478632421e-09 | 1.378848105744104700964380489136708317e-02 |
---------------------------------------------------------------------------------------------------

Scheme evaluation results:
Order: 4, No. cycles: 6
---------------------------------------------------------------------------------------------------
Vector a: 0.840906650737199459531535831323542182, -0.220081048673011380910604361791695789, -0.009474593607304678441818473274803552, 0.388648991543116599820887003742957177
Vector b: -0.205606975163299357080483685439916497, 2.409318771039519123000118134684536702, -1.203711795876219765919634449244620326
---------------------------------------------------------------------------------------------------
| Order |                  Error^2                   |                 Efficiency                 |
---------------------------------------------------------------------------------------------------
|   2   | 1.448908652612273978801459086542046685e-70 | 2.307687492682145612680220590764487000e+33 |
|   4   | 4.358185222288215263210836953176090532e-07 | 1.168805257819787202936510099777977612e+00 |
|   6   | 4.964344683001167375371010769045356323e-09 | 3.042016279380387739387536102702865181e-01 |
|   8   | 1.355685393847841003450290702422405565e-09 | 1.617001930635160530783282244622149025e-02 |
---------------------------------------------------------------------------------------------------

Scheme evaluation results:
Order: 4, No. cycles: 6
---------------------------------------------------------------------------------------------------
Vector a: 4.222987296912271477026836514827369462, -0.179754262013630973212609899143399427, -3.378088143486061880931989130267115988, 0.334855108587421377117762514583145953
Vector b: 0.071022792826726368049821264088563964, -0.084516164313180309527622630227378430, 1.013493371486453941477801366138814430
---------------------------------------------------------------------------------------------------
| Order |                  Error^2                   |                 Efficiency                 |
---------------------------------------------------------------------------------------------------
|   2   | 3.622271631530684947003647716355116712e-71 | 4.615374985364291225360441181528974000e+33 |
|   4   | 5.244090862022507431488246269872528163e-07 | 1.065515801170738718745792397708085580e+00 |
|   6   | 6.023962543385740442495995282398828847e-07 | 2.761540178596839227984638861457050931e-02 |
|   8   | 3.805087679564069813921418515501115310e-08 | 3.052162573879737802609594851989754129e-03 |
---------------------------------------------------------------------------------------------------

Scheme evaluation results:
Order: 4, No. cycles: 6
---------------------------------------------------------------------------------------------------
Vector a: -1.179630834073275080611799357392812032, 1.777100857704024021945949888417953158, -0.055595559872951464529976721387510871, 0.458125536242202523195826190362369745
Vector b: -0.055329610585570556554099896424400743, 1.585852160331473879922575459403078319, -0.530522549745903323368475562978677587
---------------------------------------------------------------------------------------------------
| Order |                  Error^2                   |                 Efficiency                 |
---------------------------------------------------------------------------------------------------
|   2   | 4.527839539413356183754559645443895890e-71 | 4.128116883570660860432114513887765000e+33 |
|   4   | 5.667557226161060426712915321895519243e-07 | 1.024936693524576044045310275178924304e+00 |
|   6   | 8.545200564511781380515528515757030395e-09 | 2.318629555189796777068407061561899169e-01 |
|   8   | 1.622810829812103937615175004478932808e-09 | 1.477937430459827560129696268377659231e-02 |
---------------------------------------------------------------------------------------------------

Scheme evaluation results:
Order: 4, No. cycles: 6
---------------------------------------------------------------------------------------------------
Vector a: -5.434108500718217819492016668847665990, 8.459638033934504830751044615830354863, -2.359505541855331133137799792478748832, 0.333976008639044121878771845496059959
Vector b: 0.001791497236018957610634992732155504, -0.018640358841568454323759326187733454, 1.016848861605549496713124333455577916
---------------------------------------------------------------------------------------------------
| Order |                  Error^2                   |                 Efficiency                 |
---------------------------------------------------------------------------------------------------
|   2   | 1.811135815765342473501823858177558356e-71 | 6.527125899739705716824917873199465000e+33 |
|   4   | 5.896016428888721720682002699002545155e-07 | 1.004883362841811763792989037821068171e+00 |
|   6   | 4.862514952784481153696849603703322782e-07 | 3.073703861881385210338422663223925643e-02 |
|   8   | 3.202600366050658557977509586291222294e-08 | 3.326891385188818871304336410413250908e-03 |
---------------------------------------------------------------------------------------------------

Scheme evaluation results:
Order: 4, No. cycles: 6
---------------------------------------------------------------------------------------------------
Vector a: 0.911263782569249803840176180509731183, -0.309304551371848919761616879964959076, 0.068251063659026115481496525061898050, 0.329789705143573000439944174393329807
Vector b: -0.417862925041887472069640004758473211, -0.500410824737880319138795591725669325, 1.918273749779767791208435596484142584
---------------------------------------------------------------------------------------------------
| Order |                  Error^2                   |                 Efficiency                 |
---------------------------------------------------------------------------------------------------
|   2   | 1.811135815765342473501823858177558356e-71 | 6.527125899739705716824917873199465000e+33 |
|   4   | 6.665291853646309066282501752044233801e-07 | 9.451166478137580551487279132713368341e-01 |
|   6   | 7.367326125064537027810949040651897840e-09 | 2.497109289232419988870981025231228945e-01 |
|   8   | 1.092225418929069205518492305972211984e-09 | 1.801498302313588157193225370985863751e-02 |
---------------------------------------------------------------------------------------------------

Scheme evaluation results:
Order: 4, No. cycles: 6
---------------------------------------------------------------------------------------------------
Vector a: 0.924298773943990760321846565603756235, 0.023659018721172698731668862555688053, -0.284086492055477916220498999816923805, 0.336128699390314457166983571657479495
Vector b: -1.146657621894847095064634184407420303, 0.801201795772544083610363616816489691, 1.345455826122303011454270567590930708
---------------------------------------------------------------------------------------------------
| Order |                  Error^2                   |                 Efficiency                 |
---------------------------------------------------------------------------------------------------
|   2   | 3.622271631530684947003647716355116712e-71 | 4.615374985364291225360441181528974000e+33 |
|   4   | 7.286482560906974733676403994017641859e-07 | 9.039325671290776758348235475173528077e-01 |
|   6   | 7.727490998156306265535895683580861463e-09 | 2.438221989965032054607346149791354887e-01 |
|   8   | 2.672831087618468838797151540937805807e-09 | 1.151606851270992803077077246221146604e-02 |
---------------------------------------------------------------------------------------------------

Scheme evaluation results:
Order: 4, No. cycles: 6
---------------------------------------------------------------------------------------------------
Vector a: -0.902747259824794348199959369267519838, 1.866349373265872400847276194286635104, -0.303661362867118244310675369501657055, 0.340059249426040191663358544482541837
Vector b: -0.066806416150052813929778194402252198, -0.155859877047628266259255820437901952, 1.222666293197681080189034014840154138
---------------------------------------------------------------------------------------------------
| Order |                  Error^2                   |                 Efficiency                 |
---------------------------------------------------------------------------------------------------
|   2   | 4.527839539413356183754559645443895890e-71 | 4.128116883570660860432114513887765000e+33 |
|   4   | 8.047329908782638697396044413026911625e-07 | 8.601399026518943300887756186610517074e-01 |
|   6   | 1.415290303787412276194998269176490681e-08 | 1.801647121047769626313304668293794111e-01 |
|   8   | 2.005341093396279960776818956993300733e-09 | 1.329523047207006904020815351443841142e-02 |
---------------------------------------------------------------------------------------------------

Scheme evaluation results:
Order: 4, No. cycles: 6
---------------------------------------------------------------------------------------------------
Vector a: 0.992022902881345055207804107083201219, -0.074015770170780032847183907206827254, -0.262041977479170008583237298613232776, 0.344034844768604986222617098736858859
Vector b: -0.134175512334664152605783949391533183, -0.054911280901629423199466571729351436, 1.189086793236293575805250521120884582
---------------------------------------------------------------------------------------------------
| Order |                  Error^2                   |                 Efficiency                 |
---------------------------------------------------------------------------------------------------
|   2   | 3.622271631530684947003647716355116712e-71 | 4.615374985364291225360441181528974000e+33 |
|   4   | 8.492847088608365760735942296721898362e-07 | 8.372754283034295470923864625068700388e-01 |
|   6   | 1.185358554935559613488242574575427730e-08 | 1.968645998799285933523122671482817482e-01 |
|   8   | 2.304949705746973089079104954288780668e-09 | 1.240107317630037050068677348663611576e-02 |
---------------------------------------------------------------------------------------------------

Scheme evaluation results:
Order: 4, No. cycles: 6
---------------------------------------------------------------------------------------------------
Vector a: 0.535842644802545596442343841556857459, 0.001053735217660744325929443573289252, -0.041857351788078596831759545894436836, 0.504960971767872256063486260764290119
Vector b: 4.988343897975702092688179943893638900, -2.814239829858950429947035643071426645, -1.174104068116751662741144300822212255
---------------------------------------------------------------------------------------------------
| Order |                  Error^2                   |                 Efficiency                 |
---------------------------------------------------------------------------------------------------
|   2   | 1.539465443400541102476550279450924603e-70 | 2.238785713704769044295749090975319250e+33 |
|   4   | 9.040948012339991722655016996011077387e-07 | 8.114990439161867968604671674891593659e-01 |
|   6   | 8.665081746292281453269799740173261042e-08 | 7.281253736950093857313787838071179169e-02 |
|   8   | 4.728800632492042346929199808698055329e-09 | 8.657938463228418730071718550708567557e-03 |
---------------------------------------------------------------------------------------------------

Scheme evaluation results:
Order: 4, No. cycles: 6
---------------------------------------------------------------------------------------------------
Vector a: -0.007832325535599198304323099330341637, 0.251351305667253536289904865707782823, -0.692630268813997658535865217622288567, 1.449111288682343320550283451244847386
Vector b: 2.371037080584633215966160783740491524, -4.281809634758993249609282165305453304, 2.910772554174360033643121381564961780
---------------------------------------------------------------------------------------------------
| Order |                  Error^2                   |                 Efficiency                 |
---------------------------------------------------------------------------------------------------
|   2   | 3.622271631530684947003647716355116712e-71 | 4.615374985364291225360441181528974000e+33 |
|   4   | 1.077506911952909081588132989508653382e-06 | 7.433356572762080318554288694375071946e-01 |
|   6   | 7.365534153885708855626911662751352622e-04 | 7.897513443661642280501222802867824232e-04 |
|   8   | 6.159123278115123846437617708345956273e-04 | 2.399001660249741763950292185970430328e-05 |
---------------------------------------------------------------------------------------------------

Scheme evaluation results:
Order: 4, No. cycles: 6
---------------------------------------------------------------------------------------------------
Vector a: -0.021189643570730172161590743384668220, -0.663977218736381442942279083311780559, 0.959964019357441835995879191944128792, 0.725202842949669779107990634752320014
Vector b: -1.076316037393593138929473918868870510, 0.449374746720066165178230572054656157, 1.626941290673526973751243346814214256
---------------------------------------------------------------------------------------------------
| Order |                  Error^2                   |                 Efficiency                 |
---------------------------------------------------------------------------------------------------
|   2   | 9.055679078826712367509119290887791781e-72 | 9.230749970728582450720882363057948000e+33 |
|   4   | 1.101269619383965977847632022318533467e-06 | 7.352722392841537264037739788833852292e-01 |
|   6   | 2.290671094929091420156829533696615501e-06 | 1.416156108071030004663587531600601101e-02 |
|   8   | 4.049781391636522796534811887707740219e-07 | 9.355655179419872489094709567858691281e-04 |
---------------------------------------------------------------------------------------------------

Scheme evaluation results:
Order: 4, No. cycles: 6
---------------------------------------------------------------------------------------------------
Vector a: 0.519263714617212795635202688519863688, -0.196484612079432909270219643378470816, -1.022811707540542291333523359665792374, 1.700032605002762404968540314524399503
Vector b: 1.361628688644848541972392869897617382, -0.371652082511591185174748036653168788, 0.010023393866742643202355166755551453
---------------------------------------------------------------------------------------------------
| Order |                  Error^2                   |                 Efficiency                 |
---------------------------------------------------------------------------------------------------
|   2   |                    0.0                     |                  Infinity                  |
|   4   | 1.165682165748768187473199747051919479e-06 | 7.146689641128102374165925269250637899e-01 |
|   6   | 8.568657493776359349393809124222151695e-09 | 2.315453724982720877933869466014863289e-01 |
|   8   | 1.914852809543306386805581562266779427e-09 | 1.360574411160745299764456887540867264e-02 |
---------------------------------------------------------------------------------------------------

Scheme evaluation results:
Order: 4, No. cycles: 6
---------------------------------------------------------------------------------------------------
Vector a: -0.287142534736500120754896286543675462, -0.228714518041918709639251889461731327, 0.883482425884447366204483867870005879, 0.632374626893971464189664308135400959
Vector b: -1.313912833700940817624004945592739122, 0.984612167499749634983767562012277243, 1.329300666201191182640237383580461879
---------------------------------------------------------------------------------------------------
| Order |                  Error^2                   |                 Efficiency                 |
---------------------------------------------------------------------------------------------------
|   2   | 3.622271631530684947003647716355116712e-71 | 4.615374985364291225360441181528974000e+33 |
|   4   | 1.181791052338208318924602323722021135e-06 | 7.097814577795738803495820852539670428e-01 |
|   6   | 7.232566573290804428148896899726582832e-07 | 2.520265403471076211134143296598188397e-02 |
|   8   | 1.594590749353328653906562566050837552e-07 | 1.490957887204625566409144519711282647e-03 |
---------------------------------------------------------------------------------------------------

Scheme evaluation results:
Order: 4, No. cycles: 6
---------------------------------------------------------------------------------------------------
Vector a: 0.506606522087135043521124489218459106, -0.247375292909913000246030280736199063, 0.007173112920188013160291566851994015, 0.733595657902589943564614224665745938
Vector b: 1.336814403767799850536967726782585460, -3.751240301587067779996720405960032815, 3.414425897819267929459752679177447163
---------------------------------------------------------------------------------------------------
| Order |                  Error^2                   |                 Efficiency                 |
---------------------------------------------------------------------------------------------------
|   2   | 3.622271631530684947003647716355116712e-71 | 4.615374985364291225360441181528974000e+33 |
|   4   | 1.212167361878380194422480849678390770e-06 | 7.008316479271306129879284314537633380e-01 |
|   6   | 9.750522029135747416779094776475165770e-08 | 6.864020371676206644635815033846205022e-02 |
|   8   | 6.127055216460205415893558850454558273e-09 | 7.606136234404986451513335001080478482e-03 |
---------------------------------------------------------------------------------------------------

Scheme evaluation results:
Order: 4, No. cycles: 6
---------------------------------------------------------------------------------------------------
Vector a: 0.529515208036086193347203844285994286, -0.070201473718953843838101207947027770, -0.085728435219826055087441320373023917, 0.626414700902693705578338684034057378
Vector b: 1.505361507868088905184361639478180840, -0.255145978763770336514690636214562520, -0.250215529104318568669671003263618416
---------------------------------------------------------------------------------------------------
| Order |                  Error^2                   |                 Efficiency                 |
---------------------------------------------------------------------------------------------------
|   2   | 4.527839539413356183754559645443895890e-71 | 4.128116883570660860432114513887765000e+33 |
|   4   | 1.217592669061424240140043425455951126e-06 | 6.992685340917094878822792884199877897e-01 |
|   6   | 8.310674657287769501844352249069504430e-09 | 2.351117625017199944247220773057877703e-01 |
|   8   | 2.282524600201724362912165841283257325e-09 | 1.246184265481166126348907251981396199e-02 |
---------------------------------------------------------------------------------------------------

Scheme evaluation results:
Order: 4, No. cycles: 6
---------------------------------------------------------------------------------------------------
Vector a: -1.601307462730026298630322848307611565, -0.002370416085120664676733455051217130, 2.261222961565858593519999092766137546, 0.342454917249288369787057210592691061
Vector b: -2.605960107329290892776861666157546675, 2.550416911238503659953194797756786625, 1.055543196090787232823666868400760050
---------------------------------------------------------------------------------------------------
| Order |                  Error^2                   |                 Efficiency                 |
---------------------------------------------------------------------------------------------------
|   2   | 5.523964238084294544180562767441552986e-69 | 3.737421418047863901343864119727893750e+32 |
|   4   | 1.342014448803963849180346692807764677e-06 | 6.660646770389248319020398072949523251e-01 |
|   6   | 1.738262304159353013843681486531086014e-07 | 5.140848927775975065535205813514369825e-02 |
|   8   | 1.841709125479734490369599764246761997e-08 | 4.387119628256514366527389049277578182e-03 |
---------------------------------------------------------------------------------------------------

Scheme evaluation results:
Order: 4, No. cycles: 6
---------------------------------------------------------------------------------------------------
Vector a: 0.277396932873496287922978527380686010, 0.622431849124842972125582186656391756, 1.566533793565000286337639151928484045, -1.466362575563339546386199865965561763
Vector b: 0.554038164827184260694254418896840166, 0.459310530126051301570332725889473256, -0.013348694953235562264587144786313422
---------------------------------------------------------------------------------------------------
| Order |                  Error^2                   |                 Efficiency                 |
---------------------------------------------------------------------------------------------------
|   2   | 1.448908652612273978801459086542046685e-70 | 2.307687492682145612680220590764487000e+33 |
|   4   | 2.391394780932702295199746078216820312e-06 | 4.989641692271788461526539061240464851e-01 |
|   6   | 4.095115299021480199369350339880287588e-09 | 3.349341500901148062509504994587127632e-01 |
|   8   | 1.069416732259207352977302319064774702e-09 | 1.820608263072571912461289902632706386e-02 |
---------------------------------------------------------------------------------------------------

Scheme evaluation results:
Order: 4, No. cycles: 6
---------------------------------------------------------------------------------------------------
Vector a: 0.854288159389598237638501980826067786, 3.847835601146936598324468824486222449, -0.091109427879149563665528053676229008, -3.611014332657385272297442751636061227
Vector b: 1.038775365387872289765534809459903405, 0.470996101214645611944782834897244724, -0.509771466602517901710317644357148033
---------------------------------------------------------------------------------------------------
| Order |                  Error^2                   |                 Efficiency                 |
---------------------------------------------------------------------------------------------------
|   2   | 2.318253844179638366082334538467274696e-69 | 5.769218731705364031700551476911217500e+32 |
|   4   | 1.485984744953059035684973941463879902e-05 | 2.001648534660486257802034167504692057e-01 |
|   6   | 7.316166987690324961908037972699223151e-05 | 2.505824741479735828630139695780309962e-03 |
|   8   | 8.277676684342428026635355360609128583e-05 | 6.543886637031761235083998984023053553e-05 |
---------------------------------------------------------------------------------------------------

Scheme evaluation results:
Order: 4, No. cycles: 6
---------------------------------------------------------------------------------------------------
Vector a: -1.629650893488801603685956802257748101, 3.006479609039436465872118777040325256, -2.337194804431049097953045368976277316, 1.960366088880414235766883394193700160
Vector b: 0.692706099070836188946912267991469074, -1.838741908679104552064771087396336620, 2.146035809608268363117858819404867643
---------------------------------------------------------------------------------------------------
| Order |                  Error^2                   |                 Efficiency                 |
---------------------------------------------------------------------------------------------------
|   2   |                    0.0                     |                  Infinity                  |
|   4   | 2.778276487850114759061025147671150276e-05 | 1.463886031313254004007042704747283413e-01 |
|   6   | 2.482273932102811154537651193851276474e-02 | 1.360403198795664170036647493981360965e-04 |
|   8   | 3.815215741563042294018923297741960314e-02 | 3.048108670167454443148305591740987944e-06 |
---------------------------------------------------------------------------------------------------

Scheme evaluation results:
Order: 4, No. cycles: 6
---------------------------------------------------------------------------------------------------
Vector a: -1.118273517679507002471354015448387717, -0.746812318232487589430625025044327619, 0.581276170361226300879355725284415190, 2.283809665550768291022623315208300242
Vector b: 4.683827277367555634298923994015413504, 0.299175263783837638135372778595654823, -3.983002541151393272434296772611068375
---------------------------------------------------------------------------------------------------
| Order |                  Error^2                   |                 Efficiency                 |
---------------------------------------------------------------------------------------------------
|   2   | 9.852578837763463055849921788485917457e-69 | 2.798482142130961305369686363719149062e+32 |
|   4   | 5.814958728648571774314973799970463923e-04 | 3.199791497938627950632153960263449269e-02 |
|   6   | 3.044932010771037100716266750484299054e-03 | 3.884218905653147075492680136661608944e-04 |
|   8   | 7.345704931605664595064161543260332412e-03 | 6.946615440247531613796599071769050435e-06 |
---------------------------------------------------------------------------------------------------

Scheme evaluation results:
Order: 4, No. cycles: 6
---------------------------------------------------------------------------------------------------
Vector a: 0.011488791230273720270850775549843004, 0.945016156326472498612174792099123891, -1.187568790107912609656223138712346132, 1.231063842551166390773197571063379224
Vector b: -2.784485636572192281510993877965653979, 0.152807396879516924239477242007209375, 3.631678239692675357271516635958444652
---------------------------------------------------------------------------------------------------
| Order |                  Error^2                   |                 Efficiency                 |
---------------------------------------------------------------------------------------------------
|   2   | 9.055679078826712367509119290887791781e-70 | 9.230749970728582450720882363057948750e+32 |
|   4   | 5.902362599837121556651269293899376088e-04 | 3.176011420838838878383682314552038283e-02 |
|   6   | 1.846384856223382650933660547440116404e-04 | 1.577362032224192269864115343424341937e-03 |
|   8   | 1.585385033628011604251574493450893071e-04 | 4.728491578710147622139482145557459090e-05 |
---------------------------------------------------------------------------------------------------

Scheme evaluation results:
Order: 4, No. cycles: 6
---------------------------------------------------------------------------------------------------
Vector a: -0.171075377383083503332144853567531990, -0.324684264723507120204889883276869536, -0.120796971644865628097482431005394945, 1.616556613751456251634517167849796495
Vector b: -1.307483282454008634549675843976511616, 3.762694181365216997084884250973762925, -1.455210898911208362535208406997251502
---------------------------------------------------------------------------------------------------
| Order |                  Error^2                   |                 Efficiency                 |
---------------------------------------------------------------------------------------------------
|   2   | 1.448908652612273978801459086542046685e-70 | 2.307687492682145612680220590764487000e+33 |
|   4   | 8.761560610824307720098216388857019466e-04 | 2.606779299710226570193476841151055618e-02 |
|   6   | 4.919749289333211504704912216014411839e-05 | 3.055772455405201006601977985770087643e-03 |
|   8   | 1.380780874275977685411756881424366220e-05 | 1.602240168951699045087872421257682079e-04 |
---------------------------------------------------------------------------------------------------

Scheme evaluation results:
Order: 4, No. cycles: 6
---------------------------------------------------------------------------------------------------
Vector a: -0.056512283415512254211886863759582822, -0.143114443020573317345312044251389328, -0.137217481907805615038387915431722615, 1.336844208343891186595586823442694885
Vector b: -1.438441363412208894592795519852781927, -0.832076868429565800660379566830004410, 3.270518231841774695253175086682786338
---------------------------------------------------------------------------------------------------
| Order |                  Error^2                   |                 Efficiency                 |
---------------------------------------------------------------------------------------------------
|   2   |                    0.0                     |                  Infinity                  |
|   4   | 1.410313048294887513989514707345176667e-03 | 2.054647085519321913196254428607169661e-02 |
|   6   | 1.974046543380157506403159343189144437e-04 | 1.525505590902550866595961176149663285e-03 |
|   8   | 2.676292233074277415277458848141016570e-05 | 1.150861946006037750457763759280477822e-04 |
---------------------------------------------------------------------------------------------------

