Scheme evaluation results:
Order: 4, No. cycles: 5
---------------------------------------------------------------------------------------------------
Vector a: -0.110586923664170410231066289230298307, 0.925420795036839598885534084359720871, 0.185166128627330811345532204870577412
Vector b: 0.827063260350685078858418891651778681, -0.335281490166872868204256495298486670, 0.508218229816187789345837603646707990
---------------------------------------------------------------------------------------------------
| Order |                  Error^2                   |                 Efficiency                 |
---------------------------------------------------------------------------------------------------
|   2   | 1.131959884853339045938639911360973973e-71 | 1.188897662468350327804448979999676400e+34 |
|   4   | 2.311121635438115932350261171146134126e-08 | 1.052467226810987431398133506255106745e+01 |
|   6   | 4.827361421029333073814871701076757616e-10 | 2.912896584545696297347720425505712310e+00 |
|   8   | 5.205377585952809886131942290438645915e-11 | 3.548247018080856448657046528475567580e-01 |
---------------------------------------------------------------------------------------------------

Scheme evaluation results:
Order: 4, No. cycles: 5
---------------------------------------------------------------------------------------------------
Vector a: 0.934334439154503988362704853143260026, -0.137532736252613549222526365023922977, 0.203198297098109560859821511880662951
Vector b: 0.375609741055331702106576378663321343, -0.264976275533323027119145430052710533, 0.889366534477991325012569051389389239
---------------------------------------------------------------------------------------------------
| Order |                  Error^2                   |                 Efficiency                 |
---------------------------------------------------------------------------------------------------
|   2   | 3.848663608501352756191375698627311507e-71 | 6.447702855469734847571757382008920000e+33 |
|   4   | 4.072929365766555969450241455339062742e-08 | 7.928052974969731542529529350661374393e+00 |
|   6   | 4.383403360553334824768302148080759997e-10 | 3.056850897382434574774006927543683084e+00 |
|   8   | 1.941381600496795070786016812470953798e-11 | 5.810112085971117016806212920958134594e-01 |
---------------------------------------------------------------------------------------------------

Scheme evaluation results:
Order: 4, No. cycles: 5
---------------------------------------------------------------------------------------------------
Vector a: -0.034704933409684368271255537678278489, 0.828039631385486413193553163079151150, 0.206665302024197955077702374599127339
Vector b: -1.306103366723007764297781883669056336, 1.779887711812831762597387811704274788, 0.526215654910176001700394071964781548
---------------------------------------------------------------------------------------------------
| Order |                  Error^2                   |                 Efficiency                 |
---------------------------------------------------------------------------------------------------
|   2   |                    0.0                     |                  Infinity                  |
|   4   | 8.445108609693341372076557870787236307e-08 | 5.505761099935372174519600661833926844e+00 |
|   6   | 2.214957393664333718688495725996627132e-09 | 1.359869664046509897940383231914659740e+00 |
|   8   | 1.246521409933680390885898257871900712e-10 | 2.292926291963158932648261964353463469e-01 |
---------------------------------------------------------------------------------------------------

Scheme evaluation results:
Order: 4, No. cycles: 5
---------------------------------------------------------------------------------------------------
Vector a: 0.701905398528069178048839693441865535, -0.289413044505098650421178992141681786, 0.587507645977029472372339298699816251
Vector b: 0.412660472293053802363893723319665692, 0.723665647836540811396676257869230185, -0.136326120129594613760569981188895925
---------------------------------------------------------------------------------------------------
| Order |                  Error^2                   |                 Efficiency                 |
---------------------------------------------------------------------------------------------------
|   2   | 4.527839539413356183754559645443895890e-71 | 5.944488312341751639022244899998382000e+33 |
|   4   | 1.078702040195469951131413075766799417e-07 | 4.871573199648153092816961845776603972e+00 |
|   6   | 9.336000278174097493537141477525872441e-10 | 2.094592508925047883047573750493513029e+00 |
|   8   | 1.298350951362125428809438997102079437e-10 | 2.246693946062574536694820581073092653e-01 |
---------------------------------------------------------------------------------------------------

Scheme evaluation results:
Order: 4, No. cycles: 5
---------------------------------------------------------------------------------------------------
Vector a: -0.713969309515130420228736761269357734, 0.984803270675794739838114084114664101, 0.729166038839335680390622677154693633
Vector b: -1.061584321815184268507991966916302462, 0.417308695413608770967834985726274125, 1.644275626401575497540156981190028337
---------------------------------------------------------------------------------------------------
| Order |                  Error^2                   |                 Efficiency                 |
---------------------------------------------------------------------------------------------------
|   2   | 1.177238280247472607776185507815412931e-70 | 3.686615150449804314980447569919737000e+33 |
|   4   | 1.110350299452430931825016052298918300e-06 | 1.518413217816380596703280385986113807e+00 |
|   6   | 2.397065238340888675638791912603976928e-06 | 4.133710395472515698610740095987591005e-02 |
|   8   | 4.189686232959781193736457476504208800e-07 | 3.955024839737979107961422594879643663e-03 |
---------------------------------------------------------------------------------------------------

Scheme evaluation results:
Order: 4, No. cycles: 5
---------------------------------------------------------------------------------------------------
Vector a: 0.244103031570459750887653033181556783, -0.694651796256106107646942934629335196, 1.450548764685646356759289901447778316
Vector b: 2.407005865310086557272658078629896088, -4.315992014694583127312089235528400197, 2.908986149384496570039431156898504109
---------------------------------------------------------------------------------------------------
| Order |                  Error^2                   |                 Efficiency                 |
---------------------------------------------------------------------------------------------------
|   2   | 1.448908652612273978801459086542046685e-70 | 3.323069989462289682259517650700861500e+33 |
|   4   | 1.637127101877513816679968217183829185e-06 | 1.250485855218348319670371574504233829e+00 |
|   6   | 7.512625269159543252830233642000875470e-04 | 2.334985084072187621561953553470678369e-03 |
|   8   | 6.376056097355484773687293862449462909e-04 | 1.013827111004910254414281861378438384e-04 |
---------------------------------------------------------------------------------------------------

Scheme evaluation results:
Order: 4, No. cycles: 5
---------------------------------------------------------------------------------------------------
Vector a: -0.243472315383127300000000000000000011, 0.828981543588751000020000000000000007, 0.414490771794375899999999999999999977
Vector b: -0.657963087177502899980000000000000009, 0.828981543588751000020000000000000007, 0.828981543588751000020000000000000007
---------------------------------------------------------------------------------------------------
| Order |                  Error^2                   |                 Efficiency                 |
---------------------------------------------------------------------------------------------------
|   2   | 2.842791726728328497861350063005239053e-34 | 2.372397566586805478260408799980663453e+15 |
|   4   | 2.130275196695136762227647073236069308e-06 | 1.096231121301971860437980549778370735e+00 |
|   6   | 3.228898209196980124501534482463678840e-08 | 3.561662772317952520011106673658518683e-01 |
|   8   | 6.670986775494806445059239814133502641e-09 | 3.134331486247958472898146294101122753e-02 |
---------------------------------------------------------------------------------------------------

Scheme evaluation results:
Order: 4, No. cycles: 5
---------------------------------------------------------------------------------------------------
Vector a: 0.845371326013395632893693471258323268, 2.039737636285757880268257008114442107, -1.885108962299153513161950479372765471
Vector b: 0.369237674304573821343100240736065287, 0.646196620536324337300937461118209496, -0.015434294840898158644037701854274735
---------------------------------------------------------------------------------------------------
| Order |                  Error^2                   |                 Efficiency                 |
---------------------------------------------------------------------------------------------------
|   2   | 5.795634610449095915205836346168186740e-70 | 1.661534994731144841129758825350430750e+33 |
|   4   | 1.261874750219442531150359436346326739e-05 | 4.504139756040546987856740681602260997e-01 |
|   6   | 3.273275531188963080438854707027810381e-08 | 3.537436820365701471635237557157613860e-01 |
|   8   | 7.441263521842622524293301270736411328e-09 | 2.967676945939384217367796104297404038e-02 |
---------------------------------------------------------------------------------------------------

Scheme evaluation results:
Order: 4, No. cycles: 5
---------------------------------------------------------------------------------------------------
Vector a: -0.407420865124176083075315193064113513, -1.244307264159683319777301291296395315, 2.651728129283859402852616484360508635
Vector b: 1.919636436707615176271680461447732628, -1.109310443422850628530052934915032051, 0.189674006715235452258372473467299423
---------------------------------------------------------------------------------------------------
| Order |                  Error^2                   |                 Efficiency                 |
---------------------------------------------------------------------------------------------------
|   2   | 5.795634610449095915205836346168186740e-70 | 1.661534994731144841129758825350430750e+33 |
|   4   | 3.362860334220438159757257882818581368e-04 | 8.725002645955614258675978534467028105e-02 |
|   6   | 1.681413674447992794808637095910584728e-05 | 1.560783576273907705372576678179104559e-02 |
|   8   | 3.004992007379462190769437026601058018e-06 | 1.476788509979733468108760914763301778e-03 |
---------------------------------------------------------------------------------------------------

Scheme evaluation results:
Order: 4, No. cycles: 5
---------------------------------------------------------------------------------------------------
Vector a: 0.921477434975254025968526381504564423, -1.154710702930689257269414711719364250, 1.233233267955435231300888330214799730
Vector b: -2.852538784145656869433492775903263774, 0.155732095703067798268556078618100242, 3.696806688442589071164936697285163412
---------------------------------------------------------------------------------------------------
| Order |                  Error^2                   |                 Efficiency                 |
---------------------------------------------------------------------------------------------------
|   2   | 3.622271631530684947003647716355116712e-71 | 6.646139978924579364519035301401723000e+33 |
|   4   | 5.904879937749165188017425607578617549e-04 | 6.584373325328239693436332141952208793e-02 |
|   6   | 1.928001601904980473330393746385170575e-04 | 4.609207700514413533084277109491651070e-03 |
|   8   | 1.677588855642404800199723824296262157e-04 | 1.976501731342089535099392207491810639e-04 |
---------------------------------------------------------------------------------------------------

Scheme evaluation results:
Order: 4, No. cycles: 5
---------------------------------------------------------------------------------------------------
Vector a: -0.507939122360439520187654568642952530, -0.112979948154144091444075220127651204, 1.620919070514583611631729788770603685
Vector b: -1.051099611973257576361498115570214703, 3.586753756535880072285765896538198086, -1.535654144562622495924267780967983383
---------------------------------------------------------------------------------------------------
| Order |                  Error^2                   |                 Efficiency                 |
---------------------------------------------------------------------------------------------------
|   2   | 1.448908652612273978801459086542046685e-70 | 3.323069989462289682259517650700861500e+33 |
|   4   | 9.336114757317825079228938897864327431e-04 | 5.236449167430371695437712849697090437e-02 |
|   6   | 4.932075708199645551974347988378144772e-05 | 9.113078404523029185893120878907430109e-03 |
|   8   | 1.644544481643186822084067648001096378e-05 | 6.312729102958565059074588473015920060e-04 |
---------------------------------------------------------------------------------------------------

Scheme evaluation results:
Order: 4, No. cycles: 5
---------------------------------------------------------------------------------------------------
Vector a: -2.377793005711717574351524133813952240, 1.788938803246653081438868397251063562, 1.588854202465064492912655736562888678
Vector b: 1.887115298450826949759896273387664210, 0.120769128449987537236603666155372028, -1.007884426900814486996499939543036202
---------------------------------------------------------------------------------------------------
| Order |                  Error^2                   |                 Efficiency                 |
---------------------------------------------------------------------------------------------------
|   2   | 1.304017787351046580921313177887842016e-69 | 1.107689996487429894086505883566953875e+33 |
|   4   | 1.392568817969576905420177260354648152e-03 | 4.287574205387144117762145763356013586e-02 |
|   6   | 2.283681357407416155488916008921754300e-04 | 4.235085872333674574004367926177116747e-03 |
|   8   | 1.946341998016475934402111995510832718e-05 | 5.802703611041692400263639169203708994e-04 |
---------------------------------------------------------------------------------------------------

Scheme evaluation results:
Order: 4, No. cycles: 5
---------------------------------------------------------------------------------------------------
Vector a: -0.170998032641190979751923510330239914, -0.167422697771235051036083047769329341, 1.338420730412426030788006558099569231
Vector b: -1.069934634645119336712381596115319659, -1.128720794228867828620009504475807285, 3.198655428873987165332391100591127137
---------------------------------------------------------------------------------------------------
| Order |                  Error^2                   |                 Efficiency                 |
---------------------------------------------------------------------------------------------------
|   2   | 1.448908652612273978801459086542046685e-70 | 3.323069989462289682259517650700861500e+33 |
|   4   | 1.420694242617967445852367997960473105e-03 | 4.244921588289552504474021541349056119e-02 |
|   6   | 1.961856200254158892720721492703674044e-04 | 4.569265442716542783891547838996161411e-03 |
|   8   | 2.606139903089058463892480509387393839e-05 | 5.014655493609125872281046993005196079e-04 |
---------------------------------------------------------------------------------------------------

