Scheme evaluation results:
Order: 6, No. cycles: 8
-------------------------------------------------------------------
Vector a: -0.00000000000000000040, 0.13750633650504021418, -0.94210677081951287580, 1.02008682383691539730, 0.78451361047755726474
Vector b: 1.31518632068391121419, -2.35535996835774200878, 0.47114642671871626942, 1.56902722095511452515
-------------------------------------------------------------------
| Order |          Error^2           |         Efficiency         |
-------------------------------------------------------------------
|   2   | 4.70656917809704959245e-38 | 7.20224354146892642617e+16 |
|   4   | 1.58408383601134620966e-39 | 6.13410168218900778076e+15 |
|   6   | 3.65393877658702913232e-06 | 1.99562733903074322161e-03 |
|   8   | 5.57592742371367865073e-07 | 7.98218056776559807007e-05 |
-------------------------------------------------------------------

Scheme evaluation results:
Order: 6, No. cycles: 8
-------------------------------------------------------------------
Vector a: 0.00000000000000001742, 0.24406752230630123957, -2.12802454013065021378, 1.44410884984756599349, 1.43984816797678296329
Vector b: 2.37635274430775305797, -4.26457044400290333566, 0.00852136374158414193, 2.87969633595356613561
-------------------------------------------------------------------
| Order |          Error^2           |         Efficiency         |
-------------------------------------------------------------------
|   2   | 4.58396695401620816520e-34 | 7.29792317003148048035e+14 |
|   4   | 4.82520005686133023488e-36 | 1.11143070301189223343e+14 |
|   6   | 6.78270908954155133314e-04 | 1.46473305587804195419e-04 |
|   8   | 5.41564427478283318193e-04 | 2.56126809127913054222e-06 |
-------------------------------------------------------------------

Scheme evaluation results:
Order: 6, No. cycles: 8
-------------------------------------------------------------------
Vector a: -0.00000000000000002305, 2.39097664552794480922, -2.14250645402115133423, -0.69625275390609144504, 1.44778256239929799297
Vector b: 2.38944778324368389258, 0.00305772456849850199, -4.28807063261077816337, 2.89556512479859576889
-------------------------------------------------------------------
| Order |          Error^2           |         Efficiency         |
-------------------------------------------------------------------
|   2   | 2.91365560305497137004e-34 | 9.15378942839634780579e+14 |
|   4   | 6.03592889168874294984e-36 | 9.93729070059475590439e+13 |
|   6   | 7.41511407490425246410e-04 | 1.40088072481047077136e-04 |
|   8   | 5.96144182608047485592e-04 | 2.44120611363093436161e-06 |
-------------------------------------------------------------------

