Scheme evaluation results:
Order: 6, No. cycles: 10
-------------------------------------------------------------------
Vector a: -0.69564139010452152867, 1.03658553952398380105, -0.25429923195018222515, 0.11021432287781258996, 0.68663139256517080611, 0.11650936708773639017
Vector b: -0.03123617653953848772, 0.96253199250184406921, 0.10638966225614129857, -0.35747866363475921947, 0.31979318541631235329
-------------------------------------------------------------------
| Order |          Error^2           |         Efficiency         |
-------------------------------------------------------------------
|   2   | 1.87258316384653954822e-40 | 7.30767867527044864000e+17 |
|   4   | 2.29383800494570524404e-42 | 6.60265534626049840000e+16 |
|   6   | 4.34225393325520702287e-12 | 4.79890763807243714290e-01 |
|   8   | 6.68122775672326960427e-13 | 1.22340953690786517077e-02 |
-------------------------------------------------------------------

Scheme evaluation results:
Order: 6, No. cycles: 10
-------------------------------------------------------------------
Vector a: -0.47035186842256859752, -0.13227277458040795355, 0.03798954592643498385, 0.71481684021732128098, 0.60754787359923434487, 0.24227038325998589974
Vector b: -1.15606451399411125358, -0.27793943582786057034, 1.14991930552941723498, 0.75026436591554668265, 0.53382027837700785078
-------------------------------------------------------------------
| Order |          Error^2           |         Efficiency         |
-------------------------------------------------------------------
|   2   | 2.65246741637573054014e-39 | 1.94166799099510688000e+17 |
|   4   | 1.55967510851573473478e-38 | 8.00724154283531125000e+14 |
|   6   | 2.45579603942367015659e-10 | 6.38122198358948705676e-02 |
|   8   | 1.21360864323151847888e-10 | 9.07738320224445974400e-04 |
-------------------------------------------------------------------

Scheme evaluation results:
Order: 6, No. cycles: 10
-------------------------------------------------------------------
Vector a: -0.51686192435537492429, -0.22865175258647857381, 0.02397291604927443559, 0.55810974670117818874, 0.82202303627798178898, 0.34140797791341920275
Vector b: -1.11938889170946564988, -0.48460073705137751698, 1.03832854141597064057, 0.78116501165172680388, 0.78449607569314572242
-------------------------------------------------------------------
| Order |          Error^2           |         Efficiency         |
-------------------------------------------------------------------
|   2   | 4.27609028985646578827e-40 | 4.83589170394505728000e+17 |
|   4   | 1.62606673800251772910e-41 | 2.47988086127472720000e+16 |
|   6   | 1.13459485403143718551e-09 | 2.96879079830314855648e-02 |
|   8   | 8.95388908149051392990e-10 | 3.34190534502700614672e-04 |
-------------------------------------------------------------------
