Scheme evaluation results:
Order: 6, No. cycles: 14
---------------------------------------------------------------------------------------------------
Vector a: -0.400033525329120902051093642901643071, 0.525709414635449403734513806065428900, 0.290926176787771519809988045297049076, 0.231102595521851323079354247334159782, -0.134306974323785032437079020463220128, 0.057730377747431711125347670358820883, 0.354370168658246796478322593021643975, 0.074501766302155180260646301287760625
Vector b: -0.022616492955015926431785083258805778, 0.264526779900955757220425222474991395, 0.317324734274666535488205468463304736, 0.415807672275628319928605099886087108, 0.070482587056268081620266178179507860, -0.233195056863678082115324003763896942, 0.187669776311175314289607118018811645
---------------------------------------------------------------------------------------------------
2nd highest efficiency scheme - The highest one is slightly more efficient, but much has twice as
long distance from the origin, making it a likely worse scheme in general. This one also has good
uniformity, which makes it a generally good scheme. One of the best at order 6 with maximal cycles.
---------------------------------------------------------------------------------------------------
| Order |                  Error^2                   |                 Efficiency                 |
---------------------------------------------------------------------------------------------------
|   2   | 1.131959884853339045938639911360973973e-72 | 4.795439436543457261340755988473076500e+33 |
|   4   | 5.389314625121137224026099016461961348e-73 | 3.545855947778732174320157621122716797e+31 |
|   6   | 3.260404027609296969760841461375570626e-14 | 7.355226912112499390405488294389938009e-01 |
|   8   | 2.255776078976199642525114208125915881e-15 | 1.426683771257673236433777204568662721e-02 |
---------------------------------------------------------------------------------------------------
Distance from the origin: x = 0.7842977663012706
---------------------------------------------------------------------------------------------------

Scheme evaluation results:
Order: 6, No. cycles: 14
---------------------------------------------------------------------------------------------------
Vector a: 0.137167331831522012570363804735580690, 0.322933833678288204647105960334131494, -0.141769309870501383243818567754937773, -0.257000387816345799420316473244822144, 0.586243043112932671665780034825217478, -0.063731937754556384514231187000580568, 0.328749154920908172154602652673036221, 0.087408271897752506140513775432374615
Vector b: 0.295129776218540176673552438602123126, 0.354043120923196127407708883955185090, -0.134490467700822527672391146739770478, 0.018127377917887284418030739714892283, -0.165657243480212303677658535577907972, 0.388633928005837435493328084597611812, 0.244213508115573807357429535447866141
---------------------------------------------------------------------------------------------------
Smallest distance from the origin scheme - The scheme is less efficient, but compensates by a
much better uniformity of scheme parameters. Potentially the best candidate for local ordering of 
operators.
---------------------------------------------------------------------------------------------------
| Order |                  Error^2                   |                 Efficiency                 |
---------------------------------------------------------------------------------------------------
|   2   | 5.093819481840025706723879601124382877e-72 | 2.260591829566183457319399762381538500e+33 |
|   4   | 1.341369699977269139215008171330158061e-73 | 7.107446696990123767780374542353478906e+31 |
|   6   | 7.810610973331305844323932744620580862e-13 | 1.502758808576481081111981312583181959e-01 |
|   8   | 1.639638128280236188273281273678444945e-13 | 1.673407496248980085510566220663455230e-03 |
---------------------------------------------------------------------------------------------------
Distance from the origin: x = 0.6370577465715198
---------------------------------------------------------------------------------------------------
