Scheme evaluation results:
Order: 8, No. cycles: 21
-------------------------------------------------------------------
Vector a: -0.30792494959196403670, 0.24440252759208389022, -0.20152216514655613144, 0.09507924818663507360, 0.53319541695659455893, 0.29798612935067414487, 0.23063446061934522735, -0.15790085823214572436, -0.12162417400098386733, 0.24045664431443078413, 0.14721771995188612236
Vector b: -0.44004738242335628140, 0.26424486566278448940, 0.22456018952138326328, -0.62760451981449549841, 0.81776301618776570113, 0.24862781772542344449, 0.34734444097592476197, 0.11392448026276565110, -0.42972619672705708593, 0.18647784872508932352, 0.29443543990377224473
-------------------------------------------------------------------
| Order |          Error^2           |         Efficiency         |
-------------------------------------------------------------------
|   2   | 2.94160573631065599528e-41 | 4.18089421001370816000e+17 |
|   4   | 3.08723567921561260938e-44 | 2.92642857426050720000e+16 |
|   6   | 8.51254178046683575731e-46 | 3.99626798083390500000e+14 |
|   8   | 3.42038747444953405443e-15 | 4.52072395025400876421e-04 |
-------------------------------------------------------------------

Scheme evaluation results:
Order: 8, No. cycles: 21
-------------------------------------------------------------------
Vector a: -0.31065595027234799153, 0.25253878038645471982, -0.20794673451508335904, 0.09744212592428287689, 0.55386843117056294705, 0.35299187119031288917, -0.02297166497679206318, -0.12395723562999555467, 0.19900937247860944757, 0.14606767876486462243, 0.06361332547913149671
Vector b: -0.45016644127183913504, 0.27902098199898234254, 0.22605657877392712485, -0.64195004780409381517, 0.83683429965265965222, 0.27090256268846618637, 0.43508117969215964749, -0.48102450964574378078, 0.23311003838575264369, 0.16490870657146625144, 0.12722665095826299342
-------------------------------------------------------------------
| Order |          Error^2           |         Efficiency         |
-------------------------------------------------------------------
|   2   | 1.95509161742598477735e-41 | 5.12835231943300032000e+17 |
|   4   | 8.21045949829691158411e-44 | 1.79448193029074460000e+16 |
|   6   | 6.87700021237600609081e-46 | 4.44615616606501750000e+14 |
|   8   | 3.78994580770367239727e-15 | 4.29466350891412969228e-04 |
-------------------------------------------------------------------

Scheme evaluation results:
Order: 8, No. cycles: 21
-------------------------------------------------------------------
Vector a: -0.31337515984140906777, 0.22612049793799690600, 0.10960585307859906090, -0.29517589635704843953, 0.10134658058787543444, 0.61848658428925051833, 0.32108079214247575717, -0.08529592237475196181, -0.06440392829298142996, 0.27316747517747808072, 0.10844312365251518315
Vector b: -0.47460547734523950147, 0.32246063500757687903, 0.12978036086827385298, 0.08943134528949138462, -0.67978313800398781908, 0.88247629917976777580, 0.35449686939871827285, 0.28766471488632983089, -0.45825655963590050668, 0.32944870304991064058, 0.21688624730505923210
-------------------------------------------------------------------
| Order |          Error^2           |         Efficiency         |
-------------------------------------------------------------------
|   2   | 3.16285610064041391590e-36 | 1.27503378867583725000e+15 |
|   4   | 3.33731966206184357825e-38 | 2.81464688396114648438e+13 |
|   6   | 9.01856935352733312258e-41 | 1.22776544709810083008e+12 |
|   8   | 7.06206386646317714868e-15 | 3.14615287551716022243e-04 |
-------------------------------------------------------------------

Scheme evaluation results:
Order: 8, No. cycles: 21
-------------------------------------------------------------------
Vector a: -0.26119608098330798773, 0.26201846770141384857, 0.26075016712721765799, 0.24284589575603912626, 0.20992232485508263706, -0.14585729115316231619, -0.48693339682864017481, 0.11150934744136081767, 0.48942785240892061616, 0.22389256776132904214, 0.09362014591374676065
Vector b: -0.38881797501395565231, 0.25524378806129521813, 0.26879314734153225697, 0.25270718691290472435, 0.23298460459916994769, 0.18686004511099849057, -0.47857462741732420541, -0.49529216623995614421, 0.71831086112267772403, 0.26054484369516373032, 0.18724029182749379885
-------------------------------------------------------------------
| Order |          Error^2           |         Efficiency         |
-------------------------------------------------------------------
|   2   | 3.22859166180437853141e-42 | 1.26198690978276352000e+18 |
|   4   | 5.12021321691185112555e-44 | 2.27236869634568840000e+16 |
|   6   | 3.41324080919968798893e-46 | 6.31103758877965500000e+14 |
|   8   | 2.14488608880014175174e-13 | 5.70878287889469470729e-05 |
-------------------------------------------------------------------
