Scheme evaluation results:
Order: 6, No. cycles: 11
-------------------------------------------------------------------
Vector a: -0.03499708636335745887, 0.42678773505558414980, 0.63596539413361419246, 0.08340433119559782782, -0.21526582177427966425, 0.10410544775284098773
Vector b: -0.53219666827563050227, 0.71275403864111985808, 0.46010217846426243460, -0.26125589687185873933, 0.09185810224974801097, 0.52873824579235884080
-------------------------------------------------------------------
| Order |          Error^2           |         Efficiency         |
-------------------------------------------------------------------
|   2   | 2.19510512156452227738e-37 | 1.76395283290566460000e+16 |
|   4   | 1.35006633561044660655e-39 | 1.85888150028688525000e+15 |
|   6   | 1.31190346276265920110e-12 | 4.92825248828622664021e-01 |
|   8   | 1.22476645576359287396e-13 | 1.33300530286248539169e-02 |
-------------------------------------------------------------------

Scheme evaluation results:
Order: 6, No. cycles: 11
-------------------------------------------------------------------
Vector a: -0.03170150917895268178, 0.42253828973979484784, 0.43026421430161787551, -0.25049059314220278871, 0.06234390131927641104, 0.36704569696046629446
Vector b: -0.59352761038666368432, 0.77880847040187650698, 0.45753210144431510908, 0.47356540357835452681, 0.13320698018295418219, -0.24958534522083666851
-------------------------------------------------------------------
| Order |          Error^2           |         Efficiency         |
-------------------------------------------------------------------
|   2   | 5.88321147262131199057e-40 | 3.40727667289564992000e+17 |
|   4   | 2.28114574410508321342e-40 | 4.52223099814271100000e+15 |
|   6   | 4.90350543269078501115e-12 | 2.54912163325148155568e-01 |
|   8   | 5.25312954708684941062e-13 | 6.43649540005014272892e-03 |
-------------------------------------------------------------------

Scheme evaluation results:
Order: 6, No. cycles: 11
-------------------------------------------------------------------
Vector a: 0.58285138286852056222, -0.21775051294066194441, 0.07144889885498781346, -0.19730641184366171093, 0.58491297782938145300, 0.17584366523143385441
Vector b: 0.32693652054006921981, -0.26841441720955067085, -0.23717925445932488970, 0.84280825020001992609, -0.10835266593899649246, 0.44420156686778289323
-------------------------------------------------------------------
| Order |          Error^2           |         Efficiency         |
-------------------------------------------------------------------
|   2   | 1.05187516341586652553e-38 | 8.05809771154918880000e+16 |
|   4   | 8.13400684361220007225e-40 | 2.39484269795466250000e+15 |
|   6   | 4.70165128043623885495e-11 | 8.23225248339425619282e-02 |
|   8   | 2.02243133892740663551e-11 | 1.03734119638554736498e-03 |
-------------------------------------------------------------------
