Scheme evaluation results:
Order: 6, No. cycles: 7
-----------------------------------------------------------
Vector a: 0.1375063365050402, -0.9421067708195129, 1.0200868238369154, 0.7845136104775573
Vector b: 1.3151863206839112, -2.3553599683577420, 0.4711464267187163, 1.5690272209551146
-----------------------------------------------------------
| Order |        Error^2         |       Efficiency       |
-----------------------------------------------------------
|   2   | 2.1967638428166909e-34 | 1.3769311788395338e+15 |
|   4   | 1.3729774017604318e-35 | 1.1240254521139050e+14 |
|   6   | 3.6539387765870285e-06 | 4.4466313624669587e-03 |
|   8   | 5.5759274237136804e-07 | 2.3230423311473554e-04 |
-----------------------------------------------------------

Scheme evaluation results:
Order: 6, No. cycles: 7
-----------------------------------------------------------
Vector a: 0.2440675223063012, -2.1280245401306512, 1.4441088498475672, 1.4398481679767829
Vector b: 2.3763527443077530, -4.2645704440029037, 0.0085213637415841, 2.8796963359535663
-----------------------------------------------------------
| Order |        Error^2         |       Efficiency       |
-----------------------------------------------------------
|   2   | 6.3218650424511017e-32 | 8.1167339287212703e+13 |
|   4   | 5.8579115281137547e-33 | 5.4417230588680078e+12 |
|   6   | 6.7827090895415209e-04 | 3.2636994976590900e-04 |
|   8   | 5.4156442747828185e-04 | 7.4540210496941263e-06 |
-----------------------------------------------------------

Scheme evaluation results:
Order: 6, No. cycles: 7
-----------------------------------------------------------
Vector a: 2.3909766455279344, -2.1425064540211411, -0.6962527539060913, 1.4477825623992979
Vector b: 2.3894477832436842, 0.0030577245684985, -4.2880706326107791, 2.8955651247985958
-----------------------------------------------------------
| Order |        Error^2         |       Efficiency       |
-----------------------------------------------------------
|   2   | 7.3426079129763367e-32 | 7.5314526661939094e+13 |
|   4   | 5.8863114716296211e-32 | 1.7166676397725879e+12 |
|   6   | 7.4151140749042187e-04 | 3.1214245486550405e-04 |
|   8   | 5.9614418260806870e-04 | 7.1046064328857146e-06 |
-----------------------------------------------------------

