Scheme evaluation results:
Order: 6, No. cycles: 13
-------------------------------------------------------------------
Vector a: -0.02439226822748766926, 0.36475244141077800553, 0.57695730218901564168, 0.04816701702563550014, -0.24396509694923099176, 0.21078782127801068413, 0.06769278327327882261
Vector b: -0.45637130783302953807, 0.62365398925773851690, 0.36004836075595963996, -0.18086806797784532597, 0.10266440314689538604, 0.37597870813942402268, 0.17489391451085728457
-------------------------------------------------------------------
| Order |          Error^2           |         Efficiency         |
-------------------------------------------------------------------
|   2   | 5.13489567189643047762e-39 | 8.25747910207971840000e+16 |
|   4   | 1.04846701560900078889e-39 | 1.08130747348324237500e+15 |
|   6   | 8.60616422653270001166e-14 | 7.06211965362613769415e-01 |
|   8   | 1.02703515881499411619e-14 | 1.20965221761016473306e-02 |
-------------------------------------------------------------------

Scheme evaluation results:
Order: 6, No. cycles: 13
-------------------------------------------------------------------
Vector a: -0.03106290399785306341, 0.34282796524646008685, 0.25444012666432302971, 0.43928847760743894302, 0.06903746727331717958, -0.16291838008185299813, 0.08838724728816679810
Vector b: -0.41328960526474561865, 0.54843234107949079270, 0.33851723638155212237, 0.23649591619004559084, -0.21889036873073133838, 0.06986760928641087831, 0.43886687105797755892
-------------------------------------------------------------------
| Order |          Error^2           |         Efficiency         |
-------------------------------------------------------------------
|   2   | 1.30040497489343024182e-40 | 5.18888426646422336000e+17 |
|   4   | 1.10461254285579735282e-39 | 1.05346862470789812500e+15 |
|   6   | 1.89054294178646459513e-13 | 4.76482125046800764068e-01 |
|   8   | 3.30224106466881859892e-14 | 6.74603817818588899491e-03 |
-------------------------------------------------------------------

Scheme evaluation results:
Order: 6, No. cycles: 13
-------------------------------------------------------------------
Vector a: 0.40276147853963739642, -0.13916260510965697272, -0.30112036614950155045, 0.65579301330169426087, -0.07754662376535377544, 0.36382187821314071474, 0.09545322497003991269
Vector b: 0.20041011632969965572, 0.43004187814643057841, -0.16651026241760033542, 0.02060415260355922748, -0.18531667116954284036, 0.43250577272822915420, 0.26826501377922457037
-------------------------------------------------------------------
| Order |          Error^2           |         Efficiency         |
-------------------------------------------------------------------
|   2   | 3.63216561952992584783e-40 | 3.10477743778411904000e+17 |
|   4   | 7.58327552765558209112e-41 | 4.02066762468666350000e+15 |
|   6   | 1.56679139367520601809e-12 | 1.65513833470027404982e-01 |
|   8   | 3.36270110976923207255e-13 | 2.11401978699514566870e-03 |
-------------------------------------------------------------------

Scheme evaluation results:
Order: 6, No. cycles: 13
-------------------------------------------------------------------
Vector a: -0.22232294147044920352, 0.57385318328152179479, -0.14012240354898397587, 0.39216732830733114223, -0.17524533358938532146, 0.45142999239620662522, 0.12024017462375889698
Vector b: 0.15841472055986924317, -0.28542354006315373560, 0.70681566565637665711, -0.16626696333359111679, -0.23445393385964172217, 0.47827768896428496381, 0.34263636207585579374
-------------------------------------------------------------------
| Order |          Error^2           |         Efficiency         |
-------------------------------------------------------------------
|   2   | 3.08000469888000368833e-38 | 3.37161211627271080000e+16 |
|   4   | 4.93098121543077267604e-39 | 4.98608774262869875000e+14 |
|   6   | 8.38759408483345459863e-12 | 7.15354286395452204639e-02 |
|   8   | 2.78890535737796822520e-12 | 7.34068001432214853677e-04 |
-------------------------------------------------------------------

Scheme evaluation results:
Order: 6, No. cycles: 13
-------------------------------------------------------------------
Vector a: 0.59950543855932469928, -0.25013426789734216626, -0.13823970875642663247, -0.14430387141502190596, 0.38569685625926303230, 0.33750578106439249604, 0.20996977218581050484
Vector b: 0.45598290606925562241, 0.29184380804858783831, -0.77237800090460295710, -0.10910053920162710028, 0.38168268062903959459, 0.34208932039927048008, 0.40987982496007646649
-------------------------------------------------------------------
| Order |          Error^2           |         Efficiency         |
-------------------------------------------------------------------
|   2   | 1.14794370197489014450e-40 | 5.52271968635599168000e+17 |
|   4   | 1.10149065788252245860e-40 | 3.33607788866894100000e+15 |
|   6   | 1.74985627732836033954e-10 | 1.56616926236343850798e-02 |
|   8   | 4.59768944392622017987e-11 | 1.80793730060381047315e-04 |
-------------------------------------------------------------------
