Scheme evaluation results:
Order: 8, No. cycles: 27
---------------------------------------------------------------------------------------------------
Vector a: -0.303076614087598650925331198864826276, 0.094973891857414111853732906046792877, 0.666332423105183246560924912512226353, -0.010462582553247720822999597703094548, -0.701428054405152678650380044485157635, -0.384556258947494140332341903183045839, -0.004988137311507376588961476996994301, 0.000004556433705415239163415844923895, 1.050151565037663824144420153997784784, 0.731868795697947168122689133125675015, 0.030003635511206850991258703424891211, -0.406641081346076116400542953566558507, 0.193959978354084998725743445511752699, 0.043857882653871068082624504335630304
Vector b: 0.304814557919059228240198477997165589, 0.062279126498062505463671738683778020, -0.142694354409065454909755168551788973, 0.658386422481875832514866318198376661, -0.734290548648581140284677499331401974, -0.005174097783708918877137856512518037, 0.189768648958599904277693454962878523, -2.459340804111697148595912163610266031, 2.273789506771730268233425667887425260, 0.452862981498501363979605508225299158, -0.073871056587380553747823182067409450, 0.057776415827933521078831920011395319, 0.286753080526662747673321183119149037, 0.128940121058007844953691600987917049
---------------------------------------------------------------------------------------------------
Highest efficiency scheme - Still less efficient than the lower cycle schemes (19, 21), but pretty
good nonetheless. This scheme is in the region where the number of parameters matches the
number of constraints. Could be used in global groupings.
---------------------------------------------------------------------------------------------------
| Order |                  Error^2                   |                 Efficiency                 |
---------------------------------------------------------------------------------------------------
|   2   | 7.757635917242907316739650996782101905e-66 | 4.925017465920060200791399937925383301e+29 |
|   4   | 9.121514966668549969860711432384681497e-70 | 6.230335816100311502483661897855353546e+28 |
|   6   | 8.299456775007694586093819793501413378e-70 | 8.959681701603874643532731898900066316e+25 |
|   8   | 2.351146718317053613975121979391487383e-16 | 2.309138706560392984860274222506280556e-04 |
---------------------------------------------------------------------------------------------------
Distance from the origin: x = 2.3804816906147837
---------------------------------------------------------------------------------------------------

Scheme evaluation results:
Order: 8, No. cycles: 27
---------------------------------------------------------------------------------------------------
Vector a: -0.004375834312241133574104700695497851, 0.464806725088428209176695718831264198, 0.019986843406486148049275188515360624, -0.117909280449073210118710887900863562, 0.565885179589531035202692849423685297, -0.661367934774050347760502108023874461, -0.017327464868903655287638664059580437, 1.112246014160822502100134883897991602, -1.103421061607525399294445858066642734, 0.008385404131384160178572935981090422, 0.390844557225968003587700112792959860, 0.254530164987734698425026257190058125, -0.167017473385560204970852263589373125, 0.254734160806999194286156535703422126
Vector b: 0.838816777211550920766964897000824637, -0.652612001588924628996607045486518610, 0.459644030939508913040202706579064428, -0.492663212479057398122974707586461612, 0.476245087627270179839978212146037894, -0.008607767780293120596731711665598963, -0.751860211701722625979493909852884316, 1.063396603903804840237928848402052532, 0.000107920602578925637127947292387824, -1.357715434837861883459105348756770000, 0.911870155506690676273263012584742868, 0.312692323647847858316738463254720448, 0.218842729071807738492095306475572063, -0.018157000123200395449386670387169125
---------------------------------------------------------------------------------------------------
Second most efficient scheme - Slightly less efficient than the scheme above, but with better
uniformity. Likely worse than the other best schemes though.
---------------------------------------------------------------------------------------------------
| Order |                  Error^2                   |                 Efficiency                 |
---------------------------------------------------------------------------------------------------
|   2   | 4.075055585472020565379103680899506301e-70 | 6.795254129334421169435579446728831250e+31 |
|   4   | 5.220943882971015931609566700544804758e-71 | 2.604176591240417386464221755526523438e+29 |
|   6   | 5.397833395759935853544859022604126805e-73 | 3.513238853856422898154158332421744823e+27 |
|   8   | 2.987199784783018607679015995658662400e-16 | 2.048602753308276244411324636003415201e-04 |
---------------------------------------------------------------------------------------------------
Distance from the origin: x = 1.5624183475077995
---------------------------------------------------------------------------------------------------

Scheme evaluation results:
Order: 8, No. cycles: 27
---------------------------------------------------------------------------------------------------
Vector a: -0.096649657142915693937485474463969173, 0.078523477611328915730073269183725922, -0.843257244455188152860459010341432086, -0.390716268741037103836592538185542779, 0.827475143326431544552889507715249653, -0.724461960742554164931390098605242357, 1.076867232983782358233208958083559011, -0.231819921580102227300072351318827987, 0.464576931379334177534337483113217962, -0.080586991396594373723574144889833546, 0.611671945530041654572733130648620299, 0.321288010244714866127526301431205742, -0.054117316863516159947900855658242614, 0.041206619846274359786705823287511855
Vector b: 0.123248655851517657965939058175577229, 0.281479849800103077582780133089088263, -0.805613666577602770566364829192146081, -0.157650482388963484761277757008011295, -0.038035715822197319349717165505740521, -0.022799683439856949800321009957661203, 0.103372025886621058811844195328123388, -0.023181867164862019097592381923074708, 0.421301466596585327811851255085675950, -0.163829567245108316867374312526254512, 0.688798579138072172614585357042198351, 0.424444904470187218055889028839821722, -0.203468347303654129213993761069947540, 0.371933848199158476813752189622350929
---------------------------------------------------------------------------------------------------
Best uniformity scheme - Sligthly smaller distance from the origin, but at a big cost to the
efficiency. Likely does not perform well in practice.
---------------------------------------------------------------------------------------------------
| Order |                  Error^2                   |                 Efficiency                 |
---------------------------------------------------------------------------------------------------
|   2   | 1.524183984955021025356378640647551454e-69 | 3.513611781368413759042934679338135547e+31 |
|   4   | 2.439110925973185221936711010022751151e-72 | 1.204839417763237035436840859987359253e+30 |
|   6   | 3.711203169645583410372816266930422638e-74 | 1.339861937120579578521484866636717415e+28 |
|   8   | 1.321868926068792443405766327017097271e-14 | 3.079609778728695995858753676866064082e-05 |
---------------------------------------------------------------------------------------------------
Distance from the origin: x = 1.409802322251606
---------------------------------------------------------------------------------------------------
