Scheme evaluation results:
Order: 4, No. cycles: 4
---------------------------------------------------------------------------------------------------
Vector a: 0.979073220279426706203777265288201786, -0.323246238136603247441585000216198347, 0.344173017857176541237807734927996561
Vector b: -0.183122446439236716565177997225387133, 1.183122446439236716565177997225387229
---------------------------------------------------------------------------------------------------
Omelyan improved 4th order scheme - Much better efficiency than the one by Forest-Ruth. Good choice
at 4th order (especially in global grouping of operators).
---------------------------------------------------------------------------------------------------
|   2   | 9.055679078826712367509119290887791781e-72 | 2.076918743413931051412198531688038400e+34 |
|   4   | 8.501040830258694056706089636484466016e-07 | 4.236663621170036340728015575092829170e+00 |
|   6   | 1.190651726909579852962047050661338661e-08 | 2.237420840105678614756113050007219060e+00 |
|   8   | 2.293891897716724126023315325401353845e-09 | 3.185910679143011594484762246327700436e-01 |
---------------------------------------------------------------------------------------------------
Distance from the origin: x = 1.20032794442749
---------------------------------------------------------------------------------------------------

Scheme evaluation results:
Order: 4, No. cycles: 4
---------------------------------------------------------------------------------------------------
Vector a: 0.530209824193593849855257566039921223, -0.129754247401234767709990044503728119, 0.599544423207640917854732478463806920
Vector b: 1.432360315880993853926170664766998813, -0.432360315880993853926170664766998813
---------------------------------------------------------------------------------------------------
Minimal distance from the origin at 4 cycles - Slightly worse efficiency than the one by Omelyan,
but potential for better practical performance due to better uniformity (especially in local
grouping of operators).
---------------------------------------------------------------------------------------------------
| Order |                  Error^2                   |                 Efficiency                 |
---------------------------------------------------------------------------------------------------
|   2   |                    0.0                     |                  Infinity                  |
|   4   | 1.247329337232734626860175177066207529e-06 | 3.497594570927012595016879681979131698e+00 |
|   6   | 8.382238861628214448906413461155689032e-09 | 2.666613269087105459441780659770833292e+00 |
|   8   | 2.298156435045602524302795728673510272e-09 | 3.182953364417185395052763193205339040e-01 |
---------------------------------------------------------------------------------------------------
Distance from the origin: x = 1.0651945534211544
---------------------------------------------------------------------------------------------------
