Scheme evaluation results:
Order: 4, No. cycles: 4
-----------------------------------------------------------
Vector a: 0.9790732203445468, -0.3232462381994045, 0.3441730178548577
Vector b: -0.1831224464018608, 1.1831224464018608
-----------------------------------------------------------
| Order |        Error^2         |       Efficiency       |
-----------------------------------------------------------
|   2   | 4.8148248609680896e-35 | 9.0071992547409920e+15 |
|   4   | 8.5010408302587020e-07 | 4.2366636211700346e+00 |
|   6   | 1.1906517268943178e-08 | 2.2374208401200186e+00 |
|   8   | 2.2938918976598688e-09 | 3.1859106791824937e-01 |
-----------------------------------------------------------

Scheme evaluation results:
Order: 4, No. cycles: 4
-----------------------------------------------------------
Vector a: 0.5302098241935127, -0.1297542474160902, 0.5995444232225775
Vector b: 1.4323603158391824, -0.4323603158391824
-----------------------------------------------------------
| Order |        Error^2         |       Efficiency       |
-----------------------------------------------------------
|   2   | 6.0185310762101120e-35 | 8.0562839281945210e+15 |
|   4   | 1.2473293372326818e-06 | 3.4975945709270868e+00 |
|   6   | 8.3822388616753262e-09 | 2.6666132690796118e+00 |
|   8   | 2.2981564351576794e-09 | 3.1829533643395719e-01 |
-----------------------------------------------------------

Scheme evaluation results:
Order: 4, No. cycles: 4
-----------------------------------------------------------
Vector a: -1.6165680646925209, 2.2903921655615203, 0.3261758991310006
Vector b: -0.0559015380967631, 1.0559015380967631
-----------------------------------------------------------
| Order |        Error^2         |       Efficiency       |
-----------------------------------------------------------
|   2   | 4.8148248609680896e-35 | 9.0071992547409920e+15 |
|   4   | 1.9367976595557069e-06 | 2.8068416279314348e+00 |
|   6   | 7.1312287984125633e-08 | 9.1423504886566642e-01 |
|   8   | 8.5180202812795400e-09 | 1.6532964548135584e-01 |
-----------------------------------------------------------

Scheme evaluation results:
Order: 4, No. cycles: 4
-----------------------------------------------------------
Vector a: 0.7767831886603829, 3.3909005935614864, -3.1676837822218693
Vector b: 1.0161073381863699, -0.0161073381863698
-----------------------------------------------------------
| Order |        Error^2         |       Efficiency       |
-----------------------------------------------------------
|   2   | 4.9303806576313238e-32 | 2.8147497671065600e+14 |
|   4   | 2.3551942821610904e-04 | 2.5453450582038989e-01 |
|   6   | 3.3966771900832456e-06 | 1.3246859028665611e-01 |
|   8   | 4.1088900319504472e-07 | 2.3804431292206420e-02 |
-----------------------------------------------------------

Scheme evaluation results:
Order: 4, No. cycles: 4
-----------------------------------------------------------
Vector a: -0.0985844840000151, -0.2422952545291144, 1.3408797385291296
Vector b: -2.0392011845944138, 3.0392011845944138
-----------------------------------------------------------
| Order |        Error^2         |       Efficiency       |
-----------------------------------------------------------
|   2   | 4.8148248609680896e-35 | 9.0071992547409920e+15 |
|   4   | 1.4508444773697106e-03 | 1.0255329159299735e-01 |
|   6   | 1.9970744137527577e-04 | 1.7275989373491500e-02 |
|   8   | 2.6187657275934053e-05 | 2.9817535507134021e-03 |
-----------------------------------------------------------

Scheme evaluation results:
Order: 4, No. cycles: 4
-----------------------------------------------------------
Vector a: -1.1505529582210716, -0.1599829825522497, 2.3105359407733213
Vector b: 3.5155128743869573, -2.5155128743869573
-----------------------------------------------------------
| Order |        Error^2         |       Efficiency       |
-----------------------------------------------------------
|   2   | 1.0014835710813626e-32 | 6.2453689925557075e+14 |
|   4   | 8.4585975060075362e-03 | 4.2472796293354750e-02 |
|   6   | 9.7824776063355919e-04 | 7.8057676697352984e-03 |
|   8   | 1.8447945009952933e-03 | 3.5525980384932366e-04 |
-----------------------------------------------------------

