Scheme evaluation results:
Order: 8, No. cycles: 24
---------------------------------------------------------------------------------------------------
Vector a: -0.326905783223934529299387371322849149, -0.152326840156190849372252921749391889, -0.199750393621862590508459745511579585, 0.063891126204707669378157793392544774, -0.082575521171296074002898898000517641, -0.010579930137034412006329314248334812, 0.678932309917805460528698103600448434, 0.473018218562986405766511096204275612, 0.412501367407153980769616519588361727, -0.234134370294755860212724819034263943, -0.184660520172283995934096206408531324, 0.360131795820287046446638165435421844, 0.202458540864417748446527598054415891
Vector b: -0.653811566447869058598774742639961820, 0.349157886135487359854268899141630780, -0.748658673379212540871188390162583651, 0.876440925788627879627503976946969152, -1.041591968131220027633301772942537200, 1.020432107857151203620643144446118574, 0.337432511978459717436753062742489851, 0.608603925147513094096269129663381972, 0.216398809666794867442963909512423030, -0.684667550256306587868413547579816856, 0.315346509911738596000221134763660984, 0.404917081728835496893055196108225306
---------------------------------------------------------------------------------------------------
Highest efficiency scheme - Like other even cycles, this one is also worse than its pair at q = 23
cycles. Should not be used!
---------------------------------------------------------------------------------------------------
| Order |                  Error^2                   |                 Efficiency                 |
---------------------------------------------------------------------------------------------------
|   2   | 8.059554380155774007083116168890134685e-70 | 6.115359624900666767057474437933482812e+31 |
|   4   | 1.669751373116180301650698814561280455e-72 | 2.332540152810708437542606610009937012e+30 |
|   6   | 1.144227899636184887905744403336451581e-73 | 1.546950023004150020928091837357734108e+28 |
|   8   | 3.158205884325411156188806944231818997e-14 | 5.111988252385026661128053277802400145e-05 |
---------------------------------------------------------------------------------------------------
Distance from the origin: x = 1.1384353607491549
---------------------------------------------------------------------------------------------------

Scheme evaluation results:
Order: 8, No. cycles: 24
---------------------------------------------------------------------------------------------------
Vector a: 0.082870170827108388669999999999999995, 0.455120809770078293970000000000000011, -0.017992658750101028080000000000000001, -0.276365155189404632100000000000000004, 0.287810332295666049249999999999999988, 0.273181943240296043470000000000000018, -0.198344319008559533120000000000000008, -0.209607033874541187620000000000000004, 0.201702504473532440170000000000000006, -0.164031473278956840819999999999999992, 0.077681049046059144620000000000000002, 0.421700910569198395009999999999999987, 0.066272919879624414549999999999999995
Vector b: 0.165740346206724842300000000000000009, 0.744501269240367635759999999999999966, -0.780486586904783452569999999999999967, 0.227756278481234114560000000000000009, 0.347864381363083452480000000000000007, 0.198499509486966652090000000000000000, -0.595188149363442997600000000000000015, 0.175974079483273121440000000000000011, 0.227430932634140908770000000000000012, -0.555493880760759339839999999999999973, 0.710855979205034960169999999999999996, 0.132545840928160102429999999999999999
---------------------------------------------------------------------------------------------------
Smalest distance from the origin - Similar efficiency, but much better uniformity. Do not use!
Note: Did not minimize in quad precision, but only in long double.
---------------------------------------------------------------------------------------------------
| Order |                  Error^2                   |                 Efficiency                 |
---------------------------------------------------------------------------------------------------
|   2   | 3.220068725509638089869511113804757823e-35 | 3.059461173770369584013404427799544347e+14 |
|   4   | 7.289971410762353204551402670433813114e-37 | 3.530141555735564352424887426661949384e+12 |
|   6   | 1.527531781936610143231928754080589595e-36 | 4.233869056979451460233257269348245364e+09 |
|   8   | 4.140827194168517855991363770604298132e-14 | 4.464435089111183116548990584989150854e-05 |
---------------------------------------------------------------------------------------------------
Distance from the origin: x = 0.8044037077759134
---------------------------------------------------------------------------------------------------
