Scheme evaluation results:
Order: 8, No. cycles: 26
-----------------------------------------------------------
Vector a: 0.1726279338814438, -0.2055872331884341, -0.2738179481653726, -0.3281230970041691, -0.3070776880752055, 0.6972822182582378, -0.0614500313214069, -0.6820398948772689, 0.5625077397788287, 1.0043645651379556, -0.1147788227925101, -0.2361529798636310, 0.5219869263137497, 0.2502583119177826
Vector b: 0.3452583364969763, -0.7564349177681147, 0.2088006516314181, -0.8650495183148410, 0.2508950955030846, 1.1436682819786681, -1.2665687744396550, -0.0975092999201160, 1.2225232337257161, 0.7862078195824214, -1.0157656865887728, 0.5434583396408248, 0.5005164384723899
-----------------------------------------------------------
| Order |        Error^2         |       Efficiency       |
-----------------------------------------------------------
|   2   | 4.9351954824922919e-34 | 6.6588790139320695e+13 |
|   4   | 1.2670065860338026e-34 | 1.9440936060695944e+11 |
|   6   | 2.2432757396508982e-34 | 2.1613175619541010e+08 |
|   8   | 1.2146927007805639e-13 | 1.3739787164134509e-05 |
-----------------------------------------------------------

Scheme evaluation results:
Order: 8, No. cycles: 26
-----------------------------------------------------------
Vector a: 0.1680235665619902, -0.2236364633473734, -0.1926846100264076, -0.2749991928011763, -0.2819609848114609, 0.7104664350202933, -0.0406207288396443, -0.6669197898757337, 0.4694789356487984, 0.7970962853261256, -0.3902368376532889, -0.0238007414586629, 0.7680021629634690, 0.1817919632930714
Vector b: 0.3360454822669172, -0.7833158297094064, 0.3979466163535913, -0.9479467986152214, 0.3840221890559622, 1.0369128578009994, -1.1181544924736364, -0.2156881430757391, 1.1546499093042721, 0.4395451105524753, -1.2200214582091964, 1.1724197602827235, 0.3635847964662585
-----------------------------------------------------------
| Order |        Error^2         |       Efficiency       |
-----------------------------------------------------------
|   2   | 1.8356519782440842e-34 | 1.0918378125547384e+14 |
|   4   | 9.2153188199980320e-33 | 2.2795620886661774e+10 |
|   6   | 9.6955275407902685e-34 | 1.0396189568388857e+08 |
|   8   | 1.0594449230728501e-12 | 4.6523676172193251e-06 |
-----------------------------------------------------------

Scheme evaluation results:
Order: 8, No. cycles: 26
-----------------------------------------------------------
Vector a: -0.4348915286121046, -0.3991456378042649, 0.4795365358703267, 0.6767891526621616, -0.3625814571006176, 0.1123814446841060, 0.2025720514032928, 0.0749466535446070, -0.1027570611172031, -0.3909791284255584, -0.0911945848131513, 0.7962008245933117, 0.3039238730503070, 0.1351988620647872
Vector b: -0.8697842497409748, 0.0714967120177656, 0.8875729734700243, 0.4660073095347443, -1.1911700882381431, 1.4159328013346921, -0.0000019002157045, -0.8608959713504228, 0.6553824933406058, -1.4373382937565282, 1.2549496326197365, 0.3374514542653440, 0.2703971267188609
-----------------------------------------------------------
| Order |        Error^2         |       Efficiency       |
-----------------------------------------------------------
|   2   | 1.2037062152420224e-35 | 4.2637629608241381e+14 |
|   4   | 3.3693387432161159e-33 | 3.7699385407361961e+10 |
|   6   | 2.8347720561111719e-33 | 6.0799616602910571e+07 |
|   8   | 2.3768510263090046e-11 | 9.8222782997376765e-07 |
-----------------------------------------------------------

