Scheme evaluation results:
Order: 8, No. cycles: 18
-------------------------------------------------------------------
Vector a: 0.28775693320861167601, -0.39257646619129321630, -0.01745193087727659950, 0.93993082023893625987, -0.23001578346693296595, -0.36652626240851726713, 0.34656339771515054515, -0.27201172494673853119, 0.11314738342044730612, 0.59118363330761281027
Vector b: 0.57551386641722335202, -1.36066679879980978463, 1.32576293704525660644, 0.55409870343261580228, -1.01413027036648184520, 0.28107774554944714440, 0.41204904988085400142, -0.95607249977433095278, 1.18236726661522562054
-------------------------------------------------------------------
| Order |          Error^2           |         Efficiency         |
-------------------------------------------------------------------
|   2   | 2.58287332944350282513e-41 | 6.07300216418421504000e+17 |
|   4   | 5.43703804158029023518e-43 | 1.29189968920866280000e+16 |
|   6   | 7.11477136555934038464e-45 | 3.48565576590165187500e+14 |
|   8   | 5.45186097343082835427e-11 | 1.22898780344225775382e-05 |
-------------------------------------------------------------------

Scheme evaluation results:
Order: 8, No. cycles: 18
-------------------------------------------------------------------
Vector a: 0.61250447010587727448, 0.12940148210013546759, -1.14816222220290287126, -0.51284887105502885429, 0.78368616473789365351, 0.12022743802284009684, -0.29257699202479764411, 0.43795116045326371035, 0.54454857938392964289, 0.32526879047878964890
Vector b: 1.22500894021175454895, -0.96620597601148350275, -1.33011846839432212874, 0.30442072628426430914, 1.26295160319152288686, -1.02249672714584272093, 0.43734274309624748822, 0.43855957781027993247, 0.65053758095757929780
-------------------------------------------------------------------
| Order |          Error^2           |         Efficiency         |
-------------------------------------------------------------------
|   2   | 2.55417473689413057151e-40 | 1.93121082579279104000e+17 |
|   4   | 1.87563799449876764943e-42 | 6.95561393357343600000e+15 |
|   6   | 5.38171758525315558445e-44 | 1.26737319499437875000e+14 |
|   8   | 8.13530187259510595667e-09 | 1.00608140645941360895e-06 |
-------------------------------------------------------------------
