Scheme evaluation results:
Order: 8, No. cycles: 22
-------------------------------------------------------------------
Vector a: 0.13073325824579845600, 0.42483372863034135625, -0.20760370687645751664, 0.16008970143525536045, -0.09210979255951391720, -0.01725380039226385651, 0.13621281656590281117, -0.22169493725370539861, 0.59298243346258350250, -0.05256263510303078867, -0.06021500883831328033, 0.20658794268340327505
Vector b: 0.26146651649159691200, 0.58820094076908602254, -1.00340835452200161093, 1.32358775739251255388, -1.50780734251154058256, 1.47329974172701283486, -1.20087410859520704598, 0.75748423408779563815, 0.42848063283737175544, -0.53360590304343336054, 0.41317588536680671663
-------------------------------------------------------------------
| Order |          Error^2           |         Efficiency         |
-------------------------------------------------------------------
|   2   | 1.38470709050721123680e-40 | 1.75580256982297824000e+17 |
|   4   | 4.40515688491310306458e-42 | 2.03389527189904425000e+15 |
|   6   | 1.24469807955345162107e-43 | 2.49995335384293164062e+13 |
|   8   | 8.63219263066082960265e-14 | 6.20237459097072361090e-05 |
-------------------------------------------------------------------

Scheme evaluation results:
Order: 8, No. cycles: 22
-------------------------------------------------------------------
Vector a: -0.43978935639201482966, -0.38224679399319216877, 0.59583660244714420351, 0.10596738747419089111, -0.18450308451609104266, 0.47720791249680655222, -0.35885088578305296414, -0.60338830496107542789, 0.54440274304351787826, 0.75664395089534430827, 0.34290398120049669917, 0.14581584808792588670
Vector b: -0.87957871278402954829, 0.11508512479764533565, 1.07658808009664297423, -0.86465330514826110875, 0.49564713611607907895, 0.45876868887753430304, -1.17647046044364000927, -0.03030614947851056548, 1.11911163556554615894, 0.39417626622514184698, 0.29163169617585171789
-------------------------------------------------------------------
| Order |          Error^2           |         Efficiency         |
-------------------------------------------------------------------
|   2   | 2.59722262571818895193e-40 | 1.28203549544255200000e+17 |
|   4   | 1.26292024097274138517e-43 | 1.20121657120684520000e+16 |
|   6   | 1.59492423098273609231e-45 | 2.20848211726011281250e+14 |
|   8   | 9.29383259359730240301e-14 | 5.97752127764281188864e-05 |
-------------------------------------------------------------------

Scheme evaluation results:
Order: 8, No. cycles: 22
-------------------------------------------------------------------
Vector a: -0.34748468956310857303, -0.24073774610874265623, 0.23669956956164711626, -0.19789522984567153863, 0.08430289828737402846, 0.56329791552908936580, 0.35980807613085674657, 0.32199715407368517672, -0.34621761023949904068, -0.01733417892029899543, 0.51289175582273038856, 0.07067208527193795387
Vector b: -0.69496937912621725708, 0.21349388690873224994, 0.25990525221456162175, -0.65569571190590447696, 0.82430150848065242286, 0.30229432257752669733, 0.41732182968418618518, 0.22667247846318450133, -0.91910769894218258269, 0.88443934110158461959, 0.14134417054387599100
-------------------------------------------------------------------
| Order |          Error^2           |         Efficiency         |
-------------------------------------------------------------------
|   2   | 5.34511286232058223533e-41 | 2.82602629499447776000e+17 |
|   4   | 3.45967453668694289651e-43 | 7.25757703194501700000e+15 |
|   6   | 2.52979318021994391664e-45 | 1.75356313323295468750e+14 |
|   8   | 1.93157461879220091152e-13 | 4.14631992218757847884e-05 |
-------------------------------------------------------------------

Scheme evaluation results:
Order: 8, No. cycles: 22
-------------------------------------------------------------------
Vector a: 0.09915464631124494554, 0.51496236614960977374, -0.01802838252924120893, -0.31126690153948211037, 0.29209715081103232448, 0.31695645426657398369, -0.19352296694357645768, -0.24414509367073125579, 0.21986799455694930328, -0.16988390631496727567, 0.10043155779358971247, 0.39337708110899821667
Vector b: 0.19830929262249177847, 0.83161543967672579836, -0.86767220473520823010, 0.24513840165624314893, 0.33905589996582269352, 0.29485700856732510733, -0.68190294245447813370, 0.19361275511301573315, 0.24612323400088265135, -0.58589104663081714719, 0.78675416221799654437
-------------------------------------------------------------------
| Order |          Error^2           |         Efficiency         |
-------------------------------------------------------------------
|   2   | 2.29588740394978028900e-41 | 4.31200589267199424000e+17 |
|   4   | 3.39114228366605731164e-43 | 7.33054511128407300000e+15 |
|   6   | 8.81200902964440572628e-45 | 9.39564173432273750000e+13 |
|   8   | 2.66267065685091165468e-13 | 3.53150501463651248380e-05 |
-------------------------------------------------------------------

Scheme evaluation results:
Order: 8, No. cycles: 22
-------------------------------------------------------------------
Vector a: 0.45878464789399764356, -0.00710068142782006081, -0.35947205188188185998, 0.21597852177218507252, 0.23785909098197680067, 0.32418623353797398901, -0.15668907140953006185, -0.23430822107431809043, 0.22449447723118975961, -0.18736806696733712685, 0.09502290718424812044, 0.38861221415931584966
Vector b: 0.91756929578799517611, -0.93177065864363528558, 0.21282655487987120480, 0.21913048866449960639, 0.25658769329945374515, 0.39178477377649428837, -0.70516291659555441207, 0.23654647444691831448, 0.21244248001546117699, -0.58717861395013548620, 0.77722442831863169932
-------------------------------------------------------------------
| Order |          Error^2           |         Efficiency         |
-------------------------------------------------------------------
|   2   | 4.59177480789956057800e-41 | 3.04904860722471936000e+17 |
|   4   | 4.11981748511496218852e-43 | 6.65074487519601500000e+15 |
|   6   | 6.23791477435468366681e-45 | 1.11671974895964562500e+14 |
|   8   | 2.74678654200037807853e-13 | 3.47701126696810402139e-05 |
-------------------------------------------------------------------
