Scheme evaluation results:
Order: 8, No. cycles: 25
-------------------------------------------------------------------
Vector a: -0.22058182123335901004, -0.08562181821206121812, 0.10417647673148358600, 0.48988161333373975159, 0.21522515434300168446, 0.26271286169645469144, -0.10437828233429963243, -0.15924388589208773870, -0.14768075576000341820, -0.14159674248966638843, 0.35402810316570104687, 0.34247413479099542144, 0.09060496186010126574
Vector b: -0.41721232758117265949, 0.39326101262999035857, -0.56450464905643193969, 0.77285760254124424851, 0.20690562467062434404, 0.22354468293524842881, 0.30188104131723031420, -0.51063760615536790688, 0.19214983433886434483, -0.48751134583655131305, 0.20431786086201614294, 0.50373834548394402777, 0.18120992385036160943
-------------------------------------------------------------------
| Order |          Error^2           |         Efficiency         |
-------------------------------------------------------------------
|   2   | 8.95641819239118312632e-37 | 1.69064646568930025000e+15 |
|   4   | 9.06996220148518591056e-39 | 2.68804928218801835938e+13 |
|   6   | 1.08952642652917419021e-37 | 1.24091222672642059326e+10 |
|   8   | 2.16123278351386149726e-15 | 1.40970797708082884979e-04 |
-------------------------------------------------------------------

Scheme evaluation results:
Order: 8, No. cycles: 25
-------------------------------------------------------------------
Vector a: 0.45413535025057127914, -0.43403698281523706015, -0.30435755315250617725, 0.23797003308788289289, -0.21807949054632105867, 0.09576150947064430985, 0.55393231605183035349, 0.34489129543753876961, -0.02695644801216279599, -0.10846910867730155670, 0.20217333407990997762, 0.14175032321897981791, 0.06128542160617127948
Vector b: 0.44426572009004583474, 0.01973915340452464529, -0.88781301437844029056, 0.27909788851035333135, 0.19684221517466185536, -0.63300121311953860825, 0.82452423327158930189, 0.28334039063842275663, 0.40644221074891467849, -0.46035510719537592328, 0.24341688719903256666, 0.16092978860607215497, 0.12257084704973761347
-------------------------------------------------------------------
| Order |          Error^2           |         Efficiency         |
-------------------------------------------------------------------
|   2   | 8.28105062660273721053e-38 | 5.56003163742425500000e+15 |
|   4   | 3.22732835401132542806e-36 | 1.42501156360346435547e+12 |
|   6   | 4.73337172124093420755e-35 | 5.95353131139255285263e+08 |
|   8   | 2.74785859536814156628e-15 | 1.25020934415109597751e-04 |
-------------------------------------------------------------------

Scheme evaluation results:
Order: 8, No. cycles: 25
-------------------------------------------------------------------
Vector a: -0.44498687906874112574, 0.18078622993824999821, 0.24637655637366842609, -0.24834789845731933267, 0.09873180212207653683, 0.53897922689754018677, 0.25377511878392522426, 0.21710249223240468686, 0.05870697144808259549, -0.25591345533236120602, -0.02757516875794536332, 0.29766352773527787745, 0.08470147608514154436
Vector b: -0.46054024464991011323, 0.03110673160018264868, 0.33046572752506508941, 0.16228738586944671529, -0.65898318317845250291, 0.85644678746557079130, 0.22151166571944971850, 0.28603857310040858852, 0.14816640965379893058, -0.03075246749468697055, -0.48107444126352655323, 0.42592410368933047993, 0.16940295196332333383
-------------------------------------------------------------------
| Order |          Error^2           |         Efficiency         |
-------------------------------------------------------------------
|   2   | 3.21655618955398554255e-38 | 8.92122332994820500000e+15 |
|   4   | 2.04726069618665467243e-37 | 5.65787555479868554688e+12 |
|   6   | 2.10799396867262597648e-37 | 8.92124088404012107849e+09 |
|   8   | 4.03262320821069608513e-15 | 1.03201523372222937346e-04 |
-------------------------------------------------------------------

Scheme evaluation results:
Order: 8, No. cycles: 25
-------------------------------------------------------------------
Vector a: 0.14975714301227083247, 0.41257907050263670223, 0.06431724099810837147, -0.16146029141405071616, 0.19252908066405433063, -0.19537048051037078644, -0.17390037661286486537, 0.27405968390314527916, 0.26060518747957545083, -0.28384089584452820709, -0.01381979741702139136, 0.41791718761524870862, 0.05662724762379624938
Vector b: 0.07223148883769753281, 0.15505135847163406537, 0.67010672754728395351, -0.54147224255663906067, 0.21855164850812269783, 0.16650653204575863175, -0.55724750548018897600, 0.20944673314498146732, 0.33867266703222764779, 0.18253769523513163620, -0.75021949028756207412, 0.72257989456848426002, 0.11325449293306841247
-------------------------------------------------------------------
| Order |          Error^2           |         Efficiency         |
-------------------------------------------------------------------
|   2   | 6.86784520591228730837e-35 | 1.93067749225931093750e+14 |
|   4   | 2.07934764274693576485e-35 | 5.61405176938132446289e+11 |
|   6   | 6.14731039717775914846e-35 | 5.22417091157762408257e+08 |
|   8   | 9.90537344802306293734e-15 | 6.58482903635509628486e-05 |
-------------------------------------------------------------------
