Scheme evaluation results:
Order: 8, No. cycles: 25
-------------------------------------------------------------------
Vector a: -0.22058182123335901004, -0.08562181821206121812, 0.10417647673148358600, 0.48988161333373975159, 0.21522515434300168446, 0.26271286169645469144, -0.10437828233429963243, -0.15924388589208773870, -0.14768075576000341820, -0.14159674248966638843, 0.35402810316570104687, 0.34247413479099542144, 0.09060496186010126574
Vector b: -0.41721232758117265949, 0.39326101262999035857, -0.56450464905643193969, 0.77285760254124424851, 0.20690562467062434404, 0.22354468293524842881, 0.30188104131723031420, -0.51063760615536790688, 0.19214983433886434483, -0.48751134583655131305, 0.20431786086201614294, 0.50373834548394402777, 0.18120992385036160943
-------------------------------------------------------------------
| Order |          Error^2           |         Efficiency         |
-------------------------------------------------------------------
|   2   | 8.95641819239118312632e-37 | 1.69064646568930025000e+15 |
|   4   | 9.06996220148518591056e-39 | 2.68804928218801835938e+13 |
|   6   | 1.08952642652917419021e-37 | 1.24091222672642059326e+10 |
|   8   | 2.16123278351386149726e-15 | 1.40970797708082884979e-04 |
-------------------------------------------------------------------

Scheme evaluation results:
Order: 8, No. cycles: 25
-------------------------------------------------------------------
Vector a: 0.45413535025057127914, -0.43403698281523706015, -0.30435755315250617725, 0.23797003308788289289, -0.21807949054632105867, 0.09576150947064430985, 0.55393231605183035349, 0.34489129543753876961, -0.02695644801216279599, -0.10846910867730155670, 0.20217333407990997762, 0.14175032321897981791, 0.06128542160617127948
Vector b: 0.44426572009004583474, 0.01973915340452464529, -0.88781301437844029056, 0.27909788851035333135, 0.19684221517466185536, -0.63300121311953860825, 0.82452423327158930189, 0.28334039063842275663, 0.40644221074891467849, -0.46035510719537592328, 0.24341688719903256666, 0.16092978860607215497, 0.12257084704973761347
-------------------------------------------------------------------
| Order |          Error^2           |         Efficiency         |
-------------------------------------------------------------------
|   2   | 8.28105062660273721053e-38 | 5.56003163742425500000e+15 |
|   4   | 3.22732835401132542806e-36 | 1.42501156360346435547e+12 |
|   6   | 4.73337172124093420755e-35 | 5.95353131139255285263e+08 |
|   8   | 2.74785859536814156628e-15 | 1.25020934415109597751e-04 |
-------------------------------------------------------------------

Scheme evaluation results:
Order: 8, No. cycles: 25
-------------------------------------------------------------------
Vector a: -0.44498687906874112574, 0.18078622993824999821, 0.24637655637366842609, -0.24834789845731933267, 0.09873180212207653683, 0.53897922689754018677, 0.25377511878392522426, 0.21710249223240468686, 0.05870697144808259549, -0.25591345533236120602, -0.02757516875794536332, 0.29766352773527787745, 0.08470147608514154436
Vector b: -0.46054024464991011323, 0.03110673160018264868, 0.33046572752506508941, 0.16228738586944671529, -0.65898318317845250291, 0.85644678746557079130, 0.22151166571944971850, 0.28603857310040858852, 0.14816640965379893058, -0.03075246749468697055, -0.48107444126352655323, 0.42592410368933047993, 0.16940295196332333383
-------------------------------------------------------------------
| Order |          Error^2           |         Efficiency         |
-------------------------------------------------------------------
|   2   | 3.21655618955398554255e-38 | 8.92122332994820500000e+15 |
|   4   | 2.04726069618665467243e-37 | 5.65787555479868554688e+12 |
|   6   | 2.10799396867262597648e-37 | 8.92124088404012107849e+09 |
|   8   | 4.03262320821069608513e-15 | 1.03201523372222937346e-04 |
-------------------------------------------------------------------

Scheme evaluation results:
Order: 8, No. cycles: 25
-------------------------------------------------------------------
Vector a: -0.67819537286310960233, 0.63588826783080831806, 0.12482341069437093151, -0.98054074020765702446, 0.00081812587645660017, 0.78455862464318049110, 0.44037328191748587036, 0.23210958793179398141, 0.23938320039915605975, -0.07387755862250443284, -0.04635523841009359103, 0.24117188335371533836, 0.07984252745639716653
Vector b: -0.67862012985869191173, 0.00084951399115767794, 1.27092702167046534001, -1.02128020028172250555, -0.93980128013359043315, 0.94143753188650358688, 0.62767971739985461976, 0.25306684643511478949, 0.21115232942848174980, 0.26761407136982190424, -0.41536918861482974297, 0.32265871179464200580, 0.15968505491279280650
-------------------------------------------------------------------
| Order |          Error^2           |         Efficiency         |
-------------------------------------------------------------------
|   2   | 4.93974524256069915305e-40 | 7.19892595854710960000e+16 |
|   4   | 2.05257382090828087990e-42 | 1.78686018754542175000e+15 |
|   6   | 6.36874747556222742365e-44 | 1.62305386566667226562e+13 |
|   8   | 8.12380873084801284793e-15 | 7.27109946759500177854e-05 |
-------------------------------------------------------------------

Scheme evaluation results:
Order: 8, No. cycles: 25
-------------------------------------------------------------------
Vector a: -0.08716796646347284294, 0.25794240421355030257, 0.25370087014200887188, 0.32608183797668327530, -0.41659249522313218650, -0.00038984707305558781, 0.36863921384774678280, -0.15019065407604642592, 0.19622681323107588058, -0.27104930412240818560, 0.00974371754202792671, 0.44770277388415596898, 0.06535263612086626706
Vector b: -0.22019442154641771792, 0.26605291015540494248, 0.24983189826964008473, 0.25756984204267768801, 0.39459383389445418233, -1.22777882436237817387, 1.22699913021628037590, -0.48972070249971233480, 0.18933939432094953892, 0.20311423217914875705, -0.74521284045321833922, 0.76470027553827968347, 0.13070527224489125739
-------------------------------------------------------------------
| Order |          Error^2           |         Efficiency         |
-------------------------------------------------------------------
|   2   | 8.33783796660980755736e-39 | 1.75223865644631840000e+16 |
|   4   | 2.81679700853315818071e-40 | 1.52532430286429562500e+14 |
|   6   | 1.78859497812482999874e-39 | 9.68509632524872741699e+10 |
|   8   | 8.23215212655099666038e-15 | 7.22309350436189533031e-05 |
-------------------------------------------------------------------

Scheme evaluation results:
Order: 8, No. cycles: 25
-------------------------------------------------------------------
Vector a: 0.14975714301227083247, 0.41257907050263670223, 0.06431724099810837147, -0.16146029141405071616, 0.19252908066405433063, -0.19537048051037078644, -0.17390037661286486537, 0.27405968390314527916, 0.26060518747957545083, -0.28384089584452820709, -0.01381979741702139136, 0.41791718761524870862, 0.05662724762379624938
Vector b: 0.07223148883769753281, 0.15505135847163406537, 0.67010672754728395351, -0.54147224255663906067, 0.21855164850812269783, 0.16650653204575863175, -0.55724750548018897600, 0.20944673314498146732, 0.33867266703222764779, 0.18253769523513163620, -0.75021949028756207412, 0.72257989456848426002, 0.11325449293306841247
-------------------------------------------------------------------
| Order |          Error^2           |         Efficiency         |
-------------------------------------------------------------------
|   2   | 6.86784520591228730837e-35 | 1.93067749225931093750e+14 |
|   4   | 2.07934764274693576485e-35 | 5.61405176938132446289e+11 |
|   6   | 6.14731039717775914846e-35 | 5.22417091157762408257e+08 |
|   8   | 9.90537344802306293734e-15 | 6.58482903635509628486e-05 |
-------------------------------------------------------------------

Scheme evaluation results:
Order: 8, No. cycles: 25
-------------------------------------------------------------------
Vector a: 0.46289683686109051042, 0.40214945699558224401, -0.03068214970714470621, -0.51006062129391416260, -0.11113623991661691903, 0.30951675051292520946, 0.20401013418010377487, -0.56586183339741535914, 0.12486922671205320790, -0.00181045456443859934, -0.12128136915463140488, 0.75269652744624326868, 0.08469373532616293609
Vector b: 0.22674034860202754715, 0.47231297651812553795, 0.33198593747303889456, -0.39335023688732834168, -0.62677100570050026107, 0.40449852586726492421, 0.21453497515859057398, 0.19348529320161209077, -1.32520895999644627850, 1.57494741342055277755, -1.57856832254943002525, 1.33600558424016702119, 0.16938747065232537259
-------------------------------------------------------------------
| Order |          Error^2           |         Efficiency         |
-------------------------------------------------------------------
|   2   | 6.38543684223532642879e-41 | 2.00227938418196576000e+17 |
|   4   | 4.22909687004379284478e-42 | 1.24484749235137675000e+15 |
|   6   | 5.17290136082278082602e-44 | 1.80091348233269531250e+13 |
|   8   | 1.35885618288597699292e-14 | 5.62203031705152498233e-05 |
-------------------------------------------------------------------

Scheme evaluation results:
Order: 8, No. cycles: 25
-------------------------------------------------------------------
Vector a: 0.13621555911006313910, 0.14557320828087189080, 0.41876473424082422126, 0.09125474049342918725, -0.13313006334217064586, 0.19318008342394302201, -0.23200422775935600206, -0.21454145098647398049, 0.47151101866082745229, -0.01010477850995990766, -0.21838914452312582770, 0.26077638370926153888, 0.09089393720186589309
Vector b: 0.06772051058140010626, 0.13698815487324372819, 0.15416130795032614853, 0.68336702723914921620, -0.50085753225907203579, 0.23459738861188028647, 0.15176280309027592730, -0.61577128427416960577, 0.18668835954444859548, 0.75633372322176639635, -0.77654328280031292842, 0.33976496139198608670, 0.18178786282907818950
-------------------------------------------------------------------
| Order |          Error^2           |         Efficiency         |
-------------------------------------------------------------------
|   2   | 5.54082309357722975242e-34 | 6.79724369442051484375e+13 |
|   4   | 9.92511411660618671980e-34 | 8.12591379756574249268e+10 |
|   6   | 1.87516152913197152848e-33 | 9.45889938242906481028e+07 |
|   8   | 1.74571425906141256863e-14 | 4.96013333420987172478e-05 |
-------------------------------------------------------------------

Scheme evaluation results:
Order: 8, No. cycles: 25
-------------------------------------------------------------------
Vector a: -0.07696925437182243479, 0.56796912106304064949, 0.07676335525325865550, -0.18965565140472029348, 0.19777132444487988128, -0.17651930936069273881, -0.13275249966494384601, 0.27747602623856709725, 0.23335600155160357572, -0.29586502061695085786, -0.01859468531578249706, 0.45865750061684518180, 0.07836309156671761311
Vector b: -0.28412533307080894973, 0.41431215739815513421, 0.72162608472780975788, -0.56809937422143741426, 0.18878807142031386879, 0.20675457745569233992, -0.55979319617189982061, 0.29428819684145135493, 0.26066385563111676982, 0.20604814748459043816, -0.79777818872315231502, 0.76058881809198852775, 0.15672618313618028041
-------------------------------------------------------------------
| Order |          Error^2           |         Efficiency         |
-------------------------------------------------------------------
|   2   | 1.17581720998846794582e-38 | 1.47553690565106180000e+16 |
|   4   | 4.80681095426608285625e-40 | 1.16764666758374593750e+14 |
|   6   | 2.18431589871635463302e-40 | 2.77141922030361083984e+11 |
|   8   | 1.87173846690622782803e-14 | 4.79024082491825368545e-05 |
-------------------------------------------------------------------

Scheme evaluation results:
Order: 8, No. cycles: 25
-------------------------------------------------------------------
Vector a: -0.29204407175619756520, -0.25476391006984161480, 0.19937721013652884294, -0.14609040147871832360, 0.10872300460285401480, 0.55753425619867735819, 0.30159643062098145938, 0.19516812182577095158, 0.15235321333199888794, -0.35841915124841400297, -0.00700518028251570415, 0.48158616656890806951, 0.06198431154996755788
Vector b: 0.04996983689771143655, -0.68402781728438011299, 0.17449999710595209823, 0.22425442322257441163, -0.51643522621616344548, 0.73388123543312044905, 0.38118727688144710131, 0.22200558456495414483, 0.16833065881707698352, 0.13637576803624115729, -0.85321407062599718962, 0.83920371005937266506, 0.12396862310809027286
-------------------------------------------------------------------
| Order |          Error^2           |         Efficiency         |
-------------------------------------------------------------------
|   2   | 1.72308143328465346455e-37 | 3.85449140201513600000e+15 |
|   4   | 1.05839291594975797862e-38 | 2.48837885993542500000e+13 |
|   6   | 8.23206102579721835695e-39 | 4.51445841982425689697e+10 |
|   8   | 2.02052142674182207941e-14 | 4.61050184839267913786e-05 |
-------------------------------------------------------------------

Scheme evaluation results:
Order: 8, No. cycles: 25
-------------------------------------------------------------------
Vector a: -0.68527329113258961257, -0.03680115694516505193, 0.55340910330846693199, 0.53256223293038129629, -0.04793290304343981317, -0.89367977975537793434, 0.01163342913438402369, 0.82380835573182964460, -1.00799205068316655165, -0.00005281374143986875, 1.40377268418845280173, 0.23988063810224230510, 0.10666555190542187370
Vector b: -0.33143495264490618890, -0.70767667697569880403, 0.63407436308516995638, 0.47274384353221921007, 0.59238062232918131667, -0.68824642841630168100, -1.09911313109582375880, 1.12237998936465621647, 0.52523672209975391656, -2.54122082346921862595, 2.54111519598633872619, 0.26643017239366884041, 0.21333110381096115349
-------------------------------------------------------------------
| Order |          Error^2           |         Efficiency         |
-------------------------------------------------------------------
|   2   | 4.00201873100996076627e-38 | 7.99798203278286000000e+15 |
|   4   | 1.21663311937666515964e-39 | 7.33939307789919218750e+13 |
|   6   | 2.43572691650465175318e-41 | 8.29938000710179199219e+11 |
|   8   | 2.40831175111229549406e-14 | 4.22302427862023707053e-05 |
-------------------------------------------------------------------

Scheme evaluation results:
Order: 8, No. cycles: 25
-------------------------------------------------------------------
Vector a: 0.40362637392323258423, 0.04802691481875143859, -0.72704897027963255596, -0.60340950406691629126, -0.02051805654806195325, 0.39958832683971012845, 1.19324010898717958185, -0.00005420263850271817, -0.77143740506411606628, 0.41900853597514181592, 0.30039260198915035405, 0.24156885955812359978, 0.11701641650593994082
Vector b: -0.00945786097291198558, 0.82616846979229496828, -0.73011464015486671197, -0.72398330040442693267, -0.48283570772954115258, 0.44179959463333162706, 0.35737705904688032987, 2.02910315892567449936, -2.02921156420267978504, 0.48633675407553400571, 0.35168031787517528564, 0.24910488610340270066, 0.23403283301213301248
-------------------------------------------------------------------
| Order |          Error^2           |         Efficiency         |
-------------------------------------------------------------------
|   2   | 6.74927759857626786008e-37 | 1.94756220145186450000e+15 |
|   4   | 1.91501491925206511063e-40 | 1.84992399011948968750e+14 |
|   6   | 7.11552288552222997793e-42 | 1.53552374995335595703e+12 |
|   8   | 2.86807041041183209851e-14 | 3.86976886552876808852e-05 |
-------------------------------------------------------------------

Scheme evaluation results:
Order: 8, No. cycles: 25
-------------------------------------------------------------------
Vector a: 0.27202583348321274226, -0.06582859332193867485, -0.74456596112141559818, 0.00980741111451497415, 0.64093229628236336737, 0.29880752648710179331, 0.42149120067932277500, -0.04698966033643728335, -0.20756185607317015340, -0.55430384390560827335, -0.00236473117986280273, 0.80739781136510124782, 0.17115256652681581917
Vector b: 0.10221869719355325401, 0.33961427257904752697, -0.47127145922300373027, -1.01786046301982580076, 1.03747528524890175738, 0.24438930731479752145, 0.35322574566105036098, 0.48975665569754994744, -0.58373597637063978638, 0.16861226422435413030, -1.27721995203639848704, 1.27249048967666267274, 0.34230513305395077195
-------------------------------------------------------------------
| Order |          Error^2           |         Efficiency         |
-------------------------------------------------------------------
|   2   | 8.07147915451094632852e-40 | 5.63175065086033200000e+16 |
|   4   | 6.42933251663030132353e-42 | 1.00961785301066350000e+15 |
|   6   | 1.70137608091883739359e-42 | 3.14021791201126367188e+12 |
|   8   | 4.12473817456957293681e-14 | 3.22687199210502947510e-05 |
-------------------------------------------------------------------

Scheme evaluation results:
Order: 8, No. cycles: 25
-------------------------------------------------------------------
Vector a: 0.10532666945203329745, -0.51290283815309356541, -0.18925362428927880454, -0.15162458638734219174, 0.15647901137287711926, 0.41779310922918361237, 0.55595251764030406694, -0.52085414739653768113, -0.74604192780863032297, 0.73344433281835541560, 0.85265743662603488140, 0.20833776401248932375, 0.09068628288360489065
Vector b: 0.65161273175382761202, -1.09257212460358554829, 0.06676644829741422427, -0.44527369687599038794, 0.14202452410130098071, 0.17093349864444593034, 0.66465271981393425627, 0.44725231546667637561, -1.48896061025976478298, -0.00312324535753512149, 1.47001191099428463183, 0.23530296225778377095, 0.18137256576720786616
-------------------------------------------------------------------
| Order |          Error^2           |         Efficiency         |
-------------------------------------------------------------------
|   2   | 3.80256351279182360366e-41 | 2.59466769303744640000e+17 |
|   4   | 1.05754243479513538321e-44 | 2.48937924249150840000e+16 |
|   6   | 3.36546373680531719335e-44 | 2.23273659335887226562e+13 |
|   8   | 5.38673979842787878599e-14 | 2.82368945322591402851e-05 |
-------------------------------------------------------------------

Scheme evaluation results:
Order: 8, No. cycles: 25
-------------------------------------------------------------------
Vector a: -0.04215729052797123622, 0.61055157287872585670, -0.52468790194394954174, -0.38914769855063802151, 0.49868436471216087691, 0.54001516760862033895, -0.10014190087190140421, -0.65357699654317447102, -0.04232014183488887193, 0.50039243751190520815, 0.27385630318470943756, 0.22725035402709165000, 0.10128173034931020613
Vector b: -0.67096967112460792482, 1.25762476150787705365, -0.03652161405288208845, -1.01285419264521081573, 0.23455879420454917028, 0.76280993793353801813, 0.31722039690260822598, -0.51750419876312425682, -0.78964979337805429882, 0.70500951076460749434, 0.29577536085931144250, 0.25193724702540432059, 0.20256346076598358286
-------------------------------------------------------------------
| Order |          Error^2           |         Efficiency         |
-------------------------------------------------------------------
|   2   | 8.96721460290825696813e-36 | 5.34307414619264687500e+14 |
|   4   | 2.82036163650300044385e-35 | 4.82044981671042053223e+11 |
|   6   | 8.89701109911536375276e-37 | 4.34248054874462413788e+09 |
|   8   | 6.59721138784504246944e-14 | 2.55152442839272121388e-05 |
-------------------------------------------------------------------

Scheme evaluation results:
Order: 8, No. cycles: 25
-------------------------------------------------------------------
Vector a: -0.04908346245142546083, 0.14143055862415682133, -0.22364801859305627474, 0.53715847606292166372, 0.39863674073119736985, -0.03603519820493866765, -0.08138830469740501727, -0.08020910061501729249, -0.03495419191314155100, 0.31978332370398171447, -0.36009318728578809665, 0.00499519599232458190, 0.46340716864619024840
Vector b: -0.77424651112685671794, 1.45032609735086270852, -1.16746498010254939892, 0.72016894291643729353, 0.35414800920940558981, 0.44312547225298931641, -0.51519586866286670723, 0.35241925926805622860, -0.51283746049809031398, 0.44292907667180764220, 0.19663757073615517612, -0.91682394530773081431, 0.92681433729237994168
-------------------------------------------------------------------
| Order |          Error^2           |         Efficiency         |
-------------------------------------------------------------------
|   2   | 5.73971850987445072250e-41 | 2.11190649407262464000e+17 |
|   4   | 6.08163533516970608781e-43 | 3.28268928454177150000e+15 |
|   6   | 1.22634570103748616520e-44 | 3.69873733827229687500e+13 |
|   8   | 6.72879581367250294257e-14 | 2.52645318811654882429e-05 |
-------------------------------------------------------------------

Scheme evaluation results:
Order: 8, No. cycles: 25
-------------------------------------------------------------------
Vector a: 0.22759031955350864096, 0.31035538602693202304, -0.08129731411125183660, -0.06983526509567258844, 0.52323393194704037601, -0.21789727120182075804, 0.12123983648802497126, -0.01295544590931408183, -0.67321366146534045161, 0.58519768772159586057, 0.15622200524903157026, -0.14876529068092378405, 0.28012508147819004112
Vector b: 0.10780039827902754279, 0.23957984254900166476, 0.38113092950480514931, -0.54372555772729280754, 0.40405502753593908194, 0.64241283635816059938, -1.07820737876175898329, 1.32068705173781153484, -1.34659794355643525066, 0.00017062062635691706, 1.17022475481622989513, -0.85778074431820339196, 0.56025016295635809982
-------------------------------------------------------------------
| Order |          Error^2           |         Efficiency         |
-------------------------------------------------------------------
|   2   | 1.12455434904715175781e-37 | 4.77122346795578200000e+15 |
|   4   | 1.06849007904767301658e-41 | 7.83167610932858125000e+14 |
|   6   | 7.74210259912156065339e-43 | 4.65511577749639941406e+12 |
|   8   | 7.05545786472583492190e-14 | 2.46727369965838242967e-05 |
-------------------------------------------------------------------

Scheme evaluation results:
Order: 8, No. cycles: 25
-------------------------------------------------------------------
Vector a: 0.47221974999991350730, 0.40933221944465719710, -0.22725487775728264728, -0.15431032372783887174, -0.26730595092490577747, 0.09687485698830974878, 0.52100640630471506398, -0.53570008464435747708, -0.13561090853836066383, 0.59721122539930160400, -0.58875438974211091736, -0.00176503386452531142, 0.81405711106248457298
Vector b: 0.17671428080890666523, 0.59101093838201368413, 0.22765350050730084885, -0.68216325602186611565, 0.37354260856618853870, -0.90815451041599948301, 1.10190422439261892507, -0.05989141178318924813, -1.01150875750552526888, 0.74028694042880427428, 0.45413551036979804554, -1.63164428985401865901, 1.62811422212496803574
-------------------------------------------------------------------
| Order |          Error^2           |         Efficiency         |
-------------------------------------------------------------------
|   2   | 7.80601717342925298260e-40 | 5.72671053286709440000e+16 |
|   4   | 3.60133705331477987227e-42 | 1.34898798203132175000e+15 |
|   6   | 8.32501633198323116326e-44 | 1.41960460961167812500e+13 |
|   8   | 7.44860532415408194094e-14 | 2.40127803921141096360e-05 |
-------------------------------------------------------------------

Scheme evaluation results:
Order: 8, No. cycles: 25
-------------------------------------------------------------------
Vector a: -0.10439588803364401037, 0.54504962861735284374, 0.30202885422344788457, -0.12157306094781854255, -0.15060658290428002859, -0.25176079425943953538, -0.19235142111684461197, 0.25679800498167593137, -0.21755530697663430506, 0.07439905931809244477, 0.55848886175359391260, 0.22140811892916098524, 0.08007052641533693449
Vector b: -0.44864191339085129906, 0.68849205068148222608, 0.40160720651837439332, 0.20245050208671161451, -0.44559662411720718511, 0.14438345835683241702, -0.64790504684390659573, 0.26320220452951170742, 0.25039380558178675473, -0.68550441964854968990, 0.83430253830500289425, 0.28267518509920763758, 0.16014105284160501386
-------------------------------------------------------------------
| Order |          Error^2           |         Efficiency         |
-------------------------------------------------------------------
|   2   | 3.92919605241592867272e-38 | 8.07175800602688000000e+15 |
|   4   | 1.31073354245327776244e-37 | 7.07103128275802832031e+12 |
|   6   | 4.05702301448386503863e-38 | 2.03355635491433448792e+10 |
|   8   | 7.92521535000337856815e-14 | 2.32795400072414666642e-05 |
-------------------------------------------------------------------

Scheme evaluation results:
Order: 8, No. cycles: 25
-------------------------------------------------------------------
Vector a: 0.43687222215271409587, 0.27557159866346031540, -0.42921764251184180150, 0.02686318239484644307, 0.29200216214733298870, -0.53809151241619712636, -0.11137634721103516211, 0.37213396880238297504, 0.37628700960429806166, -0.40750317113754175313, -0.01899374487843859260, 0.64215951607838206439, 0.08329275831163743260
Vector b: 0.25773283477239850026, 0.35827877462285712129, 0.19286442288213831442, -1.05129970830202279508, 1.10502607313868006500, -0.52102174855843386148, -0.55516127625264499734, 0.33240858168992365451, 0.41185935611145529922, 0.34071466304633618583, -1.15572100567050428666, 1.11773351587990044109, 0.16658551663991619241
-------------------------------------------------------------------
| Order |          Error^2           |         Efficiency         |
-------------------------------------------------------------------
|   2   | 1.05571360016934506445e-38 | 1.55720906950532760000e+16 |
|   4   | 6.36402121162600299541e-38 | 1.01478527330993691406e+13 |
|   6   | 4.47191608656970478696e-38 | 1.93692642942237472534e+10 |
|   8   | 9.52913684791542117396e-14 | 2.12301542052642889331e-05 |
-------------------------------------------------------------------

Scheme evaluation results:
Order: 8, No. cycles: 25
-------------------------------------------------------------------
Vector a: 0.68031608484619709998, -0.56598461934491550718, -0.89561297261017658311, -0.06444564679931265305, 0.62787895408350513637, 0.45242165106576293088, 0.61771729643442285784, 0.00763285551320879406, -0.34725413388025799799, -0.56561173541797116204, -0.02642528077885658577, 0.88908410575480090188, 0.19028344113359257905
Vector b: 0.69380677845685290173, -0.02698138722131189493, -1.10498785146851896677, -0.68623809375183408843, 0.55734680015320881008, 0.69841110801380157369, 0.20643219411772439909, 1.02900239875112142762, -1.01373668772470382216, 0.31922841996418771515, -1.45045189080012981719, 1.39760132924241675667, 0.38056688226718515811
-------------------------------------------------------------------
| Order |          Error^2           |         Efficiency         |
-------------------------------------------------------------------
|   2   | 7.46163406283678593925e-41 | 1.85226452665298848000e+17 |
|   4   | 6.33562068182857918191e-43 | 3.21621728312858650000e+15 |
|   6   | 7.69698184057049143599e-44 | 1.47638531569843300781e+13 |
|   8   | 1.02858300524383150714e-13 | 2.04343232134680894557e-05 |
-------------------------------------------------------------------

Scheme evaluation results:
Order: 8, No. cycles: 25
-------------------------------------------------------------------
Vector a: -0.40852195918988765122, -0.24639406432577629080, -0.04249693941241674405, 0.38335676182756361907, 0.32825988599981326121, 0.29829296353273704323, -0.13185242392564655578, -0.53183348191358759127, 0.12457148510671904595, 0.61720913573748159564, 0.30932502807004602641, 0.20599032542473688645, 0.09409328306821732046
Vector b: -0.45324328074142727907, 0.08944264305928972814, -0.58223077167771020157, 0.49723689284458993942, 0.26947663085803608141, 0.38704314106829040831, 0.20954278607077894692, -0.47324763395246410846, -0.59041932989308432145, 0.83956230011832366777, 0.39485597137894856701, 0.22379408472873479896, 0.18818656613769377262
-------------------------------------------------------------------
| Order |          Error^2           |         Efficiency         |
-------------------------------------------------------------------
|   2   | 6.42913044939174568491e-38 | 6.31021074377831900000e+15 |
|   4   | 4.71392156890218358111e-38 | 1.17909497664046269531e+13 |
|   6   | 1.47081952787930316466e-38 | 3.37738254334484863281e+10 |
|   8   | 1.16963206993399314662e-13 | 1.91626380601049284530e-05 |
-------------------------------------------------------------------

Scheme evaluation results:
Order: 8, No. cycles: 25
-------------------------------------------------------------------
Vector a: 0.41802641482340313628, 0.05721503605773689549, -0.79655194098593073981, -0.32715368236145692116, 0.16771917082493145723, 0.22006771788942150470, 0.22230126532279423368, 0.42052105957382224233, 0.41055504968078865291, -0.44450713519270085294, -0.00897333278232266378, 0.59424382950198184616, 0.06653654764753128004
Vector b: -0.04077365093927016321, 0.91760013152525798930, -0.80317005940977392875, -0.78993382256187594237, 0.13562645783989871195, 0.19981188380775727342, 0.24032355197262184054, 0.20427897867302108326, 0.63676314047398396845, 0.18434695888797109076, -1.07336122927382326964, 1.05541456370916897356, 0.13307309529506239354
-------------------------------------------------------------------
| Order |          Error^2           |         Efficiency         |
-------------------------------------------------------------------
|   2   | 2.81604939390715238573e-40 | 9.53454227274168000000e+16 |
|   4   | 2.28280565329576360073e-40 | 1.69435924093676156250e+14 |
|   6   | 3.57989179791558256545e-42 | 2.16483598219287597656e+12 |
|   8   | 1.18671359579225097695e-13 | 1.90242249090811317222e-05 |
-------------------------------------------------------------------

Scheme evaluation results:
Order: 8, No. cycles: 25
-------------------------------------------------------------------
Vector a: -0.06579783633659273823, 0.17002502157820784112, -0.37600074597329591342, -0.28502091346010677286, 0.23822383357176071805, 0.07145908742036694017, -0.47845501886778285527, 0.47370959105085719276, 0.79211826017205089201, -0.19008790554387247629, -0.10158332569605398044, 0.64803064410623378855, 0.10337930797822728057
Vector b: -0.77623105030348027444, 1.42086642793376993765, -1.08081638477732622228, 0.32881489283067905083, -0.89885671975081915530, 1.37530438689433109900, -1.23238621205361709166, 0.27547617431804383159, 0.67194300778366822247, 0.91229351256038027085, -1.29246932364811684124, 1.08930267225603527592, 0.20675861595645184110
-------------------------------------------------------------------
| Order |          Error^2           |         Efficiency         |
-------------------------------------------------------------------
|   2   | 2.76941418101442247361e-40 | 9.61448501306482720000e+16 |
|   4   | 3.09007768766357137900e-41 | 4.60527179127552250000e+14 |
|   6   | 3.74858182613317410510e-43 | 6.69000512264087011719e+12 |
|   8   | 1.24474514068538715757e-13 | 1.85754657095783408437e-05 |
-------------------------------------------------------------------

Scheme evaluation results:
Order: 8, No. cycles: 25
-------------------------------------------------------------------
Vector a: 0.15948154821673457548, 0.17924187441947359023, 0.21090523500032168358, -0.26461397487388171879, -0.02495211030578833866, 0.48927841968429730546, -0.16369766677002192679, -0.15850377592922476611, -0.12241147699031852680, -0.23876970577343922808, 0.37871877178691387700, 0.45561489273907529451, 0.09970796879585819283
Vector b: 0.07550484219848334344, 0.16795357896015028487, 0.19052989173781068044, 0.23128070935144112719, -0.76050868365875734511, 0.71060446230706353354, 0.26795238829895917654, -0.59534772746098896246, 0.27834017192134330454, -0.52316312775936657520, 0.04562371065226683564, 0.71181384186827201255, 0.19941594158332259790
-------------------------------------------------------------------
| Order |          Error^2           |         Efficiency         |
-------------------------------------------------------------------
|   2   | 2.53684586843885300356e-34 | 1.00455320105836640625e+14 |
|   4   | 7.26928126079706444938e-34 | 9.49498381815407104492e+10 |
|   6   | 7.91051645722277923956e-35 | 4.60529578340249776840e+08 |
|   8   | 1.30004146385521145557e-13 | 1.81761261659643608482e-05 |
-------------------------------------------------------------------

Scheme evaluation results:
Order: 8, No. cycles: 25
-------------------------------------------------------------------
Vector a: 0.20851754711557640709, 0.42751823004654526672, -0.16612310735366173087, 0.01740323860165967490, 0.51282552064623498911, -0.37373553336354436993, -0.29073881494522690883, 0.29061567193349763238, -0.79795466932512526537, -0.99635372135596889098, 0.99612516726546296297, 1.08403565145737368347, 0.08786481927717652851
Vector b: 0.10103292539251630677, 0.21496924344907025750, 0.64006721663843446635, -0.97231343134277670170, 1.00711990854597210898, 0.01853113275358432219, -0.76600219948938053083, 0.18452456959650143098, 0.39670677427693501471, -1.99261611292295381936, -0.00009132980438940318, 1.99234166435072124202, 0.17572963855576545500
-------------------------------------------------------------------
| Order |          Error^2           |         Efficiency         |
-------------------------------------------------------------------
|   2   | 3.31827476352116682395e-40 | 8.78342324666481600000e+16 |
|   4   | 2.16314283833006046938e-41 | 5.50424005335001125000e+14 |
|   6   | 4.44653118159482421170e-41 | 6.14255815498862060547e+11 |
|   8   | 1.34308745176686897377e-13 | 1.78824815167394612090e-05 |
-------------------------------------------------------------------

Scheme evaluation results:
Order: 8, No. cycles: 25
-------------------------------------------------------------------
Vector a: 0.30387932411122198229, 0.39516040640783145488, -0.11925834845255402217, -0.23274180330121665983, -0.39727282008158182336, -0.16970023194816241663, -0.01589175892324497241, 0.14617738330433166505, 0.62194284917108866306, -0.24038431735662241229, 0.07362115789598387694, 0.53004611921545896625, 0.10442203995746571210
Vector b: 0.14288488735679974462, 0.32198887350884575209, 0.46833193930681960016, -0.70684863621193716465, 0.24136502960947453511, -1.03591066977266121896, 0.69651020587632694880, -0.72829372372281753201, 1.02064849033148918878, 0.22323720801075311315, -0.70400584272403099462, 0.85124815851600288408, 0.20884407991493530998
-------------------------------------------------------------------
| Order |          Error^2           |         Efficiency         |
-------------------------------------------------------------------
|   2   | 3.96399309588204253023e-41 | 2.54128596504517088000e+17 |
|   4   | 1.44202370094425706705e-43 | 6.74145695870790900000e+15 |
|   6   | 2.05540230089038304687e-44 | 2.85700847577753398438e+13 |
|   8   | 1.34942617545108545810e-13 | 1.78404319632661567186e-05 |
-------------------------------------------------------------------

Scheme evaluation results:
Order: 8, No. cycles: 25
-------------------------------------------------------------------
Vector a: -0.12282110613483300521, 0.47440805497339161301, 0.38779146134471198515, -0.24643793505653951992, -0.47488353088777623956, 0.09189879885259930048, 0.38150242332231393272, -0.68637897508292200488, -0.00022650728613455009, 0.51554571324572839863, 0.06921016768373552952, 0.52359116614467848816, 0.08680026888104626359
Vector b: -0.34525364615387227341, 0.44486508003807856415, 0.50395102990870455084, 0.27163189278071936394, -0.76450776289379829276, -0.18525929888175413085, 0.36905689658695273181, 0.39394795005767502261, -1.76670590022351903237, 1.76625288565125004858, -0.73516145915979325132, 0.87358179452726436587, 0.17360053776209252718
-------------------------------------------------------------------
| Order |          Error^2           |         Efficiency         |
-------------------------------------------------------------------
|   2   | 7.53517420624455233914e-40 | 5.82872189027916000000e+16 |
|   4   | 1.44672024032859571176e-42 | 2.12837273351795125000e+15 |
|   6   | 1.77755090266744820557e-44 | 3.07219603885897929688e+13 |
|   8   | 1.36892278643830195147e-13 | 1.77129319568479932099e-05 |
-------------------------------------------------------------------

Scheme evaluation results:
Order: 8, No. cycles: 25
-------------------------------------------------------------------
Vector a: 0.12091196613752468181, -0.37809834870022857034, -0.27857047073115775992, 0.29782115394588837276, 0.74251043065652622133, -0.69417638905830614249, -0.53383368588781243691, 0.46055939705168491560, 0.74889250732047063508, -0.30683986332650498019, -0.06675837582982892260, 0.78715519937457145705, 0.10042647904717265372
Vector b: 0.66715770142578978419, -1.09249147057653006598, 0.33629477317607253672, -0.89343571463838766800, 1.48907802253016519067, -0.00405716121711233862, -1.38429561689950064718, 0.31662824512387455211, 0.60449054897949539011, 0.89329446566144565800, -1.50697419231445639554, 1.37345744065479857809, 0.20085295809434533520
-------------------------------------------------------------------
| Order |          Error^2           |         Efficiency         |
-------------------------------------------------------------------
|   2   | 4.91463397407999843114e-40 | 7.21729394237081600000e+16 |
|   4   | 3.86482495518485563214e-42 | 1.30219208398943600000e+15 |
|   6   | 3.40294211221876074066e-44 | 2.22040740642418437500e+13 |
|   8   | 1.54668849306602097686e-13 | 1.66639710852852833086e-05 |
-------------------------------------------------------------------

Scheme evaluation results:
Order: 8, No. cycles: 25
-------------------------------------------------------------------
Vector a: 0.66609624363140396142, -0.67625723494262002244, -0.05969287571524495295, 0.64470752057564140181, -0.44400707910149805890, -0.72286903075278852171, -0.13409671753776833403, 0.42731016267225874206, 0.47811064252956997356, 0.27787835033497998438, 0.22700826767952464458, 0.20970530535807416217, 0.10610644526846710334
Vector b: 0.67904985350814728307, -0.02590721975205011879, -1.32660725013449143361, 1.20722149870324857446, 0.08219354244960674905, -0.97020770065260353299, -0.47553036085368077801, 0.20733692577802370627, 0.64728339956609548533, 0.30893788549314332714, 0.24681881517735554388, 0.20719772018045765072, 0.21221289053674738390
-------------------------------------------------------------------
| Order |          Error^2           |         Efficiency         |
-------------------------------------------------------------------
|   2   | 3.03128883802744428782e-38 | 9.18980555809637000000e+15 |
|   4   | 2.20649340762241301028e-39 | 5.44990143930791093750e+13 |
|   6   | 1.23085914441265700561e-40 | 3.69194965115121032715e+11 |
|   8   | 1.63627455136612624840e-13 | 1.62013738158126002059e-05 |
-------------------------------------------------------------------

Scheme evaluation results:
Order: 8, No. cycles: 25
-------------------------------------------------------------------
Vector a: -0.67199265915544281746, 0.62252086778063642214, 0.12033279359883905513, -0.55392782471589552262, 0.02867693751164913929, -0.16118572986943724423, -0.07046107204010020053, 0.49647161809024314971, 0.47351685852077363137, 0.25358895624848781791, 0.19333796243754342026, 0.17659712793750545479, 0.09252416365519776364
Vector b: -0.66813003103679557970, -0.00772525632692047312, 1.25276699196708940498, -1.01210140474299281621, -0.09575424507096277904, 0.15310812020497430175, -0.47547957969435367120, 0.33455743560472306353, 0.65838580059230811248, 0.28864791641306886127, 0.21852999616494603319, 0.16814592862166727327, 0.18504832730324816126
-------------------------------------------------------------------
| Order |          Error^2           |         Efficiency         |
-------------------------------------------------------------------
|   2   | 2.02165979650628805537e-37 | 3.55849160286560650000e+15 |
|   4   | 6.22578296343014650301e-37 | 3.24446412920012841797e+12 |
|   6   | 3.95971748031337902070e-38 | 2.05839087321614341736e+10 |
|   8   | 1.92471370332831401921e-13 | 1.49381515613800606323e-05 |
-------------------------------------------------------------------

Scheme evaluation results:
Order: 8, No. cycles: 25
-------------------------------------------------------------------
Vector a: 0.22871786872835669913, -0.09441140788927084027, -0.31240644400861067309, -0.10725804724146419111, 0.71009451392198985609, -0.18514376349382802300, 0.07694597091342668393, 0.53699111890925854684, -0.37100746440553572514, -0.21935429125828473373, 0.34988085951842368138, 0.27855251094731398043, 0.10839857535822486345
Vector b: 0.58124776005280698321, -0.70505978264874247241, 0.51623696687026976448, -1.14104985488768950752, 0.92653376040467405605, 0.49365526743932308662, -0.86394279442709998040, 1.01783473625399811802, 0.05614750156461269931, -0.79816243037567879970, 0.35945384785896711266, 0.34030787117810018527, 0.21679715071645891400
-------------------------------------------------------------------
| Order |          Error^2           |         Efficiency         |
-------------------------------------------------------------------
|   2   | 6.01307260390722143816e-39 | 2.06334456713518520000e+16 |
|   4   | 8.04489827426578495471e-42 | 9.02567490913744875000e+14 |
|   6   | 3.28358412446458479817e-42 | 2.26040299643660107422e+12 |
|   8   | 2.08655641976271928332e-13 | 1.43471244152759857578e-05 |
-------------------------------------------------------------------

Scheme evaluation results:
Order: 8, No. cycles: 25
-------------------------------------------------------------------
Vector a: 0.24125869127523996704, 0.34805048537839816669, -0.20390217646072530955, 0.08174438136665063137, 0.50071671049683463828, -0.47326142983379265727, -0.13544248042740686389, 0.56283495824871421220, -0.04877631207903899285, -0.07664574205553267849, -0.68472028747104896063, -0.00051483451264754262, 0.88865803607435533973
Vector b: 0.11558436281642045507, 0.25134865691763852436, 0.44475231383915997396, -0.85255666676061525600, 1.01604542949391762896, -0.01461200850024094167, -0.93191085116735106197, 0.66102589031253522478, 0.46464402618489741847, -0.56219665034297594541, 0.40890516623190897860, -1.77834574117401511550, 1.77731607214872000533
-------------------------------------------------------------------
| Order |          Error^2           |         Efficiency         |
-------------------------------------------------------------------
|   2   | 7.17464813734306340313e-41 | 1.88894659314785824000e+17 |
|   4   | 7.14171762343143020196e-42 | 9.57940705504885750000e+14 |
|   6   | 2.45498185452093293837e-43 | 8.26676904780753417969e+12 |
|   8   | 2.28904509372880543602e-13 | 1.36978610512390776153e-05 |
-------------------------------------------------------------------

Scheme evaluation results:
Order: 8, No. cycles: 25
-------------------------------------------------------------------
Vector a: -0.31948977941154932392, -0.93008041411533770582, -0.00001784585121328919, 1.31029109670851484637, 0.33995968902034146009, -0.23443260049049691185, -0.63250352710444801563, -0.27151196933250559828, 0.46818063265567516629, 0.62277933837115062587, 0.32504480711588068509, 0.21955555017425645858, 0.10222502225973151280
Vector b: -0.43320200263113650685, 0.22742444643915821212, -2.08758527466981691489, 2.08754958296739001611, 0.53303261044963268223, 0.14688676759105487313, -0.61575196857206182521, -0.64925508563681488816, 0.10623114697180699451, 0.83013011833953820329, 0.41542855840273806844, 0.23466105582904878135, 0.20445004451946194313
-------------------------------------------------------------------
| Order |          Error^2           |         Efficiency         |
-------------------------------------------------------------------
|   2   | 3.48478704671808301021e-36 | 8.57100721668610750000e+14 |
|   4   | 4.67914708086752322689e-39 | 3.74245525813942890625e+13 |
|   6   | 1.28677107301271445437e-40 | 3.61084880073515563965e+11 |
|   8   | 2.46618575418726104917e-13 | 1.31967514822114079703e-05 |
-------------------------------------------------------------------

Scheme evaluation results:
Order: 8, No. cycles: 25
-------------------------------------------------------------------
Vector a: -0.43633866350490091435, -0.26474494314515012450, -0.02960894539298378550, 0.69060393581319090561, 0.59040562095936977016, -0.09843040549839791875, -0.83735973924692252979, 0.07672436842611847496, 0.69544778434778908860, -0.25831447407634844371, 0.09300103524411476585, 0.65181295579406062224, 0.12680147028006003018
Vector b: -0.59530287462689712719, 0.31792842224399842088, -0.84741830853433275372, 0.78820041774835680748, 0.59300745387803577291, 0.58780378804073096788, -0.78466459903752472371, -0.89005487945635808344, 1.04350361630860799522, 0.34739195238702119672, -0.86402090053973967798, 1.05002297102796759987, 0.25360294056013366060
-------------------------------------------------------------------
| Order |          Error^2           |         Efficiency         |
-------------------------------------------------------------------
|   2   | 1.58559723835281701209e-40 | 1.27064298252258544000e+17 |
|   4   | 3.93108009820121338928e-43 | 4.08304361286486700000e+15 |
|   6   | 4.30301158474762687491e-43 | 6.24415521859121289062e+12 |
|   8   | 2.61635850187697460563e-13 | 1.28124240666568869516e-05 |
-------------------------------------------------------------------

Scheme evaluation results:
Order: 8, No. cycles: 25
-------------------------------------------------------------------
Vector a: 0.37932588928657556826, -0.03401142886317958663, -0.39103932073143027326, -0.07271032554709046247, 0.80923669959346167246, -0.04110426618743213273, -0.20836867921254953462, -0.34443029623918836046, -0.17228467832590543818, 0.47358964992383606463, 0.32891829553772877759, 0.19049676655300706862, 0.08238169421216670618
Vector b: 0.65633980072009490137, -0.55402782286703877723, 0.48600496514067959009, -1.26808360660354013660, 1.12266295550935923941, 0.49581044367756410551, -0.57801897605242835709, 0.16128161762732923235, -0.85014221010570600878, 0.50557285345389513243, 0.44160644639377699683, 0.21623014468168064162, 0.16476338842433344012
-------------------------------------------------------------------
| Order |          Error^2           |         Efficiency         |
-------------------------------------------------------------------
|   2   | 1.43492962746861268063e-42 | 1.33568694531407692800e+18 |
|   4   | 3.06752991956104486932e-43 | 4.62216624474953200000e+15 |
|   6   | 1.71095496076843601275e-45 | 9.90240442259647500000e+13 |
|   8   | 2.65982886716518489366e-13 | 1.27072941478572527411e-05 |
-------------------------------------------------------------------

Scheme evaluation results:
Order: 8, No. cycles: 25
-------------------------------------------------------------------
Vector a: 0.16888328474362188092, 0.18344287678050627544, 0.40399896579610594660, 0.03746350685918520967, -0.19262525085248630163, 0.16958182301633906164, 0.64602967621599027837, -0.00028454594247008411, -0.82113579915341450288, -0.08320498777835570736, 0.26769661008298728522, 0.15117596949945649731, 0.06897787073253421053
Vector b: 0.08365071284233185911, 0.17046514244902791213, 0.19642061299887594861, 0.61157731806510295947, -0.53665030437096816751, 0.15139980287957724436, 0.18776384287981345844, 1.10429550945178633903, -1.10486460133650599147, -0.53740699670457403592, 0.37099702126520539558, 0.16439619830630619601, 0.13795574127402093767
-------------------------------------------------------------------
| Order |          Error^2           |         Efficiency         |
-------------------------------------------------------------------
|   2   | 2.25283951512572190858e-39 | 3.37096974828271920000e+16 |
|   4   | 7.29146913544458218427e-40 | 9.48052623625034218750e+13 |
|   6   | 3.26615125540475505608e-39 | 7.16707256209483642578e+10 |
|   8   | 2.99133499461360028111e-13 | 1.19824990929644983482e-05 |
-------------------------------------------------------------------

Scheme evaluation results:
Order: 8, No. cycles: 25
-------------------------------------------------------------------
Vector a: 0.38158887292843735040, 0.30068919604291705072, -0.34830688868410281112, -0.85700191703408001853, 0.03966525520883373152, 0.53502563860251750594, -0.17387424399050468993, -0.52803987100874139049, -0.06353014605878350152, 0.37224472900373412054, 0.65118350066562791234, 0.57431771380410079342, 0.11603816052004400916
Vector b: 0.20552902108553922078, 0.35211970364803329980, 0.24925868849619348122, -0.94587246589279383446, -0.76813136813842597395, 0.84746187855401300393, 0.22258939868811530860, -0.57033788670191076786, -0.48574185535517278023, 0.35868156324530842127, 0.38580789476370103142, 0.91655910656309069751, 0.23207632104430897524
-------------------------------------------------------------------
| Order |          Error^2           |         Efficiency         |
-------------------------------------------------------------------
|   2   | 2.20292477056941248218e-36 | 1.07800344686207637500e+15 |
|   4   | 6.23839150030024772915e-39 | 3.24118374542855781250e+13 |
|   6   | 3.06034935484607386913e-38 | 2.34139369654947357178e+10 |
|   8   | 3.22077215384030569541e-13 | 1.15478179658082452436e-05 |
-------------------------------------------------------------------

Scheme evaluation results:
Order: 8, No. cycles: 25
-------------------------------------------------------------------
Vector a: -0.14192464533781726232, 0.37239230847647997180, -0.16451829008903035012, -0.61985517163160286369, -0.16995760137953397351, 0.52175692341926249718, 0.57713011296127125771, -0.29174644724993786804, -0.02485123446643002637, 0.56599030607565126161, 0.25752780954481202524, 0.11853873657581455447, -0.00048280689893917105
Vector b: -0.33415284745591911086, 0.38445640420514592961, 0.36032821486080685025, -0.68936479696017838315, -0.55034554534281177052, 0.21043034236499047474, 0.83308350460812818916, 0.32117671547209364347, -0.90466960780173277801, 0.85496713857711548190, 0.27701348118636881512, 0.23804212871367835813, -0.00096513242768551911
-------------------------------------------------------------------
| Order |          Error^2           |         Efficiency         |
-------------------------------------------------------------------
|   2   | 1.00480367595202873619e-38 | 1.59617084922878280000e+16 |
|   4   | 1.61009823130133215830e-36 | 2.01750109378108935547e+12 |
|   6   | 4.12759768651232973341e-37 | 6.37545621965076351166e+09 |
|   8   | 3.56552849939337590702e-13 | 1.09753397884310166261e-05 |
-------------------------------------------------------------------

Scheme evaluation results:
Order: 8, No. cycles: 25
-------------------------------------------------------------------
Vector a: -1.34797106251472764704, -0.00000534712635857671, 1.72520015496384249154, -0.20345911643877659380, -0.02580992117229735303, 0.59932958924401535938, -0.16433726470170692546, -0.28398975909728568778, 0.26069992765322874684, -0.19192395056124825214, 0.06065862638260331036, 0.50634573477279087861, 0.06526238859592026209
Vector b: 0.14740569841407394347, -2.99075352185723675191, 2.99074282760451959362, 0.45965748232264241890, -0.86657571520081144723, 0.81495587285622639317, 0.38370330563268151280, -0.71237783503620166758, 0.14439831684123743960, 0.37700153846566486493, -0.76084943958850992374, 0.88216669235376632408, 0.13052477719194713335
-------------------------------------------------------------------
| Order |          Error^2           |         Efficiency         |
-------------------------------------------------------------------
|   2   | 5.42062782762815231342e-37 | 2.17317743795053550000e+15 |
|   4   | 8.27442899597790002254e-38 | 8.89960945040228320312e+12 |
|   6   | 5.96433206345401260920e-39 | 5.30370109983677520752e+10 |
|   8   | 3.75390912158804103268e-13 | 1.06964102952531124591e-05 |
-------------------------------------------------------------------

Scheme evaluation results:
Order: 8, No. cycles: 25
-------------------------------------------------------------------
Vector a: 0.28694851950582839217, 0.42577820886783546150, -0.07882261218690873872, -0.35961347064822235531, -0.85013700190478203034, 0.00255119769284582829, 0.51252718042767153594, -0.03285609435049433730, 0.58102706520307456639, -0.92045708325660025029, -0.00027379883576075705, 1.31767952143247057961, 0.11564836805304212763
Vector b: 0.13383544052496793020, 0.30622615796172092395, 0.54533025977395377382, -0.70297548414777721870, -0.01625145714931764546, -1.68402254665962325397, 1.68912494204531493658, -0.66407058118987238871, 0.59835839248887912056, 0.56369573791718929900, -2.40460990443047295528, 2.40406230675895171700, 0.23129673610608614265
-------------------------------------------------------------------
| Order |          Error^2           |         Efficiency         |
-------------------------------------------------------------------
|   2   | 1.60747991517171335547e-38 | 1.26196469456213880000e+16 |
|   4   | 2.91768732314771177390e-41 | 4.73936973735120125000e+14 |
|   6   | 4.83766017966951078363e-42 | 1.86226837811620239258e+12 |
|   8   | 3.88969565199850076144e-13 | 1.05080497413359975727e-05 |
-------------------------------------------------------------------

Scheme evaluation results:
Order: 8, No. cycles: 25
-------------------------------------------------------------------
Vector a: 0.38198647156152598647, -0.21957011036513923719, -0.02290498424215215573, 0.60177455581340266733, -0.18212931175464838751, 0.64183101551996701861, -0.00004990585366193271, -0.90584929006346714964, 0.26231391150187749473, -0.20453898312073939825, 0.06482949576321923868, 0.51167931328014071291, 0.07062782195967509669
Vector b: 0.14934699787169691820, 0.46527894737964881067, -0.90441916810996902942, 0.85860919962566573105, 0.34493991200119378249, -0.70919853551049416573, 1.99286056655041732277, -1.99296037825774119412, 0.18126179813079784653, 0.34336602487298817366, -0.75244399111449677964, 0.88210298264093700560, 0.14125564391935563346
-------------------------------------------------------------------
| Order |          Error^2           |         Efficiency         |
-------------------------------------------------------------------
|   2   | 5.20538658984582607556e-39 | 2.21765246833237560000e+16 |
|   4   | 7.48071033294683276540e-40 | 9.35984261393767812500e+13 |
|   6   | 1.39420217838466000850e-40 | 3.46894224677900512695e+11 |
|   8   | 4.03105336973513343663e-13 | 1.03221616625427788040e-05 |
-------------------------------------------------------------------

Scheme evaluation results:
Order: 8, No. cycles: 25
-------------------------------------------------------------------
Vector a: 0.23444030533414270123, -0.10470244234580325382, 0.20200727926420539160, 0.13780167799189027567, -0.77711559992278445019, -0.39187356064782974396, 0.23204443804490021419, 0.23495244290513589425, 0.13524630243680496600, 0.40646670041856830524, 0.44370333857072169481, 0.17497602387373617505, 0.07205309407631184382
Vector b: 0.08475831134263164812, 0.29936398833023264432, -0.50876887313792140688, 0.91278343147716223260, -0.63718007545547550308, -0.91705112452845161108, 0.13330400326107907927, 0.33078487251841892647, 0.13912001560798994970, 0.13137258562262896233, 0.68156081699123760576, 0.20584585987748685310, 0.14410618809298059162
-------------------------------------------------------------------
| Order |          Error^2           |         Efficiency         |
-------------------------------------------------------------------
|   2   | 4.06717350440720746080e-37 | 2.50884385621584400000e+15 |
|   4   | 8.97578993906928132711e-36 | 8.54483390321871704102e+11 |
|   6   | 1.11942708818775817944e-36 | 3.87134648211283206940e+09 |
|   8   | 4.08313297390864533582e-13 | 1.02561217758452904390e-05 |
-------------------------------------------------------------------

Scheme evaluation results:
Order: 8, No. cycles: 25
-------------------------------------------------------------------
Vector a: 0.41579180777605800889, -0.52881181196450577353, -0.34027760969611403619, -0.13824954233487016242, -0.16176219557697565921, 0.51089139119652138277, 0.53938228965991963371, -0.15333225531986277579, -0.13311677425866938473, 0.30429233717563969330, 0.29324340509243757014, 0.26517376682429300017, 0.12677519142612841963
Vector b: 0.48007222884387101836, -0.12856084213544125006, -0.92906278179427814745, 0.24850756240355487137, -0.52500664707455479974, 0.20148225592011453911, 0.82030052647418716383, 0.25846405284206486197, -0.56512856348480344781, 0.29889501496489379040, 0.30968965939365333817, 0.27679715079406752576, 0.25355038285267050835
-------------------------------------------------------------------
| Order |          Error^2           |         Efficiency         |
-------------------------------------------------------------------
|   2   | 2.25933257169001738096e-37 | 3.36612237743167950000e+15 |
|   4   | 1.00385312922357135211e-39 | 8.07987936640406718750e+13 |
|   6   | 4.77739269782166471490e-40 | 1.87397795332846832275e+11 |
|   8   | 4.26668997051139301449e-13 | 1.00330825869383971605e-05 |
-------------------------------------------------------------------

Scheme evaluation results:
Order: 8, No. cycles: 25
-------------------------------------------------------------------
Vector a: -0.19112105214740721104, -0.15240010145185156620, 0.60085995536918290760, -0.04442019664146067831, -0.42575680591664283314, 0.06687362735138518977, -0.30888328971949047252, -0.29510791221449728106, 0.48731432953238934536, 0.63541027097444002791, 0.31818919644293752746, 0.21638096358210631709, 0.09266101483890874790
Vector b: 0.14652667677649300337, -0.67529545678409752529, 0.37049525336061484015, 0.83122465693511327078, -0.92006505021702489344, 0.06855142734590588538, 0.06519584950779497290, -0.68296244013442797272, 0.09274661583649092267, 0.88188204328807295873, 0.38893849751927889180, 0.24743989677604896760, 0.18532202978973680296
-------------------------------------------------------------------
| Order |          Error^2           |         Efficiency         |
-------------------------------------------------------------------
|   2   | 1.19749173770926572658e-34 | 1.46212236368233062500e+14 |
|   4   | 1.49038977443158188839e-33 | 6.63116805115646438599e+10 |
|   6   | 1.90028259559643581027e-35 | 9.39616971790171384811e+08 |
|   8   | 4.57629255502858214171e-13 | 9.68775261980922646713e-06 |
-------------------------------------------------------------------

Scheme evaluation results:
Order: 8, No. cycles: 25
-------------------------------------------------------------------
Vector a: -0.82422337876615969776, 0.11599220243231003757, 0.58574690290987152519, -0.17801628845272901569, -0.22798789437740801800, 0.19697731848623306616, 0.56463036117661291602, 0.68897290773613306669, 0.19975784712816449518, -0.44644849870249886381, -0.26568706614905723828, 0.37819580693312626618, 0.21208977964540151606
Vector b: -0.51134689686514678275, -0.62575296380202560798, 0.85773736866664496148, 0.31375643715309764481, -0.66978901405855562068, 0.21381322530374138879, 0.18014141166872216226, 0.94911931068450561266, 0.42882650478775957703, -0.02931081053143079485, -0.86358618687356558663, 0.33221205457545049944, 0.42417955929080247701
-------------------------------------------------------------------
| Order |          Error^2           |         Efficiency         |
-------------------------------------------------------------------
|   2   | 1.12641975756286095429e-40 | 1.50754350145110304000e+17 |
|   4   | 3.89035486158177339315e-43 | 4.10435915000987100000e+15 |
|   6   | 1.27969087733327427966e-44 | 3.62082396434106093750e+13 |
|   8   | 5.53247860220054728000e-13 | 8.81089567798032299037e-06 |
-------------------------------------------------------------------

Scheme evaluation results:
Order: 8, No. cycles: 25
-------------------------------------------------------------------
Vector a: 0.14132949923944648773, 0.55437359502829253177, 0.48025762985089992529, -0.50364301422776092121, -0.38665191290112227440, 0.28821586791924436177, 0.27150840247640239955, -0.34373908868266100924, 0.03346355200259663182, 0.19207225962946641862, -0.08102231721330722947, 0.27852358005312732869, 0.07531194682537531437
Vector b: 0.06839360339425416824, 0.14587179395228802581, 0.96287539370290697871, -0.00236013611570424966, -1.00492589024138889719, 0.23162206410981567295, 0.34480967145642776872, 0.19820713526828878659, -0.88568531393876548385, 0.95261241797463303005, -0.56846789847267353846, 0.40642326433743386493, 0.15062389457248395730
-------------------------------------------------------------------
| Order |          Error^2           |         Efficiency         |
-------------------------------------------------------------------
|   2   | 2.90130035673709700085e-37 | 2.97045951012066700000e+15 |
|   4   | 3.46172959999120656020e-36 | 1.37592066859489135742e+12 |
|   6   | 1.04349301438394772038e-36 | 4.00973041622884178162e+09 |
|   8   | 6.13888174371578992963e-13 | 8.36440969834988489579e-06 |
-------------------------------------------------------------------

Scheme evaluation results:
Order: 8, No. cycles: 25
-------------------------------------------------------------------
Vector a: -0.19844268041776985667, -0.17603224157569749564, 0.37467064238151331912, 0.37228631321970195867, 0.24158744421353331444, 0.18680442263679333803, -1.33314145896525837465, -0.00000330684829283660, 1.03781273553094277595, -0.40520032034472575067, 0.35737319976797315979, 0.46649385284550909381, 0.07579139755577739279
Vector b: 0.11130256013336464749, -0.61949048110226756503, 0.26742599795086657855, 0.48191528681216588836, 0.26265733962724624462, 0.22051754879977567003, 0.15309129647388938777, -2.81937421440452773425, 2.81936760070794223410, -0.74374212964597763431, -0.06665851104348050060, 0.78140491057943339825, 0.15158279511156955155
-------------------------------------------------------------------
| Order |          Error^2           |         Efficiency         |
-------------------------------------------------------------------
|   2   | 1.04032397991474419345e-40 | 1.56868476246051200000e+17 |
|   4   | 7.44096162619471912617e-41 | 2.96773714781329000000e+14 |
|   6   | 2.68360819957720304999e-41 | 7.90679343291449340820e+11 |
|   8   | 6.27611072803739046454e-13 | 8.27245916508349626254e-06 |
-------------------------------------------------------------------

Scheme evaluation results:
Order: 8, No. cycles: 25
-------------------------------------------------------------------
Vector a: -0.39341701006942975116, -0.17878328643739457848, -0.19199608991537728264, 0.49201491655880164044, 0.60822370174720929992, -0.15634087708761951196, -0.16264737076079627265, -0.17704861050700990144, 0.08058425888965048411, 0.64598249760921711005, 0.30993250504369379561, 0.12390168468543637237, -0.00040631975638139831
Vector b: -0.49945264990043941600, 0.21207127966777863937, -0.56963785254917209677, 0.18564567271728510400, 0.79838416040295723253, 0.41806324309311615472, -0.73074499727045838515, 0.40545025574927290313, -0.75954747675867573253, 0.92071599453622299247, 0.37124900067808735971, 0.24861600941125003295, -0.00081263977722481205
-------------------------------------------------------------------
| Order |          Error^2           |         Efficiency         |
-------------------------------------------------------------------
|   2   | 2.43022437120666164788e-38 | 1.02635309609696340000e+16 |
|   4   | 1.58095662311041808937e-42 | 2.03601038171083200000e+15 |
|   6   | 8.87709659894764421983e-40 | 1.37475236367821441650e+11 |
|   8   | 7.62469378727480236300e-13 | 7.50531159210825046183e-06 |
-------------------------------------------------------------------

Scheme evaluation results:
Order: 8, No. cycles: 25
-------------------------------------------------------------------
Vector a: 0.24365991141785464658, 0.52939928615560860603, -0.04840155954818236433, -0.34122585088385504193, 0.24363465368754977369, 0.29455259060913518976, -0.13554874709025080404, -0.08591875851120120422, -0.12811888132824392206, 0.09457877118050687926, 0.15912111784469015752, -0.05205664913290110329, 0.22632411559928911071
Vector b: 0.12134122116541345981, 0.24463738050488245679, 0.81416119180633450547, -0.91096431090269913700, 0.22851260913498924743, 0.25875669824011038322, 0.33034848297815977425, -0.60144597715866110477, 0.42960846013625869633, -0.68584622279274665146, 0.87500376515376032671, -0.55676152946438062230, 0.45264823119857861000
-------------------------------------------------------------------
| Order |          Error^2           |         Efficiency         |
-------------------------------------------------------------------
|   2   | 3.10662264346954645356e-40 | 9.07769801191327520000e+16 |
|   4   | 7.96813339276699106954e-43 | 2.86788457005508850000e+15 |
|   6   | 1.68965021962605561665e-44 | 3.15109533974629648438e+13 |
|   8   | 9.14560925902476486225e-13 | 6.85288761185041950930e-06 |
-------------------------------------------------------------------

Scheme evaluation results:
Order: 8, No. cycles: 25
-------------------------------------------------------------------
Vector a: 0.07440495494855213499, 0.62602811655910461930, -0.70778571500379794390, -0.01958649650535696993, 0.11784312335436389341, -0.51425685857503222742, -0.21509505224966218861, -0.07464931544612417313, 0.53877569080061848972, 0.52404650564892374387, 0.30685720834281088321, 0.23783016566469397657, 0.10558767246090579317
Vector b: -0.55882423473050035767, 1.26645837935967287002, -0.01440214618428783781, -1.40116928386911787641, 1.36199629085111562077, -1.12631004414754554155, 0.09779632698816501102, -0.52798643148246948709, 0.37868780058427370383, 0.69886358102671330972, 0.34922943027104375036, 0.26448498640969037021, 0.21117534492324646633
-------------------------------------------------------------------
| Order |          Error^2           |         Efficiency         |
-------------------------------------------------------------------
|   2   | 6.34238895341126804837e-39 | 2.00906295884044600000e+16 |
|   4   | 1.60042916809296281199e-38 | 2.02358632736520351562e+13 |
|   6   | 6.68976564908118849040e-40 | 1.58363282795721099854e+11 |
|   8   | 9.25018167031413313231e-13 | 6.81404189640624699802e-06 |
-------------------------------------------------------------------

Scheme evaluation results:
Order: 8, No. cycles: 25
-------------------------------------------------------------------
Vector a: -0.41403775315999225004, 0.36168133832328891453, -0.24665589467082346675, -0.19669612247182813314, -0.39481247864245405665, 0.00064994502905689174, 0.38332888295398820366, 0.31915554980120564021, 0.69279174602033888331, 0.36508964737389199007, -0.10208556466002757790, -0.04953349989457127983, 0.28112420399792625858
Vector b: -0.60069371632208823364, 0.37331192632419191169, 0.35005075032238619492, -0.84336253966403329496, 0.44997029472037558540, -1.23959525200528375422, 1.24089514206339757152, -0.47423737615542094215, 1.11254847575783344382, 0.27303501628284415625, 0.45714427846493993490, -0.66131540778499520172, 0.56224840799585262818
-------------------------------------------------------------------
| Order |          Error^2           |         Efficiency         |
-------------------------------------------------------------------
|   2   | 1.43492962746861268063e-40 | 1.33568694531407696000e+17 |
|   4   | 2.85654691952613959908e-42 | 1.51467439671508575000e+15 |
|   6   | 1.27911444216824869582e-43 | 1.14526304359487363281e+13 |
|   8   | 9.66316229041366282941e-13 | 6.66684401328557350484e-06 |
-------------------------------------------------------------------

Scheme evaluation results:
Order: 8, No. cycles: 25
-------------------------------------------------------------------
Vector a: -0.03628798723622197325, -0.29551029695643238338, 0.49894452837544439605, 0.54761359869820303015, -0.11537574378509858619, -0.08249166429924564836, -0.46707951840155326195, -0.69540146656875934106, 0.72030615095332795050, -0.05057063001997895435, -0.01699951879886345968, 0.87439513474929642101, 0.11845741328988172725
Vector b: 0.40393064879383655530, -0.88043727206011856978, 0.28941667814725419161, 0.70847237860363565520, 0.38675481879277040509, -0.61750630636296788278, 0.45252297776447614197, -1.38668201456758177770, -0.00412091856993939288, 1.44473322047659835654, -1.54587448051655607095, 1.51187544291882902669, 0.23691482657976345449
-------------------------------------------------------------------
| Order |          Error^2           |         Efficiency         |
-------------------------------------------------------------------
|   2   | 2.94160573631065599528e-41 | 2.95003895458567232000e+17 |
|   4   | 3.68935611310518244454e-43 | 4.21468068229742550000e+15 |
|   6   | 4.09228608421042130698e-44 | 2.02477586076063281250e+13 |
|   8   | 9.67154049425643313816e-13 | 6.66395573090205894663e-06 |
-------------------------------------------------------------------

Scheme evaluation results:
Order: 8, No. cycles: 25
-------------------------------------------------------------------
Vector a: -0.51694672381698569819, 0.33432567978245092410, 0.37508585345271550082, 0.19152808435551138544, 0.16262039442098591424, -0.14476121539439665287, -0.65315567913509653408, 0.10780873200607737905, 0.73235363200819769691, 0.31124309948164174955, 0.29139474544202942363, -0.01053731103010659663, -0.18095929157302453882
Vector b: -0.57921413840206048551, 0.12453482917012345665, 0.54411653039483964811, 0.20605517651057217443, 0.17700099220030210412, 0.14823979664193176475, -0.43776222743083559319, -0.86854913083936757801, 1.08416659485151667397, 0.38054066916491813277, 0.24194552979827876893, 0.34084396108586323404, -0.36191858314608227332
-------------------------------------------------------------------
| Order |          Error^2           |         Efficiency         |
-------------------------------------------------------------------
|   2   | 1.06184792432677338366e-40 | 1.55270453493706304000e+17 |
|   4   | 3.21773159870586119911e-43 | 4.51299713298194700000e+15 |
|   6   | 7.55725290884452355824e-45 | 4.71170367978928515625e+13 |
|   8   | 1.00884978475121860979e-12 | 6.52479209276898933109e-06 |
-------------------------------------------------------------------

Scheme evaluation results:
Order: 8, No. cycles: 25
-------------------------------------------------------------------
Vector a: -0.08003935050231088255, -0.07985262016655994555, 0.66391661503692955826, 0.11503955116873752773, -0.25086738164337618606, 0.23110825618036381912, -0.21493316909901102885, -0.11086030042982192301, 0.44923732241860669934, -0.26917521143070671785, -0.05533886967349195551, 0.51594456333684934890, 0.08582059480379172767
Vector b: 0.19559152273265109634, -0.55126174640121550219, 0.39155650604451008867, 0.93627672398357153494, -0.70619762164496735490, 0.20446285836887517773, 0.25775365397654548261, -0.68761999216705793625, 0.46589939130250734856, 0.43257525354119208405, -0.97092567640777771576, 0.86024793706094082602, 0.17164118961022484244
-------------------------------------------------------------------
| Order |          Error^2           |         Efficiency         |
-------------------------------------------------------------------
|   2   | 1.77627248091288060086e-37 | 3.79634076940501250000e+15 |
|   4   | 7.13256982663223101821e-39 | 3.03121645120210937500e+13 |
|   6   | 5.83230354336786999278e-39 | 5.36339630605207672119e+10 |
|   8   | 1.05186548503779013704e-12 | 6.38998484607125590365e-06 |
-------------------------------------------------------------------

Scheme evaluation results:
Order: 8, No. cycles: 25
-------------------------------------------------------------------
Vector a: 0.82155508296081491970, -0.04367072939450191565, -0.80005812018789412843, -0.49928645147462052956, 0.54178159527497860015, 0.52318410428564465775, -0.63527765341113484610, 0.01245279837565669082, 0.85293894567865802259, -0.90791660562610942975, -0.00262325836424140511, 1.06598752015004349936, 0.07093277173270577662
Vector b: 0.69849872736768403580, 0.24611271118628608168, -0.33345416997530236136, -1.26666207040049871857, 0.26808916745129635073, 0.81547402309861138914, 0.23089418547273671267, -1.50144949229502810972, 1.52635508904634065175, 0.17952280231093839524, -1.99535601356311875776, 1.99010949683463622684, 0.14186554346541810356
-------------------------------------------------------------------
| Order |          Error^2           |         Efficiency         |
-------------------------------------------------------------------
|   2   | 2.16566754025700368823e-39 | 3.43814421157146400000e+16 |
|   4   | 1.94905399162071027255e-41 | 5.79866514591960125000e+14 |
|   6   | 1.82458332276785198975e-43 | 9.58910551530260546875e+12 |
|   8   | 1.05703617808891325868e-12 | 6.37433677450611308433e-06 |
-------------------------------------------------------------------

Scheme evaluation results:
Order: 8, No. cycles: 25
-------------------------------------------------------------------
Vector a: -0.16211546618936706343, 0.41842306575909393729, 0.34815871629676464760, 0.19019859105473596594, -0.70954790987484772646, -0.77236195834563470264, 0.22660678384410640196, 0.92789281870097362059, 0.00844964334117350065, -0.94091328433570131651, 0.52963062907153435344, 0.85419609769787807618, 0.08138227297929020998
Vector b: -0.35487066105835723961, 0.38551038973668089183, 0.45133574178182683800, 0.24498169081319395857, 0.13541549129501084803, -1.55451131104565054564, 0.00978739434927863167, 0.44342617334213468849, 1.41235946406058276992, -1.39546017737821292926, -0.48636639129398967496, 1.54562764943902464232, 0.16276454595847716922
-------------------------------------------------------------------
| Order |          Error^2           |         Efficiency         |
-------------------------------------------------------------------
|   2   | 4.21331211865471398349e-40 | 7.79485725362181120000e+16 |
|   4   | 9.61366285272167020324e-42 | 8.25649118470129125000e+14 |
|   6   | 7.47643643610880393802e-42 | 1.49800280059097485352e+12 |
|   8   | 1.14011029888980108308e-12 | 6.13771185968102851239e-06 |
-------------------------------------------------------------------

Scheme evaluation results:
Order: 8, No. cycles: 25
-------------------------------------------------------------------
Vector a: -0.11041045360840877343, -0.69206593325608056766, 0.03679320369999625889, 0.56407643563330966963, 0.63292099186707673208, 0.07762352039419607996, -0.25196943045619324408, 0.28031446982804308909, 0.27617038931701609616, -0.34555054446887351061, -0.07064257916301404372, 0.50624634881212415838, 0.09649358140080813162
Vector b: 0.21871140611456435510, -0.65824371944594173289, -0.72588814706622462047, 0.79947455446621706887, 0.32867831680040621167, 0.93716366693374342223, -0.78191662614535062392, 0.27797776523296358064, 0.28265117442312281959, 0.26968960421091048296, -0.96079069314865861440, 0.81950553482263055471, 0.19298716280161692938
-------------------------------------------------------------------
| Order |          Error^2           |         Efficiency         |
-------------------------------------------------------------------
|   2   | 3.56041913815649521380e-40 | 8.47948388687105120000e+16 |
|   4   | 7.09111761169620126054e-43 | 3.04006326139261050000e+15 |
|   6   | 2.84129649025911881335e-44 | 2.42997424470141835938e+13 |
|   8   | 1.26210652180173036948e-12 | 5.83353657532105718481e-06 |
-------------------------------------------------------------------

Scheme evaluation results:
Order: 8, No. cycles: 25
-------------------------------------------------------------------
Vector a: -0.31645928556280150667, -0.15471618373278855918, -0.36623797143034342305, 0.01009316070708005976, 0.66646379942517486317, 0.40400995823734592305, 0.38629890664586796767, 0.26800758898435694810, -0.21897375264546636853, 0.58567533888409717413, -0.00018605474610184248, -0.60899871358287960277, 0.34502320881645831552
Vector b: -0.00814229899437153570, -0.61663397313685530676, 0.30720160567125986972, -1.03967754853196736597, 1.05986386994612846735, 0.27306372890427677014, 0.53495618757038110314, 0.23764162572136951490, 0.29837355224734485315, -0.73632105753827126193, 1.90767173530654554625, -1.90804384479874911129, 0.69004641763290863743
-------------------------------------------------------------------
| Order |          Error^2           |         Efficiency         |
-------------------------------------------------------------------
|   2   | 3.01048235842914940395e-39 | 2.91609682053629640000e+16 |
|   4   | 8.76411295945741691034e-40 | 8.64740863373320000000e+13 |
|   6   | 5.52747652186905853238e-41 | 5.50930092428824951172e+11 |
|   8   | 1.52385376412298790175e-12 | 5.30894571416579624324e-06 |
-------------------------------------------------------------------

Scheme evaluation results:
Order: 8, No. cycles: 25
-------------------------------------------------------------------
Vector a: -0.31552381137121759958, -0.56364175528749638211, 0.52764399087832825064, 0.05565174043347192318, -0.26643597615069669615, -0.08243399624144706617, -0.19946706501346359031, 0.57342596392704536790, 0.67048644718075001148, 0.44695319467246580336, -0.56260439910554138621, -0.01053961334290264701, 0.72648527942070395547
Vector b: 0.16116893167772608497, -0.95338548609788664745, -0.17389802447710778210, 1.22918600623376561565, -1.11788252536682186644, 0.58501057306542803005, -0.74987856554832221789, 0.35094443552139442666, 0.79590749233269786345, 0.54506540202880138235, 0.34884098731613039091, -1.47404978552721299678, 1.45297055884140768889
-------------------------------------------------------------------
| Order |          Error^2           |         Efficiency         |
-------------------------------------------------------------------
|   2   | 4.87876073339328311413e-41 | 2.29068421314683776000e+17 |
|   4   | 4.25994733154744389561e-43 | 3.92227328999114050000e+15 |
|   6   | 5.70893989228620694990e-44 | 1.71428179343694238281e+13 |
|   8   | 2.16389423739471582572e-12 | 4.45514573878270632532e-06 |
-------------------------------------------------------------------

Scheme evaluation results:
Order: 8, No. cycles: 25
-------------------------------------------------------------------
Vector a: 0.78472828825046381240, -0.07556437800923379577, -0.34876161860787396884, -0.06093117842680888935, -0.34703362553416483571, 0.64748790911135678527, 0.21259944388798368564, -0.19739711721406044687, 0.30395545740811569235, -0.44043058430867976227, -0.16093607750677926815, 0.52134516583500301046, 0.16093831511467809881
Vector b: 0.21098036602484582236, 1.14749584445123575804, -1.29862460046970351613, 0.60110136325395557844, -0.72296372010757348203, 0.02889646903924322774, 1.26607934918347098119, -0.84088046140750327684, 0.44608622697938243862, 0.16182468783684894609, -1.04268585645420874819, 0.72081370144065015637, 0.32187663022935614210
-------------------------------------------------------------------
| Order |          Error^2           |         Efficiency         |
-------------------------------------------------------------------
|   2   | 1.21969018334832077853e-40 | 1.44875590274692544000e+17 |
|   4   | 3.80049659755694449848e-42 | 1.31316648883131050000e+15 |
|   6   | 1.64009630661623907986e-43 | 1.01140541074881250000e+13 |
|   8   | 2.31424462118493748292e-12 | 4.30799607677152402574e-06 |
-------------------------------------------------------------------

Scheme evaluation results:
Order: 8, No. cycles: 25
-------------------------------------------------------------------
Vector a: -0.29105114721084718310, 0.04031535500038515435, 0.96575413545450683461, -0.00969616774534727208, -0.32067733883310500786, -0.38088116929056720084, -0.37343476723374791071, -0.14123631001221578773, -0.25076017390072985469, 0.58381247925700130441, 0.71533981215024211586, 0.32571703221174858056, 0.13679826015267623762
Vector b: 0.16393756115798871487, -0.90997741673767573722, 0.99060812673844544918, 0.94090014417057565854, -0.96029247966127007086, 0.31893780199505578077, -1.08070014057618779546, 0.33383060610869114138, -0.61630322613312116253, 0.11478287833166271603, 1.05284208018233815807, 0.37783754411814518548, 0.27359652030535208667
-------------------------------------------------------------------
| Order |          Error^2           |         Efficiency         |
-------------------------------------------------------------------
|   2   | 4.50567903025144381717e-40 | 7.53771750725551520000e+16 |
|   4   | 2.01690639593351327039e-42 | 1.80259056555544375000e+15 |
|   6   | 1.95990949605173807160e-44 | 2.92578183618998867188e+13 |
|   8   | 2.53065446552705702813e-12 | 4.11968020962633535475e-06 |
-------------------------------------------------------------------

Scheme evaluation results:
Order: 8, No. cycles: 25
-------------------------------------------------------------------
Vector a: 0.38470226469487350807, 0.34919539622091949616, -0.31888809455022448791, -0.57930156195482251924, 0.45454034508960072802, -0.05080715418704322833, -0.36772121661377216162, 0.50616960363179952509, -0.22059645758670334836, -0.49265208440648589061, 0.56967865734740741335, 0.67952121550945498996, 0.08615908680499588523
Vector b: 0.17574917037235493478, 0.41790618864503714658, 0.28048460379680179022, -0.91826079289725071053, -0.24034233101239405039, 1.14942302119159545093, -1.25103732956568181045, 0.51559489633813759824, 0.49674431092546139643, -0.93793722609886809316, -0.04736694271410359092, 1.18672425740891829271, 0.17231817360999174271
-------------------------------------------------------------------
| Order |          Error^2           |         Efficiency         |
-------------------------------------------------------------------
|   2   | 5.82940161159123901504e-41 | 2.09559809175618976000e+17 |
|   4   | 6.93741268639057288808e-43 | 3.07355649452161250000e+15 |
|   6   | 1.72011078355932783816e-44 | 3.12307014504670273438e+13 |
|   8   | 2.87795951097489716431e-12 | 3.86311459120211096014e-06 |
-------------------------------------------------------------------

Scheme evaluation results:
Order: 8, No. cycles: 25
-------------------------------------------------------------------
Vector a: -0.05218171105655276809, 0.16462574742893526514, -0.29072779002873794241, 0.85729546920129573451, -0.05946533406457921167, -0.21788323659511557584, 0.29992081762118816268, -0.64583811000327784324, 0.08202703612899939212, -0.04519767321199321536, -0.05951645776313859576, 0.89238881481498466552, 0.07455242752799196015
Vector b: -1.01078202326965915780, 1.91720062442621252963, -1.58794912956834100015, 1.00649354951086378307, 0.70809738889172801901, -0.82702805702088644235, 0.39126158383065506863, 0.20858005141172170083, -1.50025627141827788691, 1.66431034367627650461, -1.75470569010026311574, 1.63567277457398585483, 0.14910485505598389255
-------------------------------------------------------------------
| Order |          Error^2           |         Efficiency         |
-------------------------------------------------------------------
|   2   | 6.61861290669897598939e-41 | 1.96669263639044832000e+17 |
|   4   | 2.13716626804763917293e-42 | 1.75113976395758125000e+15 |
|   6   | 6.00338130811247843033e-44 | 1.67171401573934238281e+13 |
|   8   | 2.98798774258258217353e-12 | 3.79132072429978255943e-06 |
-------------------------------------------------------------------

Scheme evaluation results:
Order: 8, No. cycles: 25
-------------------------------------------------------------------
Vector a: 0.58256507933438561597, -0.26851087189206945816, -0.10756832399142580992, 0.72762221733538867685, -0.92639368017970025182, -0.00066348317605799997, 0.88341623168675098565, -0.17053745926794974808, -0.34728641998199621943, 0.03753319689715160778, -0.41449522809406258439, 0.00235447139699598721, 1.00196426993258924654
Vector b: 0.34440385741290796551, 0.47632244384293492834, -1.01334418762734501662, 0.79820753964435597894, 0.65703689502682416368, -2.50982425538863429537, 2.50849728903651758571, -0.74166482566061664450, 0.40058990712473119267, -1.09516274708904326474, 1.17022914088337204319, -1.99921959707329377487, 2.00392853986728880500
-------------------------------------------------------------------
| Order |          Error^2           |         Efficiency         |
-------------------------------------------------------------------
|   2   | 2.41521555096335354026e-37 | 3.25568242040733450000e+15 |
|   4   | 5.57902671761009035285e-40 | 1.08382894373739546875e+14 |
|   6   | 1.45567557061937468478e-41 | 1.07356328642832885742e+12 |
|   8   | 3.39090642278557297145e-12 | 3.55895116000863974409e-06 |
-------------------------------------------------------------------

Scheme evaluation results:
Order: 8, No. cycles: 25
-------------------------------------------------------------------
Vector a: 0.19100915414966199157, 0.56079048842237855244, -0.64869343728573403141, -0.51733001626200747491, 0.17040037229713295153, 0.15391370298920531434, -0.38027629046641991950, -0.36996126400656204058, 0.57284987864811109937, 0.67909406182662246376, 0.38860450202215185422, 0.19907677169051143928, 0.00052207597494771131
Vector b: -0.41116748978648709478, 1.20435328787047635224, -0.08277231102986286337, -1.21461456353629704275, 0.17995453097773461693, 0.16084621374099924984, 0.14698119209234933313, -0.90753377296852522083, 0.16761124495997875572, 0.97808851232971927292, 0.38009961132979513954, 0.39710939270537026768, 0.00104415131474927124
-------------------------------------------------------------------
| Order |          Error^2           |         Efficiency         |
-------------------------------------------------------------------
|   2   | 1.92994465962502078276e-40 | 1.15172171341770192000e+17 |
|   4   | 9.29868820535126274210e-38 | 8.39516280115343554688e+12 |
|   6   | 1.12980059751725727727e-38 | 3.85353269366383209229e+10 |
|   8   | 3.79479457841109659757e-12 | 3.36423089589191919553e-06 |
-------------------------------------------------------------------

Scheme evaluation results:
Order: 8, No. cycles: 25
-------------------------------------------------------------------
Vector a: -0.52245599644802920292, -0.69539036716628777057, -0.04462587727853199043, 0.14211535819142759318, 0.92874941459179471970, 0.02102439182923891703, -0.42431880334837346336, 0.77034851102511803234, 0.58239565019379446742, -0.85099949724629875281, -1.10410162258472066554, 1.09825533706947298107, 1.09900350117139500306
Vector b: 0.02929253259463392850, -1.10349705808532916329, -0.28728367624724227003, 0.19803192169018032920, 0.08619879469265800953, 1.77130003449096751211, -1.72925125083248842905, 0.88061364413571119325, 0.66008337791452953436, 0.50470792247305518163, -2.20670691696569987172, -0.00149632820381979514, 2.19800700234284374091
-------------------------------------------------------------------
| Order |          Error^2           |         Efficiency         |
-------------------------------------------------------------------
|   2   | 9.31161708505069483775e-38 | 5.24333285651363100000e+15 |
|   4   | 7.75916475927455272384e-40 | 9.19035904169354531250e+13 |
|   6   | 2.88234247735312284360e-42 | 2.41261018533636718750e+12 |
|   8   | 1.29141596493118707256e-11 | 1.82367252476016047530e-06 |
-------------------------------------------------------------------

Scheme evaluation results:
Order: 8, No. cycles: 25
-------------------------------------------------------------------
Vector a: -0.13919456825422496515, 0.95064342510026744737, 0.69242837618243935349, -0.67124697489149409702, -0.42743545902681145954, 0.48448497867633011360, -0.28473722402383350172, -0.87842212669437613748, -0.00848054096475468755, 1.44144390085905671484, -0.00083789799672439257, -0.62901658999494913793, 0.47037070102907491131
Vector b: -0.39577322610967707872, 0.51315731571090605900, 1.38812953448963449787, -0.00327278212476016976, -1.33922116765822396545, 0.48435024960459549526, 0.48461970774806406581, -1.05409415579573084720, -0.70275009759304896129, 0.68578901566353944741, 2.19709878605461472745, -2.19877458204806375264, 0.94074140205815015570
-------------------------------------------------------------------
| Order |          Error^2           |         Efficiency         |
-------------------------------------------------------------------
|   2   | 7.03115517459620213507e-40 | 6.03401855449321280000e+16 |
|   4   | 4.05429276892313374228e-40 | 1.27140059960704343750e+14 |
|   6   | 1.35076024220561957130e-40 | 3.52428331104579711914e+11 |
|   8   | 2.50318247348487085940e-11 | 1.30988652933590732048e-06 |
-------------------------------------------------------------------

Scheme evaluation results:
Order: 8, No. cycles: 25
-------------------------------------------------------------------
Vector a: -0.62574157073314895516, 0.42452508817358591831, 0.62366535263123257238, 0.33698393567209106170, -0.37653367255153580295, 0.00345568887910096666, 0.23711890149114028814, -0.66540130790382290282, -0.14037083825233181988, 0.32130998639974922559, 0.31650688855123654264, 0.35486208009932973528, 0.18961946754337319354
Vector b: -0.55147094264006790709, -0.14854125618616173532, 0.99759143253333315560, 0.24973927272913146180, 0.42422859861505113344, -1.17729594371812362752, 1.18420732147632556952, -0.70996951849404410506, -0.62083309731360170058, 0.34009142080893767224, 0.30252855199056072344, 0.33048522511191302797, 0.37923893508674633157
-------------------------------------------------------------------
| Order |          Error^2           |         Efficiency         |
-------------------------------------------------------------------
|   2   | 2.08064795982948838691e-41 | 3.50768576412981504000e+17 |
|   4   | 2.20179021207036882269e-43 | 5.45571904143587800000e+15 |
|   6   | 6.80401435824634098125e-45 | 4.96566408504925546875e+13 |
|   8   | 3.26261230320297831810e-11 | 1.14735337067261431422e-06 |
-------------------------------------------------------------------

Scheme evaluation results:
Order: 8, No. cycles: 25
-------------------------------------------------------------------
Vector a: -0.32323665368813919718, 0.32358261340762078939, -0.25138495975692531914, 0.34070168180267068614, 0.90510857106699071917, -0.02577561885088379412, -0.93202956031746841958, -0.59729784626197146569, 0.66215486590895900054, 0.74543347745135635218, -0.10670099064638056963, -0.04933622359058201234, 0.30878064347475320250
Vector b: -0.47461616791642158297, 0.30275902845656410545, 0.34440619835867902765, -0.84717611787253133127, 1.52857948147787370274, 0.28163766065611023359, -0.33318889835787796061, -1.53087022227706137656, 0.33627452975311689087, 0.98803520206480244248, 0.50283175283790992882, -0.71623373413067181747, 0.61756128694950773728
-------------------------------------------------------------------
| Order |          Error^2           |         Efficiency         |
-------------------------------------------------------------------
|   2   | 2.86985925493722536125e-40 | 9.44473296573929120000e+16 |
|   4   | 1.36626600271669664415e-42 | 2.19014230645452300000e+15 |
|   6   | 3.65326336573656844376e-44 | 2.14298660793939726562e+13 |
|   8   | 4.88517570675732091243e-11 | 9.37648010011767527187e-07 |
-------------------------------------------------------------------

Scheme evaluation results:
Order: 8, No. cycles: 25
-------------------------------------------------------------------
Vector a: 0.31776670212109431324, 0.32861107606319756025, 0.55541326641693355981, 0.03682129830027251749, -0.24496821670878829447, -0.23821584241085325129, 0.01503073516969238854, 0.86118860775344041603, -0.00398542279954716087, -0.83204050725480804829, -0.18634727068445600118, 0.26422519199008481783, 0.12650038204373714734
Vector b: 0.15882035111869088895, 0.31789270200521557719, 0.33932945012049836597, 0.77149708271423433903, -0.69785448611367162375, 0.20791805269606997153, -0.68434973751871408520, 0.71441120785803036153, 1.00796600765000787803, -1.01593685324910310008, -0.64814416126119178685, 0.27544961989225319465, 0.25300076408768001901
-------------------------------------------------------------------
| Order |          Error^2           |         Efficiency         |
-------------------------------------------------------------------
|   2   | 4.07670681811970205629e-38 | 7.92437908029300100000e+15 |
|   4   | 1.03064363496088031653e-40 | 2.52165519871614312500e+14 |
|   6   | 1.20423448655339432521e-41 | 1.18033264246046411133e+12 |
|   8   | 7.23750487058998022314e-11 | 7.70345404496890084035e-07 |
-------------------------------------------------------------------

Scheme evaluation results:
Order: 8, No. cycles: 25
-------------------------------------------------------------------
Vector a: 0.39799931340249417033, -0.00276587273530409317, -0.68440761255700166554, -0.09381107704451042972, -0.13053882020593962632, 0.67443313829793094527, 0.68795866187660958957, -0.12682358692833645142, -0.06976866979329669760, -0.35186075011467654594, -0.69180083330343011827, 0.68579109746913846646, 0.70559501163632254439
Vector b: -0.56992589788848369015, 1.93585042258195549891, -1.94138216805256380582, 0.57256694293856014166, -0.76018909702758097335, 0.49911145661570194276, 0.84975481998016011431, 0.52616250377305895380, -0.77980967762973196766, 0.64027233804313854471, -1.34399383827249163659, -0.03960782833436844036, 1.41119002327264531083
-------------------------------------------------------------------
| Order |          Error^2           |         Efficiency         |
-------------------------------------------------------------------
|   2   | 1.17664229452426239811e-40 | 1.47501947729283616000e+17 |
|   4   | 4.35243303019288182229e-42 | 1.22708293542520925000e+15 |
|   6   | 1.78724568846213012223e-43 | 9.68875154034633007812e+12 |
|   8   | 1.01297127294332941409e-10 | 6.51150481410904949000e-07 |
-------------------------------------------------------------------

Scheme evaluation results:
Order: 8, No. cycles: 25
-------------------------------------------------------------------
Vector a: 0.38358026263525862865, 0.50961808330115010435, 0.30234944924429613122, -0.53373837736980178637, 0.21726047199737452686, 0.77603893407713386843, 0.11461120360655618899, -0.04035875863234328342, -0.83773280236796521248, 0.49904996457729478010, -0.00062997406439309930, -0.80419011336666912371, 0.41414165636210825694
Vector b: 0.18716053482648678519, 0.39283945561755212461, 0.62639671098474225541, -0.02169781249616986249, -1.04577894224341760854, 1.48029988623817865268, 0.07177798191608233958, 0.15744442529703653322, -0.23816194256172434907, -1.43730366217420413300, 2.43540359132881345516, -2.43666353945759972532, 0.82828331272422361931
-------------------------------------------------------------------
| Order |          Error^2           |         Efficiency         |
-------------------------------------------------------------------
|   2   | 2.97604404736990269962e-39 | 2.93292059562861920000e+16 |
|   4   | 5.80459862877268975289e-40 | 1.06256099080221578125e+14 |
|   6   | 9.89837926356670746322e-40 | 1.30190082712619964600e+11 |
|   8   | 1.76747505517606133658e-10 | 4.92950468861118980000e-07 |
-------------------------------------------------------------------

Scheme evaluation results:
Order: 8, No. cycles: 25
-------------------------------------------------------------------
Vector a: -0.89766936104123051798, 0.96365108778542341028, 0.72687855633661646593, -0.90262845977066419323, -0.63438554560759086165, 0.56997045069641305570, 0.72093356889709336865, -0.10142139123802090817, -0.07664278424596318584, 0.49090517054786575457, -0.05447587771738735679, -0.04021517057517797616, 0.23509975593262286142
Vector b: -0.96052337489172923135, 0.12570802770093678080, 1.80159414786997196245, -0.34783703519668601745, -1.45741988434469993408, 0.18864879312945506684, 0.95129210826342480711, 0.49057502953078635510, -0.69341781200681296138, 0.54013224351487099106, 0.44167809758080611715, -0.55062985301559597140, 0.47019951186527197962
-------------------------------------------------------------------
| Order |          Error^2           |         Efficiency         |
-------------------------------------------------------------------
|   2   | 3.88363703674380022011e-39 | 2.56744214290201080000e+16 |
|   4   | 4.12542267897226145680e-42 | 1.26039229457706625000e+15 |
|   6   | 3.27993912822737301589e-43 | 7.15199259399860742188e+12 |
|   8   | 7.85835604719769522779e-10 | 2.33783620265399320102e-07 |
-------------------------------------------------------------------

