Scheme evaluation results:
Order: 8, No. cycles: 23
---------------------------------------------------------------------------------------------------
Vector a: 0.150259358501322271162206667884106139, 0.066414293840227520885250417099400420, -0.309279872385613673708515206369858102, 0.341903691510545997835328247326119804, -0.311229587463813198091824937319365742, -0.044901708296719051752253757416394958, 0.613548248326446395993988179229526225, 0.265122518958293465249359185380569597, -0.090002552678680413203741800332418354, -0.050030186111207876055325190367765621, 0.268742549471244719138639285503905211, 0.099453246327953842546888909382175375
Vector b: -0.355923712458187797418495622808156741, 1.012366141919020137161404581384514591, -0.879537554238565095390903747185720105, 0.260977809467337747973873334446025808, 0.422829573553754247696783160206203880, -1.045288748481380643880433034844909797, 0.955485331887942540375925520012123866, 0.271611164764950251612050838446916595, 0.258633873151636678886667532314193037, -0.438638978508997505294151132979022740, 0.338578606286581753183500752243489524, 0.198906492655907685093777818764342083
---------------------------------------------------------------------------------------------------
Highest efficiency scheme - Good efficiency, but less than the top most efficient scheme at q = 21.
The uniformity is also worse, making it a less performant candidate.
---------------------------------------------------------------------------------------------------
| Order |                  Error^2                   |                 Efficiency                 |
---------------------------------------------------------------------------------------------------
|   2   | 1.273454870460006426680969900281095719e-70 | 1.675145552343939348334980542256262812e+32 |
|   4   | 9.133611863867884635808605730097702586e-74 | 1.182408055580832825013416836807162695e+31 |
|   6   | 6.559692910612214926932861929069846467e-76 | 2.637492477445411239914232939200759888e+29 |
|   8   | 4.848544397739361753441806640854496380e-15 | 1.833882995084919067114236154557208131e-04 |
---------------------------------------------------------------------------------------------------
Distance from the origin: x = 1.0845069914570695
---------------------------------------------------------------------------------------------------

Scheme evaluation results:
Order: 8, No. cycles: 23
---------------------------------------------------------------------------------------------------
Vector a: -0.340529527052490919699370099661507856, 0.385826851535798422553476123471819201, -0.050667677338044640096630652924982238, -0.130331453634829241913401023960973299, -0.134695569913705496641444417796955292, 0.130305029664055692967136992495576334, 0.613877246550795170410508465555599844, 0.310842878920671542635234889774695629, -0.079767092361802012463837685537111217, -0.070361158304650598349252806651965616, 0.255082151827325503575346062073034310, 0.110418320106876577022234153162770237
Vector b: -0.473400936575844789830856656583992644, 0.265742819046707740262973113844890709, 0.505910884024889104843979133098900709, -0.607246238700978385037240438948889019, 0.346583331431319901210438391026871595, -0.615974471258730894493327226620808084, 0.876584530586842280427601211611992144, 0.351169962514748060393415719499197192, 0.270515795326595024877054060050239567, -0.430049980050199049804729431124517155, 0.289327663440897853106223817820558480, 0.220836640213753154044468306325556651
---------------------------------------------------------------------------------------------------
Middle of the road scheme - Only slightly less efficient than the scheme above with a better
uniformity. Potentially a good candidate.
---------------------------------------------------------------------------------------------------
| Order |                  Error^2                   |                 Efficiency                 |
---------------------------------------------------------------------------------------------------
|   2   | 9.282071055797380176696847273159986575e-71 | 1.962103369653899040254332964314646875e+32 |
|   4   | 3.634099727983742298362576863866408140e-74 | 1.874520677233139573617467333354503320e+31 |
|   6   | 4.951375192392966303826243471808092367e-76 | 3.035778393802617144056457857468887939e+29 |
|   8   | 5.702148464951575862058844505415066550e-15 | 1.691056240775855910820690328891218429e-04 |
---------------------------------------------------------------------------------------------------
Distance from the origin: x = 0.8423835039175387
---------------------------------------------------------------------------------------------------

Scheme evaluation results:
Order: 8, No. cycles: 23
---------------------------------------------------------------------------------------------------
Vector a: -0.267197372014173790802621106049768752, 0.246027148384748799724817026817640753, 0.264489264030425665562312725347548380, 0.258749301806954447987616943040524652, 0.209881160480840915869078773367442266, -0.155982551804681832347989907964294227, -0.237006396556232392318740169484715008, -0.232561556383087503702306721823317964, 0.116669708275249710270303155302759361, 0.485376389749346251444963964280055669, 0.220436578896638364663351209744657260, 0.091118325133971363649214107421467537
Vector b: -0.385454113774503053512630823450700317, 0.236513483520658525420019434803459318, 0.255540813248839074029614618817361416, 0.273437714812012257095010831927357265, 0.244060888801896638880223054070701070, 0.175701432159785192857934492734907461, -0.487666535769148857553914308688582644, 0.013653742656684072916433969704444732, -0.478776855422859080321047413335508701, 0.712116271973358500861653723940454460, 0.258636507525334002028274204626757156, 0.182236650267942727298428214849348806
---------------------------------------------------------------------------------------------------
Smallest uniformity scheme - One of the most uniform schemes for orders n > 2, but suffers from a 
smaller efficiency. Likely a good candidate for local ordering of operators.
---------------------------------------------------------------------------------------------------
| Order |                  Error^2                   |                 Efficiency                 |
---------------------------------------------------------------------------------------------------
|   2   | 8.206709165186708083055139357367061301e-71 | 2.086698993288910913560384548425709688e+32 |
|   4   | 2.947351604482632061751854163736520366e-73 | 6.582224366158229257553486403581639648e+30 |
|   6   | 2.389034945982305543218266196632227135e-75 | 1.382043563365708351719892321426250763e+29 |
|   8   | 2.105315616078719105720352539799578415e-13 | 2.783035242235326352561782349698729764e-05 |
---------------------------------------------------------------------------------------------------
Distance from the origin: x = 0.6267142156206092
---------------------------------------------------------------------------------------------------
