Scheme evaluation results:
Order: 8, No. cycles: 24
---------------------------------------------------------------------------------------------------
Vector a: -0.326905783223934529299387371322849149, -0.152326840156190849372252921749391889, -0.199750393621862590508459745511579585, 0.063891126204707669378157793392544774, -0.082575521171296074002898898000517641, -0.010579930137034412006329314248334812, 0.678932309917805460528698103600448434, 0.473018218562986405766511096204275612, 0.412501367407153980769616519588361727, -0.234134370294755860212724819034263943, -0.184660520172283995934096206408531324, 0.360131795820287046446638165435421844, 0.202458540864417748446527598054415891
Vector b: -0.653811566447869058598774742639961820, 0.349157886135487359854268899141630780, -0.748658673379212540871188390162583651, 0.876440925788627879627503976946969152, -1.041591968131220027633301772942537200, 1.020432107857151203620643144446118574, 0.337432511978459717436753062742489851, 0.608603925147513094096269129663381972, 0.216398809666794867442963909512423030, -0.684667550256306587868413547579816856, 0.315346509911738596000221134763660984, 0.404917081728835496893055196108225306
---------------------------------------------------------------------------------------------------
| Order |                  Error^2                   |                 Efficiency                 |
---------------------------------------------------------------------------------------------------
|   2   | 8.059554380155774007083116168890134685e-70 | 6.115359624900666767057474437933482812e+31 |
|   4   | 1.669751373116180301650698814561280455e-72 | 2.332540152810708437542606610009937012e+30 |
|   6   | 1.144227899636184887905744403336451581e-73 | 1.546950023004150020928091837357734108e+28 |
|   8   | 3.158205884325411156188806944231818997e-14 | 5.111988252385026661128053277802400145e-05 |
---------------------------------------------------------------------------------------------------

Scheme evaluation results:
Order: 8, No. cycles: 24
---------------------------------------------------------------------------------------------------
Vector a: 0.139595239728203447037628571329823920, 0.361344871903748491686010595573500452, 0.385275205646845712578478572991046237, -0.432746711526564037079919198710710878, 0.146070382309273491209389637877065243, 0.150473081118422599411992156829563006, -0.503898671004739585618650271582329604, 0.279018418982254979266692164400347895, -0.113946581075383218535252360474154187, 0.326069435007646313452083685465394149, -0.115678243687744735172370235494055759, -0.184159095485508346736859403558110225, 0.562582668083544888500776085352619823
Vector b: 0.279190479456406894075257142647198435, 0.443499264351090089296764048516198055, 0.327051146942601335860193097461949970, -1.192544569995729410020031494889917528, 1.484685334614276392438810770644193614, -1.183739172377431193614826456981288976, 0.175941830367952022377525913826226364, 0.382095007596557936155858414961132192, -0.609988169747324373226363135906095203, 1.262127039762617000130530506836775937, -1.493483527138106470475270977827810030, 1.125165336167089777001552170711437288
---------------------------------------------------------------------------------------------------
| Order |                  Error^2                   |                 Efficiency                 |
---------------------------------------------------------------------------------------------------
|   2   | 2.218641374312544530039734226267508986e-69 | 3.685818646045232911100102244542647656e+31 |
|   4   | 1.190326566416089340494851031790524193e-71 | 8.736187970596741770607514932837595215e+29 |
|   6   | 1.225733562066693299292241266475226411e-72 | 4.726443936957797148057329692345477581e+27 |
|   8   | 1.462709089883582929176536778995026572e-13 | 2.375369009822961833790572304155228749e-05 |
---------------------------------------------------------------------------------------------------

Scheme evaluation results:
Order: 8, No. cycles: 24
---------------------------------------------------------------------------------------------------
Vector a: -0.501576764560620668703335082976520631, 0.132073506823036741967534663294045227, 0.147237714104116120004682360662790580, -0.282488975424689544376474059609871631, -0.157854834005859967581737733597433022, -0.061455830256161345999799029146391434, 0.429286047385177193479530758483568979, 0.242730090463092508765873047346669591, 0.556373429036857244386598032039111143, -0.202774416478941740085882197052213101, -0.085264801702721556685366554657794905, 0.671915624873663379728747574985856808, 0.111799209743051635099628220228182360
Vector b: -1.003153529121241337406670165923014858, 1.267300542767314821341739492514848791, -0.972825114559082581332374771163790178, 0.407847163709703492579426651903543742, -0.723556831721423427742902119123776594, 0.600645171209100735743304060814215746, 0.257926923561253651215757456099008933, 0.227533257364931366315988638970404903, 0.885213600708783122457207424768596022, -1.290762433666666602628971818875993886, 1.120232830261223489258238709546638902, 0.223598419486103270199256440469318332
---------------------------------------------------------------------------------------------------
| Order |                  Error^2                   |                 Efficiency                 |
---------------------------------------------------------------------------------------------------
|   2   | 1.641341833037341616611027871473412260e-69 | 4.285268093605639262512955145733769531e+31 |
|   4   | 3.346411681076436159001706710612801229e-72 | 1.647651467054758516314157372587801025e+30 |
|   6   | 5.413614307042700034214036684861546332e-74 | 2.248997093207961163063616783819150925e+28 |
|   8   | 2.044087967029848661663810424674607785e-13 | 2.009371672764551468484495219200789500e-05 |
---------------------------------------------------------------------------------------------------

Scheme evaluation results:
Order: 8, No. cycles: 24
---------------------------------------------------------------------------------------------------
Vector a: 0.107724994837669916828264857058779651, -0.474169534577179834383899759775365537, -0.002624045791895378537413535631012015, 0.696231303089544119004497364267285258, 0.331726209584928190012038925583622380, 0.289477211779715799114041577992846933, -0.343463850670122929057710771360891024, -0.287063988932817756094605172390547511, 0.305289901648497159993493609657917346, -0.136949585117079918431012909065690673, -0.338693572746178529667846492580129174, 0.412474593757817590790978904068957136, 0.440040363137101570429173402174227307
Vector b: 0.215449989675339833656529720948013765, -1.163789058829699502424329246387837173, 1.158540967245908745349502175129757702, 0.233921638933179492659492549434056289, 0.429530780236676887364585305158121859, 0.149423643322754710863497850293351227, -0.836351344663000568978919392809451156, 0.262223366797365056789709048006402507, 0.348356436499629263197278171288856945, -0.622255606733789100059303989421319797, -0.055131538758567959276388995959760045, 0.880080726274203140858346804319807755
---------------------------------------------------------------------------------------------------
| Order |                  Error^2                   |                 Efficiency                 |
---------------------------------------------------------------------------------------------------
|   2   | 1.231572354720432881981240223560739682e-69 | 4.947064249325646111925049110024655469e+31 |
|   4   | 1.821747939685842527057498607346567487e-72 | 2.233113976138189830344615596333014893e+30 |
|   6   | 6.322918180960265025704681568267648606e-73 | 6.580725395995682927218963285711328506e+27 |
|   8   | 2.572883412664654810519970888967845548e-13 | 1.791018256377984889183854463624116523e-05 |
---------------------------------------------------------------------------------------------------

Scheme evaluation results:
Order: 8, No. cycles: 24
---------------------------------------------------------------------------------------------------
Vector a: -0.371954647237218009746152570072007661, -0.200638148729966527181743057249407089, 0.439873328058687891935544378383401839, -0.085038981228035504983428392373325954, -0.164409536271374774612169182579399217, -0.162204974435860902735823217009693865, 0.095390621376770937060689455811525735, 0.727725129526035049926454922408883492, 0.408320241764941548880644884831719259, 0.227166901703808382339075402146759849, -0.460897992452702011575524761560814176, -0.007009926835980497364535657924088166, 0.553677984760894418056967795186445945
Vector b: -0.743909294474436019492305140146155416, 0.342632997014502965128819025648114642, 0.537113659102872818742269731120150528, -0.707191621558943828709126515863434490, 0.378372549016194279484788150704563497, -0.702782497887916084956434584726434521, 0.893563740641457959077813496349208176, 0.561886518410612140775096348468751015, 0.254753965119270956986193421193952808, 0.199579838288345807691957383099202624, -1.121375823193749830843006906218626435, 1.107355969521788836113935590370707500
---------------------------------------------------------------------------------------------------
| Order |                  Error^2                   |                 Efficiency                 |
---------------------------------------------------------------------------------------------------
|   2   | 3.051763849564602067850573201029185830e-69 | 3.142693696796946028215644759836033203e+31 |
|   4   | 1.140803321453755757235035535668481582e-72 | 2.821952145067085390812805552593216797e+30 |
|   6   | 5.079146631464920245305348189309484998e-74 | 2.321866119219429677112377229184901047e+28 |
|   8   | 5.720504522469419780803613732951383115e-13 | 1.201137980228265633289909410871210083e-05 |
---------------------------------------------------------------------------------------------------

Scheme evaluation results:
Order: 8, No. cycles: 24
---------------------------------------------------------------------------------------------------
Vector a: 0.264883301467033520484607978468435895, -0.114696890449543767909830989283774016, -0.771435444542816448936536262744466935, 0.050792829131122061861630393948199164, 0.855265230645554013798368962562124158, 0.500694239724678200641556161979067046, -0.333412570609285746118602878464321042, 0.812170829822145665688857040901369252, -0.000022457275071041811629237337623078, -1.083210136240441557900278461861754955, 0.346710836406443382250810253802395540, 0.334249128012039397618065854348973285, 0.138011103908142320332981183681375861
Vector b: 0.529766602934067040969215956971897812, -0.759160383833154576788877935547409131, -0.783710505252478321084194590049834031, 0.885296163514722444807455377953671131, 0.825234297776385582789282547244368998, 0.176154181672970818493829776767357344, -0.842979322891542310731035533729942619, 2.467320982535833642108749616019412923, -2.467365897085975725732008090694686214, 0.300945624605092609931451166408821419, 0.392476048207794154570169341282081504, 0.276022207816284640665962367374260887
---------------------------------------------------------------------------------------------------
| Order |                  Error^2                   |                 Efficiency                 |
---------------------------------------------------------------------------------------------------
|   2   | 3.081194806570788883044977838724571153e-69 | 3.127648492338414853981307175533459375e+31 |
|   4   | 8.245281472063788147507736946963813396e-69 | 3.319344209296995433495480380813815689e+28 |
|   6   | 1.369941398938843151457344187318606020e-69 | 1.413779092022032249562208601459525228e+26 |
|   8   | 5.819205852946395715010937201613756893e-13 | 1.190907981833371084745520417213116197e-05 |
---------------------------------------------------------------------------------------------------

Scheme evaluation results:
Order: 8, No. cycles: 24
---------------------------------------------------------------------------------------------------
Vector a: 0.357292752712946686843494112803503833, 0.431746757992848109654178175559116004, -0.559999599096509613908379633667319541, 0.155109167705924594576552757667186090, 0.168661774619380194026154659053714435, -0.509968796839034106141684057300847781, 0.335449569091347892221211431582795744, -0.161936345754877006184353964201322031, 0.317817184713054050107825938790117309, -0.098719621399317675278462751955377917, -0.251564133205080654068915045099318225, 0.683768838294456083373769840509366265, 0.132342451164861444778608536258385864
Vector b: 0.714585505425893373686988224696145069, 0.148908010559802845621368127380751406, -1.268907208752822073438127398100785427, 1.579125544164671262591232911873778900, -1.241801994925910874538923591870323086, 0.221864401247842662255555476944964356, 0.449034736934853122186867387988822210, -0.772907428444607134555575317563865340, 1.408541797870715234771227194061301218, -1.605981040669350585328152699125544354, 1.102852774259189277190322611081131903, 0.264684902329722889557217072633623290
---------------------------------------------------------------------------------------------------
| Order |                  Error^2                   |                 Efficiency                 |
---------------------------------------------------------------------------------------------------
|   2   | 2.785526884647096724245805093877084752e-68 | 1.040216742042051047083104620198650781e+31 |
|   4   | 1.446181005135832949410977061169699807e-70 | 2.506361476286613569778141914429263000e+29 |
|   6   | 1.799262401355142598228099738964021253e-72 | 3.901083959732822881370492554982581139e+27 |
|   8   | 6.426457890157030586947130101328464243e-13 | 1.133246100268557789012411545655775831e-05 |
---------------------------------------------------------------------------------------------------

Scheme evaluation results:
Order: 8, No. cycles: 24
---------------------------------------------------------------------------------------------------
Vector a: 0.110834715823072042903189256251231268, 0.223331841283974258717665341722979023, 0.232281215633830622081799631932840166, 0.381087716810543423750139790365614938, -0.155211499725244814490447247384963584, 0.157592236467772079209504694577967937, 0.088921437046223665997271445876229018, -0.735653947842332966941403542996854809, -0.026232691502591768165767126204931661, 0.780428570456693266439627585761958881, -0.046143765047725434120703968318644596, -0.306786417488993311846235162128774261, 0.295550588084778936465359300545347654
Vector b: 0.221669431273757760855210115944793118, 0.224994251868567234050455956637887795, 0.239568179148480206998497237233640972, 0.522607254525018906871577687851503476, -0.833030253978146146713044272709933572, 1.148214726916193794774577768958169805, -0.970371852822550798681088534040258632, -0.500936042870393238797510175010869208, 0.448470659864985981401569092597302993, 1.112386481057193523666339807296407011, -1.204674011153252712435905793919832704, 0.591101176170145488009321109161188851
---------------------------------------------------------------------------------------------------
| Order |                  Error^2                   |                 Efficiency                 |
---------------------------------------------------------------------------------------------------
|   2   | 1.731445552604560909253949279960428410e-39 | 4.172276646443701129917414607290660628e+16 |
|   4   | 9.494761588822536927496263770465848469e-41 | 3.093235608834582183681529438542795029e+14 |
|   6   | 1.509840336033759963942882168202866998e-40 | 4.258601845394302094927190858367040250e+11 |
|   8   | 7.663188574952144022343379052962999779e-13 | 1.037780031469921948990446794157401575e-05 |
---------------------------------------------------------------------------------------------------

Scheme evaluation results:
Order: 8, No. cycles: 24
---------------------------------------------------------------------------------------------------
Vector a: 0.184677461662300743266377738277890138, 0.362937578750371718692077650552981756, -0.172634605867221691809892783371347156, -0.148957110078585370579758199849064612, 0.363406607893538290783254072662132666, 0.303962276981793471556236911708112429, -0.399992049384456437343108116159275242, -0.460714220325903956157076743513357506, 0.562912595792129093795205365347833827, 0.050061761939086538571871545151337753, -0.565098148791808265795943600683709702, 0.392709712733237597916648835953521819, 0.526728138695518267104107323922943892
Vector b: 0.369354923324601486532755476557586991, 0.356520234176141950851399824544645995, -0.701789445910585334471185391288707813, 0.403875225753414593311668991587983833, 0.322937990033661988254839153743325876, 0.284986563929924954857634669671547989, -1.084970662698837829543850901994102336, 0.163542222047029917229697414966013269, 0.962282969537228270360713315732617234, -0.862159445659055193216970225429229400, -0.268036851924561338374916975941872720, 1.053456277391036534208214647850191082
---------------------------------------------------------------------------------------------------
| Order |                  Error^2                   |                 Efficiency                 |
---------------------------------------------------------------------------------------------------
|   2   | 1.811135815765342473501823858177558356e-70 | 1.290036526115831518885035785589926562e+32 |
|   4   | 7.428486744350037488972324418306391695e-72 | 1.105871986406291505561579937087925171e+30 |
|   6   | 1.136109563844061926581138053431049565e-73 | 1.552467230469552923351057717720005989e+28 |
|   8   | 1.312207190967487358128448208536069415e-12 | 7.930651385048069903274595940525459717e-06 |
---------------------------------------------------------------------------------------------------

Scheme evaluation results:
Order: 8, No. cycles: 24
---------------------------------------------------------------------------------------------------
Vector a: 0.160469007806648764938645863274363943, 0.345643107990524058666228304855913927, -0.222036431737618911734130644316324674, 0.110898162677630409071161155381529581, 0.162510203484287242133517486839478453, -0.156515140714934568458371078155203453, -0.248427090844363436231379057441549051, -0.034987049339309486298889370679034402, 0.609318903589771902461547613609562337, -0.346713128645709881053512289447585765, -0.040997179679084735819571805418492452, 0.581674048031799468073383278046498929, 0.079162587380359174251370543450842729
Vector b: 0.320938015613297529877291726549687818, 0.370348200367750587455164883159701424, -0.814421063842988410923426171795346122, 1.036217389198249229065748482560655493, -0.711196982229674744798713508879513283, 0.398166700799805607881971352567575263, -0.895020882488532480344729467452337802, 0.825046783809913507746950726093483015, 0.393591023369630297176144501131227337, -1.087017280661050059283169080031170166, 1.005022921302880587644025469193425530, 0.158325174760718348502741086902611445
---------------------------------------------------------------------------------------------------
| Order |                  Error^2                   |                 Efficiency                 |
---------------------------------------------------------------------------------------------------
|   2   | 5.897511000085896429340313938190674397e-70 | 7.148964439109129353214509380815537500e+31 |
|   4   | 1.496820733968969142471962504860565254e-72 | 2.463599674071093991234240878075444092e+30 |
|   6   | 1.392121485458860021978645205190523931e-74 | 4.435003650125761740044174619678634644e+28 |
|   8   | 1.320779619769863853619828674792560984e-12 | 7.904872816209391045418343540679077988e-06 |
---------------------------------------------------------------------------------------------------

Scheme evaluation results:
Order: 8, No. cycles: 24
---------------------------------------------------------------------------------------------------
Vector a: 0.266277057329310833280356549384341603, 0.517295111241500303708787793661997955, -0.099920088041444866913605577535472337, -0.756289030229600660849883498832082373, -0.431249688166639042298000249950844013, 0.340562080544129489109356889479727134, 0.573617106491712894761985762693522971, 0.390464786962880633908462401532456104, -0.564349248387248893462747029824098913, 0.141986058978640722957937942884399735, -0.003953943279307699703036909396316125, -0.134019007497550488834661528727132570, 0.759578804053616774335047454629500696
Vector b: 0.532554114658621666560713098767757316, 0.502036107824378940856862488557543989, -0.701876283907268674684073643628628845, -0.810701776551932647015693354035800331, -0.051797599781345437580307145867755979, 0.732921760869604415799020924828799682, 0.414312452113821373724950600559630908, 0.366617121811939894091974202503933052, -1.495315618586437681017468262151007098, 1.779287736543719126933344147919739064, -1.787195623102334526339417966712364330, 1.519157608107233548670094909258152635
---------------------------------------------------------------------------------------------------
| Order |                  Error^2                   |                 Efficiency                 |
---------------------------------------------------------------------------------------------------
|   2   | 2.121292824215157372089011193890465225e-69 | 3.769443214166807951764328268035467969e+31 |
|   4   | 9.338669050040047128993779268728035274e-72 | 9.863079659326503415514059184844470215e+29 |
|   6   | 8.192291081783977907753056842932116034e-73 | 5.781357989104792188674988461685742378e+27 |
|   8   | 1.295865340960581135594900341574662893e-12 | 7.980500499009032616306109319470047533e-06 |
---------------------------------------------------------------------------------------------------

Scheme evaluation results:
Order: 8, No. cycles: 24
---------------------------------------------------------------------------------------------------
Vector a: 0.136244967281673339807666809287011695, 0.310927706948756705966323326380575740, 0.387812103193997992302577014509163581, -0.457856005909606351830367761481484800, 0.108118226871205510538888293604269555, -0.097191974635464259691045983007729403, -0.020580979264396169147710409765497144, 0.173610338987970668834885076222154474, -1.100395226433575033634641871023137746, -0.411267181992658039382613341947462052, 0.434329237455714695964431716902976956, 0.981777116601001276102818683727302702, 0.554471670895379664168788446591856388
Vector b: 0.272489934563346679615333618385080371, 0.349365479334166732317313034605011795, 0.426258727053829252287840994351233978, -1.341970738873041955948576517305095999, 1.558207192615452977026353104445050047, -1.752591141886381496408445070475753600, 1.711429183357589158113024250959620426, -1.364208505381647820443254098493027602, -0.836581947485502246826029643619336657, 0.014047583500186168060802959561978263, 0.854610891411243223868060474413645444, 1.108943341790759328337576893171593477
---------------------------------------------------------------------------------------------------
| Order |                  Error^2                   |                 Efficiency                 |
---------------------------------------------------------------------------------------------------
|   2   | 6.089944180510964067149882723122039973e-68 | 7.035109484832749649968572058369009766e+30 |
|   4   | 6.227548054013448094921798637346858371e-71 | 3.819411834725201538409085252601312256e+29 |
|   6   | 2.078225413195572036945011571615005179e-72 | 3.629829485367545435515503807709139824e+27 |
|   8   | 1.290497797626774254334683654920252147e-12 | 7.997079850523532928072255234026648131e-06 |
---------------------------------------------------------------------------------------------------

Scheme evaluation results:
Order: 8, No. cycles: 24
---------------------------------------------------------------------------------------------------
Vector a: 0.295178162913805030327962676696365540, -0.082036567383486371700913607099553349, -0.074320814283592309019003732830140247, 0.751498317344603838612356863807097011, -0.017448539477226227452366851007739612, -0.062778282234810997452511725936884819, -0.248735357682956030880622764105502127, 0.190485786742981898271355009699740689, -0.058084314337268752340332664223379915, -0.054471355811541048905033398883009880, 0.142272447199409364274683606296835033, -0.242697898657747318825253141432301182, 0.461138415667828925089679729018473014
Vector b: 0.590356325827610060655925353687000465, -0.754429460594582804057752567885152914, 0.605787832027398186019745102164587779, 0.897208802661809491204968625182360545, -0.932105881616261946109702327155727553, 0.806549317146639951204678875395916419, -1.304020032512552012965924403859438833, 1.684991605998515809508634423507545007, -1.801160234673053314189299751991368828, 1.692217523049971216379232954153707436, -1.407672628651152487829865741473450112, 0.922276831335657850179359458274020686
---------------------------------------------------------------------------------------------------
| Order |                  Error^2                   |                 Efficiency                 |
---------------------------------------------------------------------------------------------------
|   2   | 1.618430964967910034321229799667466147e-67 | 4.315493104804123584379750044467861328e+30 |
|   4   | 2.115084731721664840758941465626594883e-70 | 2.072483817065935524278545249953667603e+29 |
|   6   | 2.269023097610097276567536252696473271e-71 | 1.098532958597368962173452639154928446e+27 |
|   8   | 1.483717716090522437738525875647208771e-12 | 7.458206866881000323587264788366068282e-06 |
---------------------------------------------------------------------------------------------------

Scheme evaluation results:
Order: 8, No. cycles: 24
---------------------------------------------------------------------------------------------------
Vector a: -0.445802919336590152209888488270492199, -0.277457815069393543283240155825058005, 0.507344947901303522763355375638617574, 0.523076824177397807914623295274461713, -0.195749921725821070363319822261541159, -0.320945223703358636001086942296739048, -0.376354397970720196683148069009631727, 0.065583061082181896352009833429118376, 1.345301168955860562431076175601488003, -0.000661275681676126618758523269938639, -0.480824608161437129304694705886431606, 0.510404429194848601636452492685808723, 0.146085730337404463366619534190338005
Vector b: -0.891605838673180304419776976540156634, 0.336690208534393217853296664890354118, 0.677999687268213827673414086385087459, 0.368153961086581788155832504164384760, -0.759653804538223928882472148687904553, 0.117763357131506656880298264097064631, -0.870472153072947050246594402117049503, 1.001638275237310842950614068975224023, 1.688964062674410281911538282222169098, -1.690286614037762535149055328762031444, 0.728637397714888276539665916992550840, 0.292171460674808926733239068380307290
---------------------------------------------------------------------------------------------------
| Order |                  Error^2                   |                 Efficiency                 |
---------------------------------------------------------------------------------------------------
|   2   | 8.650437440049216989063086202620563098e-69 | 1.866631032948168136389931044575578906e+31 |
|   4   | 1.733795817333791887881423938159510170e-70 | 2.289054103651455327218690335111619568e+29 |
|   6   | 8.567578864667406422262002272913730368e-72 | 1.787736447121850291546363025071248770e+27 |
|   8   | 1.522122956483356387254965312242791594e-12 | 7.363515380967059949413784490516267335e-06 |
---------------------------------------------------------------------------------------------------

Scheme evaluation results:
Order: 8, No. cycles: 24
---------------------------------------------------------------------------------------------------
Vector a: 0.147386165562374451054117394983005505, 0.526436752957706721995110257664317817, 0.402205766730971445322417370047245767, -0.434366819583882923917803767416965636, -0.317263570030231783989086631990620257, 0.391587821498340357923411920030611016, -0.415775584257812579689721009737310599, 0.255627370717278218482645232932159151, 0.185468002146575489182736157664800934, -0.004587838702590349894690346056906148, -0.191759062491271087777030013138467821, -0.234697286886852024588673297143908608, 0.689738282339394065896566732162038933
Vector b: 0.294772331124748902108234789902025310, 0.758101174790664541881985725473612741, 0.046310358671278348762849014633355106, -0.915043997839044196598456549491547660, 0.280516857778580628620283285565679799, 0.502658785218100087226540554459864334, -1.334209953733725246605982573981000785, 1.845464695168281683571273039747094445, -1.474528690875130705205800724342187032, 1.465353013469950005416420032229146779, -1.848871138452492180970480058583584827, 1.379476564678788131793133464387541881
---------------------------------------------------------------------------------------------------
| Order |                  Error^2                   |                 Efficiency                 |
---------------------------------------------------------------------------------------------------
|   2   | 8.159166850022867843125716481089900394e-69 | 1.922005426217220783443910877661668359e+31 |
|   4   | 3.449382445992538241159113261143342953e-70 | 1.622872341643147449596422623778956604e+29 |
|   6   | 9.710179748943099947888649353161982863e-72 | 1.679263757749673278848111756599503040e+27 |
|   8   | 1.760609213623480715276857539902875468e-12 | 6.846657154479800945336728454028259324e-06 |
---------------------------------------------------------------------------------------------------

Scheme evaluation results:
Order: 8, No. cycles: 24
---------------------------------------------------------------------------------------------------
Vector a: 0.179268701476726204294821074831315548, -0.150229301615210608335678289262790724, -0.651627676984896792466160413014035719, -0.156889902895519931114952652350807042, 0.577966710761133549660756024644431231, 0.537307858777981255619816757692421203, -0.362399604032113209877481870612606322, -0.252913766409800176527239595862897138, -0.075670601804973856708706382593719479, 0.165142631624894716324574550196878686, 0.631117890332712226922011610689634194, 0.357582480517654744033479229586391951, 0.201344580251411878174759956055783575
Vector b: 0.358537402953452408589642149662618578, -0.658996006183873625260998728187146542, -0.644259347785919959671322097842171454, 0.330479541994880097441416793140874715, 0.825453879527387001880095256147576560, 0.249161838028575509359538259237229975, -0.973961046092801929114502000462220800, 0.468133513273201576060022808737417800, -0.619474716883149289477435573924842482, 0.949759980132938722126584674317981822, 0.312475800532485731717438547061260519, 0.402689160502823756349519912111421164
---------------------------------------------------------------------------------------------------
| Order |                  Error^2                   |                 Efficiency                 |
---------------------------------------------------------------------------------------------------
|   2   | 1.018763896368005141344775920224876575e-70 | 1.720048701487775358513381047453235312e+32 |
|   4   | 3.940856435060696971456300082033078332e-73 | 4.801309765827296200561133923177087891e+30 |
|   6   | 3.449204756824517172960945936953765835e-75 | 8.909904755021431256005365733162602234e+28 |
|   8   | 2.157983134050378503084573633334469695e-12 | 6.184235838946235040027266045649098451e-06 |
---------------------------------------------------------------------------------------------------

Scheme evaluation results:
Order: 8, No. cycles: 24
---------------------------------------------------------------------------------------------------
Vector a: 0.562518541555324117943017090552430709, 0.038469510448604923070995966249053956, -0.337187233153585735455116135367112681, 0.629829970318384603106718307611975403, -0.013715818834244176096503415189572322, -0.279257019439016624305358414015672012, -0.451421797267734257948349933989683150, -0.373686933913944687693117540424677630, 0.315351781375798524703888421540173782, -0.289016778900841019507877363422784044, 0.265762979695736057636411500279357076, 0.773661251486812805328639044001430626, 0.158691546628705469216652472175080381
Vector b: 1.125037083110648235886034181103168526, -1.048098062213438389744042248604892360, 0.373723595906266918833809977872251605, 0.885936344730502287379626637350448164, -0.913367982398990639572633467729608907, 0.354853943520957390961916639699137474, -1.257697538056425906858616507679791306, 0.510323670228536531472381426831030772, 0.120379892523060517935395416249900927, -0.698413450324742556951150143096151951, 1.229939409716214672223973143654416686, 0.317383093257410938433304944350090466
---------------------------------------------------------------------------------------------------
| Order |                  Error^2                   |                 Efficiency                 |
---------------------------------------------------------------------------------------------------
|   2   | 6.542728134452299685525338687666429562e-70 | 6.787316154947487096118295855189667969e+31 |
|   4   | 1.563630133911179766093951322871189145e-72 | 2.410393887945074401055873675274291504e+30 |
|   6   | 1.755064101538014956259321070592323842e-73 | 1.249067930643729481914800710198918724e+28 |
|   8   | 2.742296746833962254361111878396994462e-12 | 5.485962594399345125375310800604885053e-06 |
---------------------------------------------------------------------------------------------------

Scheme evaluation results:
Order: 8, No. cycles: 24
---------------------------------------------------------------------------------------------------
Vector a: -0.652818466110079799760471579781595384, 0.092316592777160126853971400085593849, -0.057575069668878464119341529236474011, -0.041611356715429808258239860952897933, 0.574965880827735562919823607501469940, -0.610755500038769062485136533886655225, -0.136388806069464261556590857837372438, 0.608298768133171674088304293372042938, 0.679459484395499846883561368266497026, -0.154987884693786836287878039798163625, -0.233829204421385241904278557042971571, 0.606739380537653906088978741179885537, 0.326186181046572357537297548130640886
Vector b: -1.305636932220159599520943159562657864, 1.490270117774479853228885959733753551, -1.605420257112236781467569018206609514, 1.522197543681377164951089296300877035, -0.372265782025906039111442081298465487, -0.849245218051632085858830986474983101, 0.576467605912703562745649270800330189, 0.640129930353639785430959315943747887, 0.718789038437359908336163420588691016, -1.028764807824933580911919500184996214, 0.561106398982163097103362386099183890, 0.652372362093144715074595096261128563
---------------------------------------------------------------------------------------------------
| Order |                  Error^2                   |                 Efficiency                 |
---------------------------------------------------------------------------------------------------
|   2   | 1.811135815765342473501823858177558356e-69 | 4.079453687337316073015573670749665625e+31 |
|   4   | 4.909212742806326858411620943705161535e-71 | 4.301789020060177112864896636839985352e+29 |
|   6   | 1.611368548074875579329663784673314043e-72 | 4.122257420744750915357487958372090816e+27 |
|   8   | 3.518248493476603129029296364485204727e-12 | 4.843360673469796507084637168952423548e-06 |
---------------------------------------------------------------------------------------------------

Scheme evaluation results:
Order: 8, No. cycles: 24
---------------------------------------------------------------------------------------------------
Vector a: -0.607275506534652778330403239326959706, 0.022365972213240179679577664082288404, 0.874409774543456395095675375817360623, 0.363068600749220884074789218491142506, -0.333957388788072518539797414751051963, -0.749629947827284677781149371873319609, 0.049976462976408638167191750531073052, 1.237128874375550843476127566137770202, -0.001667426495055269742267178429310281, -0.557623055837456277534843181536948336, 0.439384001771562516727754434663852756, 0.184689556326729048085498104700607445, 0.079130082526353016621846271493494768
Vector b: -1.214551013069305556660806478653633026, 1.259282957495785916019961806818070228, 0.489536591591126874171388944817047615, 0.236600609907314893978189492162261329, -0.904515387483459931057784321661881841, -0.594744508171109424504514422081318051, 0.694697434123926700838897923143260031, 1.779560314627174986113357209128973454, -1.782895167617285525597891565987583337, 0.667649055942372970528205202914048837, 0.211118947600752062927303666413963885, 0.158260165052706033243692542986790876
---------------------------------------------------------------------------------------------------
| Order |                  Error^2                   |                 Efficiency                 |
---------------------------------------------------------------------------------------------------
|   2   | 3.101570084498148985871873357129068685e-70 | 9.857952404950914333956207830964210938e+31 |
|   4   | 1.077111923806676431900596206134403147e-70 | 2.904187262664377976714656424713581543e+29 |
|   6   | 9.052249113581134246041042781098481583e-72 | 1.739219120239020927038883147712708950e+27 |
|   8   | 3.918312684155757848690414398962714355e-12 | 4.589448716097940289951588732477694155e-06 |
---------------------------------------------------------------------------------------------------

Scheme evaluation results:
Order: 8, No. cycles: 24
---------------------------------------------------------------------------------------------------
Vector a: 0.250361843620210737980639948464796072, -0.268694817238203713343259010309809542, -0.353582864675410809557277834272987985, -0.163239262655159520212962075122092617, -0.260726981145678791743971767256691984, 0.609275881135396249410760386769947347, 0.728466111122521760732793404444818286, -0.310114940504676002935529706780499004, 0.434757417969186121784857563050052456, -0.000298481499252051784795437669332326, -0.453558835353254353666113199844360957, 0.633071620761895038865785843112579391, 0.154283308462425334469071885413580918
Vector b: 0.500723687240421475961279896933638812, -1.038113321716828902647797917555588656, 0.330947592366007283533242249011596008, -0.657426117676326323959166399258634315, 0.135972155384968740471222864743574066, 1.082579606885823758350297908798496110, 0.374352615359219763115288900088839264, -0.994582496368571768986348313657203762, 1.864097332306944012556063439753578147, -1.864694295305448116125654315092209783, 0.957576624598939408793427915406540083, 0.308566616924850668938143770827374170
---------------------------------------------------------------------------------------------------
| Order |                  Error^2                   |                 Efficiency                 |
---------------------------------------------------------------------------------------------------
|   2   | 7.563755950590011504961991887714028085e-69 | 1.996221656239425622596531179220496875e+31 |
|   4   | 8.322281827258403978809909672535801368e-71 | 3.303952719282838352496154143822148438e+29 |
|   6   | 5.136881214646256134107213380509324005e-72 | 2.308781257136040712244791074677603245e+27 |
|   8   | 5.678194993296157246436928639418155823e-12 | 3.812456657961959411525399577014301036e-06 |
---------------------------------------------------------------------------------------------------

Scheme evaluation results:
Order: 8, No. cycles: 24
---------------------------------------------------------------------------------------------------
Vector a: -0.438884964400111683914882666944163151, -0.148013241437158814537574702177358384, 0.965797613523970360960819223806059209, -0.026234343994771687312737260660937432, -0.514958095949370001950119849824375210, -0.380413726376683444877683578155532660, -0.560756524383447572984164488130675796, 0.616726613000080405966257860514170908, 0.888164779239503898020979039633658623, -0.381577370134522463781438256770137739, 0.015233861911024696181696281543405236, 0.819512068943056004543175937250001999, 0.145403330058430303685672459915884458
Vector b: -0.877769928800223367829765333888498191, 0.581743445925905738754615929533814741, 1.349851781122034983167022518078516300, -1.402320469111578357792497039400374969, 0.372404277212838353892257339751705198, -1.133231729966205243647624496063076788, 0.011718681199310097679295519801736003, 1.221734544800850714253220201226567701, 0.554595013678157081788737878041003961, -1.317749753947202009351614391580949912, 1.348217477769251401715006954667753792, 0.290806660116860607371344919831802043
---------------------------------------------------------------------------------------------------
| Order |                  Error^2                   |                 Efficiency                 |
---------------------------------------------------------------------------------------------------
|   2   | 1.487395288697287506363372843528319800e-69 | 4.501573191894674637901662514122572656e+31 |
|   4   | 1.460106654207551639480520045821428195e-71 | 7.887924463529193043393547283639383545e+29 |
|   6   | 2.316042622850215408984964155250266547e-73 | 1.087324755651097774722961445692156029e+28 |
|   8   | 5.743808718700657371931243548030700368e-12 | 3.790618536724244966862378871196473725e-06 |
---------------------------------------------------------------------------------------------------

Scheme evaluation results:
Order: 8, No. cycles: 24
---------------------------------------------------------------------------------------------------
Vector a: 0.134295664835544998365427076382572185, 0.621827148767710408770818584244800182, 0.239626544967359345769927941007994213, -0.585027639699891839326667490780754736, 0.078896934806381931209795906572004347, 0.065304273986437796217447616688878033, -0.199750465910958814000180546641796044, 0.320757826603711070196574931217650501, 0.358133440011119859586634921601894992, -0.309070614982898254510914055307974488, -0.309839847294166080948676830861073859, 0.386209005324930818652737200509754849, 0.198637728584718760017074745366049839
Vector b: 0.268591329671089996730835594966223385, 0.975062967864330820810824529281863481, -0.495809877929612129270966762620829306, -0.674245401470171549382377744816416970, 0.832039271082935411801969007858288965, -0.701430723110059819367072851921133873, 0.301929791288142191366712489091575006, 0.339585861919279949026439283009571844, 0.376681018102959770146837140832591133, -0.994822248068756279168668046818026908, 0.375142553480424117271316467369039041, 0.397275457169437520034150893767254153
---------------------------------------------------------------------------------------------------
| Order |                  Error^2                   |                 Efficiency                 |
---------------------------------------------------------------------------------------------------
|   2   | 3.014385289010871473880728778652143972e-64 | 9.999496569784494779576590341238362122e+28 |
|   4   | 2.629646084508781907491846454118026055e-66 | 1.858687516430929591553330212343754292e+27 |
|   6   | 1.112954518985651993676826811457113787e-66 | 4.960138932117097504662805578899533488e+24 |
|   8   | 5.772415911266702802751959511136315450e-12 | 3.781214013412376094889783747202718735e-06 |
---------------------------------------------------------------------------------------------------

Scheme evaluation results:
Order: 8, No. cycles: 24
---------------------------------------------------------------------------------------------------
Vector a: 0.262652811016149417749171659340396397, 0.589447551573837337883319160642797447, -0.267465082678649400376993406405540801, 0.198692530109740217322854032722174387, 0.072779046262990143220464706535493437, -0.407197891828918410586288980382700951, -0.125469027157695215317660650404764822, -0.356801075321520524075802542501043478, 0.904412461008430075881123674134155266, -0.033036232120242551142171805806940359, -0.883727521153675939979224955887546429, 0.508895117587103930598090135326946493, 0.536817312702450918823118972686573346
Vector b: 0.525305622032298835498343318680887260, 0.653589481115375840268295002603841832, -1.188519646472674641022281815417286067, 1.585904706692155075667989880860432532, -1.440346614166174789227060467788387504, 0.625950830508337968054482507024764776, -0.876888884823728398689803807834432655, 0.163286734180687350538198722834466076, 1.645538187836172801224048625429345989, -1.711610652076657903508392237043754905, -0.055844390230693976450057674725485774, 1.073634625404901837646237945375608416
---------------------------------------------------------------------------------------------------
| Order |                  Error^2                   |                 Efficiency                 |
---------------------------------------------------------------------------------------------------
|   2   | 1.612816443939037472653374145707115716e-68 | 1.367052033351310379122603190807537305e+31 |
|   4   | 1.114273011652505623345848662745958754e-70 | 2.855349190925921275659110257350723877e+29 |
|   6   | 2.252972562446240373870140083100662159e-71 | 1.102439075824768385737588375350669980e+27 |
|   8   | 5.903408534294208341234951394657176459e-12 | 3.739027392997639984281639407537308134e-06 |
---------------------------------------------------------------------------------------------------

Scheme evaluation results:
Order: 8, No. cycles: 24
---------------------------------------------------------------------------------------------------
Vector a: 0.134295664466077239599112111307933506, 0.621827149707131225702904248821269991, 0.239626546663476349479067575053949059, -0.585027644763606837063244785682793305, 0.078896928092074371348813681028004575, 0.065304278673776136900859485912221842, -0.199750459698119241171273373487649536, 0.320757827522115437128714746811126220, 0.358133440181825309625443459981062749, -0.309070616405914564871585900932823895, -0.309839849297777017698862030670278204, 0.386209005266498602202348991144179950, 0.198637729592442988817701790713796951
Vector b: 0.268591328932154479198205661933074658, 0.975062970482107972207625795035212136, -0.495809877155155273249488759989320745, -0.674245412372058400877010338733184785, 0.832039268556207143574637150601551148, -0.701430711208654869772917256074080310, 0.301929791812416387430371239666311293, 0.339585863231814486827060163918875989, 0.376681017131836132423833337704581925, -0.994822249943665262167007935374235536, 0.375142551348111226769285956630427467, 0.397275459184885977635404984680786759
---------------------------------------------------------------------------------------------------
| Order |                  Error^2                   |                 Efficiency                 |
---------------------------------------------------------------------------------------------------
|   2   | 3.015836280469671878003374764836122923e-64 | 9.997090781080304934255646603418733215e+28 |
|   4   | 2.628435072591442655937584877696253751e-66 | 1.859115648278268105610441280367075443e+27 |
|   6   | 1.113229567005707484258067166535448258e-66 | 4.959526138174139645892433029865433462e+24 |
|   8   | 5.772415884905067991568298046571886193e-12 | 3.781214022046454515275658948299550335e-06 |
---------------------------------------------------------------------------------------------------

Scheme evaluation results:
Order: 8, No. cycles: 24
---------------------------------------------------------------------------------------------------
Vector a: -0.783250423035870546868114334376693671, -0.011356769749879687235609369629708429, 1.454199809211484697184523540376690924, 0.043243692137318319047088055163925901, -0.426851488491615923727323136558636128, 0.521955329453969956832744734771707524, -0.126852675629638705770377482764064351, -0.305656982551225116630721504998641491, -0.495203666196522846132655230270787018, -0.635233769335035232512642808453162289, 0.604144135807394046507582365220437448, 0.887048500044851760499140893146089426, 0.273814308334769278806364278372842099
Vector b: -1.566500846071741093736228668753419312, 1.543787306571981719265009929493977624, 1.364612311850987675104037151259457378, -1.278124927576351037009861040931556947, 0.424421950593119189555214767814321814, 0.619488708314820724110274701729074504, -0.873194059574098135651029667257283132, 0.261880094471647902389586657260128321, -1.252287426864693594654897117801809149, -0.018180111805376870370388499104964950, 1.226468383420164963385553229546296860, 0.547628616669538557612728556745776931
---------------------------------------------------------------------------------------------------
| Order |                  Error^2                   |                 Efficiency                 |
---------------------------------------------------------------------------------------------------
|   2   | 3.977254251420692071810005192557918150e-68 | 8.705342032623628165550611530710786133e+30 |
|   4   | 3.727950698905664646995575426829832642e-71 | 4.936509225850419623853885654201749878e+29 |
|   6   | 4.050880556185690183814654425935275383e-72 | 2.599907104824775057140532472788057327e+27 |
|   8   | 5.880351095108796067354654264863501866e-12 | 3.746350769508772870098256685060894976e-06 |
---------------------------------------------------------------------------------------------------

Scheme evaluation results:
Order: 8, No. cycles: 24
---------------------------------------------------------------------------------------------------
Vector a: -0.363327937387850066576440812818200002, -0.218516828532468451638349063628610409, -0.361494567961517453877917301804784792, -0.027632737640710622394425337190270917, 0.683587108920025990584545187545187085, -0.498773898687571069360019901093410686, 0.033281773087581899030118653046182022, 1.518978581344993822148620154885932064, 0.781333812640641754422551047830627969, -0.799777494105305680434061837068863440, -0.521512440961125531356948617660737941, 0.525722377621062001678235984102099367, 0.248132251662243407774091843854849662
Vector b: -0.726655874775700133152881625632209950, 0.289622217710763229876183498370986183, -1.012611353633798137632018101981810222, 0.957345878352376892843167427601182829, 0.409828339487675088325922947493899324, -1.407376136862817227045962749684156507, 1.473939683037981025106200055776803169, 1.564017479652006619191040253994381683, -0.001349854370723110345938158324258716, -1.598205133839888250522185515822460283, 0.555180251917637187808288280497756831, 0.496264503324486815548183687709885658
---------------------------------------------------------------------------------------------------
| Order |                  Error^2                   |                 Efficiency                 |
---------------------------------------------------------------------------------------------------
|   2   | 1.131959884853339045938639911360973973e-71 | 5.160146104463326075540143142359706250e+32 |
|   4   | 1.679589696334143892967938946603382670e-70 | 2.325698604513913538021122543405357056e+29 |
|   6   | 3.367676930477052913722422203372905614e-72 | 2.851460361523312900921881021513237476e+27 |
|   8   | 7.895099827975665612052824010923563114e-12 | 3.233190197682776446814423728594022323e-06 |
---------------------------------------------------------------------------------------------------

Scheme evaluation results:
Order: 8, No. cycles: 24
---------------------------------------------------------------------------------------------------
Vector a: -0.467723502642982542979762647262842253, -0.151086759562785287372974797594190941, -0.116552468834217831823082456704483544, 0.240893604750912422732394214405819077, 0.654685043787574639291134514645554048, -0.613628134606649230116615329480245809, -0.477029957139465844625825784886329720, 0.506854680294375157851827331881640609, 1.086675281628564007536453084559558024, -0.033821514389412964805209566257777499, -0.508142771514916396696413672104587887, 0.550788123513559901710578147044818672, 0.328088374715443969297496961753067295
Vector b: -0.935447005285965085959525294525283143, 0.633273486160394511213575699336228004, -0.866378423828830174859740612745067212, 1.348165633330655020324529041557161666, -0.038795545755505741742260012264885730, -1.188460723457792718490970646696691770, 0.234400809178861029239319076923573477, 0.779308551409889286464335586840242765, 1.394042011847238728608570582278346638, -1.461685040626064658218989714793930958, 0.445399497596231864826162370584099791, 0.656176749430887938594993923506206428
---------------------------------------------------------------------------------------------------
| Order |                  Error^2                   |                 Efficiency                 |
---------------------------------------------------------------------------------------------------
|   2   | 5.886191401237363038880927539077064657e-69 | 2.262873760857743716129159495362378516e+31 |
|   4   | 1.232111804353058301370320356643497646e-71 | 8.586772840265436319297202596240397949e+29 |
|   6   | 5.664700133655773030102409581029787552e-73 | 6.952549462135782559540698899313117981e+27 |
|   8   | 8.338160925276179854688745537104126136e-12 | 3.146117438471524179135592794874219786e-06 |
---------------------------------------------------------------------------------------------------

Scheme evaluation results:
Order: 8, No. cycles: 24
---------------------------------------------------------------------------------------------------
Vector a: -0.504938565364339956058010680591714940, -0.420578595859630675825320922294525823, 0.960399864281212398424699330554954482, 0.847290879353362256593376839189162555, -0.722436351051626685043902447236781330, -0.377712346882637570067072659101144160, 0.664589855413008766900055670412744978, -0.536644058985288876826797711888290823, -0.162977998328198514096935659508601417, 0.978408801176644562272557953997238471, -0.496644199188585779860212080779680532, 0.009235321197550303853256500098867814, 0.762007394238529769734305867147770739
Vector b: -1.009877130728679912116021361183297762, 0.168719939009418560465379516592519568, 1.752079789553006236384019144519993397, -0.057498030846281723197265466139566743, -1.387374671256971646890539428335579062, 0.631949977491696506756394110132367643, 0.697229733334321027043717230693885078, -1.770517851304898780697312654471907031, 1.444561854648501752503441335454398312, 0.512255747704787372041674572539487755, -1.505544146081958931762098734096530866, 1.524014788477059539468611734294229535
---------------------------------------------------------------------------------------------------
| Order |                  Error^2                   |                 Efficiency                 |
---------------------------------------------------------------------------------------------------
|   2   | 1.231572354720432881981240223560739682e-68 | 1.564399075906014413846350243104782031e+31 |
|   4   | 2.650377949144888375529768604960030465e-71 | 5.854652574292960618614977168295358887e+29 |
|   6   | 4.288769882908023607217880133295906679e-73 | 7.990356888966961282325133960146561623e+27 |
|   8   | 2.269256721281126197792739596910508698e-11 | 1.907077099417174577426325843157503503e-06 |
---------------------------------------------------------------------------------------------------

Scheme evaluation results:
Order: 8, No. cycles: 24
---------------------------------------------------------------------------------------------------
Vector a: 0.676650657461943851976803911024955900, 0.682521312894477526139132527829750359, -0.536689050255374652454701153916718898, -0.422622123138865463294938560006428743, -0.342530689781798285508581294319409464, -0.167065709645051294005313515868551617, 0.907718950028641776976813895200992261, -0.083201407845374796614963202160756096, -1.182677531672252285331043793524072231, -0.208449955982483947036892377826725228, 0.760677946964438230371703135407651244, 0.698817883717297974812975128033204279, 0.216849717254401363969005300126108389
Vector b: 1.353301314923887703953607822047134031, 0.011741310865067348324657233612825711, -1.085119411375816653234059541446585832, 0.239875165098085726644182421432997047, -0.924936544661682297661345010071343375, 0.590805125371579709650717978334293296, 1.224632774685703844302909812067474367, -1.391035590376453437532836216389100068, -0.974319472968051133129251370655682297, 0.557419561003083239055466615002054318, 0.963936332925793221687939655813532631, 0.433699434508802727938010600252400126
---------------------------------------------------------------------------------------------------
| Order |                  Error^2                   |                 Efficiency                 |
---------------------------------------------------------------------------------------------------
|   2   | 2.402018875658785455481793891907986770e-69 | 3.542332377231993939763235914085868750e+31 |
|   4   | 6.541766410722004368171855663522988109e-71 | 3.726554841583849176588914251147682495e+29 |
|   6   | 1.011720399222630520329147537639673997e-72 | 5.202382694852698629819807116979498863e+27 |
|   8   | 2.785550619187881063423432524048546597e-11 | 1.721291954665407533609590476384096476e-06 |
---------------------------------------------------------------------------------------------------

Scheme evaluation results:
Order: 8, No. cycles: 24
---------------------------------------------------------------------------------------------------
Vector a: 0.173675937187011741427062765918903161, 0.381351940103553998901822584779331161, 0.336124690160179001423321315666130891, -0.585604754025762087366194206926012793, -0.631749674356969109830184406313257131, -0.264374985069503600785695717195102701, 0.245498984372655249239150529672379360, 0.032781787101747243987883864911410179, -0.320109998400339380475085542217389170, 0.892825718133444430569030577090480622, -0.025832592494012770482282964650674368, 0.043020293756520014693152897458875949, 0.722392653531475268698018301804924840
Vector b: 0.347351874374023482854125531895974510, 0.415352005833084514949519637592032327, 0.256897374487273487897122993747868898, -1.428106882538797662629511407625527407, 0.164607533824859442969142595173932506, -0.693357503963866644540534029701846377, 1.184355472709177143018835089154019554, -1.118791898505682655043067359316075373, 0.478571901705003894092896274734734197, 1.307079534561884967045164879450642289, -1.358744719549910508009730808711888818, 1.444785307062950537396036603606133790
---------------------------------------------------------------------------------------------------
| Order |                  Error^2                   |                 Efficiency                 |
---------------------------------------------------------------------------------------------------
|   2   | 3.350601259165883575978374137628482959e-70 | 9.484537170354596202156263012638481250e+31 |
|   4   | 4.262536441400854844862690916218667616e-71 | 4.616586536647896481872691039442498779e+29 |
|   6   | 3.952045670944891211274066274165319100e-73 | 8.323798767304815705957222298799962997e+27 |
|   8   | 2.906168692044820102787287667593184524e-11 | 1.685193038469288528286307210156080646e-06 |
---------------------------------------------------------------------------------------------------

Scheme evaluation results:
Order: 8, No. cycles: 24
---------------------------------------------------------------------------------------------------
Vector a: 0.250528328413685958414785135619848789, -0.145746280661859976126709269261113527, 0.122368416325336507876163164992559127, 0.060588413358084342511624336471961802, -0.262592044915342968329255483329950941, 0.758124851100978350177849340629380110, 0.324709410565081892761937234893310435, -0.117637665393629114656927244721145218, 0.215184621712975253163212487621216722, -0.486071310700813693601311727661953720, -0.306815580988048697881185636867031467, 0.430741992297240091695474564542729744, 0.156616848886312053994343097070188264
Vector b: 0.501056656827371916829570271241856256, -0.792549218151091869082988809763906558, 1.037286050801764884835315139748797457, -0.916109224085596199812066466805224950, 0.390925134254910263153555500145117956, 1.125324567947046437202143181110286235, -0.475905746816882651678268711324811967, 0.240630416029624422364414221883144930, 0.189738827396326083962010753358263679, -1.161881448797953471164634208680289221, 0.548250286821856075402262934946998970, 0.313233697772624107988686194139767165
---------------------------------------------------------------------------------------------------
| Order |                  Error^2                   |                 Efficiency                 |
---------------------------------------------------------------------------------------------------
|   2   | 2.148459861451637509191538551763128600e-68 | 1.184442260234629403003931008304252734e+31 |
|   4   | 4.869417278104451657577840634321377294e-72 | 1.365892552161242889969006769423949707e+30 |
|   6   | 2.882027844809614901800314864696638410e-73 | 9.747280487818539874277946830421580315e+27 |
|   8   | 2.590596340107565714999249307101768119e-11 | 1.784884805599057152389130255222215628e-06 |
---------------------------------------------------------------------------------------------------

Scheme evaluation results:
Order: 8, No. cycles: 24
---------------------------------------------------------------------------------------------------
Vector a: 0.243053849919113368169208940953644553, -0.542792359679375791234001584483263349, 0.030303726278925536127435934079466085, 0.250902164799345605469379495568641852, 0.125303385129120989355482740819121280, 0.729654760251412268420370443029990669, -0.394224522959967856577129100031293837, -0.146434846260879563221743838824243318, -0.486941855451228293258786365389125435, -0.110942830057530453749819823898546503, 0.838419149117780863120144545307949123, 0.319613110947027934315815308607345105, 0.144086267966255393063643304260313809
Vector b: 0.486107699838226736338417881907340817, -1.571692419196978318806421050872816390, 1.632299871754829391061292919031675837, -1.130495542156138180122533927895345469, 1.381102312414380158833499409533424903, 0.078207208088444378007241476526484176, -0.866656254008380091161499676588822864, 0.573786561486620964718011998940430694, -1.547670272389077551235584729718444001, 1.325784612274016643735945081921415513, 0.351053685961545082504344008694064277, 0.288172535932510786127286608520592374
---------------------------------------------------------------------------------------------------
| Order |                  Error^2                   |                 Efficiency                 |
---------------------------------------------------------------------------------------------------
|   2   | 3.282683666074683233222055742946824520e-69 | 3.030142128190896416618807476185783984e+31 |
|   4   | 5.587531965797664917067966564416956119e-72 | 1.275102281448458034741149596185988037e+30 |
|   6   | 7.440572826097658235861832392330322106e-74 | 1.918356702679225762637051272510847473e+28 |
|   8   | 3.541015012029307017068462068414926614e-11 | 1.526673553300365479093037410856974444e-06 |
---------------------------------------------------------------------------------------------------

Scheme evaluation results:
Order: 8, No. cycles: 24
---------------------------------------------------------------------------------------------------
Vector a: 0.534929833022738524922747947660524855, -0.053758789844265755800496900531146681, -0.249656738684446016789402286436984151, 0.639441768197357626957479726658671529, -0.083729217847406118829961804047142948, -0.167015189257193769404511446611072890, -0.152802034319437211123684535306615435, -0.219378980101870595442342994974070082, 0.263847585388988410401923682947453492, 0.206541246890293765038586846269636137, -0.378506630650434955219774250268070237, 0.094169944115678728651284769186555860, 0.565917203089997366638151245452260515
Vector b: 1.069859666045477049845495895321034687, -1.177377245734008561446489696383288567, 0.678063768365116527867685123509290461, 0.600819768029598726047274329808032181, -0.768278203724410963707197937902218964, 0.434247825210023424898175044680178388, -0.739851893848897847145544115294141015, 0.301093933645156656260858125346381704, 0.226601237132820164542989240546952396, 0.186481256647767365534184451994698184, -0.943494517948637275973732952531546678, 1.131834406179994733276302490904627149
---------------------------------------------------------------------------------------------------
| Order |                  Error^2                   |                 Efficiency                 |
---------------------------------------------------------------------------------------------------
|   2   | 1.675300629582941787989187068814241479e-69 | 4.241613969607276051072096958168206250e+31 |
|   4   | 4.855046693628774501721197744821677429e-72 | 1.367912529736989044873773409825347412e+30 |
|   6   | 7.486316688037088663795067776967668871e-74 | 1.912486826414287635725217317901647186e+28 |
|   8   | 3.909251912473158826605781886374676173e-11 | 1.452992048596118970031119655574321201e-06 |
---------------------------------------------------------------------------------------------------

Scheme evaluation results:
Order: 8, No. cycles: 24
---------------------------------------------------------------------------------------------------
Vector a: 0.290729790530488395695196908650649498, -0.331735371233454250566680191460162459, -0.442754735124339355192418660122806448, -0.192865538083307098143008667614788426, -0.106527820362693967989676710779190094, 0.845299613726790229874745577726991413, -0.155305343156772335347096469878989897, -0.774081984463536141940823695580489023, 0.731476513661047163953269496847682326, 0.961162993544403547117145452812198483, -0.726615820076543311879285483713775377, -0.007779713490896286341378475842339253, 0.908997414528813410760010918955019272
Vector b: 0.581459581060976791390393817268420289, -1.244930323527885292523754200126809033, 0.359420853279206582138916879820213541, -0.745151929445820778424934215072459455, 0.532096288720432842445580793459541121, 1.158502938733147617303910362150218431, -1.469113625046692287998103301920611566, -0.079050343880379995883544089461978966, 1.542003371202474323790083083370921389, 0.380322615886332770444207822197253205, -1.833554256039419394202778789613291953, 1.817994829057626821520021837928582938
---------------------------------------------------------------------------------------------------
| Order |                  Error^2                   |                 Efficiency                 |
---------------------------------------------------------------------------------------------------
|   2   | 6.480470340785366037998713492541575993e-70 | 6.819841053790477272373101106353132812e+31 |
|   4   | 3.394332053154944213339050499829108086e-71 | 5.173421582346113896673541692854163818e+29 |
|   6   | 8.769170948448246006645192547957439975e-73 | 5.587959908145366822158830438004880905e+27 |
|   8   | 9.163717208917323176159197121187024364e-11 | 9.490175134055466876659519459592922420e-07 |
---------------------------------------------------------------------------------------------------

Scheme evaluation results:
Order: 8, No. cycles: 24
---------------------------------------------------------------------------------------------------
Vector a: -0.045129737930154549594964089791846914, 0.387764559908095159519117679404148666, 0.529561471318504315415708586482178472, -0.369088653923968514079442204885860726, -0.352684747277463751424755586784819687, -0.205849920979451085732019389046977170, -0.685374507821729678635135483135777431, 0.072064481190358402023845379197652082, 0.589501207948841425523323392800058185, 0.295909845181572379803894124527387074, 0.285116333596074724003182215038382329, 0.319199688623393658464604410799461753, 0.179009980165927514712640965396013360
Vector b: -0.090259475860309099189928179590165506, 0.865788595676499418228163538405133694, 0.193334346960509212603253634558824702, -0.931511654808446240762138044330332255, 0.226142160253518737912626870759946751, -0.637842002212420909376665648853642799, -0.732907013431038447893605317417258499, 0.877035975811755251941296075812575422, 0.301966440085927599105350709786258954, 0.289853250277217160502437539269722994, 0.280379416914932287503926890806985090, 0.358019960331855029425281930791951415
---------------------------------------------------------------------------------------------------
| Order |                  Error^2                   |                 Efficiency                 |
---------------------------------------------------------------------------------------------------
|   2   | 5.546603435781361325099335565668772466e-70 | 7.371637292090465822200204489085295312e+31 |
|   4   | 8.185706003260718393726199749636730729e-73 | 3.331401384480959325303875826304683594e+30 |
|   6   | 3.170412537024526423304687130681271725e-74 | 2.938831332043460885669260509250790787e+28 |
|   8   | 5.551638986506849870839471973473388193e-10 | 3.855666462226624409606800168391879549e-07 |
---------------------------------------------------------------------------------------------------

Scheme evaluation results:
Order: 8, No. cycles: 24
---------------------------------------------------------------------------------------------------
Vector a: 0.253205196527852005934162418644434958, 0.697790548659876722731182086490443556, -0.262128019605739038850411284167884632, -0.671424870258888802098859420243304563, 0.730592511172854403046419659367378887, 0.120347605057026174318042192563190508, -0.212923310311577702558988863135874067, -0.524289006674727147298961931652429207, 0.085546317537997547913114423493768787, 0.934990769094966283552178331007445945, -1.048209475882914882989525595063640212, -0.057415045878253231203581258114491758, 0.953916780561527667505229240810961798
Vector b: 0.506410393055704011868324837297453786, 0.889170704264049433594039335723809292, -1.413426743475527511294861904068678190, 0.070577002957749907097143063400526983, 1.390608019387958898995696255532661208, -1.149912809273906550359611870408030212, 0.724066188650751145241634144073480536, -1.772644202000205439839558007425622842, 1.943736837076200535665786854438829860, -0.073755298886267968561430192316199391, -2.022663652879561797417620997922375964, 1.907833561123055335010458481674144800
---------------------------------------------------------------------------------------------------
| Order |                  Error^2                   |                 Efficiency                 |
---------------------------------------------------------------------------------------------------
|   2   | 3.084590686225348900182793758458654075e-70 | 9.885047148873006061795084731934089062e+31 |
|   4   | 1.347258876038359142893951632392438910e-70 | 2.596746209812281626237694174970308838e+29 |
|   6   | 4.984687492107538788747281110431559741e-72 | 2.343762394301933664290884678960707664e+27 |
|   8   | 2.481886929509746781177350737857226253e-09 | 1.823555855771658728945121564249622094e-07 |
---------------------------------------------------------------------------------------------------

Scheme evaluation results:
Order: 8, No. cycles: 24
---------------------------------------------------------------------------------------------------
Vector a: 0.256443807387213815295362926470534230, -0.121772302279064203939223698481984705, -0.783814337621782703670227088175323052, 0.099805072858384663168451576586807685, 0.647788254280213080822571942684714827, 0.295360999477623852989178286832098857, 0.283667639694154763626304014098748492, 0.590667278689155024752154594225748271, 0.007010810621370932445993073285580499, -0.302132060258965344639426923796934478, -0.390131771315482859726145820450157195, -0.054913954145696003105793669829829965, 0.472020562612874981980800786549996581
Vector b: 0.512705500025549858734520384544104941, -0.755549932725704725968053611772353915, -0.812546526789176534407891067393060674, 1.011683395093398567555164894838323664, 0.290032350023293923595239557487152556, 0.289829229335214356607836704698735609, 0.285111235902531331934586611374119246, 0.893374980345973218986097384245506629, -0.879422453491735245422266881462272992, 0.274429604516242894147924598889315733, -1.052597469395923792769798827369139423, 0.942950087160336147006640251919568577
---------------------------------------------------------------------------------------------------
| Order |                  Error^2                   |                 Efficiency                 |
---------------------------------------------------------------------------------------------------
|   2   | 1.767692045990882642747483185113639946e-12 | 1.305792628857872638074136675637522978e+03 |
|   4   | 7.907153032426902699830914802691837324e-16 | 1.071877022337957147302698647714256444e+02 |
|   6   | 1.822196783282424875541218983880585646e-19 | 1.225843170728236269572579670139308792e+01 |
|   8   | 2.139754964967214159945733208599097792e-10 | 6.210521147284249313134384534644605837e-07 |
---------------------------------------------------------------------------------------------------

Scheme evaluation results:
Order: 8, No. cycles: 24
---------------------------------------------------------------------------------------------------
Vector a: 0.197296125861151617347135482573376469, -0.135452383654121705358671785969240413, -0.133643116492878223572523365028338019, 0.404896507414802752704782583179385273, 0.469289758444834883026866356999409480, 0.758830036391979629023356272981258125, 0.523228148236352506685065260598990901, -0.426105614200119894787601580215214164, -1.088361464005078887783806959072353824, -0.987868704993220061351884478543502508, -0.096771050455278289552216335346703502, 0.885700159040679279770018988300721553, 0.628961598410896393849479559542210858
Vector b: 0.394592251722303234694270964911207612, -0.665497019030546645411614536547732716, 0.398210786044790198266567806318741126, 0.411582228784815307142997360288297053, 0.526997288104854458910735353562471099, 0.990662784679104799135977192371689202, 0.055793511793600214234153328816521887, -0.908004740193840003809356489239054949, -1.268718187816317771758257428879711193, -0.707019222170122350945511528191530471, 0.513477121259565771841078857499326331, 1.257923196821792787698959119089775031
---------------------------------------------------------------------------------------------------
| Order |                  Error^2                   |                 Efficiency                 |
---------------------------------------------------------------------------------------------------
|   2   | 1.092513346785969886865770187729866752e-66 | 1.660978997335469088143325505193809082e+30 |
|   4   | 9.583190072041569196339118280830620667e-70 | 9.736435298032113775947326259229818726e+28 |
|   6   | 4.721341154226428024649013884628907646e-71 | 7.615525178725913335078643579438340664e+26 |
|   8   | 1.024811028840184656764838589852124803e-08 | 8.974043513667138179395227691094671212e-08 |
---------------------------------------------------------------------------------------------------

Scheme evaluation results:
Order: 8, No. cycles: 24
---------------------------------------------------------------------------------------------------
Vector a: 0.314411810540363928601233659289411673, 0.357668101521117766917425212687245345, -0.115180298967794349841789148708170196, -0.607247405403976026370625138602047133, -0.481293228118747246945089362184536215, 0.033012984464898298372603443353350965, 0.465468242707252141847509893185001811, 0.197983161307830636122391418242531894, 0.239311843787598249223499572571161334, 0.283967075028538255388340582929713715, 0.196884293060763588735940551192739834, 0.000075696118283819163459722847194279, 0.114937723953870938785099593196402668
Vector b: 0.577737527808474798766969983544722166, 0.280597861465955262191383327439740557, -0.605072229430300350900305165842307768, -0.570122081415105384112011154616396466, -0.550048209058399109560067473105145755, 0.647152874260292003806737455594420460, 0.269340709033266272125466963567555092, 0.253372422541981560101601519134126267, 0.249388002154770002755015133377649160, 0.210913132862635861719876288097647944, 0.370620147882155169301132432371552150, -0.133880158105726086195799309563563929
---------------------------------------------------------------------------------------------------
| Order |                  Error^2                   |                 Efficiency                 |
---------------------------------------------------------------------------------------------------
|   2   | 2.490977868764070770704517624413246778e-11 | 3.478504600391188230539179877034192539e+02 |
|   4   | 7.658348064210308352760902235308487408e-15 | 3.444193024262852531621876612706088314e+01 |
|   6   | 5.783541291688165943744001711320609859e-17 | 6.880747633547484616465504771729763158e-01 |
|   8   | 1.762851342116094523364437888376277122e-13 | 2.163725787120238922927699572887189251e-05 |
---------------------------------------------------------------------------------------------------

