Scheme evaluation results:
Order: 8, No. cycles: 25
-----------------------------------------------------------
Vector a: -0.2205818212333590, -0.0856218182120612, 0.1041764767314836, 0.4898816133337398, 0.2152251543430017, 0.2627128616964547, -0.1043782823342996, -0.1592438858920877, -0.1476807557600034, -0.1415967424896664, 0.3540281031657010, 0.3424741347909954, 0.0906049618601013
Vector b: -0.4172123275811727, 0.3932610126299904, -0.5645046490564319, 0.7728576025412442, 0.2069056246706243, 0.2235446829352484, 0.3018810413172303, -0.5106376061553679, 0.1921498343388643, -0.4875113458365513, 0.2043178608620161, 0.5037383454839440, 0.1812099238503616
-----------------------------------------------------------
| Order |        Error^2         |       Efficiency       |
-----------------------------------------------------------
|   2   | 7.5231638452626401e-37 | 1.8446744073709552e+15 |
|   4   | 6.8922539866572404e-38 | 9.7512283949386172e+12 |
|   6   | 1.1125022293710026e-37 | 1.2280314888074846e+10 |
|   8   | 2.1612327835145829e-15 | 1.4097079770805936e-04 |
-----------------------------------------------------------

Scheme evaluation results:
Order: 8, No. cycles: 25
-----------------------------------------------------------
Vector a: 0.4541353502505713, -0.4340369828152371, -0.3043575531525062, 0.2379700330878829, -0.2180794905463211, 0.0957615094706443, 0.5539323160518304, 0.3448912954375388, -0.0269564480121628, -0.1084691086773016, 0.2021733340799100, 0.1417503232189798, 0.0612854216061713
Vector b: 0.4442657200900458, 0.0197391534045246, -0.8878130143784403, 0.2790978885103533, 0.1968422151746619, -0.6330012131195386, 0.8245242332715893, 0.2833403906384228, 0.4064422107489147, -0.4603551071953759, 0.2434168871990326, 0.1609297886060722, 0.1225708470497376
-----------------------------------------------------------
| Order |        Error^2         |       Efficiency       |
-----------------------------------------------------------
|   2   | 5.4919096070417272e-35 | 2.1590280884203891e+14 |
|   4   | 3.9801733623613786e-36 | 1.2831841038122114e+12 |
|   6   | 4.7325399039839657e-35 | 5.9540545011168468e+08 |
|   8   | 2.7478585953690314e-15 | 1.2502093441508938e-04 |
-----------------------------------------------------------

Scheme evaluation results:
Order: 8, No. cycles: 25
-----------------------------------------------------------
Vector a: -0.4449868790687411, 0.1807862299382500, 0.2463765563736684, -0.2483478984573193, 0.0987318021220765, 0.5389792268975402, 0.2537751187839252, 0.2171024922324047, 0.0587069714480826, -0.2559134553323612, -0.0275751687579454, 0.2976635277352779, 0.0847014760851415
Vector b: -0.4605402446499101, 0.0311067316001826, 0.3304657275250651, 0.1622873858694467, -0.6589831831784525, 0.8564467874655708, 0.2215116657194497, 0.2860385731004086, 0.1481664096537989, -0.0307524674946870, -0.4810744412635266, 0.4259241036893305, 0.1694029519633233
-----------------------------------------------------------
| Order |        Error^2         |       Efficiency       |
-----------------------------------------------------------
|   2   | 1.6626192098030435e-34 | 1.2408622876197122e+14 |
|   4   | 1.0662560281423570e-36 | 2.4791865982253721e+12 |
|   6   | 2.1515715146667596e-37 | 8.8304341245849857e+09 |
|   8   | 4.0326232082129996e-15 | 1.0320152337219346e-04 |
-----------------------------------------------------------

Scheme evaluation results:
Order: 8, No. cycles: 25
-----------------------------------------------------------
Vector a: -0.6781953728631096, 0.6358882678308083, 0.1248234106943709, -0.9805407402076570, 0.0008181258764566, 0.7845586246431805, 0.4403732819174859, 0.2321095879317940, 0.2393832003991561, -0.0738775586225044, -0.0463552384100936, 0.2411718833537153, 0.0798425274563972
Vector b: -0.6786201298586919, 0.0008495139911577, 1.2709270216704653, -1.0212802002817225, -0.9398012801335904, 0.9414375318865036, 0.6276797173998546, 0.2530668464351148, 0.2111523294284817, 0.2676140713698219, -0.4153691886148297, 0.3226587117946420, 0.1596850549127928
-----------------------------------------------------------
| Order |        Error^2         |       Efficiency       |
-----------------------------------------------------------
|   2   | 3.7615819226313200e-34 | 8.2496347424711891e+13 |
|   4   | 5.1331450577509188e-36 | 1.1299213030526465e+12 |
|   6   | 6.4537501423711613e-37 | 5.0986344276816549e+09 |
|   8   | 8.1238087309147868e-15 | 7.2710994675651198e-05 |
-----------------------------------------------------------

Scheme evaluation results:
Order: 8, No. cycles: 25
-----------------------------------------------------------
Vector a: -0.0871679664634728, 0.2579424042135503, 0.2537008701420089, 0.3260818379766833, -0.4165924952231322, -0.0003898470730556, 0.3686392138477468, -0.1501906540760464, 0.1962268132310759, -0.2710493041224082, 0.0097437175420279, 0.4477027738841560, 0.0653526361208663
Vector b: -0.2201944215464177, 0.2660529101554049, 0.2498318982696401, 0.2575698420426777, 0.3945938338944542, -1.2277788243623782, 1.2269991302162804, -0.4897207024997123, 0.1893393943209495, 0.2031142321791488, -0.7452128404532183, 0.7647002755382797, 0.1307052722448913
-----------------------------------------------------------
| Order |        Error^2         |       Efficiency       |
-----------------------------------------------------------
|   2   | 1.5648180798146291e-34 | 1.2790515696754088e+14 |
|   4   | 7.0597734110864361e-36 | 9.6348417126797583e+11 |
|   6   | 1.0358814854322492e-37 | 1.2726380753964926e+10 |
|   8   | 8.2321521265686892e-15 | 7.2230935043541338e-05 |
-----------------------------------------------------------

Scheme evaluation results:
Order: 8, No. cycles: 25
-----------------------------------------------------------
Vector a: 0.1497571430122708, 0.4125790705026367, 0.0643172409981084, -0.1614602914140507, 0.1925290806640543, -0.1953704805103708, -0.1739003766128649, 0.2740596839031453, 0.2606051874795755, -0.2838408958445282, -0.0138197974170214, 0.4179171876152487, 0.0566272476237962
Vector b: 0.0722314888376975, 0.1550513584716341, 0.6701067275472840, -0.5414722425566391, 0.2185516485081227, 0.1665065320457586, -0.5572475054801890, 0.2094467331449815, 0.3386726670322276, 0.1825376952351316, -0.7502194902875621, 0.7225798945684843, 0.1132544929330684
-----------------------------------------------------------
| Order |        Error^2         |       Efficiency       |
-----------------------------------------------------------
|   2   | 2.1817175151261656e-35 | 3.4254743790330225e+14 |
|   4   | 2.2240100569943245e-35 | 5.4283968762794086e+11 |
|   6   | 6.1388374475761472e-35 | 5.2277749224498296e+08 |
|   8   | 9.9053734480070238e-15 | 6.5848290363604278e-05 |
-----------------------------------------------------------

Scheme evaluation results:
Order: 8, No. cycles: 25
-----------------------------------------------------------
Vector a: 0.4628968368610905, 0.4021494569955822, -0.0306821497071447, -0.5100606212939142, -0.1111362399166169, 0.3095167505129252, 0.2040101341801038, -0.5658618333974154, 0.1248692267120532, -0.0018104545644386, -0.1212813691546314, 0.7526965274462433, 0.0846937353261629
Vector b: 0.2267403486020275, 0.4723129765181255, 0.3319859374730389, -0.3933502368873283, -0.6267710057005003, 0.4044985258672649, 0.2145349751585906, 0.1934852932016121, -1.3252089599964463, 1.5749474134205528, -1.5785683225494300, 1.3360055842401670, 0.1693874706523254
-----------------------------------------------------------
| Order |        Error^2         |       Efficiency       |
-----------------------------------------------------------
|   2   | 5.6950350308638185e-34 | 6.7045831730662078e+13 |
|   4   | 4.6477026250597772e-36 | 1.1874649483344966e+12 |
|   6   | 1.0683206060113976e-37 | 1.2531675637845675e+10 |
|   8   | 1.3588561828873095e-14 | 5.6220303170487691e-05 |
-----------------------------------------------------------

Scheme evaluation results:
Order: 8, No. cycles: 25
-----------------------------------------------------------
Vector a: 0.1362155591100631, 0.1455732082808719, 0.4187647342408242, 0.0912547404934292, -0.1331300633421706, 0.1931800834239430, -0.2320042277593560, -0.2145414509864740, 0.4715110186608275, -0.0101047785099599, -0.2183891445231258, 0.2607763837092615, 0.0908939372018659
Vector b: 0.0677205105814001, 0.1369881548732437, 0.1541613079503261, 0.6833670272391492, -0.5008575322590720, 0.2345973886118803, 0.1517628030902759, -0.6157712842741696, 0.1866883595444486, 0.7563337232217664, -0.7765432828003129, 0.3397649613919861, 0.1817878628290782
-----------------------------------------------------------
| Order |        Error^2         |       Efficiency       |
-----------------------------------------------------------
|   2   | 4.7019774032891500e-34 | 7.3786976294838203e+13 |
|   4   | 9.5664861860336745e-34 | 8.2768243921325806e+10 |
|   6   | 1.8741825371744250e-33 | 9.4613695200155675e+07 |
|   8   | 1.7457142590498463e-14 | 4.9601333342263028e-05 |
-----------------------------------------------------------

Scheme evaluation results:
Order: 8, No. cycles: 25
-----------------------------------------------------------
Vector a: -0.0769692543718224, 0.5679691210630406, 0.0767633552532587, -0.1896556514047203, 0.1977713244448799, -0.1765193093606927, -0.1327524996649438, 0.2774760262385671, 0.2333560015516036, -0.2958650206169509, -0.0185946853157825, 0.4586575006168452, 0.0783630915667176
Vector b: -0.2841253330708089, 0.4143121573981551, 0.7216260847278098, -0.5680993742214374, 0.1887880714203139, 0.2067545774556923, -0.5597931961718998, 0.2942881968414514, 0.2606638556311168, 0.2060481474845904, -0.7977781887231523, 0.7605888180919885, 0.1567261831361803
-----------------------------------------------------------
| Order |        Error^2         |       Efficiency       |
-----------------------------------------------------------
|   2   | 2.7083389842945504e-35 | 3.0744573456182588e+14 |
|   4   | 9.8094085221158313e-37 | 2.5847500628228711e+12 |
|   6   | 2.0746335868206063e-39 | 8.9926821982955917e+10 |
|   8   | 1.8717384669049925e-14 | 4.7902408249198346e-05 |
-----------------------------------------------------------

Scheme evaluation results:
Order: 8, No. cycles: 25
-----------------------------------------------------------
Vector a: -0.2920440717561976, -0.2547639100698416, 0.1993772101365288, -0.1460904014787183, 0.1087230046028540, 0.5575342561986774, 0.3015964306209815, 0.1951681218257710, 0.1523532133319989, -0.3584191512484140, -0.0070051802825157, 0.4815861665689081, 0.0619843115499676
Vector b: 0.0499698368977114, -0.6840278172843801, 0.1744999971059521, 0.2242544232225744, -0.5164352262161634, 0.7338812354331204, 0.3811872768814471, 0.2220055845649541, 0.1683306588170770, 0.1363757680362412, -0.8532140706259972, 0.8392037100593727, 0.1239686231080903
-----------------------------------------------------------
| Order |        Error^2         |       Efficiency       |
-----------------------------------------------------------
|   2   | 3.0844971765576824e-35 | 2.8808974165875706e+14 |
|   4   | 5.3388565691448191e-37 | 3.5036106561241035e+12 |
|   6   | 2.5415518403274926e-38 | 2.5692742348212872e+10 |
|   8   | 2.0205214267402917e-14 | 4.6105018483944254e-05 |
-----------------------------------------------------------

Scheme evaluation results:
Order: 8, No. cycles: 25
-----------------------------------------------------------
Vector a: -0.6852732911325896, -0.0368011569451651, 0.5534091033084669, 0.5325622329303813, -0.0479329030434398, -0.8936797797553779, 0.0116334291343840, 0.8238083557318296, -1.0079920506831666, -0.0000528137414399, 1.4037726841884528, 0.2398806381022423, 0.1066655519054219
Vector b: -0.3314349526449062, -0.7076766769756988, 0.6340743630851700, 0.4727438435322192, 0.5923806223291813, -0.6882464284163017, -1.0991131310958238, 1.1223799893646562, 0.5252367220997539, -2.5412208234692186, 2.5411151959863387, 0.2664301723936688, 0.2133311038109612
-----------------------------------------------------------
| Order |        Error^2         |       Efficiency       |
-----------------------------------------------------------
|   2   | 1.2337988706230730e-32 | 1.4404487082937852e+13 |
|   4   | 1.1956136713205802e-34 | 2.3412324188869342e+11 |
|   6   | 2.1689028725007331e-34 | 2.7812491525805455e+08 |
|   8   | 2.4083117512626391e-14 | 4.2230242784884218e-05 |
-----------------------------------------------------------

Scheme evaluation results:
Order: 8, No. cycles: 25
-----------------------------------------------------------
Vector a: 0.4036263739232326, 0.0480269148187514, -0.7270489702796326, -0.6034095040669163, -0.0205180565480620, 0.3995883268397101, 1.1932401089871796, -0.0000542026385027, -0.7714374050641161, 0.4190085359751418, 0.3003926019891504, 0.2415688595581236, 0.1170164165059399
Vector b: -0.0094578609729120, 0.8261684697922950, -0.7301146401548667, -0.7239833004044269, -0.4828357077295412, 0.4417995946333316, 0.3573770590468803, 2.0291031589256745, -2.0292115642026798, 0.4863367540755340, 0.3516803178751753, 0.2491048861034027, 0.2340328330121330
-----------------------------------------------------------
| Order |        Error^2         |       Efficiency       |
-----------------------------------------------------------
|   2   | 5.8078824885427581e-34 | 6.6391284671431367e+13 |
|   4   | 5.7162453570564682e-35 | 3.3859811380029932e+11 |
|   6   | 4.6035608972279709e-35 | 6.0368863748253918e+08 |
|   8   | 2.8680704099954032e-14 | 3.8697688658097032e-05 |
-----------------------------------------------------------

Scheme evaluation results:
Order: 8, No. cycles: 25
-----------------------------------------------------------
Vector a: 0.2720258334832127, -0.0658285933219387, -0.7445659611214156, 0.0098074111145150, 0.6409322962823634, 0.2988075264871018, 0.4214912006793228, -0.0469896603364373, -0.2075618560731702, -0.5543038439056083, -0.0023647311798628, 0.8073978113651012, 0.1711525665268158
Vector b: 0.1022186971935533, 0.3396142725790475, -0.4712714592230037, -1.0178604630198258, 1.0374752852489018, 0.2443893073147975, 0.3532257456610504, 0.4897566556975499, -0.5837359763706398, 0.1686122642243541, -1.2772199520363985, 1.2724904896766627, 0.3423051330539508
-----------------------------------------------------------
| Order |        Error^2         |       Efficiency       |
-----------------------------------------------------------
|   2   | 3.7615819226313200e-34 | 8.2496347424711891e+13 |
|   4   | 6.5871764684203936e-36 | 9.9744812023255591e+11 |
|   6   | 1.8912013827694371e-37 | 9.4187020694874554e+09 |
|   8   | 4.1247381745693596e-14 | 3.2268719921051128e-05 |
-----------------------------------------------------------

Scheme evaluation results:
Order: 8, No. cycles: 25
-----------------------------------------------------------
Vector a: 0.1053266694520333, -0.5129028381530936, -0.1892536242892788, -0.1516245863873422, 0.1564790113728771, 0.4177931092291836, 0.5559525176403041, -0.5208541473965377, -0.7460419278086303, 0.7334443328183554, 0.8526574366260349, 0.2083377640124893, 0.0906862828836049
Vector b: 0.6516127317538276, -1.0925721246035855, 0.0667664482974142, -0.4452736968759904, 0.1420245241013010, 0.1709334986444459, 0.6646527198139343, 0.4472523154666764, -1.4889606102597648, -0.0031232453575351, 1.4700119109942846, 0.2353029622577838, 0.1813725657672079
-----------------------------------------------------------
| Order |        Error^2         |       Efficiency       |
-----------------------------------------------------------
|   2   | 4.3483887025618059e-34 | 7.6728340149016375e+13 |
|   4   | 5.8525384169045429e-36 | 1.0582001743166378e+12 |
|   6   | 3.6428753513291904e-37 | 6.7863740350967016e+09 |
|   8   | 5.3867397984448450e-14 | 2.8236894532214671e-05 |
-----------------------------------------------------------

Scheme evaluation results:
Order: 8, No. cycles: 25
-----------------------------------------------------------
Vector a: -0.0421572905279712, 0.6105515728787259, -0.5246879019439495, -0.3891476985506380, 0.4986843647121609, 0.5400151676086203, -0.1001419008719014, -0.6535769965431745, -0.0423201418348889, 0.5003924375119052, 0.2738563031847094, 0.2272503540270916, 0.1012817303493102
Vector b: -0.6709696711246079, 1.2576247615078771, -0.0365216140528821, -1.0128541926452108, 0.2345587942045492, 0.7628099379335380, 0.3172203969026082, -0.5175041987631243, -0.7896497933780543, 0.7050095107646075, 0.2957753608593114, 0.2519372470254043, 0.2025634607659836
-----------------------------------------------------------
| Order |        Error^2         |       Efficiency       |
-----------------------------------------------------------
|   2   | 1.1134282490988707e-34 | 1.5163130223994756e+14 |
|   4   | 2.7899302308561177e-35 | 4.8466682526016010e+11 |
|   6   | 9.0533258284706444e-37 | 4.3048286808719063e+09 |
|   8   | 6.5972113878476375e-14 | 2.5515244283922198e-05 |
-----------------------------------------------------------

Scheme evaluation results:
Order: 8, No. cycles: 25
-----------------------------------------------------------
Vector a: -0.0490834624514255, 0.1414305586241568, -0.2236480185930563, 0.5371584760629217, 0.3986367407311974, -0.0360351982049387, -0.0813883046974050, -0.0802091006150173, -0.0349541919131416, 0.3197833237039817, -0.3600931872857881, 0.0049951959923246, 0.4634071686461902
Vector b: -0.7742465111268567, 1.4503260973508627, -1.1674649801025494, 0.7201689429164373, 0.3541480092094056, 0.4431254722529893, -0.5151958686628667, 0.3524192592680562, -0.5128374604980903, 0.4429290766718076, 0.1966375707361552, -0.9168239453077308, 0.9268143372923799
-----------------------------------------------------------
| Order |        Error^2         |       Efficiency       |
-----------------------------------------------------------
|   2   | 6.0185310762101120e-35 | 2.0624086856177975e+14 |
|   4   | 9.9917019819894438e-37 | 2.5610628077909731e+12 |
|   6   | 6.7938178142128936e-38 | 1.5714588015248108e+10 |
|   8   | 6.7287958136779909e-14 | 2.5264531881155192e-05 |
-----------------------------------------------------------

Scheme evaluation results:
Order: 8, No. cycles: 25
-----------------------------------------------------------
Vector a: 0.2275903195535086, 0.3103553860269320, -0.0812973141112518, -0.0698352650956726, 0.5232339319470404, -0.2178972712018208, 0.1212398364880250, -0.0129554459093141, -0.6732136614653405, 0.5851976877215959, 0.1562220052490316, -0.1487652906809238, 0.2801250814781900
Vector b: 0.1078003982790275, 0.2395798425490017, 0.3811309295048051, -0.5437255577272928, 0.4040550275359391, 0.6424128363581606, -1.0782073787617590, 1.3206870517378115, -1.3465979435564353, 0.0001706206263569, 1.1702247548162299, -0.8577807443182034, 0.5602501629563581
-----------------------------------------------------------
| Order |        Error^2         |       Efficiency       |
-----------------------------------------------------------
|   2   | 6.0185310762101120e-34 | 6.5219089126663906e+13 |
|   4   | 4.6188111779684732e-35 | 3.7668199442691046e+11 |
|   6   | 9.4337240359959673e-36 | 1.3335778212153325e+09 |
|   8   | 7.0554578649067845e-14 | 2.4672736996267441e-05 |
-----------------------------------------------------------

Scheme evaluation results:
Order: 8, No. cycles: 25
-----------------------------------------------------------
Vector a: 0.4722197499999135, 0.4093322194446572, -0.2272548777572826, -0.1543103237278389, -0.2673059509249058, 0.0968748569883097, 0.5210064063047151, -0.5357000846443575, -0.1356109085383607, 0.5972112253993016, -0.5887543897421109, -0.0017650338645253, 0.8140571110624846
Vector b: 0.1767142808089067, 0.5910109383820137, 0.2276535005073008, -0.6821632560218661, 0.3735426085661885, -0.9081545104159995, 1.1019042243926189, -0.0598914117831892, -1.0115087575055253, 0.7402869404288043, 0.4541355103697980, -1.6316442898540187, 1.6281142221249680
-----------------------------------------------------------
| Order |        Error^2         |       Efficiency       |
-----------------------------------------------------------
|   2   | 8.4560361620752074e-34 | 5.5022024619662836e+13 |
|   4   | 1.3823813565670101e-35 | 6.8853501556263501e+11 |
|   6   | 6.8182403164724094e-37 | 4.9604810603570538e+09 |
|   8   | 7.4486053241552886e-14 | 2.4012780392112165e-05 |
-----------------------------------------------------------

Scheme evaluation results:
Order: 8, No. cycles: 25
-----------------------------------------------------------
Vector a: -0.1043958880336440, 0.5450496286173528, 0.3020288542234479, -0.1215730609478185, -0.1506065829042800, -0.2517607942594395, -0.1923514211168446, 0.2567980049816759, -0.2175553069766343, 0.0743990593180924, 0.5584888617535939, 0.2214081189291610, 0.0800705264153369
Vector b: -0.4486419133908513, 0.6884920506814822, 0.4016072065183744, 0.2024505020867116, -0.4455966241172072, 0.1443834583568324, -0.6479050468439066, 0.2632022045295117, 0.2503938055817868, -0.6855044196485497, 0.8343025383050029, 0.2826751850992076, 0.1601410528416050
-----------------------------------------------------------
| Order |        Error^2         |       Efficiency       |
-----------------------------------------------------------
|   2   | 3.7615819226313200e-36 | 8.2496347424711900e+14 |
|   4   | 2.4873644134391920e-37 | 5.1329880950872969e+12 |
|   6   | 4.1117580571272444e-38 | 2.0199758252630211e+10 |
|   8   | 7.9252153500046912e-14 | 2.3279540007239539e-05 |
-----------------------------------------------------------

Scheme evaluation results:
Order: 8, No. cycles: 25
-----------------------------------------------------------
Vector a: 0.4368722221527141, 0.2755715986634603, -0.4292176425118418, 0.0268631823948464, 0.2920021621473330, -0.5380915124161971, -0.1113763472110352, 0.3721339688023830, 0.3762870096042981, -0.4075031711375418, -0.0189937448784386, 0.6421595160783821, 0.0832927583116374
Vector b: 0.2577328347723985, 0.3582787746228571, 0.1928644228821383, -1.0512997083020228, 1.1050260731386801, -0.5210217485584339, -0.5551612762526450, 0.3324085816899237, 0.4118593561114553, 0.3407146630463362, -1.1557210056705043, 1.1177335158799004, 0.1665855166399162
-----------------------------------------------------------
| Order |        Error^2         |       Efficiency       |
-----------------------------------------------------------
|   2   | 8.8021016989572889e-35 | 1.7054020929005450e+14 |
|   4   | 2.7149327729186942e-36 | 1.5536758860079456e+12 |
|   6   | 8.7576288712032931e-38 | 1.3840974851811184e+10 |
|   8   | 9.5291368479095937e-14 | 2.1230154205270784e-05 |
-----------------------------------------------------------

Scheme evaluation results:
Order: 8, No. cycles: 25
-----------------------------------------------------------
Vector a: 0.6803160848461971, -0.5659846193449155, -0.8956129726101766, -0.0644456467993127, 0.6278789540835051, 0.4524216510657629, 0.6177172964344229, 0.0076328555132088, -0.3472541338802580, -0.5656117354179712, -0.0264252807788566, 0.8890841057548009, 0.1902834411335926
Vector b: 0.6938067784568529, -0.0269813872213119, -1.1049878514685190, -0.6862380937518341, 0.5573468001532088, 0.6984111080138016, 0.2064321941177244, 1.0290023987511214, -1.0137366877247038, 0.3192284199641877, -1.4504518908001298, 1.3976013292424168, 0.3805668822671852
-----------------------------------------------------------
| Order |        Error^2         |       Efficiency       |
-----------------------------------------------------------
|   2   | 7.7338124329299940e-34 | 5.7533814023061750e+13 |
|   4   | 1.9713774947259025e-35 | 5.7657401819504517e+11 |
|   6   | 3.5103411030927349e-37 | 6.9132981690208187e+09 |
|   8   | 1.0285830052375932e-13 | 2.0434323213530055e-05 |
-----------------------------------------------------------

Scheme evaluation results:
Order: 8, No. cycles: 25
-----------------------------------------------------------
Vector a: -0.4085219591898877, -0.2463940643257763, -0.0424969394124167, 0.3833567618275636, 0.3282598859998133, 0.2982929635327370, -0.1318524239256466, -0.5318334819135876, 0.1245714851067190, 0.6172091357374816, 0.3093250280700460, 0.2059903254247369, 0.0940932830682173
Vector b: -0.4532432807414273, 0.0894426430592897, -0.5822307716777102, 0.4972368928445899, 0.2694766308580361, 0.3870431410682904, 0.2095427860707789, -0.4732476339524641, -0.5904193298930843, 0.8395623001183237, 0.3948559713789486, 0.2237940847287348, 0.1881865661376938
-----------------------------------------------------------
| Order |        Error^2         |       Efficiency       |
-----------------------------------------------------------
|   2   | 7.5231638452626401e-37 | 1.8446744073709552e+15 |
|   4   | 3.2569458712431583e-37 | 4.4857461687373740e+12 |
|   6   | 2.0702018402973326e-38 | 2.8467780123620785e+10 |
|   8   | 1.1696320699344445e-13 | 1.9162638060101229e-05 |
-----------------------------------------------------------

Scheme evaluation results:
Order: 8, No. cycles: 25
-----------------------------------------------------------
Vector a: 0.4180264148234031, 0.0572150360577369, -0.7965519409859307, -0.3271536823614569, 0.1677191708249315, 0.2200677178894215, 0.2223012653227942, 0.4205210595738222, 0.4105550496807887, -0.4445071351927009, -0.0089733327823227, 0.5942438295019818, 0.0665365476475313
Vector b: -0.0407736509392702, 0.9176001315252580, -0.8031700594097739, -0.7899338225618759, 0.1356264578398987, 0.1998118838077573, 0.2403235519726218, 0.2042789786730211, 0.6367631404739840, 0.1843469588879711, -1.0733612292738233, 1.0554145637091690, 0.1330730952950624
-----------------------------------------------------------
| Order |        Error^2         |       Efficiency       |
-----------------------------------------------------------
|   2   | 1.1924214694741284e-33 | 4.6334564904226367e+13 |
|   4   | 7.2374406578410899e-36 | 9.5158471480326562e+11 |
|   6   | 1.1997699970027421e-37 | 1.1825266836818546e+10 |
|   8   | 1.1867135957913276e-13 | 1.9024224909088531e-05 |
-----------------------------------------------------------

Scheme evaluation results:
Order: 8, No. cycles: 25
-----------------------------------------------------------
Vector a: -0.0657978363365927, 0.1700250215782078, -0.3760007459732959, -0.2850209134601068, 0.2382238335717607, 0.0714590874203669, -0.4784550188677829, 0.4737095910508572, 0.7921182601720509, -0.1900879055438725, -0.1015833256960540, 0.6480306441062338, 0.1033793079782273
Vector b: -0.7762310503034803, 1.4208664279337699, -1.0808163847773262, 0.3288148928306791, -0.8988567197508192, 1.3753043868943311, -1.2323862120536171, 0.2754761743180438, 0.6719430077836682, 0.9122935125603803, -1.2924693236481168, 1.0893026722560353, 0.2067586159564518
-----------------------------------------------------------
| Order |        Error^2         |       Efficiency       |
-----------------------------------------------------------
|   2   | 6.3946892684732440e-35 | 2.0008303185866978e+14 |
|   4   | 4.6595494040641581e-36 | 1.1859544387735405e+12 |
|   6   | 2.4148997946287641e-37 | 8.3350918635693645e+09 |
|   8   | 1.2447451406846003e-13 | 1.8575465709584212e-05 |
-----------------------------------------------------------

Scheme evaluation results:
Order: 8, No. cycles: 25
-----------------------------------------------------------
Vector a: 0.1594815482167346, 0.1792418744194736, 0.2109052350003217, -0.2646139748738817, -0.0249521103057883, 0.4892784196842973, -0.1636976667700219, -0.1585037759292248, -0.1224114769903185, -0.2387697057734392, 0.3787187717869139, 0.4556148927390753, 0.0997079687958582
Vector b: 0.0755048421984833, 0.1679535789601503, 0.1905298917378107, 0.2312807093514411, -0.7605086836587573, 0.7106044623070635, 0.2679523882989592, -0.5953477274609890, 0.2783401719213433, -0.5231631277593666, 0.0456237106522668, 0.7118138418682720, 0.1994159415833226
-----------------------------------------------------------
| Order |        Error^2         |       Efficiency       |
-----------------------------------------------------------
|   2   | 5.0856587593975447e-34 | 7.0949015668113656e+13 |
|   4   | 7.4022518534885865e-34 | 9.4093156230355606e+10 |
|   6   | 7.9064808039068398e-35 | 4.6064709589744097e+08 |
|   8   | 1.3000414638555810e-13 | 1.8176126165961779e-05 |
-----------------------------------------------------------

Scheme evaluation results:
Order: 8, No. cycles: 25
-----------------------------------------------------------
Vector a: 0.2085175471155764, 0.4275182300465453, -0.1661231073536617, 0.0174032386016597, 0.5128255206462350, -0.3737355333635444, -0.2907388149452269, 0.2906156719334976, -0.7979546693251253, -0.9963537213559689, 0.9961251672654630, 1.0840356514573737, 0.0878648192771765
Vector b: 0.1010329253925163, 0.2149692434490703, 0.6400672166384345, -0.9723134313427767, 1.0071199085459721, 0.0185311327535843, -0.7660021994893805, 0.1845245695965014, 0.3967067742769350, -1.9926161129229538, -0.0000913298043894, 1.9923416643507212, 0.1757296385557655
-----------------------------------------------------------
| Order |        Error^2         |       Efficiency       |
-----------------------------------------------------------
|   2   | 1.6084524301171524e-33 | 3.9894761403839859e+13 |
|   4   | 6.8353205708140938e-35 | 3.0964246889982233e+11 |
|   6   | 1.2706084431370035e-35 | 1.1490900908301513e+09 |
|   8   | 1.3430874517633361e-13 | 1.7882481516762978e-05 |
-----------------------------------------------------------

Scheme evaluation results:
Order: 8, No. cycles: 25
-----------------------------------------------------------
Vector a: 0.3038793241112220, 0.3951604064078315, -0.1192583484525540, -0.2327418033012167, -0.3972728200815818, -0.1697002319481624, -0.0158917589232450, 0.1461773833043317, 0.6219428491710887, -0.2403843173566224, 0.0736211578959839, 0.5300461192154590, 0.1044220399574657
Vector b: 0.1428848873567997, 0.3219888735088458, 0.4683319393068196, -0.7068486362119372, 0.2413650296094745, -1.0359106697726612, 0.6965102058763269, -0.7282937237228175, 1.0206484903314892, 0.2232372080107531, -0.7040058427240310, 0.8512481585160029, 0.2088440799149353
-----------------------------------------------------------
| Order |        Error^2         |       Efficiency       |
-----------------------------------------------------------
|   2   | 4.8900564994207160e-35 | 2.2880370052176184e+14 |
|   4   | 7.4294916391814890e-37 | 2.9700271280864741e+12 |
|   6   | 1.6570959701577550e-38 | 3.1818970016902103e+10 |
|   8   | 1.3494261754517865e-13 | 1.7840431963261525e-05 |
-----------------------------------------------------------

Scheme evaluation results:
Order: 8, No. cycles: 25
-----------------------------------------------------------
Vector a: -0.1228211061348330, 0.4744080549733916, 0.3877914613447120, -0.2464379350565395, -0.4748835308877762, 0.0918987988525993, 0.3815024233223139, -0.6863789750829220, -0.0002265072861346, 0.5155457132457284, 0.0692101676837355, 0.5235911661446785, 0.0868002688810463
Vector b: -0.3452536461538723, 0.4448650800380786, 0.5039510299087046, 0.2716318927807194, -0.7645077628937983, -0.1852592988817541, 0.3690568965869527, 0.3939479500576750, -1.7667059002235190, 1.7662528856512500, -0.7351614591597933, 0.8735817945272644, 0.1736005377620925
-----------------------------------------------------------
| Order |        Error^2         |       Efficiency       |
-----------------------------------------------------------
|   2   | 9.3362463319709363e-34 | 5.2364122689603820e+13 |
|   4   | 1.0148143749694582e-35 | 8.0361245674284412e+11 |
|   6   | 1.4675656865339373e-36 | 3.3811245844766893e+09 |
|   8   | 1.3689227864376936e-13 | 1.7712931956851930e-05 |
-----------------------------------------------------------

Scheme evaluation results:
Order: 8, No. cycles: 25
-----------------------------------------------------------
Vector a: 0.1209119661375247, -0.3780983487002286, -0.2785704707311578, 0.2978211539458884, 0.7425104306565262, -0.6941763890583061, -0.5338336858878124, 0.4605593970516849, 0.7488925073204706, -0.3068398633265050, -0.0667583758298289, 0.7871551993745715, 0.1004264790471727
Vector b: 0.6671577014257898, -1.0924914705765301, 0.3362947731760725, -0.8934357146383877, 1.4890780225301652, -0.0040571612171123, -1.3842956168995006, 0.3166282451238746, 0.6044905489794954, 0.8932944656614457, -1.5069741923144564, 1.3734574406547986, 0.2008529580943453
-----------------------------------------------------------
| Order |        Error^2         |       Efficiency       |
-----------------------------------------------------------
|   2   | 1.4181163848320076e-33 | 4.2487780544549461e+13 |
|   4   | 4.0506249632389816e-35 | 4.0223415751145032e+11 |
|   6   | 6.3013619611805203e-37 | 5.1599172217100201e+09 |
|   8   | 1.5466884930665842e-13 | 1.6663971085282248e-05 |
-----------------------------------------------------------

Scheme evaluation results:
Order: 8, No. cycles: 25
-----------------------------------------------------------
Vector a: 0.6660962436314040, -0.6762572349426200, -0.0596928757152450, 0.6447075205756414, -0.4440070791014981, -0.7228690307527885, -0.1340967175377683, 0.4273101626722587, 0.4781106425295700, 0.2778783503349800, 0.2270082676795246, 0.2097053053580742, 0.1061064452684671
Vector b: 0.6790498535081473, -0.0259072197520501, -1.3266072501344914, 1.2072214987032486, 0.0821935424496067, -0.9702077006526035, -0.4755303608536808, 0.2073369257780237, 0.6472833995660955, 0.3089378854931433, 0.2468188151773555, 0.2071977201804577, 0.2122128905367474
-----------------------------------------------------------
| Order |        Error^2         |       Efficiency       |
-----------------------------------------------------------
|   2   | 3.2800994365345111e-34 | 8.8343881752732531e+13 |
|   4   | 2.4997622054205208e-36 | 1.6191631694824490e+12 |
|   6   | 2.7009680377841696e-38 | 2.4922994721115204e+10 |
|   8   | 1.6362745513661868e-13 | 1.6201373815812302e-05 |
-----------------------------------------------------------

Scheme evaluation results:
Order: 8, No. cycles: 25
-----------------------------------------------------------
Vector a: -0.6719926591554428, 0.6225208677806364, 0.1203327935988391, -0.5539278247158955, 0.0286769375116491, -0.1611857298694372, -0.0704610720401002, 0.4964716180902431, 0.4735168585207736, 0.2535889562484878, 0.1933379624375434, 0.1765971279375055, 0.0925241636551978
Vector b: -0.6681300310367956, -0.0077252563269205, 1.2527669919670894, -1.0121014047429928, -0.0957542450709628, 0.1531081202049743, -0.4754795796943537, 0.3345574356047231, 0.6583858005923081, 0.2886479164130689, 0.2185299961649460, 0.1681459286216673, 0.1850483273032482
-----------------------------------------------------------
| Order |        Error^2         |       Efficiency       |
-----------------------------------------------------------
|   2   | 6.1689943531153648e-35 | 2.0371020991718772e+14 |
|   4   | 1.1869737878420364e-36 | 2.3497377875078735e+12 |
|   6   | 4.8539361705783832e-38 | 1.8591435209329666e+10 |
|   8   | 1.9247137033287697e-13 | 1.4938151561378294e-05 |
-----------------------------------------------------------

Scheme evaluation results:
Order: 8, No. cycles: 25
-----------------------------------------------------------
Vector a: 0.2287178687283567, -0.0944114078892708, -0.3124064440086107, -0.1072580472414642, 0.7100945139219899, -0.1851437634938280, 0.0769459709134267, 0.5369911189092585, -0.3710074644055357, -0.2193542912582847, 0.3498808595184237, 0.2785525109473140, 0.1083985753582249
Vector b: 0.5812477600528070, -0.7050597826487425, 0.5162369668702698, -1.1410498548876895, 0.9265337604046741, 0.4936552674393231, -0.8639427944271000, 1.0178347362539981, 0.0561475015646127, -0.7981624303756788, 0.3594538478589671, 0.3403078711781002, 0.2167971507164589
-----------------------------------------------------------
| Order |        Error^2         |       Efficiency       |
-----------------------------------------------------------
|   2   | 7.5231638452626401e-35 | 1.8446744073709553e+14 |
|   4   | 1.5512852011007875e-36 | 2.0553895331061682e+12 |
|   6   | 1.4337570209136657e-38 | 3.4207565654193623e+10 |
|   8   | 2.0865564197624822e-13 | 1.4347124415276801e-05 |
-----------------------------------------------------------

Scheme evaluation results:
Order: 8, No. cycles: 25
-----------------------------------------------------------
Vector a: 0.2412586912752400, 0.3480504853783982, -0.2039021764607253, 0.0817443813666506, 0.5007167104968346, -0.4732614298337927, -0.1354424804274069, 0.5628349582487142, -0.0487763120790390, -0.0766457420555327, -0.6847202874710490, -0.0005148345126475, 0.8886580360743553
Vector b: 0.1155843628164205, 0.2513486569176385, 0.4447523138391600, -0.8525566667606153, 1.0160454294939176, -0.0146120085002409, -0.9319108511673511, 0.6610258903125352, 0.4646440261848974, -0.5621966503429759, 0.4089051662319090, -1.7783457411740151, 1.7773160721487200
-----------------------------------------------------------
| Order |        Error^2         |       Efficiency       |
-----------------------------------------------------------
|   2   | 8.7870553712667636e-34 | 5.3975702210509727e+13 |
|   4   | 5.8377988197711853e-35 | 3.3505445983793414e+11 |
|   6   | 2.3867134271148473e-36 | 2.6513057261513166e+09 |
|   8   | 2.2890450937332887e-13 | 1.3697861051225662e-05 |
-----------------------------------------------------------

Scheme evaluation results:
Order: 8, No. cycles: 25
-----------------------------------------------------------
Vector a: -0.3194897794115493, -0.9300804141153377, -0.0000178458512133, 1.3102910967085148, 0.3399596890203415, -0.2344326004904969, -0.6325035271044480, -0.2715119693325056, 0.4681806326556752, 0.6227793383711506, 0.3250448071158807, 0.2195555501742565, 0.1022250222597315
Vector b: -0.4332020026311365, 0.2274244464391582, -2.0875852746698169, 2.0875495829673900, 0.5330326104496327, 0.1468867675910549, -0.6157519685720618, -0.6492550856368149, 0.1062311469718070, 0.8301301183395382, 0.4154285584027381, 0.2346610558290488, 0.2044500445194619
-----------------------------------------------------------
| Order |        Error^2         |       Efficiency       |
-----------------------------------------------------------
|   2   | 1.1071840231073027e-32 | 1.5205828135817213e+13 |
|   4   | 4.6754299654017826e-33 | 3.7439426480235741e+10 |
|   6   | 2.3146781591025548e-33 | 8.5136274352089301e+07 |
|   8   | 2.4661857558930949e-13 | 1.3196751477647383e-05 |
-----------------------------------------------------------

Scheme evaluation results:
Order: 8, No. cycles: 25
-----------------------------------------------------------
Vector a: -0.4363386635049009, -0.2647449431451501, -0.0296089453929838, 0.6906039358131909, 0.5904056209593698, -0.0984304054983979, -0.8373597392469225, 0.0767243684261185, 0.6954477843477891, -0.2583144740763484, 0.0930010352441148, 0.6518129557940606, 0.1268014702800600
Vector b: -0.5953028746268971, 0.3179284222439984, -0.8474183085343328, 0.7882004177483568, 0.5930074538780358, 0.5878037880407310, -0.7846645990375247, -0.8900548794563581, 1.0435036163086080, 0.3473919523870212, -0.8640209005397397, 1.0500229710279676, 0.2536029405601337
-----------------------------------------------------------
| Order |        Error^2         |       Efficiency       |
-----------------------------------------------------------
|   2   | 3.0092655381050560e-35 | 2.9166863343567575e+14 |
|   4   | 7.7178550971175814e-37 | 2.9140141419081338e+12 |
|   6   | 7.5002482433197206e-38 | 1.4956229786713682e+10 |
|   8   | 2.6163585018770226e-13 | 1.2812424066656770e-05 |
-----------------------------------------------------------

Scheme evaluation results:
Order: 8, No. cycles: 25
-----------------------------------------------------------
Vector a: 0.3793258892865756, -0.0340114288631796, -0.3910393207314303, -0.0727103255470905, 0.8092366995934617, -0.0411042661874321, -0.2083686792125495, -0.3444302962391884, -0.1722846783259054, 0.4735896499238361, 0.3289182955377288, 0.1904967665530071, 0.0823816942121667
Vector b: 0.6563398007200949, -0.5540278228670388, 0.4860049651406796, -1.2680836066035401, 1.1226629555093592, 0.4958104436775641, -0.5780189760524284, 0.1612816176273292, -0.8501422101057060, 0.5055728534538951, 0.4416064463937770, 0.2162301446816806, 0.1647633884243334
-----------------------------------------------------------
| Order |        Error^2         |       Efficiency       |
-----------------------------------------------------------
|   2   | 3.3854237303681880e-35 | 2.7498782474903966e+14 |
|   4   | 1.2163152288645146e-36 | 2.3212231495615903e+12 |
|   6   | 1.4093926445144501e-38 | 3.4501974325336769e+10 |
|   8   | 2.6598288671650854e-13 | 1.2707294147857490e-05 |
-----------------------------------------------------------

Scheme evaluation results:
Order: 8, No. cycles: 25
-----------------------------------------------------------
Vector a: 0.1688832847436219, 0.1834428767805063, 0.4039989657961059, 0.0374635068591852, -0.1926252508524863, 0.1695818230163391, 0.6460296762159903, -0.0002845459424701, -0.8211357991534145, -0.0832049877783557, 0.2676966100829873, 0.1511759694994565, 0.0689778707325342
Vector b: 0.0836507128423319, 0.1704651424490279, 0.1964206129988759, 0.6115773180651030, -0.5366503043709682, 0.1513998028795772, 0.1877638428798135, 1.1042955094517863, -1.1048646013365060, -0.5374069967045740, 0.3709970212652054, 0.1643961983063062, 0.1379557412740209
-----------------------------------------------------------
| Order |        Error^2         |       Efficiency       |
-----------------------------------------------------------
|   2   | 1.1924214694741284e-33 | 4.6334564904226367e+13 |
|   4   | 4.3568611010542316e-34 | 1.2264592075427444e+11 |
|   6   | 6.8752685936354880e-35 | 4.9398653747663695e+08 |
|   8   | 2.9913349945581074e-13 | 1.1982499093075644e-05 |
-----------------------------------------------------------

Scheme evaluation results:
Order: 8, No. cycles: 25
-----------------------------------------------------------
Vector a: 0.3815888729284374, 0.3006891960429171, -0.3483068886841028, -0.8570019170340800, 0.0396652552088337, 0.5350256386025175, -0.1738742439905047, -0.5280398710087414, -0.0635301460587835, 0.3722447290037341, 0.6511835006656279, 0.5743177138041008, 0.1160381605200440
Vector b: 0.2055290210855392, 0.3521197036480333, 0.2492586884961935, -0.9458724658927938, -0.7681313681384260, 0.8474618785540130, 0.2225893986881153, -0.5703378867019108, -0.4857418553551728, 0.3586815632453084, 0.3858078947637010, 0.9165591065630907, 0.2320763210443090
-----------------------------------------------------------
| Order |        Error^2         |       Efficiency       |
-----------------------------------------------------------
|   2   | 1.5046327690525280e-34 | 1.3043817825332781e+14 |
|   4   | 1.2643911111032230e-36 | 2.2766656147893901e+12 |
|   6   | 7.1211914035260003e-38 | 1.5349124844811846e+10 |
|   8   | 3.2207721538407889e-13 | 1.1547817965807378e-05 |
-----------------------------------------------------------

Scheme evaluation results:
Order: 8, No. cycles: 25
-----------------------------------------------------------
Vector a: -0.1419246453378173, 0.3723923084764800, -0.1645182900890304, -0.6198551716316029, -0.1699576013795340, 0.5217569234192625, 0.5771301129612713, -0.2917464472499379, -0.0248512344664300, 0.5659903060756513, 0.2575278095448120, 0.1185387365758146, -0.0004828068989392
Vector b: -0.3341528474559191, 0.3844564042051459, 0.3603282148608069, -0.6893647969601784, -0.5503455453428118, 0.2104303423649905, 0.8330835046081282, 0.3211767154720936, -0.9046696078017328, 0.8549671385771155, 0.2770134811863688, 0.2380421287136784, -0.0009651324276855
-----------------------------------------------------------
| Order |        Error^2         |       Efficiency       |
-----------------------------------------------------------
|   2   | 3.0199129455296135e-34 | 9.2070981051606656e+13 |
|   4   | 4.7731534853449241e-36 | 1.1717562142978201e+12 |
|   6   | 4.3216981367073388e-37 | 6.2306410708603830e+09 |
|   8   | 3.5655284993936647e-13 | 1.0975339788430571e-05 |
-----------------------------------------------------------

Scheme evaluation results:
Order: 8, No. cycles: 25
-----------------------------------------------------------
Vector a: -1.3479710625147276, -0.0000053471263586, 1.7252001549638425, -0.2034591164387766, -0.0258099211722974, 0.5993295892440154, -0.1643372647017069, -0.2839897590972857, 0.2606999276532287, -0.1919239505612483, 0.0606586263826033, 0.5063457347727909, 0.0652623885959203
Vector b: 0.1474056984140739, -2.9907535218572368, 2.9907428276045196, 0.4596574823226424, -0.8665757152008114, 0.8149558728562264, 0.3837033056326815, -0.7123778350362017, 0.1443983168412374, 0.3770015384656649, -0.7608494395885099, 0.8821666923537663, 0.1305247771919471
-----------------------------------------------------------
| Order |        Error^2         |       Efficiency       |
-----------------------------------------------------------
|   2   | 5.3692820363639462e-33 | 2.1835436300601660e+13 |
|   4   | 3.3252804630441717e-32 | 1.4038665459200521e+10 |
|   6   | 3.2651675224083829e-32 | 2.2667687352495112e+07 |
|   8   | 3.7539090872636181e-13 | 1.0696410344155220e-05 |
-----------------------------------------------------------

Scheme evaluation results:
Order: 8, No. cycles: 25
-----------------------------------------------------------
Vector a: 0.2869485195058284, 0.4257782088678355, -0.0788226121869087, -0.3596134706482224, -0.8501370019047820, 0.0025511976928458, 0.5125271804276715, -0.0328560943504943, 0.5810270652030746, -0.9204570832566003, -0.0002737988357608, 1.3176795214324706, 0.1156483680530421
Vector b: 0.1338354405249679, 0.3062261579617209, 0.5453302597739538, -0.7029754841477772, -0.0162514571493176, -1.6840225466596233, 1.6891249420453149, -0.6640705811898724, 0.5983583924888791, 0.5636957379171893, -2.4046099044304730, 2.4040623067589517, 0.2312967361060861
-----------------------------------------------------------
| Order |        Error^2         |       Efficiency       |
-----------------------------------------------------------
|   2   | 1.8898187579299752e-33 | 3.6805261265896070e+13 |
|   4   | 2.0341360360903506e-34 | 1.7949401347376385e+11 |
|   6   | 5.0928231843339153e-35 | 5.7395870732133734e+08 |
|   8   | 3.8896956520516834e-13 | 1.0508049741264161e-05 |
-----------------------------------------------------------

Scheme evaluation results:
Order: 8, No. cycles: 25
-----------------------------------------------------------
Vector a: 0.3819864715615260, -0.2195701103651392, -0.0229049842421522, 0.6017745558134027, -0.1821293117546484, 0.6418310155199670, -0.0000499058536619, -0.9058492900634671, 0.2623139115018775, -0.2045389831207394, 0.0648294957632192, 0.5116793132801407, 0.0706278219596751
Vector b: 0.1493469978716969, 0.4652789473796488, -0.9044191681099690, 0.8586091996256657, 0.3449399120011938, -0.7091985355104942, 1.9928605665504173, -1.9929603782577412, 0.1812617981307978, 0.3433660248729882, -0.7524439911144968, 0.8821029826409370, 0.1412556439193556
-----------------------------------------------------------
| Order |        Error^2         |       Efficiency       |
-----------------------------------------------------------
|   2   | 1.4083362718331662e-33 | 4.2635052322513625e+13 |
|   4   | 5.5927316656762587e-34 | 1.0825001717494328e+11 |
|   6   | 1.4538517574618989e-33 | 1.0742364517512842e+08 |
|   8   | 4.0310533721602771e-13 | 1.0322161659437793e-05 |
-----------------------------------------------------------

Scheme evaluation results:
Order: 8, No. cycles: 25
-----------------------------------------------------------
Vector a: 0.2344403053341427, -0.1047024423458033, 0.2020072792642054, 0.1378016779918903, -0.7771155999227845, -0.3918735606478297, 0.2320444380449002, 0.2349524429051359, 0.1352463024368050, 0.4064667004185683, 0.4437033385707217, 0.1749760238737362, 0.0720530940763118
Vector b: 0.0847583113426316, 0.2993639883302326, -0.5087688731379214, 0.9127834314771622, -0.6371800754554755, -0.9170511245284516, 0.1333040032610791, 0.3307848725184189, 0.1391200156079899, 0.1313725856226290, 0.6815608169912376, 0.2058458598774869, 0.1441061880929806
-----------------------------------------------------------
| Order |        Error^2         |       Efficiency       |
-----------------------------------------------------------
|   2   | 3.9120451995365728e-35 | 2.5581031393508175e+14 |
|   4   | 8.8204779817385029e-36 | 8.6197348189534705e+11 |
|   6   | 1.1200536418238517e-36 | 3.8702635225839610e+09 |
|   8   | 4.0831329739084954e-13 | 1.0256121775845477e-05 |
-----------------------------------------------------------

Scheme evaluation results:
Order: 8, No. cycles: 25
-----------------------------------------------------------
Vector a: 0.4157918077760580, -0.5288118119645058, -0.3402776096961140, -0.1382495423348702, -0.1617621955769757, 0.5108913911965214, 0.5393822896599196, -0.1533322553198628, -0.1331167742586694, 0.3042923371756397, 0.2932434050924376, 0.2651737668242930, 0.1267751914261284
Vector b: 0.4800722288438710, -0.1285608421354413, -0.9290627817942781, 0.2485075624035549, -0.5250066470745548, 0.2014822559201145, 0.8203005264741872, 0.2584640528420649, -0.5651285634848034, 0.2988950149648938, 0.3096896593936533, 0.2767971507940675, 0.2535503828526705
-----------------------------------------------------------
| Order |        Error^2         |       Efficiency       |
-----------------------------------------------------------
|   2   | 3.0092655381050560e-36 | 9.2233720368547762e+14 |
|   4   | 2.7366977855081381e-38 | 1.5474853452624184e+13 |
|   6   | 1.8951384639283118e-39 | 9.4089134776712326e+10 |
|   8   | 4.2666899705116348e-13 | 1.0033082586938111e-05 |
-----------------------------------------------------------

Scheme evaluation results:
Order: 8, No. cycles: 25
-----------------------------------------------------------
Vector a: -0.1911210521474072, -0.1524001014518516, 0.6008599553691829, -0.0444201966414607, -0.4257568059166428, 0.0668736273513852, -0.3088832897194905, -0.2951079122144973, 0.4873143295323893, 0.6354102709744400, 0.3181891964429375, 0.2163809635821063, 0.0926610148389087
Vector b: 0.1465266767764930, -0.6752954567840975, 0.3704952533606148, 0.8312246569351133, -0.9200650502170249, 0.0685514273459059, 0.0651958495077950, -0.6829624401344280, 0.0927466158364909, 0.8818820432880730, 0.3889384975192789, 0.2474398967760490, 0.1853220297897368
-----------------------------------------------------------
| Order |        Error^2         |       Efficiency       |
-----------------------------------------------------------
|   2   | 1.5949107351956797e-34 | 1.2669275844909406e+14 |
|   4   | 1.4863727959271981e-33 | 6.6401224961051956e+10 |
|   6   | 1.9035294559482704e-35 | 9.3881527493793499e+08 |
|   8   | 4.5762925550285549e-13 | 9.6877526198092553e-06 |
-----------------------------------------------------------

Scheme evaluation results:
Order: 8, No. cycles: 25
-----------------------------------------------------------
Vector a: -0.8242233787661597, 0.1159922024323100, 0.5857469029098715, -0.1780162884527290, -0.2279878943774080, 0.1969773184862331, 0.5646303611766129, 0.6889729077361331, 0.1997578471281645, -0.4464484987024989, -0.2656870661490572, 0.3781958069331263, 0.2120897796454015
Vector b: -0.5113468968651468, -0.6257529638020256, 0.8577373686666450, 0.3137564371530976, -0.6697890140585556, 0.2138132253037414, 0.1801414116687222, 0.9491193106845056, 0.4288265047877596, -0.0293108105314308, -0.8635861868735656, 0.3322120545754505, 0.4241795592908025
-----------------------------------------------------------
| Order |        Error^2         |       Efficiency       |
-----------------------------------------------------------
|   2   | 7.5231638452626401e-35 | 1.8446744073709553e+14 |
|   4   | 8.1998077809547193e-36 | 8.9400125694330188e+11 |
|   6   | 8.6749836508937298e-38 | 1.3906748975781160e+10 |
|   8   | 5.5324786022019316e-13 | 8.8108956779792202e-06 |
-----------------------------------------------------------

Scheme evaluation results:
Order: 8, No. cycles: 25
-----------------------------------------------------------
Vector a: 0.1413294992394465, 0.5543735950282925, 0.4802576298508999, -0.5036430142277609, -0.3866519129011223, 0.2882158679192444, 0.2715084024764024, -0.3437390886826610, 0.0334635520025966, 0.1920722596294664, -0.0810223172133072, 0.2785235800531273, 0.0753119468253753
Vector b: 0.0683936033942542, 0.1458717939522880, 0.9628753937029070, -0.0023601361157042, -1.0049258902413889, 0.2316220641098157, 0.3448096714564278, 0.1982071352682888, -0.8856853139387655, 0.9526124179746330, -0.5684678984726735, 0.4064232643374339, 0.1506238945724840
-----------------------------------------------------------
| Order |        Error^2         |       Efficiency       |
-----------------------------------------------------------
|   2   | 2.0350158201435441e-33 | 3.5467950017597422e+13 |
|   4   | 2.3877458589818110e-35 | 5.2389700420950494e+11 |
|   6   | 1.1910003054740982e-36 | 3.7532199103066187e+09 |
|   8   | 6.1388817437292740e-13 | 8.3644096983406980e-06 |
-----------------------------------------------------------

Scheme evaluation results:
Order: 8, No. cycles: 25
-----------------------------------------------------------
Vector a: -0.1984426804177699, -0.1760322415756975, 0.3746706423815133, 0.3722863132197020, 0.2415874442135333, 0.1868044226367933, -1.3331414589652584, -0.0000033068482928, 1.0378127355309428, -0.4052003203447258, 0.3573731997679732, 0.4664938528455091, 0.0757913975557774
Vector b: 0.1113025601333646, -0.6194904811022676, 0.2674259979508666, 0.4819152868121659, 0.2626573396272462, 0.2205175487997757, 0.1530912964738894, -2.8193742144045277, 2.8193676007079422, -0.7437421296459776, -0.0666585110434805, 0.7814049105794334, 0.1515827951115696
-----------------------------------------------------------
| Order |        Error^2         |       Efficiency       |
-----------------------------------------------------------
|   2   | 5.0472906237867052e-33 | 2.2521163658254734e+13 |
|   4   | 3.2601100632632819e-34 | 1.4178289316096985e+11 |
|   6   | 1.2258077307821836e-34 | 3.6995488816942543e+08 |
|   8   | 6.2761107276755636e-13 | 8.2724591653219547e-06 |
-----------------------------------------------------------

Scheme evaluation results:
Order: 8, No. cycles: 25
-----------------------------------------------------------
Vector a: -0.3934170100694298, -0.1787832864373946, -0.1919960899153773, 0.4920149165588016, 0.6082237017472093, -0.1563408770876195, -0.1626473707607963, -0.1770486105070099, 0.0805842588896505, 0.6459824976092171, 0.3099325050436938, 0.1239016846854364, -0.0004063197563814
Vector b: -0.4994526499004394, 0.2120712796677786, -0.5696378525491721, 0.1856456727172851, 0.7983841604029572, 0.4180632430931162, -0.7307449972704584, 0.4054502557492729, -0.7595474767586757, 0.9207159945362230, 0.3712490006780874, 0.2486160094112500, -0.0008126397772248
-----------------------------------------------------------
| Order |        Error^2         |       Efficiency       |
-----------------------------------------------------------
|   2   | 7.1071214970180925e-35 | 1.8978990689511844e+14 |
|   4   | 1.7428252118327385e-36 | 1.9391573397764563e+12 |
|   6   | 1.3045804990567335e-38 | 3.5861174302865479e+10 |
|   8   | 7.6246937872745661e-13 | 7.5053115921083674e-06 |
-----------------------------------------------------------

Scheme evaluation results:
Order: 8, No. cycles: 25
-----------------------------------------------------------
Vector a: 0.2436599114178546, 0.5293992861556086, -0.0484015595481824, -0.3412258508838550, 0.2436346536875498, 0.2945525906091352, -0.1355487470902508, -0.0859187585112012, -0.1281188813282439, 0.0945787711805069, 0.1591211178446902, -0.0520566491329011, 0.2263241155992891
Vector b: 0.1213412211654135, 0.2446373805048825, 0.8141611918063345, -0.9109643109026991, 0.2285126091349892, 0.2587566982401104, 0.3303484829781598, -0.6014459771586611, 0.4296084601362587, -0.6858462227927467, 0.8750037651537603, -0.5567615294643806, 0.4526482311985786
-----------------------------------------------------------
| Order |        Error^2         |       Efficiency       |
-----------------------------------------------------------
|   2   | 1.5949107351956797e-34 | 1.2669275844909406e+14 |
|   4   | 6.4747698211230124e-36 | 1.0060690720854629e+12 |
|   6   | 1.0759425205925838e-37 | 1.2487209917058640e+10 |
|   8   | 9.1456092590382611e-13 | 6.8528876118453636e-06 |
-----------------------------------------------------------

Scheme evaluation results:
Order: 8, No. cycles: 25
-----------------------------------------------------------
Vector a: 0.0744049549485521, 0.6260281165591046, -0.7077857150037979, -0.0195864965053570, 0.1178431233543639, -0.5142568585750322, -0.2150950522496622, -0.0746493154461242, 0.5387756908006185, 0.5240465056489237, 0.3068572083428109, 0.2378301656646940, 0.1055876724609058
Vector b: -0.5588242347305004, 1.2664583793596729, -0.0144021461842878, -1.4011692838691179, 1.3619962908511156, -1.1263100441475455, 0.0977963269881650, -0.5279864314824695, 0.3786878005842737, 0.6988635810267133, 0.3492294302710438, 0.2644849864096904, 0.2111753449232465
-----------------------------------------------------------
| Order |        Error^2         |       Efficiency       |
-----------------------------------------------------------
|   2   | 2.4074124304840448e-35 | 3.2609544563331950e+14 |
|   4   | 1.5959172522335713e-36 | 2.0264448111502329e+12 |
|   6   | 2.9878441014782891e-38 | 2.3696324108706646e+10 |
|   8   | 9.2501816703132486e-13 | 6.8140418964065723e-06 |
-----------------------------------------------------------

Scheme evaluation results:
Order: 8, No. cycles: 25
-----------------------------------------------------------
Vector a: -0.4140377531599923, 0.3616813383232889, -0.2466558946708235, -0.1966961224718281, -0.3948124786424541, 0.0006499450290569, 0.3833288829539882, 0.3191555498012056, 0.6927917460203389, 0.3650896473738920, -0.1020855646600276, -0.0495334998945713, 0.2811242039979263
Vector b: -0.6006937163220882, 0.3733119263241919, 0.3500507503223862, -0.8433625396640333, 0.4499702947203756, -1.2395952520052838, 1.2408951420633976, -0.4742373761554209, 1.1125484757578334, 0.2730350162828442, 0.4571442784649399, -0.6613154077849952, 0.5622484079958526
-----------------------------------------------------------
| Order |        Error^2         |       Efficiency       |
-----------------------------------------------------------
|   2   | 4.8148248609680896e-34 | 7.2917158358918938e+13 |
|   4   | 5.4484163160613026e-36 | 1.0967428780664910e+12 |
|   6   | 5.9435317999478012e-36 | 1.6801097519753361e+09 |
|   8   | 9.6631622904694066e-13 | 6.6668440132663433e-06 |
-----------------------------------------------------------

Scheme evaluation results:
Order: 8, No. cycles: 25
-----------------------------------------------------------
Vector a: -0.0362879872362220, -0.2955102969564324, 0.4989445283754444, 0.5476135986982030, -0.1153757437850986, -0.0824916642992456, -0.4670795184015533, -0.6954014665687593, 0.7203061509533280, -0.0505706300199790, -0.0169995187988635, 0.8743951347492964, 0.1184574132898817
Vector b: 0.4039306487938366, -0.8804372720601186, 0.2894166781472542, 0.7084723786036357, 0.3867548187927704, -0.6175063063629679, 0.4525229777644761, -1.3866820145675818, -0.0041209185699394, 1.4447332204765984, -1.5458744805165561, 1.5118754429188290, 0.2369148265797635
-----------------------------------------------------------
| Order |        Error^2         |       Efficiency       |
-----------------------------------------------------------
|   2   | 3.8518598887744717e-34 | 8.1523861408329875e+13 |
|   4   | 6.3414246807016091e-36 | 1.0165916683222485e+12 |
|   6   | 2.5623379170201469e-37 | 8.0917367686407623e+09 |
|   8   | 9.6715404942589070e-13 | 6.6639557309012068e-06 |
-----------------------------------------------------------

Scheme evaluation results:
Order: 8, No. cycles: 25
-----------------------------------------------------------
Vector a: -0.5169467238169857, 0.3343256797824509, 0.3750858534527155, 0.1915280843555114, 0.1626203944209859, -0.1447612153943967, -0.6531556791350965, 0.1078087320060774, 0.7323536320081977, 0.3112430994816417, 0.2913947454420294, -0.0105373110301066, -0.1809592915730245
Vector b: -0.5792141384020605, 0.1245348291701235, 0.5441165303948396, 0.2060551765105722, 0.1770009922003021, 0.1482397966419318, -0.4377622274308356, -0.8685491308393676, 1.0841665948515167, 0.3805406691649181, 0.2419455297982788, 0.3408439610858632, -0.3619185831460823
-----------------------------------------------------------
| Order |        Error^2         |       Efficiency       |
-----------------------------------------------------------
|   2   | 3.8518598887744717e-34 | 8.1523861408329875e+13 |
|   4   | 2.6007812511943111e-36 | 1.5874061277830679e+12 |
|   6   | 2.7589033214932149e-38 | 2.4659922475363586e+10 |
|   8   | 1.0088497847505457e-12 | 6.5247920927711662e-06 |
-----------------------------------------------------------

Scheme evaluation results:
Order: 8, No. cycles: 25
-----------------------------------------------------------
Vector a: -0.0800393505023109, -0.0798526201665599, 0.6639166150369296, 0.1150395511687375, -0.2508673816433762, 0.2311082561803638, -0.2149331690990110, -0.1108603004298219, 0.4492373224186067, -0.2691752114307067, -0.0553388696734920, 0.5159445633368493, 0.0858205948037917
Vector b: 0.1955915227326511, -0.5512617464012155, 0.3915565060445101, 0.9362767239835715, -0.7061976216449674, 0.2044628583688752, 0.2577536539765455, -0.6876199921670579, 0.4658993913025073, 0.4325752535411921, -0.9709256764077777, 0.8602479370609408, 0.1716411896102248
-----------------------------------------------------------
| Order |        Error^2         |       Efficiency       |
-----------------------------------------------------------
|   2   | 1.2789378536946488e-34 | 1.4148006862762941e+14 |
|   4   | 1.9423207437415141e-36 | 1.8368745249965947e+12 |
|   6   | 3.3960633636130732e-38 | 2.2226549937529343e+10 |
|   8   | 1.0518654850374824e-12 | 6.3899848460721910e-06 |
-----------------------------------------------------------

Scheme evaluation results:
Order: 8, No. cycles: 25
-----------------------------------------------------------
Vector a: 0.8215550829608149, -0.0436707293945019, -0.8000581201878941, -0.4992864514746205, 0.5417815952749786, 0.5231841042856447, -0.6352776534111348, 0.0124527983756567, 0.8529389456786580, -0.9079166056261094, -0.0026232583642414, 1.0659875201500435, 0.0709327717327058
Vector b: 0.6984987273676840, 0.2461127111862861, -0.3334541699753024, -1.2666620704004987, 0.2680891674512964, 0.8154740230986114, 0.2308941854727367, -1.5014494922950281, 1.5263550890463407, 0.1795228023109384, -1.9953560135631188, 1.9901094968346362, 0.1418655434654181
-----------------------------------------------------------
| Order |        Error^2         |       Efficiency       |
-----------------------------------------------------------
|   2   | 5.4166779685891008e-34 | 6.8746956187259914e+13 |
|   4   | 2.4949867596203052e-35 | 5.1251412918017432e+11 |
|   6   | 2.2376736990514553e-36 | 2.7381773223552380e+09 |
|   8   | 1.0570361780878658e-12 | 6.3743367745092708e-06 |
-----------------------------------------------------------

Scheme evaluation results:
Order: 8, No. cycles: 25
-----------------------------------------------------------
Vector a: -0.1621154661893671, 0.4184230657590939, 0.3481587162967646, 0.1901985910547360, -0.7095479098748477, -0.7723619583456347, 0.2266067838441064, 0.9278928187009736, 0.0084496433411735, -0.9409132843357013, 0.5296306290715344, 0.8541960976978781, 0.0813822729792902
Vector b: -0.3548706610583572, 0.3855103897366809, 0.4513357417818268, 0.2449816908131940, 0.1354154912950108, -1.5545113110456505, 0.0097873943492786, 0.4434261733421347, 1.4123594640605828, -1.3954601773782129, -0.4863663912939897, 1.5456276494390246, 0.1627645459584772
-----------------------------------------------------------
| Order |        Error^2         |       Efficiency       |
-----------------------------------------------------------
|   2   | 5.9282531100669604e-34 | 6.5713804856688016e+13 |
|   4   | 2.0046127607854796e-35 | 5.7177441733596960e+11 |
|   6   | 2.2845325311531221e-36 | 2.7099499790471382e+09 |
|   8   | 1.1401102988878668e-12 | 6.1377118596862352e-06 |
-----------------------------------------------------------

Scheme evaluation results:
Order: 8, No. cycles: 25
-----------------------------------------------------------
Vector a: -0.1104104536084088, -0.6920659332560806, 0.0367932036999963, 0.5640764356333097, 0.6329209918670767, 0.0776235203941961, -0.2519694304561932, 0.2803144698280431, 0.2761703893170161, -0.3455505444688735, -0.0706425791630140, 0.5062463488121242, 0.0964935814008081
Vector b: 0.2187114061145644, -0.6582437194459417, -0.7258881470662246, 0.7994745544662171, 0.3286783168004062, 0.9371636669337434, -0.7819166261453506, 0.2779777652329636, 0.2826511744231228, 0.2696896042109105, -0.9607906931486586, 0.8195055348226306, 0.1929871628016169
-----------------------------------------------------------
| Order |        Error^2         |       Efficiency       |
-----------------------------------------------------------
|   2   | 1.7528971759461951e-34 | 1.2084863851149998e+14 |
|   4   | 3.5532990173449960e-36 | 1.3580760406870732e+12 |
|   6   | 1.7763995226316563e-37 | 9.7182848426086597e+09 |
|   8   | 1.2621065218021048e-12 | 5.8335365753201915e-06 |
-----------------------------------------------------------

Scheme evaluation results:
Order: 8, No. cycles: 25
-----------------------------------------------------------
Vector a: -0.3164592855628015, -0.1547161837327886, -0.3662379714303434, 0.0100931607070801, 0.6664637994251749, 0.4040099582373459, 0.3862989066458680, 0.2680075889843569, -0.2189737526454664, 0.5856753388840972, -0.0001860547461018, -0.6089987135828796, 0.3450232088164583
Vector b: -0.0081422989943715, -0.6166339731368553, 0.3072016056712599, -1.0396775485319674, 1.0598638699461285, 0.2730637289042768, 0.5349561875703811, 0.2376416257213695, 0.2983735522473449, -0.7363210575382713, 1.9076717353065455, -1.9080438447987491, 0.6900464176329086
-----------------------------------------------------------
| Order |        Error^2         |       Efficiency       |
-----------------------------------------------------------
|   2   | 4.7185283637487278e-33 | 2.3292531830951398e+13 |
|   4   | 1.6104096282112716e-33 | 6.3792817837547951e+10 |
|   6   | 1.9683123411788068e-33 | 9.2323644540173903e+07 |
|   8   | 1.5238537641019005e-12 | 5.3089457142025295e-06 |
-----------------------------------------------------------

Scheme evaluation results:
Order: 8, No. cycles: 25
-----------------------------------------------------------
Vector a: -0.3155238113712176, -0.5636417552874964, 0.5276439908783283, 0.0556517404334719, -0.2664359761506967, -0.0824339962414471, -0.1994670650134636, 0.5734259639270454, 0.6704864471807500, 0.4469531946724658, -0.5626043991055414, -0.0105396133429026, 0.7264852794207040
Vector b: 0.1611689316777261, -0.9533854860978866, -0.1738980244771078, 1.2291860062337656, -1.1178825253668219, 0.5850105730654280, -0.7498785655483222, 0.3509444355213944, 0.7959074923326979, 0.5450654020288014, 0.3488409873161304, -1.4740497855272130, 1.4529705588414077
-----------------------------------------------------------
| Order |        Error^2         |       Efficiency       |
-----------------------------------------------------------
|   2   | 9.6296497219361793e-35 | 1.6304772281665975e+14 |
|   4   | 9.9799470384812209e-36 | 8.1035599061355811e+11 |
|   6   | 6.0993692717031838e-37 | 5.2446617530422697e+09 |
|   8   | 2.1638942373948144e-12 | 4.4551457387826047e-06 |
-----------------------------------------------------------

Scheme evaluation results:
Order: 8, No. cycles: 25
-----------------------------------------------------------
Vector a: 0.7847282882504638, -0.0755643780092338, -0.3487616186078740, -0.0609311784268089, -0.3470336255341648, 0.6474879091113568, 0.2125994438879837, -0.1973971172140604, 0.3039554574081157, -0.4404305843086798, -0.1609360775067793, 0.5213451658350030, 0.1609383151146781
Vector b: 0.2109803660248458, 1.1474958444512358, -1.2986246004697035, 0.6011013632539556, -0.7229637201075735, 0.0288964690392432, 1.2660793491834710, -0.8408804614075033, 0.4460862269793824, 0.1618246878368489, -1.0426858564542087, 0.7208137014406502, 0.3218766302293561
-----------------------------------------------------------
| Order |        Error^2         |       Efficiency       |
-----------------------------------------------------------
|   2   | 1.1134282490988707e-34 | 1.5163130223994756e+14 |
|   4   | 2.7168613183380120e-36 | 1.5531243550163687e+12 |
|   6   | 1.9968870032618542e-36 | 2.8985660608869658e+09 |
|   8   | 2.3142446211795232e-12 | 4.3079960767765630e-06 |
-----------------------------------------------------------

Scheme evaluation results:
Order: 8, No. cycles: 25
-----------------------------------------------------------
Vector a: -0.2910511472108472, 0.0403153550003852, 0.9657541354545068, -0.0096961677453473, -0.3206773388331050, -0.3808811692905672, -0.3734347672337479, -0.1412363100122158, -0.2507601739007299, 0.5838124792570013, 0.7153398121502421, 0.3257170322117486, 0.1367982601526762
Vector b: 0.1639375611579887, -0.9099774167376757, 0.9906081267384454, 0.9409001441705757, -0.9602924796612701, 0.3189378019950558, -1.0807001405761878, 0.3338306061086911, -0.6163032261331212, 0.1147828783316627, 1.0528420801823382, 0.3778375441181452, 0.2735965203053521
-----------------------------------------------------------
| Order |        Error^2         |       Efficiency       |
-----------------------------------------------------------
|   2   | 3.4907480242018650e-34 | 8.5636859475825562e+13 |
|   4   | 5.4096617366826303e-36 | 1.1006643761743889e+12 |
|   6   | 1.5456390444867791e-37 | 1.0418517078816576e+10 |
|   8   | 2.5306544655252512e-12 | 4.1196802096278050e-06 |
-----------------------------------------------------------

Scheme evaluation results:
Order: 8, No. cycles: 25
-----------------------------------------------------------
Vector a: 0.3847022646948735, 0.3491953962209195, -0.3188880945502245, -0.5793015619548225, 0.4545403450896007, -0.0508071541870432, -0.3677212166137722, 0.5061696036317995, -0.2205964575867033, -0.4926520844064859, 0.5696786573474074, 0.6795212155094550, 0.0861590868049959
Vector b: 0.1757491703723549, 0.4179061886450371, 0.2804846037968018, -0.9182607928972507, -0.2403423310123941, 1.1494230211915955, -1.2510373295656818, 0.5155948963381376, 0.4967443109254614, -0.9379372260988681, -0.0473669427141036, 1.1867242574089183, 0.1723181736099917
-----------------------------------------------------------
| Order |        Error^2         |       Efficiency       |
-----------------------------------------------------------
|   2   | 1.3917853113735884e-34 | 1.3562315973013555e+14 |
|   4   | 1.9528359080516041e-36 | 1.8319224682581536e+12 |
|   6   | 7.8714897613182085e-38 | 1.4599281429703434e+10 |
|   8   | 2.8779595109751435e-12 | 3.8631145912019449e-06 |
-----------------------------------------------------------

Scheme evaluation results:
Order: 8, No. cycles: 25
-----------------------------------------------------------
Vector a: -0.0521817110565528, 0.1646257474289353, -0.2907277900287379, 0.8572954692012957, -0.0594653340645792, -0.2178832365951156, 0.2999208176211882, -0.6458381100032778, 0.0820270361289994, -0.0451976732119932, -0.0595164577631386, 0.8923888148149847, 0.0745524275279920
Vector b: -1.0107820232696592, 1.9172006244262125, -1.5879491295683410, 1.0064935495108638, 0.7080973888917280, -0.8270280570208864, 0.3912615838306551, 0.2085800514117217, -1.5002562714182779, 1.6643103436762765, -1.7547056901002631, 1.6356727745739859, 0.1491048550559839
-----------------------------------------------------------
| Order |        Error^2         |       Efficiency       |
-----------------------------------------------------------
|   2   | 8.7043005689688745e-34 | 5.4231678090989617e+13 |
|   4   | 1.3818946284373728e-36 | 2.1777223131492461e+12 |
|   6   | 3.8785192985703010e-37 | 6.5769867904759884e+09 |
|   8   | 2.9879877425827433e-12 | 3.7913207242996805e-06 |
-----------------------------------------------------------

Scheme evaluation results:
Order: 8, No. cycles: 25
-----------------------------------------------------------
Vector a: 0.5825650793343856, -0.2685108718920695, -0.1075683239914258, 0.7276222173353887, -0.9263936801797003, -0.0006634831760580, 0.8834162316867510, -0.1705374592679497, -0.3472864199819962, 0.0375331968971516, -0.4144952280940626, 0.0023544713969960, 1.0019642699325892
Vector b: 0.3444038574129080, 0.4763224438429349, -1.0133441876273450, 0.7982075396443560, 0.6570368950268242, -2.5098242553886343, 2.5084972890365176, -0.7416648256606166, 0.4005899071247312, -1.0951627470890433, 1.1702291408833720, -1.9992195970732938, 2.0039285398672888
-----------------------------------------------------------
| Order |        Error^2         |       Efficiency       |
-----------------------------------------------------------
|   2   | 7.0728980810198555e-34 | 6.0161863870419680e+13 |
|   4   | 5.5152083011156022e-34 | 1.0900815909636916e+11 |
|   6   | 2.5360492698800952e-35 | 8.1335680510315084e+08 |
|   8   | 3.3909064227918314e-12 | 3.5589511600053554e-06 |
-----------------------------------------------------------

Scheme evaluation results:
Order: 8, No. cycles: 25
-----------------------------------------------------------
Vector a: 0.1910091541496620, 0.5607904884223786, -0.6486934372857340, -0.5173300162620075, 0.1704003722971330, 0.1539137029892053, -0.3802762904664199, -0.3699612640065620, 0.5728498786481111, 0.6790940618266225, 0.3886045020221519, 0.1990767716905114, 0.0005220759749477
Vector b: -0.4111674897864871, 1.2043532878704764, -0.0827723110298629, -1.2146145635362970, 0.1799545309777346, 0.1608462137409992, 0.1469811920923493, -0.9075337729685252, 0.1676112449599788, 0.9780885123297193, 0.3800996113297951, 0.3971093927053703, 0.0010441513147493
-----------------------------------------------------------
| Order |        Error^2         |       Efficiency       |
-----------------------------------------------------------
|   2   | 1.0871343690163955e-34 | 1.5345405522196934e+14 |
|   4   | 7.9548129243082259e-37 | 2.8702847262502212e+12 |
|   6   | 4.2693747069636428e-38 | 1.9823384809587212e+10 |
|   8   | 3.7947945784110691e-12 | 3.3642308958919315e-06 |
-----------------------------------------------------------

Scheme evaluation results:
Order: 8, No. cycles: 25
-----------------------------------------------------------
Vector a: -0.5224559964480292, -0.6953903671662878, -0.0446258772785320, 0.1421153581914276, 0.9287494145917947, 0.0210243918292389, -0.4243188033483735, 0.7703485110251180, 0.5823956501937945, -0.8509994972462988, -1.1041016225847207, 1.0982553370694730, 1.0990035011713950
Vector b: 0.0292925325946339, -1.1034970580853292, -0.2872836762472423, 0.1980319216901803, 0.0861987946926580, 1.7713000344909675, -1.7292512508324884, 0.8806136441357112, 0.6600833779145295, 0.5047079224730552, -2.2067069169656999, -0.0014963282038198, 2.1980070023428437
-----------------------------------------------------------
| Order |        Error^2         |       Efficiency       |
-----------------------------------------------------------
|   2   | 1.8807909613156600e-33 | 3.6893488147419102e+13 |
|   4   | 1.1187179736775710e-34 | 2.4203582752463290e+11 |
|   6   | 1.3520998213990959e-35 | 1.1139240234347415e+09 |
|   8   | 1.2914159649308630e-11 | 1.8236725247603894e-06 |
-----------------------------------------------------------

Scheme evaluation results:
Order: 8, No. cycles: 25
-----------------------------------------------------------
Vector a: -0.1391945682542250, 0.9506434251002674, 0.6924283761824394, -0.6712469748914941, -0.4274354590268115, 0.4844849786763301, -0.2847372240238335, -0.8784221266943761, -0.0084805409647547, 1.4414439008590567, -0.0008378979967244, -0.6290165899949491, 0.4703707010290749
Vector b: -0.3957732261096771, 0.5131573157109061, 1.3881295344896345, -0.0032727821247602, -1.3392211676582240, 0.4843502496045955, 0.4846197077480641, -1.0540941557957308, -0.7027500975930490, 0.6857890156635394, 2.1970987860546147, -2.1987745820480638, 0.9407414020581502
-----------------------------------------------------------
| Order |        Error^2         |       Efficiency       |
-----------------------------------------------------------
|   2   | 1.3926880910350199e-32 | 1.3557919522747404e+13 |
|   4   | 9.6402291710935799e-34 | 8.2451068133188492e+10 |
|   6   | 6.6241822703634774e-34 | 1.5914529771446013e+08 |
|   8   | 2.5031824735230540e-11 | 1.3098865293259170e-06 |
-----------------------------------------------------------

Scheme evaluation results:
Order: 8, No. cycles: 25
-----------------------------------------------------------
Vector a: -0.6257415707331490, 0.4245250881735859, 0.6236653526312326, 0.3369839356720911, -0.3765336725515358, 0.0034556888791010, 0.2371189014911403, -0.6654013079038229, -0.1403708382523318, 0.3213099863997492, 0.3165068885512365, 0.3548620800993297, 0.1896194675433732
Vector b: -0.5514709426400679, -0.1485412561861617, 0.9975914325333332, 0.2497392727291315, 0.4242285986150511, -1.1772959437181236, 1.1842073214763256, -0.7099695184940441, -0.6208330973136017, 0.3400914208089377, 0.3025285519905607, 0.3304852251119130, 0.3792389350867463
-----------------------------------------------------------
| Order |        Error^2         |       Efficiency       |
-----------------------------------------------------------
|   2   | 1.0833355937178202e-34 | 1.5372286728091294e+14 |
|   4   | 1.5090408728681116e-36 | 2.0839604082517456e+12 |
|   6   | 5.9229635074572784e-38 | 1.6830244280301918e+10 |
|   8   | 3.2626123032030869e-11 | 1.1473533706725950e-06 |
-----------------------------------------------------------

Scheme evaluation results:
Order: 8, No. cycles: 25
-----------------------------------------------------------
Vector a: -0.3232366536881392, 0.3235826134076208, -0.2513849597569253, 0.3407016818026707, 0.9051085710669907, -0.0257756188508838, -0.9320295603174684, -0.5972978462619715, 0.6621548659089590, 0.7454334774513564, -0.1067009906463806, -0.0493362235905820, 0.3087806434747532
Vector b: -0.4746161679164216, 0.3027590284565641, 0.3444061983586790, -0.8471761178725313, 1.5285794814778737, 0.2816376606561102, -0.3331888983578780, -1.5308702222770614, 0.3362745297531169, 0.9880352020648024, 0.5028317528379099, -0.7162337341306718, 0.6175612869495077
-----------------------------------------------------------
| Order |        Error^2         |       Efficiency       |
-----------------------------------------------------------
|   2   | 3.0092655381050560e-34 | 9.2233720368547766e+13 |
|   4   | 7.5496124681561415e-36 | 9.3170330419229626e+11 |
|   6   | 3.9949832037841559e-37 | 6.4804097849582596e+09 |
|   8   | 4.8851757067577332e-11 | 9.3764801001172793e-07 |
-----------------------------------------------------------

Scheme evaluation results:
Order: 8, No. cycles: 25
-----------------------------------------------------------
Vector a: 0.3177667021210943, 0.3286110760631976, 0.5554132664169336, 0.0368212983002725, -0.2449682167087883, -0.2382158424108533, 0.0150307351696924, 0.8611886077534404, -0.0039854227995472, -0.8320405072548080, -0.1863472706844560, 0.2642251919900848, 0.1265003820437371
Vector b: 0.1588203511186909, 0.3178927020052156, 0.3393294501204984, 0.7714970827142343, -0.6978544861136716, 0.2079180526960700, -0.6843497375187141, 0.7144112078580304, 1.0079660076500079, -1.0159368532491031, -0.6481441612611918, 0.2754496198922532, 0.2530007640876800
-----------------------------------------------------------
| Order |        Error^2         |       Efficiency       |
-----------------------------------------------------------
|   2   | 5.9011697202240149e-33 | 2.0828161187953312e+13 |
|   4   | 4.0216343338118269e-34 | 1.2765524849337152e+11 |
|   6   | 5.6570117041789385e-35 | 5.4458592081074393e+08 |
|   8   | 7.2375048705535998e-11 | 7.7034540449882619e-07 |
-----------------------------------------------------------

Scheme evaluation results:
Order: 8, No. cycles: 25
-----------------------------------------------------------
Vector a: 0.3979993134024942, -0.0027658727353041, -0.6844076125570017, -0.0938110770445104, -0.1305388202059396, 0.6744331382979309, 0.6879586618766096, -0.1268235869283365, -0.0697686697932967, -0.3518607501146765, -0.6918008333034301, 0.6857910974691385, 0.7055950116363225
Vector b: -0.5699258978884837, 1.9358504225819555, -1.9413821680525638, 0.5725669429385601, -0.7601890970275810, 0.4991114566157019, 0.8497548199801601, 0.5261625037730590, -0.7798096776297320, 0.6402723380431385, -1.3439938382724916, -0.0396078283343684, 1.4111900232726453
-----------------------------------------------------------
| Order |        Error^2         |       Efficiency       |
-----------------------------------------------------------
|   2   | 4.4537129963954829e-34 | 7.5815651119973781e+13 |
|   4   | 6.4370070651028464e-35 | 3.1907881641011115e+11 |
|   6   | 4.9398313383383473e-36 | 1.8429089852490168e+09 |
|   8   | 1.0129712729437376e-10 | 6.5115048141077366e-07 |
-----------------------------------------------------------

Scheme evaluation results:
Order: 8, No. cycles: 25
-----------------------------------------------------------
Vector a: 0.3835802626352586, 0.5096180833011501, 0.3023494492442961, -0.5337383773698018, 0.2172604719973745, 0.7760389340771339, 0.1146112036065562, -0.0403587586323433, -0.8377328023679652, 0.4990499645772948, -0.0006299740643931, -0.8041901133666691, 0.4141416563621083
Vector b: 0.1871605348264868, 0.3928394556175521, 0.6263967109847423, -0.0216978124961699, -1.0457789422434176, 1.4802998862381787, 0.0717779819160823, 0.1574444252970365, -0.2381619425617243, -1.4373036621742041, 2.4354035913288135, -2.4366635394575997, 0.8282833127242236
-----------------------------------------------------------
| Order |        Error^2         |       Efficiency       |
-----------------------------------------------------------
|   2   | 1.7140776505046399e-32 | 1.2220943506970006e+13 |
|   4   | 1.0998430608864176e-32 | 2.4410383684973305e+10 |
|   6   | 1.5327978826219788e-32 | 3.3083961142019011e+07 |
|   8   | 1.7674750551095356e-10 | 4.9295046887039600e-07 |
-----------------------------------------------------------

Scheme evaluation results:
Order: 8, No. cycles: 25
-----------------------------------------------------------
Vector a: -0.8976693610412305, 0.9636510877854234, 0.7268785563366165, -0.9026284597706642, -0.6343855456075909, 0.5699704506964131, 0.7209335688970934, -0.1014213912380209, -0.0766427842459632, 0.4909051705478658, -0.0544758777173874, -0.0402151705751780, 0.2350997559326229
Vector b: -0.9605233748917292, 0.1257080277009368, 1.8015941478699720, -0.3478370351966860, -1.4574198843446999, 0.1886487931294551, 0.9512921082634248, 0.4905750295307864, -0.6934178120068130, 0.5401322435148710, 0.4416780975808061, -0.5506298530155960, 0.4701995118652720
-----------------------------------------------------------
| Order |        Error^2         |       Efficiency       |
-----------------------------------------------------------
|   2   | 1.3511602266091702e-33 | 4.3527783854290172e+13 |
|   4   | 3.6502038328909083e-35 | 4.2372238382021167e+11 |
|   6   | 3.3065076679526613e-36 | 2.2525538436034675e+09 |
|   8   | 7.8583560471975949e-10 | 2.3378362026540080e-07 |
-----------------------------------------------------------

