Scheme evaluation results:
Order: 8, No. cycles: 21
---------------------------------------------------------------------------------------------------
Vector a: -0.278753502189144232730588950836087459, 0.250869962910331725812441581861649480, -0.217820343357099332910107615630891561, 0.091512174005309875215241354194998044, 0.509122225519024522139644202859187854, 0.214414538344998711264029088515861174, 0.222131868663731845283642496563250700, -0.087554077945422541999766346660322323, -0.035304726372900854153924066662851834, 0.248092256901210267876599536672891002, 0.083289623519960014202788719122314894
Vector b: -0.434669708432856076337090429169499093, 0.311832412487423687213002956666763275, 0.189907513333239764411880207056575214, -0.625548200047438430232095438318398057, 0.808572548058058180662578146708417039, 0.209671902979990863616710259010157690, 0.219157173710006558911347918021132599, 0.225106563617457131655937075105819203, -0.400214719508302215655469768426591128, 0.329605266762500507347621635100910031, 0.166579247039920028405577438244713180
---------------------------------------------------------------------------------------------------
Scheme with the highest efficiency - One of the best schemes theoretically with small distance
from the origin as well as one of the largest efficiencies of this order.
---------------------------------------------------------------------------------------------------
| Order |                  Error^2                   |                 Efficiency                 |
---------------------------------------------------------------------------------------------------
|   2   | 1.811135815765342473501823858177558356e-71 | 5.328266040603841401489728876081196250e+32 |
|   4   | 1.002486445875363132114847724233870382e-73 | 1.623990806468469330342897774471402344e+31 |
|   6   | 1.220341641072890261299497365312104606e-75 | 3.337670930360372977683651873414304199e+29 |
|   8   | 1.964558717202874696621772638176868904e-15 | 5.965036909998981914391221835286746329e-04 |
---------------------------------------------------------------------------------------------------
Distance from the origin: x = 0.6892508849890766
---------------------------------------------------------------------------------------------------

Scheme evaluation results:
Order: 8, No. cycles: 21
---------------------------------------------------------------------------------------------------
Vector a: -0.261240128846726424025866078221481632, 0.261671936957647213656205317836802125, 0.260826485237551552083068219860720694, 0.242843208596522136325043143249006764, 0.209965514396643711976710504639629494, -0.145564676332347373277586552848221126, -0.486791845622352528004137700225370336, 0.111572947027816814192847791427102629, 0.489242984406502624607836193367848071, 0.223831535011488277989193871311489333, 0.093642039167253994476685289602474055
Vector b: -0.388709902522254137771407141932202330, 0.254939547351055427491082127420874932, 0.268404326564238999821328508252683144, 0.253248643910864104344807931474972450, 0.232437773282180168305278355009279612, 0.187493255511107255648142654282505553, -0.478622608175802002203315759983273493, -0.494961083068903053804959640467470838, 0.718106977124536682190655223321664107, 0.260378991688468567025017163414909923, 0.187284078334507988953370579206056868
---------------------------------------------------------------------------------------------------
Best uniformity scheme - An order worse efficiency than the best, but an improved distance from
the origin make it a good choice for local grouping of operators.
---------------------------------------------------------------------------------------------------
| Order |                  Error^2                   |                 Efficiency                 |
---------------------------------------------------------------------------------------------------
|   2   | 2.999693694861348471737395765106581027e-71 | 4.140215580893462158315915804406684375e+32 |
|   4   | 4.490116755164703649630872060507183745e-73 | 7.673508951433276045334616035160145508e+30 |
|   6   | 1.590805018995954077926330606047784344e-75 | 2.923315944558677261482474497406625061e+29 |
|   8   | 2.144788330335322767720976154252681769e-13 | 5.708912979260124498510685408598130836e-05 |
---------------------------------------------------------------------------------------------------
Distance from the origin: x = 0.6304601300617293
---------------------------------------------------------------------------------------------------

