Scheme evaluation results:
Order: 8, No. cycles: 26
-------------------------------------------------------------------
Vector a: 0.17262793388144376250, -0.20558723318843405425, -0.27381794816537263770, -0.32812309700416908420, -0.30707768807520546828, 0.69728221825823777369, -0.06145003132140691021, -0.68203989487726890406, 0.56250773977882873034, 1.00436456513795557832, -0.11477882279251011566, -0.23615297986363098515, 0.52198692631374965512, 0.25025831191778263873
Vector b: 0.34525833649697634797, -0.75643491776811466742, 0.20880065163141811602, -0.86504951831484100389, 0.25089509550308464192, 1.14366828197866809980, -1.26656877443965498742, -0.09750929992011603265, 1.22252323372571614080, 0.78620781958242136334, -1.01576568658877275375, 0.54345833964082479461, 0.50051643847238991292
-------------------------------------------------------------------
| Order |          Error^2           |         Efficiency         |
-------------------------------------------------------------------
|   2   | 2.16387387822266792238e-39 | 3.18007477505717040000e+16 |
|   4   | 9.84494597833959090270e-35 | 2.20546382873682342529e+11 |
|   6   | 2.23793254948452485971e-34 | 2.16389615751765340567e+08 |
|   8   | 1.21469270078149311167e-13 | 1.37397871641292552812e-05 |
-------------------------------------------------------------------

Scheme evaluation results:
Order: 8, No. cycles: 26
-------------------------------------------------------------------
Vector a: 0.16802356656199024521, -0.22363646334737344312, -0.19268461002640763224, -0.27499919280117629539, -0.28196098481146086856, 0.71046643502029327433, -0.04062072883964432113, -0.66691978987573374837, 0.46947893564879839001, 0.79709628532612564200, -0.39023683765328887052, -0.02380074145866287530, 0.76800216296346901501, 0.18179196329307142910
Vector b: 0.33604548226691716151, -0.78331582970940638599, 0.39794661635359129814, -0.94794679861522135322, 0.38402218905596224863, 1.03691285780099939906, -1.11815449247363640772, -0.21568814307573910827, 1.15464990930427213733, 0.43954511055247530438, -1.22002145820919638552, 1.17241976028272354426, 0.36358479646625846415
-------------------------------------------------------------------
| Order |          Error^2           |         Efficiency         |
-------------------------------------------------------------------
|   2   | 1.34548257167554297487e-36 | 1.27530559712720725000e+15 |
|   4   | 9.24742404752523475744e-33 | 2.27560155374544792175e+10 |
|   6   | 9.69319361172932025061e-34 | 1.03974410913406133652e+08 |
|   8   | 1.05944492307263382456e-12 | 4.65236761721980025889e-06 |
-------------------------------------------------------------------

Scheme evaluation results:
Order: 8, No. cycles: 26
-------------------------------------------------------------------
Vector a: -0.43489152861210461642, -0.39914563780426487449, 0.47953653587032668559, 0.67678915266216155278, -0.36258145710061756573, 0.11238144468410601884, 0.20257205140329281878, 0.07494665354460701423, -0.10275706111720314673, -0.39097912842555837543, -0.09119458481315134701, 0.79620082459331165126, 0.30392387305030699185, 0.13519886206478720636
Vector b: -0.86978424974097479083, 0.07149671201776557072, 0.88757297347002428456, 0.46600730953474428508, -1.19117008823814307661, 1.41593280133469212601, -0.00000190021570449074, -0.86089597135042283949, 0.65538249334060583173, -1.43733829375652821803, 1.25494963261973646595, 0.33745145426534395305, 0.27039712671886090289
-------------------------------------------------------------------
| Order |          Error^2           |         Efficiency         |
-------------------------------------------------------------------
|   2   | 4.17697252583907136735e-36 | 7.23806526380717500000e+14 |
|   4   | 3.40659555309103467692e-33 | 3.74926657871095504761e+10 |
|   6   | 2.83481220893724552667e-33 | 6.07991860126464590430e+07 |
|   8   | 2.37685102630903143502e-11 | 9.82227829973762139900e-07 |
-------------------------------------------------------------------

