Scheme evaluation results:
Order: 6, No. cycles: 9
-------------------------------------------------------------------
Vector a: -0.04284239814433177945, 0.89644455320165494783, 0.21194590690650225162, -0.25590057104737351512, 0.19035250908354811594
Vector b: -0.87583904676554991120, 1.31545852410182639858, -0.82145106723590244346, 0.04923780190421017666, 1.33259378799541572391
-------------------------------------------------------------------
| Order |          Error^2           |         Efficiency         |
-------------------------------------------------------------------
|   2   | 7.46163406283678593925e-41 | 1.42921645575076249600e+18 |
|   4   | 4.49207242216284984341e-41 | 2.27408444471320320000e+16 |
|   6   | 1.54138791799280641268e-10 | 1.51561525578183087237e-01 |
|   8   | 1.68121590451510627891e-11 | 5.66562961543827688093e-03 |
-------------------------------------------------------------------

Scheme evaluation results:
Order: 6, No. cycles: 9
-------------------------------------------------------------------
Vector a: 0.10216816797661458505, -0.75673957527887847352, 0.66246599739692113573, 0.77702547619086648201, 0.21507993371447617359
Vector b: 0.95942819817602931209, -1.71452006039882909327, 0.20104090984106859352, 1.12389108495277767474, 0.43015986742895345740
-------------------------------------------------------------------
| Order |          Error^2           |         Efficiency         |
-------------------------------------------------------------------
|   2   | 2.01349325326395731345e-38 | 8.70041346316533280000e+16 |
|   4   | 3.30216070699297163064e-39 | 2.65235016628287450000e+15 |
|   6   | 1.78951007127304715275e-08 | 1.40662350372326837994e-02 |
|   8   | 1.25251381072555450998e-09 | 6.56400136734730326425e-04 |
-------------------------------------------------------------------

Scheme evaluation results:
Order: 6, No. cycles: 9
-------------------------------------------------------------------
Vector a: 0.88060352057114055224, -0.63940336172468881237, -0.34847665055589621685, 0.73598156436137684988, 0.37129492734806762710
Vector b: 0.80684359472662403601, 0.14751985168903311574, -1.42632657513841065722, 0.72937327402661844555, 0.74258985469613525421
-------------------------------------------------------------------
| Order |          Error^2           |         Efficiency         |
-------------------------------------------------------------------
|   2   | 1.43492962746861268063e-41 | 3.25911495998861824000e+18 |
|   4   | 3.82834740453540023776e-42 | 7.78976384379615680000e+16 |
|   6   | 3.53046090528180780582e-08 | 1.00144992883359502250e-02 |
|   8   | 9.92000200068518005341e-10 | 7.37571359926429063851e-04 |
-------------------------------------------------------------------
