Scheme evaluation results:
Order: 6, No. cycles: 9
-------------------------------------------------------------------
Vector a: -0.04284239814433177945, 0.89644455320165494783, 0.21194590690650225162, -0.25590057104737351512, 0.19035250908354811594
Vector b: -0.87583904676554991120, 1.31545852410182639858, -0.82145106723590244346, 0.04923780190421017666, 1.33259378799541572391
-------------------------------------------------------------------
| Order |          Error^2           |         Efficiency         |
-------------------------------------------------------------------
|   2   | 7.46163406283678593925e-41 | 1.42921645575076249600e+18 |
|   4   | 4.49207242216284984341e-41 | 2.27408444471320320000e+16 |
|   6   | 1.54138791799280641268e-10 | 1.51561525578183087237e-01 |
|   8   | 1.68121590451510627891e-11 | 5.66562961543827688093e-03 |
-------------------------------------------------------------------

Scheme evaluation results:
Order: 6, No. cycles: 9
-------------------------------------------------------------------
Vector a: 0.20173220874800160130, -0.23218078425333923964, 0.86670730321412881025, -0.02919656130500352526, 0.19293783359621238804
Vector b: -1.59743897061808515225, 0.04577900772349800113, 2.01321367269995876725, -0.44003963127541040334, 0.97848592147003865538
-------------------------------------------------------------------
| Order |          Error^2           |         Efficiency         |
-------------------------------------------------------------------
|   2   | 8.49478339461418706931e-39 | 1.33948799733467216000e+17 |
|   4   | 8.82143307314062355262e-40 | 5.13168973116320100000e+15 |
|   6   | 3.45586938541790242942e-10 | 1.01219988442793631944e-01 |
|   8   | 8.46842006044473754612e-11 | 2.52440323678097214982e-03 |
-------------------------------------------------------------------

Scheme evaluation results:
Order: 6, No. cycles: 9
-------------------------------------------------------------------
Vector a: 0.85636755299232780736, -0.02267044397587607979, -2.84356339038881067438, 2.73348871640721213794, 0.27637756496514670479
Vector b: 0.34450908974937760609, 1.06088509002294828498, -1.39729823040265310752, 0.00202510368115577880, 0.98987894694917144545
-------------------------------------------------------------------
| Order |          Error^2           |         Efficiency         |
-------------------------------------------------------------------
|   2   | 3.73081703141839296963e-38 | 6.39165029924005120000e+16 |
|   4   | 1.15284859692464308545e-38 | 1.41952754639613700000e+15 |
|   6   | 7.49197279579719187352e-10 | 6.87459072040761398625e-02 |
|   8   | 1.11770451219269593319e-10 | 2.19733575393025407779e-03 |
-------------------------------------------------------------------

Scheme evaluation results:
Order: 6, No. cycles: 9
-------------------------------------------------------------------
Vector a: 1.56937875541068150298, 0.11697894024572018379, -2.91951533437396193449, 2.06805472751652352770, 0.16510291120103667839
Vector b: 0.42741372743499983500, -0.21653327245786885280, 0.15068054411740874898, -0.00836267325386212505, 0.64680167415932243724
-------------------------------------------------------------------
| Order |          Error^2           |         Efficiency         |
-------------------------------------------------------------------
|   2   | 1.49232681256735718785e-39 | 3.19582514962002560000e+17 |
|   4   | 1.16572162526716301748e-39 | 4.46408582571736150000e+15 |
|   6   | 9.05479983101492172923e-10 | 6.25324603390038508133e-02 |
|   8   | 4.39521828696727709364e-11 | 3.50404520250987986177e-03 |
-------------------------------------------------------------------

Scheme evaluation results:
Order: 6, No. cycles: 9
-------------------------------------------------------------------
Vector a: -0.07734478219550644518, 0.98185602151009154781, -2.93087313745042177260, 2.84242807649172490869, 0.18393382164411156698
Vector b: -0.71456247415859019956, 1.15282334651986495544, -0.35627965456596866201, 0.00190579430924056646, 0.91611298789545325683
-------------------------------------------------------------------
| Order |          Error^2           |         Efficiency         |
-------------------------------------------------------------------
|   2   | 8.14846312902463739884e-38 | 4.32491054155886160000e+16 |
|   4   | 2.37463424696405358731e-39 | 3.12774687456142750000e+15 |
|   6   | 1.21854720941599505564e-09 | 5.39043438098784424839e-02 |
|   8   | 1.21166374207081377728e-10 | 2.11041987578344369253e-03 |
-------------------------------------------------------------------

Scheme evaluation results:
Order: 6, No. cycles: 9
-------------------------------------------------------------------
Vector a: -0.03312202895054982416, 0.79968223508572344738, -0.55894640100909087632, 0.02250503966779747109, 0.76988115520611977161
Vector b: -1.31079549215587798372, 1.79851901543922521043, 0.58165872572068089141, 0.68588469936724105747, -0.75526694837126917559
-------------------------------------------------------------------
| Order |          Error^2           |         Efficiency         |
-------------------------------------------------------------------
|   2   | 1.15440088529849890156e-39 | 3.63359614024536064000e+17 |
|   4   | 1.26598908460961273456e-40 | 1.35461219682711500000e+16 |
|   6   | 1.88146825686157772270e-09 | 4.33806940065261589790e-02 |
|   8   | 1.18914128155828792462e-10 | 2.13031191509626023628e-03 |
-------------------------------------------------------------------

Scheme evaluation results:
Order: 6, No. cycles: 9
-------------------------------------------------------------------
Vector a: -0.02892703912604864536, 0.77901477237606342463, -0.30258745583796786693, 0.28644412489322290671, 0.26605559769473019482
Vector b: -1.24118533194332214542, 1.68385032048126426218, 1.71066116828545133899, 0.02742305477388776169, -1.18074921159728130071
-------------------------------------------------------------------
| Order |          Error^2           |         Efficiency         |
-------------------------------------------------------------------
|   2   | 1.02166989475765222861e-39 | 3.86242165158558208000e+17 |
|   4   | 3.34440197338850303823e-40 | 8.33433065758861300000e+15 |
|   6   | 3.14740484228245948259e-09 | 3.35404309984785736765e-02 |
|   8   | 7.35839706995098186768e-11 | 2.70812255846771595541e-03 |
-------------------------------------------------------------------

Scheme evaluation results:
Order: 6, No. cycles: 9
-------------------------------------------------------------------
Vector a: -0.16023906235321322411, 0.16023906235321344615, 0.72318432373897345578, -0.72318432373897423293, 1.00000000000000044409
Vector b: 0.84482242690119324635, -2.01012297850881216377, 1.52046419245057085057, 0.73604136579204393342, -0.09120500663499572780
-------------------------------------------------------------------
| Order |          Error^2           |         Efficiency         |
-------------------------------------------------------------------
|   2   | 4.38055316673543795075e-38 | 5.89862114413769680000e+16 |
|   4   | 6.69868621494703745816e-39 | 1.86223783047829975000e+15 |
|   6   | 1.47308462970909963647e-08 | 1.55035478617156653042e-02 |
|   8   | 1.26664903794445868905e-09 | 6.52727297678601359708e-04 |
-------------------------------------------------------------------

Scheme evaluation results:
Order: 6, No. cycles: 9
-------------------------------------------------------------------
Vector a: 0.10216816797661458505, -0.75673957527887847352, 0.66246599739692113573, 0.77702547619086648201, 0.21507993371447617359
Vector b: 0.95942819817602931209, -1.71452006039882909327, 0.20104090984106859352, 1.12389108495277767474, 0.43015986742895345740
-------------------------------------------------------------------
| Order |          Error^2           |         Efficiency         |
-------------------------------------------------------------------
|   2   | 2.01349325326395731345e-38 | 8.70041346316533280000e+16 |
|   4   | 3.30216070699297163064e-39 | 2.65235016628287450000e+15 |
|   6   | 1.78951007127304715275e-08 | 1.40662350372326837994e-02 |
|   8   | 1.25251381072555450998e-09 | 6.56400136734730326425e-04 |
-------------------------------------------------------------------

Scheme evaluation results:
Order: 6, No. cycles: 9
-------------------------------------------------------------------
Vector a: 0.75991484988134605505, -0.33031954993013579180, 0.21471575453421243296, -0.21813703049738122908, 0.57382597601195850512
Vector b: 0.44964645221180210566, 0.61478329274863507958, -4.54770495526188245350, 0.01426455829757285708, 4.46901065200387215270
-------------------------------------------------------------------
| Order |          Error^2           |         Efficiency         |
-------------------------------------------------------------------
|   2   | 4.39088466005395480272e-40 | 5.89167750294968576000e+17 |
|   4   | 2.06327185887186065523e-41 | 3.35545744112355920000e+16 |
|   6   | 1.84013620524016271575e-08 | 1.38713892316261813709e-02 |
|   8   | 2.87367454462376056364e-09 | 4.33352328037952345876e-04 |
-------------------------------------------------------------------

Scheme evaluation results:
Order: 6, No. cycles: 9
-------------------------------------------------------------------
Vector a: 0.27961664252777501671, -0.17597376822779511873, -0.50344774896641031336, 1.12261973820565752469, 0.27718513646077286294
Vector b: 1.96366014346903727805, 0.23788272921290479212, -1.52745786742284450632, -0.44361936729008072389, 0.76953436203098324331
-------------------------------------------------------------------
| Order |          Error^2           |         Efficiency         |
-------------------------------------------------------------------
|   2   | 1.86540851570919648481e-40 | 9.03915853913133184000e+17 |
|   4   | 2.99807806442294612324e-42 | 8.80254986182158240000e+16 |
|   6   | 2.54133621424659788823e-08 | 1.18035836118879841616e-02 |
|   8   | 2.41582339160083482557e-09 | 4.72636582567971530455e-04 |
-------------------------------------------------------------------

Scheme evaluation results:
Order: 6, No. cycles: 9
-------------------------------------------------------------------
Vector a: 1.79646602796597520957, -5.46105928933470607944, 5.69221752476047537783, -1.19564159519780077723, 0.16801733180605632478
Vector b: 0.40076767820307684920, -0.17756390040835789979, -0.00079009426773832812, 0.11077661627884684281, 0.66680970019417251660
-------------------------------------------------------------------
| Order |          Error^2           |         Efficiency         |
-------------------------------------------------------------------
|   2   | 5.35659229934033113678e-39 | 1.68682754735139200000e+17 |
|   4   | 3.60802825348193087379e-41 | 2.53743541708675760000e+16 |
|   6   | 2.78484799093797100684e-08 | 1.12757177474335137241e-02 |
|   8   | 3.40365589505501808316e-09 | 3.98187021886582052498e-04 |
-------------------------------------------------------------------

Scheme evaluation results:
Order: 6, No. cycles: 9
-------------------------------------------------------------------
Vector a: 0.88060352057114055224, -0.63940336172468881237, -0.34847665055589621685, 0.73598156436137684988, 0.37129492734806762710
Vector b: 0.80684359472662403601, 0.14751985168903311574, -1.42632657513841065722, 0.72937327402661844555, 0.74258985469613525421
-------------------------------------------------------------------
| Order |          Error^2           |         Efficiency         |
-------------------------------------------------------------------
|   2   | 1.43492962746861268063e-41 | 3.25911495998861824000e+18 |
|   4   | 3.82834740453540023776e-42 | 7.78976384379615680000e+16 |
|   6   | 3.53046090528180780582e-08 | 1.00144992883359502250e-02 |
|   8   | 9.92000200068518005341e-10 | 7.37571359926429063851e-04 |
-------------------------------------------------------------------

Scheme evaluation results:
Order: 6, No. cycles: 9
-------------------------------------------------------------------
Vector a: 0.66421008403164594203, -0.01493822810907662925, -0.67735338193831440279, 0.82281848591380502000, 0.20526304010194004745
Vector b: -2.64376596040778055752, -0.85048343995664932304, 0.90863893205088930305, 3.07408824829783267063, 0.51152222001570790688
-------------------------------------------------------------------
| Order |          Error^2           |         Efficiency         |
-------------------------------------------------------------------
|   2   | 5.53882836202884494722e-40 | 5.24573113453284864000e+17 |
|   4   | 1.90872615448763739252e-41 | 3.48865601745377680000e+16 |
|   6   | 3.69954766857293803043e-08 | 9.78296792400044738780e-03 |
|   8   | 7.15877507093628545148e-08 | 8.68241551266413577473e-05 |
-------------------------------------------------------------------

Scheme evaluation results:
Order: 6, No. cycles: 9
-------------------------------------------------------------------
Vector a: 0.88963916866327641397, -3.02140976646753456336, -0.00009916920265078028, 2.90097090452093553381, 0.23089886248597374374
Vector b: 0.34249104567977389779, -0.33025283163883145665, -4.57917701836188051345, 4.58132732014368126983, 0.98561148417725619186
-------------------------------------------------------------------
| Order |          Error^2           |         Efficiency         |
-------------------------------------------------------------------
|   2   | 7.64530505515276836237e-38 | 4.46495999111557360000e+16 |
|   4   | 1.73759470249914255983e-37 | 3.65641700715280312500e+14 |
|   6   | 5.40786738299480237461e-08 | 8.09155381620995858838e-03 |
|   8   | 4.47334911154176046876e-08 | 1.09835701470585388574e-04 |
-------------------------------------------------------------------

Scheme evaluation results:
Order: 6, No. cycles: 9
-------------------------------------------------------------------
Vector a: -0.61447729006248252848, -0.13943881795549359359, 0.00009442106467491767, 1.23071316656223395114, 0.52310852039106736644
Vector b: 0.17765490518303991840, -1.42579671310173217158, 4.75095706931664096828, -3.69548451902532804070, 1.19266925762737963090
-------------------------------------------------------------------
| Order |          Error^2           |         Efficiency         |
-------------------------------------------------------------------
|   2   | 2.13287939826934588848e-38 | 8.45340801811347200000e+16 |
|   4   | 2.01789781459702307847e-40 | 1.07295220657830300000e+16 |
|   6   | 9.25370593615840109499e-08 | 6.18567497234660031852e-03 |
|   8   | 5.26873806799902043413e-08 | 1.01206083856445611113e-04 |
-------------------------------------------------------------------

Scheme evaluation results:
Order: 6, No. cycles: 9
-------------------------------------------------------------------
Vector a: -0.61179154642983613055, 0.00022017662845936440, -0.14125726833643934000, 1.22794439967899338129, 0.52488423845882281604
Vector b: 0.18016949949932306585, 2.66328477454637768673, -4.08933256728708016681, 1.05277296291545119367, 1.19310533032592802627
-------------------------------------------------------------------
| Order |          Error^2           |         Efficiency         |
-------------------------------------------------------------------
|   2   | 2.89855784748659761486e-40 | 7.25143561150685312000e+17 |
|   4   | 1.08494132301884636899e-40 | 1.46327797872039620000e+16 |
|   6   | 9.31662311804159856554e-08 | 6.16475298572361461724e-03 |
|   8   | 5.43866839287958638113e-08 | 9.96124529266387206006e-05 |
-------------------------------------------------------------------

Scheme evaluation results:
Order: 6, No. cycles: 9
-------------------------------------------------------------------
Vector a: -0.60620045865058524992, -0.14463361206080943555, 1.22215989748598685694, 0.00063535821887795139, 0.52803881500652982695
Vector b: 0.18537943864749184542, -1.42707153693812371920, 1.04755766802929928261, -2.00114121819077661613, 3.19527564845210942934
-------------------------------------------------------------------
| Order |          Error^2           |         Efficiency         |
-------------------------------------------------------------------
|   2   | 2.78376347728910860041e-40 | 7.39943934990313344000e+17 |
|   4   | 2.28187441930653211829e-41 | 3.19068618810843640000e+16 |
|   6   | 1.01632592289066255502e-07 | 5.90239733567671231995e-03 |
|   8   | 5.74157785288518744323e-08 | 9.69492146744886580971e-05 |
-------------------------------------------------------------------

Scheme evaluation results:
Order: 6, No. cycles: 9
-------------------------------------------------------------------
Vector a: -0.46738401026506409819, 0.10370300520938693922, 1.08245738237001565274, -0.47583988266948407109, 0.75706350535514554956
Vector b: 0.22972498516758035891, -1.69575467180434547032, 1.74102278382264841206, 0.94118044490477148489, -0.21617354209065478554
-------------------------------------------------------------------
| Order |          Error^2           |         Efficiency         |
-------------------------------------------------------------------
|   2   | 5.74689315801179378591e-40 | 5.14989553544744256000e+17 |
|   4   | 1.36682652210242657098e-41 | 4.12261959908639680000e+16 |
|   6   | 1.45139822712299364457e-07 | 4.93914355758910076505e-03 |
|   8   | 2.91077651549901047529e-08 | 1.36161865639674889861e-04 |
-------------------------------------------------------------------

Scheme evaluation results:
Order: 6, No. cycles: 9
-------------------------------------------------------------------
Vector a: 0.77676154820782350452, -1.11968016322315278011, 0.34291861501532922007, -0.35120719195965760528, 1.35120719195965754977
Vector b: 0.50571143415224673046, 0.54210022811115365915, -2.78146055455745910834, 0.03123450837474360531, 2.70241438391931509955
-------------------------------------------------------------------
| Order |          Error^2           |         Efficiency         |
-------------------------------------------------------------------
|   2   | 2.29588740394978028900e-40 | 8.14778739997154560000e+17 |
|   4   | 2.39117569952386784982e-41 | 3.11690968188697080000e+16 |
|   6   | 1.47612424668258108606e-07 | 4.89760196360788675057e-03 |
|   8   | 1.64742112900344376803e-08 | 1.80991262151767798175e-04 |
-------------------------------------------------------------------

Scheme evaluation results:
Order: 6, No. cycles: 9
-------------------------------------------------------------------
Vector a: 0.78004169975574355611, -1.06126633631106326305, 0.00457711652648530847, -0.02383294764892759932, 1.30048046767776215304
Vector b: 0.53325669857521240669, 0.53517171860520806881, -3.71079633455561941346, 2.01292371442651329971, 1.62944420294868574928
-------------------------------------------------------------------
| Order |          Error^2           |         Efficiency         |
-------------------------------------------------------------------
|   2   | 5.73971850987445072250e-41 | 1.62955747999430912000e+18 |
|   4   | 2.61202033750145902020e-42 | 9.43065126015668160000e+16 |
|   6   | 2.74470408047890918293e-07 | 3.59167622086910623413e-03 |
|   8   | 4.57499184434321998579e-08 | 1.08608736756227614592e-04 |
-------------------------------------------------------------------

Scheme evaluation results:
Order: 6, No. cycles: 9
-------------------------------------------------------------------
Vector a: 0.78046913141402540770, -1.05501001920751980023, -0.02483144549095236270, 0.00449452356508590455, 1.29487780971936095042
Vector b: 0.53574065460636211000, 0.53463735837419934516, -1.66876621036330008430, -2.07293284025800872428, 3.67132103764074724239
-------------------------------------------------------------------
| Order |          Error^2           |         Efficiency         |
-------------------------------------------------------------------
|   2   | 9.18354961579912115601e-41 | 1.28827830373657113600e+18 |
|   4   | 2.27122455097766350855e-41 | 3.19815807084584720000e+16 |
|   6   | 2.85834575136272922120e-07 | 3.51955343324577250852e-03 |
|   8   | 4.94687544657743108959e-08 | 1.04446631131047078093e-04 |
-------------------------------------------------------------------

Scheme evaluation results:
Order: 6, No. cycles: 9
-------------------------------------------------------------------
Vector a: -8.35072130347050212151, 8.30814336713404344437, 3.85263792059900245235, -2.99326289247409693672, 0.18320290821155177374
Vector b: -0.80879696984937432536, 0.00014297757655390956, 1.25411466326523135528, -0.00352908942825640127, 0.55806841843584553686
-------------------------------------------------------------------
| Order |          Error^2           |         Efficiency         |
-------------------------------------------------------------------
|   2   | 4.63445678966861446219e-36 | 5.73476416097340400000e+15 |
|   4   | 4.57361559479839108312e-37 | 2.25372090031050500000e+14 |
|   6   | 9.03473366273184706065e-07 | 1.97964476666456952458e-03 |
|   8   | 1.49653069785004839264e-07 | 6.00505666121912441962e-05 |
-------------------------------------------------------------------

Scheme evaluation results:
Order: 6, No. cycles: 9
-------------------------------------------------------------------
Vector a: -0.98076577852634549970, 3.71574796728275913438, -3.83647185529825485162, 1.35606830052938409636, 0.74542136601245712058
Vector b: -0.90526958175209448765, 0.91479213269296877353, 0.00279920551944073861, -0.54991175976314754514, 1.53759000330283246427
-------------------------------------------------------------------
| Order |          Error^2           |         Efficiency         |
-------------------------------------------------------------------
|   2   | 7.46163406283678593925e-40 | 4.51957926956566592000e+17 |
|   4   | 2.28607831469950656950e-41 | 3.18775114361999000000e+16 |
|   6   | 2.52704009294716734743e-06 | 1.18369244910138983473e-03 |
|   8   | 5.63311525942046280102e-07 | 3.09517782845734212458e-05 |
-------------------------------------------------------------------

Scheme evaluation results:
Order: 6, No. cycles: 9
-------------------------------------------------------------------
Vector a: 1.42453057263529125898, -1.32281372038149447334, -1.06850977450054873685, 1.09829882185304006370, 0.86849410039371177650
Vector b: 1.44902979705690881929, -0.04899844884323484306, -2.59662899191975427016, 0.45960944291865668543, 1.73698820078742355300
-------------------------------------------------------------------
| Order |          Error^2           |         Efficiency         |
-------------------------------------------------------------------
|   2   | 1.83957978241476145656e-39 | 2.87842996542411840000e+17 |
|   4   | 7.12202938000766652212e-41 | 1.80604298166185760000e+16 |
|   6   | 2.79257790566879514593e-06 | 1.12601012205721913786e-03 |
|   8   | 5.56884232435607756518e-07 | 3.11298812313668153348e-05 |
-------------------------------------------------------------------

Scheme evaluation results:
Order: 6, No. cycles: 9
-------------------------------------------------------------------
Vector a: -0.10748261475142413535, 0.30751224845224767179, -0.99377878646354311787, 1.02242832487065626879, 0.77132082789206324325
Vector b: -1.65988114664580810320, 3.10479706378876807449, -2.48977256688427273090, 0.50221499395718616210, 1.54264165578412648649
-------------------------------------------------------------------
| Order |          Error^2           |         Efficiency         |
-------------------------------------------------------------------
|   2   | 6.45718332360875706282e-42 | 4.85840173134737203200e+18 |
|   4   | 2.61482293443010865434e-42 | 9.42559596563091840000e+16 |
|   6   | 3.00977144768554467861e-06 | 1.08462143850651259076e-03 |
|   8   | 6.53955692720093417319e-07 | 2.87267015326526302214e-05 |
-------------------------------------------------------------------

Scheme evaluation results:
Order: 6, No. cycles: 9
-------------------------------------------------------------------
Vector a: 0.13185692291252101849, -1.02891852529596850019, 0.23624470773949282631, 0.89035620685673244612, 0.77046068778722220927
Vector b: 1.27712463687847210814, -2.29053542793190212379, 0.23269837733996509566, 0.23979103813902052922, 1.54092137557444441853
-------------------------------------------------------------------
| Order |          Error^2           |         Efficiency         |
-------------------------------------------------------------------
|   2   | 5.73971850987445072250e-41 | 1.62955747999430912000e+18 |
|   4   | 2.91470080579561950752e-42 | 8.92756398926551200000e+16 |
|   6   | 3.22255956947303915210e-06 | 1.04820075049964680364e-03 |
|   8   | 5.29675881106545789088e-07 | 3.19194078246638477986e-05 |
-------------------------------------------------------------------

Scheme evaluation results:
Order: 6, No. cycles: 9
-------------------------------------------------------------------
Vector a: 0.06694921341029996809, 0.08691672873480871253, -0.95868315549956295563, 1.02033279885272754051, 0.78448441450172679001
Vector b: -1.21449905517507250607, 2.56289653717074461525, -2.38906307970112763428, 0.47169676870200144547, 1.56896882900345358003
-------------------------------------------------------------------
| Order |          Error^2           |         Efficiency         |
-------------------------------------------------------------------
|   2   | 4.59177480789956057800e-41 | 1.82190064925526425600e+18 |
|   4   | 1.84971397290875853362e-42 | 1.12066981279005744000e+17 |
|   6   | 3.64029481677301660895e-06 | 9.86226492789602079622e-04 |
|   8   | 5.57954597826152886569e-07 | 3.11000075255337820072e-05 |
-------------------------------------------------------------------

Scheme evaluation results:
Order: 6, No. cycles: 9
-------------------------------------------------------------------
Vector a: -0.82007268332231375574, 1.00881882881886908443, -0.62629320899184526272, 0.01945322289892389631, 1.41809384059636611752
Vector b: -1.05654410343558602392, 0.47294284022654448085, 1.54469481741119385454, -2.79728123539488437999, 2.83618768119273223505
-------------------------------------------------------------------
| Order |          Error^2           |         Efficiency         |
-------------------------------------------------------------------
|   2   | 1.14794370197489014450e-41 | 3.64380129851052851200e+18 |
|   4   | 2.21068845731883141109e-41 | 3.24165050767517120000e+16 |
|   6   | 4.43717417783536028280e-06 | 8.93288421589398377344e-04 |
|   8   | 5.89668350672512193468e-07 | 3.02521339888189695296e-05 |
-------------------------------------------------------------------

Scheme evaluation results:
Order: 6, No. cycles: 9
-------------------------------------------------------------------
Vector a: -0.71611834949386954374, 0.94847646997965240345, -0.76033167146532265601, 0.23621201079253156818, 1.29176154018700817261
Vector b: -1.36937696154436783225, 1.30651722410099679905, 0.59043571585830800785, -2.11109905878895309783, 2.58352308037401634522
-------------------------------------------------------------------
| Order |          Error^2           |         Efficiency         |
-------------------------------------------------------------------
|   2   | 1.14794370197489014450e-41 | 3.64380129851052851200e+18 |
|   4   | 1.61429583090218926570e-41 | 3.79348524917609120000e+16 |
|   6   | 5.66318846862236458970e-06 | 7.90704910429608585215e-04 |
|   8   | 1.03805487689908085892e-06 | 2.28007833453967700542e-05 |
-------------------------------------------------------------------

Scheme evaluation results:
Order: 6, No. cycles: 9
-------------------------------------------------------------------
Vector a: -0.74785581238592668818, 0.90832599903223054660, -0.34635709863582392343, 0.12658436410818837969, 1.05930254788133182409
Vector b: -1.06982072628083768606, 0.64392982778982210679, 1.17272217027463887540, -1.86543636754628683327, 2.11860509576266364817
-------------------------------------------------------------------
| Order |          Error^2           |         Efficiency         |
-------------------------------------------------------------------
|   2   | 1.83670992315982423120e-40 | 9.10950324627632128000e+17 |
|   4   | 1.11517083414049348525e-41 | 4.56414318999939920000e+16 |
|   6   | 5.67481341788356731618e-06 | 7.89894609186461769783e-04 |
|   8   | 8.41907539524693148938e-07 | 2.53179026194906164773e-05 |
-------------------------------------------------------------------

Scheme evaluation results:
Order: 6, No. cycles: 9
-------------------------------------------------------------------
Vector a: -0.63259148937364129139, 0.63259148937364129139, -0.31873193914759617718, 0.31873193914759617718, 1.00000000000000000000
Vector b: -1.32781623874303233990, 1.39044949873878187496, 0.71660460730604125246, -2.19593961289877404042, 2.41670174559698347494
-------------------------------------------------------------------
| Order |          Error^2           |         Efficiency         |
-------------------------------------------------------------------
|   2   | 1.67344681887895089370e-39 | 3.01792903581018880000e+17 |
|   4   | 4.21611609958184681329e-41 | 2.34732747136362920000e+16 |
|   6   | 5.79813223806561441937e-06 | 7.81449441853935417024e-04 |
|   8   | 7.75973070712319767201e-07 | 2.63716072724529442732e-05 |
-------------------------------------------------------------------

Scheme evaluation results:
Order: 6, No. cycles: 9
-------------------------------------------------------------------
Vector a: 0.88305591432111174566, -1.67658843567006066166, 0.82995440872466819116, -0.93415118516838824281, 1.89772929779266896766
Vector b: -1.40208055399190478774, 0.39453305944759919921, 0.52818848226988424077, 1.86325353460917719772, -0.38389452233475584997
-------------------------------------------------------------------
| Order |          Error^2           |         Efficiency         |
-------------------------------------------------------------------
|   2   | 7.34683969263929692480e-40 | 4.55475162313816064000e+17 |
|   4   | 2.29364532640686058169e-41 | 3.18248841228777880000e+16 |
|   6   | 1.71359561227576080733e-05 | 4.54559535547724706973e-04 |
|   8   | 2.51946777062020831788e-05 | 4.62812969636684397448e-06 |
-------------------------------------------------------------------

Scheme evaluation results:
Order: 6, No. cycles: 9
-------------------------------------------------------------------
Vector a: 0.92890365666927243726, -1.89574514697743778946, 1.50881164312971960406, -1.71063364372301274230, 2.16866349090145860146
Vector b: -0.29267188084819956151, -0.75343975194405488072, 0.18183057391049492479, 1.61627089338367979643, 0.24801016549807966549
-------------------------------------------------------------------
| Order |          Error^2           |         Efficiency         |
-------------------------------------------------------------------
|   2   | 3.67341984631964846240e-40 | 6.44139151868285568000e+17 |
|   4   | 6.03118859045401267326e-41 | 1.96258514760619760000e+16 |
|   6   | 2.22494822698785189787e-05 | 3.98919245088262693598e-04 |
|   8   | 5.89761496965130868668e-06 | 9.56580925225258190130e-06 |
-------------------------------------------------------------------

Scheme evaluation results:
Order: 6, No. cycles: 9
-------------------------------------------------------------------
Vector a: -0.17970019594880190517, 2.84624935132561152074, -2.31798899947340197869, -0.83375867443177276161, 1.48519851852836493045
Vector b: -3.02498135378767596393, 5.69056231567774695179, 0.00193638697347642730, -4.63791438592027827070, 2.97039703705673030498
-------------------------------------------------------------------
| Order |          Error^2           |         Efficiency         |
-------------------------------------------------------------------
|   2   | 1.19845322486178531086e-38 | 1.12772819062815552000e+17 |
|   4   | 1.23845637238255872875e-38 | 1.36958694044681425000e+15 |
|   6   | 4.69679185425462365549e-05 | 2.74564438135831959033e-04 |
|   8   | 5.16518225026501762685e-04 | 1.02215580524130085851e-06 |
-------------------------------------------------------------------

Scheme evaluation results:
Order: 6, No. cycles: 9
-------------------------------------------------------------------
Vector a: -2.98677432078193971776, 2.81550537573658710144, 0.51094751805703120251, -0.82181561986709050771, 1.48213704685541181050
Vector b: -2.98737951173899851653, 0.00121038191411675404, 5.62980036955906015805, -4.60790533344500108370, 2.96427409371082273282
-------------------------------------------------------------------
| Order |          Error^2           |         Efficiency         |
-------------------------------------------------------------------
|   2   | 6.63511459741486503521e-38 | 4.79281611763032080000e+16 |
|   4   | 2.88389466035590272903e-38 | 8.97512003820476000000e+14 |
|   6   | 1.11171783872250065292e-04 | 1.78462780914923085538e-04 |
|   8   | 2.59703077660747478923e-04 | 1.44152233685806026761e-06 |
-------------------------------------------------------------------

Scheme evaluation results:
Order: 6, No. cycles: 9
-------------------------------------------------------------------
Vector a: 0.34291861501532922007, -1.11968016322315278011, 0.77676154820782350452, -0.35120719195965766080, 1.35120719195965754977
Vector b: 1.73364889229405894078, -2.78146055455745910834, 0.54210022811115365915, -1.19670294976706848011, 2.70241438391931509955
-------------------------------------------------------------------
| Order |          Error^2           |         Efficiency         |
-------------------------------------------------------------------
|   2   | 1.14794370197489014450e-39 | 3.64380129851052864000e+17 |
|   4   | 5.73187123847423174691e-41 | 2.01317602326563840000e+16 |
|   6   | 3.70523411704807659282e-04 | 9.77545804719669609445e-05 |
|   8   | 1.36044356470187339549e-04 | 1.99168044420567794350e-06 |
-------------------------------------------------------------------

Scheme evaluation results:
Order: 6, No. cycles: 9
-------------------------------------------------------------------
Vector a: 0.74714937781106971482, 0.17602671359943233842, -1.68790611558360192923, -0.16534142223694570095, 1.93007144641004568797
Vector b: 0.50700459083200577481, -3.38681058277157553960, 1.83341812254027658469, 3.95677465071243883443, -1.91038678131314565434
-------------------------------------------------------------------
| Order |          Error^2           |         Efficiency         |
-------------------------------------------------------------------
|   2   | 4.77544580021554300112e-39 | 1.78652056968845312000e+17 |
|   4   | 6.62354547729339934548e-40 | 5.92222224120069500000e+15 |
|   6   | 3.81619983408739023821e-04 | 9.63228644602503889178e-05 |
|   8   | 4.65999857295109232592e-04 | 1.07613568416070566905e-06 |
-------------------------------------------------------------------

Scheme evaluation results:
Order: 6, No. cycles: 9
-------------------------------------------------------------------
Vector a: -0.85714665175618853787, 0.03103481743933217060, 0.77811532482787992837, -0.90795049933166582790, 1.95594700882064231884
Vector b: 6.17619951964310409664, -3.55755601237878993359, 3.70474648398487715895, -5.79621020614434723228, 0.47282021489515546619
-------------------------------------------------------------------
| Order |          Error^2           |         Efficiency         |
-------------------------------------------------------------------
|   2   | 1.44181728968046202149e-37 | 3.25132113067391920000e+16 |
|   4   | 8.66242829691307228951e-38 | 5.17857339562841437500e+14 |
|   6   | 1.11832900546482080784e-02 | 1.77934494480639480052e-05 |
|   8   | 1.79228888918644274630e-02 | 1.73522548803759555603e-07 |
-------------------------------------------------------------------

