Scheme evaluation results:
Order: 8, No. cycles: 15
-------------------------------------------------------------------
Vector a: -0.52901986433821834854, 0.56256736069497870201, 0.96918709872603892030, -0.00460161852303296939, -1.43281413065314611188, 0.17721726212934674205, 1.04656094118997833320, 0.21090295077405479818
Vector b: -0.89217191015069452487, 0.72630409162495224162, 0.39883062976500516239, 1.53954356768707256720, -1.54874680473313852680, -1.31688145657315347492, 1.67131598083184695902, 0.42180590154810954084
-------------------------------------------------------------------
| Order |          Error^2           |         Efficiency         |
-------------------------------------------------------------------
|   2   | 2.33176064463649560602e-40 | 2.91055290521693056000e+17 |
|   4   | 8.81143480859766598282e-41 | 2.10431934443745650000e+15 |
|   6   | 1.45498607951168573364e-41 | 2.30156384438283242188e+13 |
|   8   | 1.32321328596387063356e-09 | 1.07264250159720763122e-05 |
-------------------------------------------------------------------

Scheme evaluation results:
Order: 8, No. cycles: 15
-------------------------------------------------------------------
Vector a: -0.48159484695614973582, 0.64991801064206478067, 0.63368909954895413783, -0.27479828981242632180, -0.38310776081984387886, -0.21834611550379320888, 0.33256953855058135616, 0.74167036435061295396
Vector b: -0.79688793935291635240, 0.63058618479353323316, 0.66924983649059632818, 0.59812836260731183646, -1.14772494223216448006, 0.38150942059247677784, -0.81820165160006319560, 1.48334072870122590793
-------------------------------------------------------------------
| Order |          Error^2           |         Efficiency         |
-------------------------------------------------------------------
|   2   | 4.59177480789956057800e-41 | 6.55884233731895168000e+17 |
|   4   | 1.27798419946423316868e-42 | 1.74731908936085180000e+16 |
|   6   | 1.28600779635969457854e-43 | 2.44810840485717656250e+14 |
|   8   | 2.19820568991569626736e-09 | 8.32215429973917351415e-06 |
-------------------------------------------------------------------
