Scheme evaluation results:
Order: 8, No. cycles: 24
-------------------------------------------------------------------
Vector a: -0.25215742659862383501, -0.54117633270982823390, -0.02945111165956459942, 0.44058096915989664044, 0.90540025313847016797, -0.00488272546268088501, -0.56652576392603115618, -0.50690598763913041758, 0.00791814707862488996, 0.84001141872977247438, 0.30768175155175625513, 0.27237265792197534742, 0.12713415041536341166
Vector b: -0.50431485319726021554, -0.57803781222239969395, 0.51913558890325817163, 0.36202634941654782130, 1.44877415686052413157, -1.45853960778588809255, 0.32548807993371386971, -1.33930005521207839969, 1.35513634936933158315, 0.32488648809031406284, 0.29047701501319195261, 0.25426830083074469790
-------------------------------------------------------------------
| Order |          Error^2           |         Efficiency         |
-------------------------------------------------------------------
|   2   | 1.21969018334832077853e-40 | 1.57200076252921600000e+17 |
|   4   | 4.23621283880794230647e-42 | 1.46442167101562400000e+15 |
|   6   | 4.80043402504346450655e-44 | 2.38831879891632539062e+13 |
|   8   | 2.59614160320675031093e-14 | 5.63827011420454406437e-05 |
-------------------------------------------------------------------

Scheme evaluation results:
Order: 8, No. cycles: 24
-------------------------------------------------------------------
Vector a: 0.13246618420666506077, 0.34118249567227693086, 0.32444585755308719133, -0.32839599325626994686, -0.36519849198099124665, 0.57518199488623589222, -0.03365411117997722801, -0.57322996820293037334, 0.45979596189186927591, 0.16850053731388284217, -0.12021627345542160170, 0.31676096578632600975, 0.10236084076524720743
Vector b: 0.26493239708690696776, 0.41743255145479618573, 0.23145918848466454087, -0.88825118665619229308, 0.15785418062234621295, 0.99250983768440326216, -1.05981806079632101536, -0.08664190560291192000, 1.00623385585681646148, -0.66923277814357207127, 0.42880023306812620199, 0.20472168694093748065
-------------------------------------------------------------------
| Order |          Error^2           |         Efficiency         |
-------------------------------------------------------------------
|   2   | 1.00539902861529981815e-34 | 1.73144334689038406250e+14 |
|   4   | 1.93804581835982916733e-35 | 6.84656937348864013672e+11 |
|   6   | 1.76180476833245253849e-35 | 1.24667617316275358200e+09 |
|   8   | 2.74099717530915147689e-14 | 5.48726295252886136274e-05 |
-------------------------------------------------------------------

Scheme evaluation results:
Order: 8, No. cycles: 24
-------------------------------------------------------------------
Vector a: 0.08287017082710838867, 0.45512080977007829397, -0.01799265875010102808, -0.27636515518940463210, 0.28781033229566604925, 0.27318194324029604347, -0.19834431900855953312, -0.20960703387454118762, 0.20170250447353244017, -0.16403147327895684082, 0.07768104904605914462, 0.42170091056919839501, 0.06627291987962441455
Vector b: 0.16574034620672484230, 0.74450126924036763576, -0.78048658690478345257, 0.22775627848123411456, 0.34786438136308345248, 0.19849950948696665209, -0.59518814936344299760, 0.17597407948327312144, 0.22743093263414090877, -0.55549388076075933984, 0.71085597920503496017, 0.13254584092816010243
-------------------------------------------------------------------
| Order |          Error^2           |         Efficiency         |
-------------------------------------------------------------------
|   2   | 6.41275969600436314999e-37 | 2.16797881260012125000e+15 |
|   4   | 5.79173453124465993475e-37 | 3.96050630899352636719e+12 |
|   6   | 1.52658422425988862641e-36 | 4.23518284390176677704e+09 |
|   8   | 4.14082719416898180601e-14 | 4.46443508911093287590e-05 |
-------------------------------------------------------------------

Scheme evaluation results:
Order: 8, No. cycles: 24
-------------------------------------------------------------------
Vector a: -0.31938377836564219026, -0.21789303652783545417, 0.22191589033728059688, -0.19151844118630087510, 0.07365295843000371767, 0.51805308531541105488, 0.33586030107216852114, 0.30239946798635242153, -0.32766365228090560402, -0.01758293655408692605, 0.46792162477919191366, 0.10654186160803853778, 0.04769665538632429647
Vector b: -0.63876755665256812478, 0.20298148336739660347, 0.24085029766586574240, -0.62388718023241063193, 0.77119309714332817673, 0.26491307299266153574, 0.40680752975860223764, 0.19799140585389427005, -0.85331871035348783039, 0.81815283722973364267, 0.11769041249967841789, 0.09539331072730601602
-------------------------------------------------------------------
| Order |          Error^2           |         Efficiency         |
-------------------------------------------------------------------
|   2   | 2.60719987078418164948e-36 | 1.07520271811921112500e+15 |
|   4   | 4.97616886648302207862e-38 | 1.35116217305765878906e+13 |
|   6   | 1.99592378850565152666e-37 | 1.17127958177600345612e+10 |
|   8   | 5.10677043335180596326e-14 | 4.02010039219748293465e-05 |
-------------------------------------------------------------------
