Scheme evaluation results:
Order: 4, No. cycles: 6
-------------------------------------------------------------------
Vector a: 0.79124676392405513404, -0.42937955691218819397, 0.50066863807925783152, 0.13746415490887522841
Vector b: -0.05260605001317941421, 0.67997240807890403907, 0.37263364193427537515
-------------------------------------------------------------------
| Order |          Error^2           |         Efficiency         |
-------------------------------------------------------------------
|   2   | 4.34066212309255335889e-40 | 1.33327430181352561088e+18 |
|   4   | 5.07486716219277233279e-09 | 1.08313517303425023127e+01 |
|   6   | 9.11133712166004319005e-11 | 2.24543992183403590753e+00 |
|   8   | 1.31071143861644830676e-11 | 1.64450974802427072686e-01 |
-------------------------------------------------------------------

Scheme evaluation results:
Order: 4, No. cycles: 6
-------------------------------------------------------------------
Vector a: 0.24417397877386650377, -0.10666614341751212271, 0.71432702028271909302, 0.14816514436092652590
Vector b: 0.83781510004320332101, -0.23446108793817133351, 0.39664598789496801251
-------------------------------------------------------------------
| Order |          Error^2           |         Efficiency         |
-------------------------------------------------------------------
|   2   | 5.73971850987445072250e-41 | 3.66650432998719543025e+18 |
|   4   | 5.36934212795180408047e-09 | 1.05301476241350271575e+01 |
|   6   | 9.49841804806114435833e-11 | 2.19921079037540335445e+00 |
|   8   | 6.25517800696903986928e-12 | 2.38051082308756409211e-01 |
-------------------------------------------------------------------

Scheme evaluation results:
Order: 4, No. cycles: 6
-------------------------------------------------------------------
Vector a: 0.23318841755893151925, 0.69340450913450468577, -0.09310520628305743458, 0.16651227958962122952
Vector b: 0.49833984713505030746, -0.25793814544146461507, 0.75959829830641430762
-------------------------------------------------------------------
| Order |          Error^2           |         Efficiency         |
-------------------------------------------------------------------
|   2   | 1.06902257246411644707e-40 | 2.68660650219169851425e+18 |
|   4   | 1.01762351653652458276e-08 | 7.64894311577569958448e+00 |
|   6   | 9.01453573151851701504e-11 | 2.25746390715835887277e+00 |
|   8   | 7.09577697780601070098e-12 | 2.23506428277253597214e-01 |
-------------------------------------------------------------------

Scheme evaluation results:
Order: 4, No. cycles: 6
-------------------------------------------------------------------
Vector a: 0.22551541531271238658, 0.54496572104654204864, -0.34615036340538256362, 0.57566922704612812837
Vector b: 0.53495778102612631021, 0.53772061778048820977, -0.07267839880661451993
-------------------------------------------------------------------
| Order |          Error^2           |         Efficiency         |
-------------------------------------------------------------------
|   2   | 1.43492962746861268063e-41 | 7.33300865997439086050e+18 |
|   4   | 2.55279259757054135184e-08 | 4.82933388883642500692e+00 |
|   6   | 2.39767966706049006536e-10 | 1.38419385696717391391e+00 |
|   8   | 3.80021870374048941190e-11 | 9.65796664937548896649e-02 |
-------------------------------------------------------------------
