Scheme evaluation results:
Order: 4, No. cycles: 6
-------------------------------------------------------------------
Vector a: 0.79124676392405513404, -0.42937955691218819397, 0.50066863807925783152, 0.13746415490887522841
Vector b: -0.05260605001317941421, 0.67997240807890403907, 0.37263364193427537515
-------------------------------------------------------------------
| Order |          Error^2           |         Efficiency         |
-------------------------------------------------------------------
|   2   | 4.34066212309255335889e-40 | 1.33327430181352561088e+18 |
|   4   | 5.07486716219277233279e-09 | 1.08313517303425023127e+01 |
|   6   | 9.11133712166004319005e-11 | 2.24543992183403590753e+00 |
|   8   | 1.31071143861644830676e-11 | 1.64450974802427072686e-01 |
-------------------------------------------------------------------

Scheme evaluation results:
Order: 4, No. cycles: 6
-------------------------------------------------------------------
Vector a: 0.24417397877386650377, -0.10666614341751212271, 0.71432702028271909302, 0.14816514436092652590
Vector b: 0.83781510004320332101, -0.23446108793817133351, 0.39664598789496801251
-------------------------------------------------------------------
| Order |          Error^2           |         Efficiency         |
-------------------------------------------------------------------
|   2   | 5.73971850987445072250e-41 | 3.66650432998719543025e+18 |
|   4   | 5.36934212795180408047e-09 | 1.05301476241350271575e+01 |
|   6   | 9.49841804806114435833e-11 | 2.19921079037540335445e+00 |
|   8   | 6.25517800696903986928e-12 | 2.38051082308756409211e-01 |
-------------------------------------------------------------------

Scheme evaluation results:
Order: 4, No. cycles: 6
-------------------------------------------------------------------
Vector a: -0.92874339665902692654, 1.23103655696843292979, 0.53483941497665708813, 0.16286742471393690862
Vector b: -0.03201189637162064258, 0.59447509258504195470, 0.43753680378657868789
-------------------------------------------------------------------
| Order |          Error^2           |         Efficiency         |
-------------------------------------------------------------------
|   2   | 1.32730990540846672958e-40 | 2.41107839520240989425e+18 |
|   4   | 5.51952739920406812490e-09 | 1.03858979670880447613e+01 |
|   6   | 1.32241036717919608656e-10 | 1.86384320646130126386e+00 |
|   8   | 1.57673729290513049079e-11 | 1.49937521333346804013e-01 |
-------------------------------------------------------------------

Scheme evaluation results:
Order: 4, No. cycles: 6
-------------------------------------------------------------------
Vector a: 0.23318841755893151925, 0.69340450913450468577, -0.09310520628305743458, 0.16651227958962122952
Vector b: 0.49833984713505030746, -0.25793814544146461507, 0.75959829830641430762
-------------------------------------------------------------------
| Order |          Error^2           |         Efficiency         |
-------------------------------------------------------------------
|   2   | 1.06902257246411644707e-40 | 2.68660650219169851425e+18 |
|   4   | 1.01762351653652458276e-08 | 7.64894311577569958448e+00 |
|   6   | 9.01453573151851701504e-11 | 2.25746390715835887277e+00 |
|   8   | 7.09577697780601070098e-12 | 2.23506428277253597214e-01 |
-------------------------------------------------------------------

Scheme evaluation results:
Order: 4, No. cycles: 6
-------------------------------------------------------------------
Vector a: 1.91978157520374235719, -3.44389477566693034028, 2.31880397791382956117, 0.20530922254935842191
Vector b: 0.16992727979891055782, -0.48313156496787255784, 1.31320428516896200001
-------------------------------------------------------------------
| Order |          Error^2           |         Efficiency         |
-------------------------------------------------------------------
|   2   | 8.78894396824525266883e-40 | 9.36977476759850240812e+17 |
|   4   | 1.38439036853716073130e-08 | 6.55791395195421930120e+00 |
|   6   | 1.48615281459947387514e-05 | 5.55982041062022916393e-03 |
|   8   | 5.22799735673565307961e-06 | 2.60388810254923361767e-04 |
-------------------------------------------------------------------

Scheme evaluation results:
Order: 4, No. cycles: 6
-------------------------------------------------------------------
Vector a: -0.72085311269227354835, 0.43520428886677197018, 1.06964284877060699806, 0.21600597505489458011
Vector b: -0.33296853070577355581, 0.58709370295895155125, 0.74587482774682200453
-------------------------------------------------------------------
| Order |          Error^2           |         Efficiency         |
-------------------------------------------------------------------
|   2   | 2.53265079248210138130e-40 | 1.74545976811584368775e+18 |
|   4   | 1.52832856859563631915e-08 | 6.24146634117377792795e+00 |
|   6   | 6.21254834261868838072e-09 | 2.71930303311676417128e-01 |
|   8   | 8.13063950944886833777e-10 | 2.08798629578271264573e-02 |
-------------------------------------------------------------------

Scheme evaluation results:
Order: 4, No. cycles: 6
-------------------------------------------------------------------
Vector a: 0.22551541531271238658, 0.54496572104654204864, -0.34615036340538256362, 0.57566922704612812837
Vector b: 0.53495778102612631021, 0.53772061778048820977, -0.07267839880661451993
-------------------------------------------------------------------
| Order |          Error^2           |         Efficiency         |
-------------------------------------------------------------------
|   2   | 1.43492962746861268063e-41 | 7.33300865997439086050e+18 |
|   4   | 2.55279259757054135184e-08 | 4.82933388883642500692e+00 |
|   6   | 2.39767966706049006536e-10 | 1.38419385696717391391e+00 |
|   8   | 3.80021870374048941190e-11 | 9.65796664937548896649e-02 |
-------------------------------------------------------------------

Scheme evaluation results:
Order: 4, No. cycles: 6
-------------------------------------------------------------------
Vector a: 0.51330255181307473473, -0.33041454681208750959, 0.24033539741721890056, 0.57677659758179387428
Vector b: 2.06477175584516385457, 0.13710354995957619948, -1.20187530580474005401
-------------------------------------------------------------------
| Order |          Error^2           |         Efficiency         |
-------------------------------------------------------------------
|   2   | 1.43492962746861268063e-41 | 7.33300865997439086050e+18 |
|   4   | 2.75331825782786162383e-07 | 1.47050596702571918545e+00 |
|   6   | 1.96489081319220094923e-08 | 1.52905563164197779677e-01 |
|   8   | 1.73740560440501888618e-09 | 1.42836561826616057357e-02 |
-------------------------------------------------------------------

Scheme evaluation results:
Order: 4, No. cycles: 6
-------------------------------------------------------------------
Vector a: 0.97859346074698086215, -0.00793004189210924855, -0.34734713077203056898, 0.37668371191715895540
Vector b: 2.09100837114899877666, -2.24906808653542533856, 1.15805971538642656191
-------------------------------------------------------------------
| Order |          Error^2           |         Efficiency         |
-------------------------------------------------------------------
|   2   | 1.36892286460505649732e-39 | 7.50771901920557374625e+17 |
|   4   | 2.99635885008932893376e-07 | 1.40960712544287123814e+00 |
|   6   | 1.85645935857888444556e-08 | 1.57307625150992857308e-01 |
|   8   | 1.86443454367447605626e-09 | 1.37884810480617653351e-02 |
-------------------------------------------------------------------

Scheme evaluation results:
Order: 4, No. cycles: 6
-------------------------------------------------------------------
Vector a: 0.84090664928909236313, -0.22008104717733097660, -0.00947459351492536338, 0.38864899140316397683
Vector b: -0.20560697672253075853, 2.40931877812554574945, -1.20371180140301499081
-------------------------------------------------------------------
| Order |          Error^2           |         Efficiency         |
-------------------------------------------------------------------
|   2   | 4.59177480789956057800e-40 | 1.29630503749189241888e+18 |
|   4   | 4.35818522228510211623e-07 | 1.16880525782020465453e+00 |
|   6   | 4.96434469307347430080e-09 | 3.04201627629436898489e-01 |
|   8   | 1.35568539523668792338e-09 | 1.61700192980688276095e-02 |
-------------------------------------------------------------------

Scheme evaluation results:
Order: 4, No. cycles: 6
-------------------------------------------------------------------
Vector a: 4.22298721699285016518, -0.17975426174053206268, -3.37808806391016368687, 0.33485510865784558427
Vector b: 0.07102279428395942184, -0.08451616630881120827, 1.01349337202485178643
-------------------------------------------------------------------
| Order |          Error^2           |         Efficiency         |
-------------------------------------------------------------------
|   2   | 2.53695558136450721935e-39 | 5.51494350053205469062e+17 |
|   4   | 5.24409086202224932289e-07 | 1.06551580117076494063e+00 |
|   6   | 6.02396169506775241747e-07 | 2.76154037304230919166e-02 |
|   8   | 3.80508707496118545119e-08 | 3.05216281636383685931e-03 |
-------------------------------------------------------------------

Scheme evaluation results:
Order: 4, No. cycles: 6
-------------------------------------------------------------------
Vector a: -1.17963083415074501648, 1.77710085778271653168, -0.05559555992795719723, 0.45812553629598568201
Vector b: -0.05532961058065645305, 1.58585215988119037430, -0.53052254930053392126
-------------------------------------------------------------------
| Order |          Error^2           |         Efficiency         |
-------------------------------------------------------------------
|   2   | 3.58732406867153170156e-40 | 1.46660173199487817200e+18 |
|   4   | 5.66755722616118258709e-07 | 1.02493669352456499811e+00 |
|   6   | 8.54520056677051351127e-09 | 2.31862955488335791500e-01 |
|   8   | 1.62281083019573647039e-09 | 1.47793743028513533194e-02 |
-------------------------------------------------------------------

Scheme evaluation results:
Order: 4, No. cycles: 6
-------------------------------------------------------------------
Vector a: -5.43410800794693864746, 8.45963745394113739596, -2.35950545471345154232, 0.33397600871925279382
Vector b: 0.00179149789024095147, -0.01864036104170258976, 1.01684886315146163832
-------------------------------------------------------------------
| Order |          Error^2           |         Efficiency         |
-------------------------------------------------------------------
|   2   | 8.88307535180719366068e-38 | 9.31999815094653535234e+16 |
|   4   | 5.89601642885449365982e-07 | 1.00488336284472858139e+00 |
|   6   | 4.86251272544109459824e-07 | 3.07370456585827653771e-02 |
|   8   | 3.20259893056741711446e-08 | 3.32689213078581648695e-03 |
-------------------------------------------------------------------

Scheme evaluation results:
Order: 4, No. cycles: 6
-------------------------------------------------------------------
Vector a: 0.91126378296074686433, -0.30930455150907914874, 0.06825106342956749268, 0.32978970511876479172
Vector b: -0.41786292428152493910, -0.50041082586288479115, 1.91827375014440973020
-------------------------------------------------------------------
| Order |          Error^2           |         Efficiency         |
-------------------------------------------------------------------
|   2   | 2.43938036669664155706e-40 | 1.77851583874373138075e+18 |
|   4   | 6.66529185364658439296e-07 | 9.45116647813738534932e-01 |
|   6   | 7.36732612489245571869e-09 | 2.49710928926158293273e-01 |
|   8   | 1.09222541958263318611e-09 | 1.80149830177459941907e-02 |
-------------------------------------------------------------------

Scheme evaluation results:
Order: 4, No. cycles: 6
-------------------------------------------------------------------
Vector a: 0.92429877321812077594, 0.02365901879937911863, -0.28408649144534297914, 0.33612869942784308455
Vector b: -1.14665762177913551441, 0.80120179460276284573, 1.34545582717637266868
-------------------------------------------------------------------
| Order |          Error^2           |         Efficiency         |
-------------------------------------------------------------------
|   2   | 3.73081703141839296963e-40 | 1.43812131732901143725e+18 |
|   4   | 7.28648256090513629632e-07 | 9.03932567129191710570e-01 |
|   6   | 7.72749099496349940627e-09 | 2.43822199046873836094e-01 |
|   8   | 2.67283108665410156084e-09 | 1.15160685147874479496e-02 |
-------------------------------------------------------------------

Scheme evaluation results:
Order: 4, No. cycles: 6
-------------------------------------------------------------------
Vector a: -0.90274725952219856724, 1.86634937327963692556, -0.30366136317672672010, 0.34005924941928836181
Vector b: -0.06680641619118498834, -0.15585987691935723013, 1.22266629311054221844
-------------------------------------------------------------------
| Order |          Error^2           |         Efficiency         |
-------------------------------------------------------------------
|   2   | 5.65362273222633396167e-40 | 1.16824541967445367500e+18 |
|   4   | 8.04732990878235300625e-07 | 8.60139902651909598165e-01 |
|   6   | 1.41529030383382249779e-08 | 1.80164712101822980614e-01 |
|   8   | 2.00534109273059789808e-09 | 1.32952304742767750402e-02 |
-------------------------------------------------------------------

Scheme evaluation results:
Order: 4, No. cycles: 6
-------------------------------------------------------------------
Vector a: 0.99202290263628584887, -0.07401577872731649745, -0.26204196868528489622, 0.34403484477631554481
Vector b: -0.13417551644002102647, -0.05491127766955656134, 1.18908679410957758777
-------------------------------------------------------------------
| Order |          Error^2           |         Efficiency         |
-------------------------------------------------------------------
|   2   | 1.63294991605928123055e-39 | 6.87402436005928122812e+17 |
|   4   | 8.49284708860862209613e-07 | 8.37275428303416911497e-01 |
|   6   | 1.18535855478935972591e-08 | 1.96864599892069047505e-01 |
|   8   | 2.30494970672371742580e-09 | 1.24010731736728342122e-02 |
-------------------------------------------------------------------

Scheme evaluation results:
Order: 4, No. cycles: 6
-------------------------------------------------------------------
Vector a: 0.53584264494216741473, 0.00105373526745672976, -0.04185735120113441383, 0.50496097099151026938
Vector b: 4.98834386884224257035, -2.81423978462263380050, -1.17410408421960876985
-------------------------------------------------------------------
| Order |          Error^2           |         Efficiency         |
-------------------------------------------------------------------
|   2   | 1.43062483858620684258e-38 | 2.32238714405383771562e+17 |
|   4   | 9.04094801235000279790e-07 | 8.11499043915737508915e-01 |
|   6   | 8.66508183518334121500e-08 | 7.28125369960258952677e-02 |
|   8   | 4.72880065620843535523e-09 | 8.65793844151730354287e-03 |
-------------------------------------------------------------------

Scheme evaluation results:
Order: 4, No. cycles: 6
-------------------------------------------------------------------
Vector a: -0.00783232557462619551, 0.25135130574424477488, -0.69263026887777230677, 1.44911128870815372738
Vector b: 2.37103708019390696298, -4.28180963427762554174, 2.91077255408371857875
-------------------------------------------------------------------
| Order |          Error^2           |         Efficiency         |
-------------------------------------------------------------------
|   2   | 2.27866824842015693683e-38 | 1.84016577406055795078e+17 |
|   4   | 1.07750691195253185927e-06 | 7.43335657276338148292e-01 |
|   6   | 7.36553415330430194040e-04 | 7.89751344397334193669e-04 |
|   8   | 6.15912327667869540507e-04 | 2.39900166052948890181e-05 |
-------------------------------------------------------------------

Scheme evaluation results:
Order: 4, No. cycles: 6
-------------------------------------------------------------------
Vector a: -0.02118964371320207912, -0.66397721839011108569, 0.95996401919220183691, 0.72520284291111132791
Vector b: -1.07631603748358893797, 0.44937474695046551509, 1.62694129053312342282
-------------------------------------------------------------------
| Order |          Error^2           |         Efficiency         |
-------------------------------------------------------------------
|   2   | 2.86985925493722536125e-40 | 1.63971058432973792138e+18 |
|   4   | 1.10126961938308843349e-06 | 7.35272239284446676424e-01 |
|   6   | 2.29067109386023308479e-06 | 1.41615610840142886989e-02 |
|   8   | 4.04978138997179300666e-07 | 9.35565518134277108304e-04 |
-------------------------------------------------------------------

Scheme evaluation results:
Order: 4, No. cycles: 6
-------------------------------------------------------------------
Vector a: 0.51926371450688266586, -0.19648461510555175100, -1.02281169966382029578, 1.70003260026248938089
Vector b: 1.36162868478806784291, -0.37165207893504419685, 0.01002339414697635397
-------------------------------------------------------------------
| Order |          Error^2           |         Efficiency         |
-------------------------------------------------------------------
|   2   | 4.59177480789956057800e-41 | 4.09927646082434480350e+18 |
|   4   | 1.16568216574825844659e-06 | 7.14668964112966496112e-01 |
|   6   | 8.56865751084956321219e-09 | 2.31545372267592932682e-01 |
|   8   | 1.91485281516082181301e-09 | 1.36057440916501808561e-02 |
-------------------------------------------------------------------

Scheme evaluation results:
Order: 4, No. cycles: 6
-------------------------------------------------------------------
Vector a: -0.28714253323170386512, -0.22871451971363482362, 0.88348242532821473982, 0.63237462761712394892
Vector b: -1.31391283167824914611, 0.98461216374558722269, 1.32930066793266192342
-------------------------------------------------------------------
| Order |          Error^2           |         Efficiency         |
-------------------------------------------------------------------
|   2   | 2.48242825552069993748e-39 | 5.57518324472735848156e+17 |
|   4   | 1.18179105233314975845e-06 | 7.09781457781092961262e-01 |
|   6   | 7.23256664230618088425e-07 | 2.52026539144650218333e-02 |
|   8   | 1.59459076138750020018e-07 | 1.49095788157859177414e-03 |
-------------------------------------------------------------------

Scheme evaluation results:
Order: 4, No. cycles: 6
-------------------------------------------------------------------
Vector a: 0.50660652216750781543, -0.24737529275553239692, 0.00717311289192963167, 0.73359565769609494981
Vector b: 1.33681440362116257673, -3.75124030139285631678, 3.41442589777169374005
-------------------------------------------------------------------
| Order |          Error^2           |         Efficiency         |
-------------------------------------------------------------------
|   2   | 9.01135806050288763433e-39 | 2.92618901760652720625e+17 |
|   4   | 1.21216736187948169683e-06 | 7.00831647926812188428e-01 |
|   6   | 9.75052194193049437332e-08 | 6.86402040237090358646e-02 |
|   8   | 6.12705517524533638601e-09 | 7.60613625998708904668e-03 |
-------------------------------------------------------------------

Scheme evaluation results:
Order: 4, No. cycles: 6
-------------------------------------------------------------------
Vector a: 0.52951520803628628444, -0.07020147368212493918, -0.08572843533565728953, 0.62641470098149594427
Vector b: 1.50536150798369636596, -0.25514597908101465304, -0.25021552890268171289
-------------------------------------------------------------------
| Order |          Error^2           |         Efficiency         |
-------------------------------------------------------------------
|   2   | 2.98465362513471437570e-40 | 1.60786851271960793225e+18 |
|   4   | 1.21759266906135830453e-06 | 6.99268534091728421445e-01 |
|   6   | 8.31067465749001466997e-09 | 2.35111762498859202717e-01 |
|   8   | 2.28252460032578870574e-09 | 1.24618426544729857647e-02 |
-------------------------------------------------------------------

Scheme evaluation results:
Order: 4, No. cycles: 6
-------------------------------------------------------------------
Vector a: -1.60130744747349958732, -0.00237041611872126322, 2.26122294656001745377, 0.34245491703220339681
Vector b: -2.60596009625590192284, 2.55041689875281941957, 1.05554319750308250327
-------------------------------------------------------------------
| Order |          Error^2           |         Efficiency         |
-------------------------------------------------------------------
|   2   | 7.20047687063749843138e-39 | 3.27353410087893542406e+17 |
|   4   | 1.34201444891009284371e-06 | 6.66064677012588016191e-01 |
|   6   | 1.73826224402507297922e-07 | 5.14084901669847436815e-02 |
|   8   | 1.84170903467773547908e-08 | 4.38711973640585276273e-03 |
-------------------------------------------------------------------

Scheme evaluation results:
Order: 4, No. cycles: 6
-------------------------------------------------------------------
Vector a: 0.27739693140898930769, 0.62243184872864401304, 1.56653379883561377208, -1.46636257897324709279
Vector b: 0.55403816262025156462, 0.45931053222003070371, -0.01334869484028226839
-------------------------------------------------------------------
| Order |          Error^2           |         Efficiency         |
-------------------------------------------------------------------
|   2   | 4.13259732710960452020e-40 | 1.36642548694144826788e+18 |
|   4   | 2.39139478107489161546e-06 | 4.98964169212344955804e-01 |
|   6   | 4.09511532670712107755e-09 | 3.34934148957928546139e-01 |
|   8   | 1.06941673975768622472e-09 | 1.82060825668975027211e-02 |
-------------------------------------------------------------------

Scheme evaluation results:
Order: 4, No. cycles: 6
-------------------------------------------------------------------
Vector a: 0.85428815929161490005, 3.84783560198584479437, -0.09110942783538869809, -3.61101433344207099633
Vector b: 1.03877536535781764238, 0.47099610117211670340, -0.50977146652993434578
-------------------------------------------------------------------
| Order |          Error^2           |         Efficiency         |
-------------------------------------------------------------------
|   2   | 1.24896274774868047722e-38 | 2.48555144655689846312e+17 |
|   4   | 1.48598474496171913984e-05 | 2.00164853465465359878e-01 |
|   6   | 7.31616698826736746698e-05 | 2.50582474138091581883e-03 |
|   8   | 8.27767668643622431240e-05 | 6.54388663620413978686e-05 |
-------------------------------------------------------------------

Scheme evaluation results:
Order: 4, No. cycles: 6
-------------------------------------------------------------------
Vector a: -1.62965089400663240625, 3.00647960996497946970, -2.33719480504907106255, 1.96036608909072399909
Vector b: 0.69270609899866791533, -1.83874190852146312690, 2.14603580952279521157
-------------------------------------------------------------------
| Order |          Error^2           |         Efficiency         |
-------------------------------------------------------------------
|   2   | 1.46936793852785938496e-38 | 2.29156520624199714391e+17 |
|   4   | 2.77827648785254882042e-05 | 1.46388603131261274524e-01 |
|   6   | 2.48227393552874683310e-02 | 1.36040319785687699771e-04 |
|   8   | 3.81521574877665389563e-02 | 3.04810866728585173402e-06 |
-------------------------------------------------------------------

Scheme evaluation results:
Order: 4, No. cycles: 6
-------------------------------------------------------------------
Vector a: -1.11827351688178455681, -0.74681231783486994188, 0.58127617033038293728, 2.28380966438627156130
Vector b: 4.68382728148256410883, 0.29917526346572480728, -3.98300254494828891594
-------------------------------------------------------------------
| Order |          Error^2           |         Efficiency         |
-------------------------------------------------------------------
|   2   | 6.77378619661343176467e-37 | 3.37506201259295347266e+16 |
|   4   | 5.81495872781711836062e-04 | 3.19979149816738946818e-02 |
|   6   | 3.04493202103998240767e-03 | 3.88421889910343902613e-04 |
|   8   | 7.34570496023288050902e-03 | 6.94661542671157683851e-06 |
-------------------------------------------------------------------

Scheme evaluation results:
Order: 4, No. cycles: 6
-------------------------------------------------------------------
Vector a: 0.01148879171986907890, 0.94501615966142135439, -1.18756879370208657382, 1.23106384232079614049
Vector b: -2.78448563341068081652, 0.15280739626238460149, 3.63167823714829621500
-------------------------------------------------------------------
| Order |          Error^2           |         Efficiency         |
-------------------------------------------------------------------
|   2   | 1.54742811026215191479e-38 | 2.23301817697812483359e+17 |
|   4   | 5.90236259986158266529e-04 | 3.17601142083225772049e-02 |
|   6   | 1.84638485615632021649e-04 | 1.57736203225283790604e-03 |
|   8   | 1.58538503659657529555e-04 | 4.72849157428320145497e-05 |
-------------------------------------------------------------------

Scheme evaluation results:
Order: 4, No. cycles: 6
-------------------------------------------------------------------
Vector a: -0.17107537635254225379, -0.32468426547361706013, -0.12079697078109705495, 1.61655661260725636887
Vector b: -1.30748328040383739201, 3.76269418693688515549, -1.45521090653304776348
-------------------------------------------------------------------
| Order |          Error^2           |         Efficiency         |
-------------------------------------------------------------------
|   2   | 9.04579637156213433867e-39 | 2.92061354918613418750e+17 |
|   4   | 8.76156061011784808909e-04 | 2.60677929981532110890e-02 |
|   6   | 4.91974927566945128147e-05 | 3.05577245964864307630e-03 |
|   8   | 1.38078087750668568541e-05 | 1.60224016707726327505e-04 |
-------------------------------------------------------------------

Scheme evaluation results:
Order: 4, No. cycles: 6
-------------------------------------------------------------------
Vector a: -0.05651228402706209372, -0.14311444415967863673, -0.13721748019785324837, 1.33684420838459397884
Vector b: -1.43844137813727909509, -0.83207685440476505853, 3.27051823254204415367
-------------------------------------------------------------------
| Order |          Error^2           |         Efficiency         |
-------------------------------------------------------------------
|   2   | 1.51643363030882988089e-38 | 2.25572314448108535078e+17 |
|   4   | 1.41031304830841545521e-03 | 2.05464708550946766665e-02 |
|   6   | 1.97404654125731280086e-04 | 1.52550559172279785627e-03 |
|   8   | 2.67629222602646265101e-05 | 1.15086194752139204005e-04 |
-------------------------------------------------------------------

