Scheme evaluation results:
Order: 8, No. cycles: 26
---------------------------------------------------------------------------------------------------
Vector a: 0.157410808022676925065314263610151911, -0.202902157260785725735063527113086976, -0.173263377821590857662249506981025218, -0.309254253197267753440488131083262105, -0.384768062959132315600813500536177941, 0.713070580944411635127802547415094882, -0.031772061821289993779059511282241900, -0.698973288384387672487507550354265733, 0.520338063902940579324316485805524172, 0.887802534223240904548992819744162114, -0.165528874409462880699568437285343790, -0.073852007482194983325545290199517673, 0.577585799981358389072094280772279561, 0.184106296261483749591775057487708721
Vector b: 0.314817827387815256689210750361458288, -0.720619503870484530267693414849584862, 0.374091327509551290145988212595515600, -0.992596669156441143453906562180075725, 0.223058112746444806436576242406986121, 1.203086353488176344947972335259898344, -1.266630236645654685438731908717794375, -0.131320579935522747388866711452724293, 1.172000210150018440135674821757424671, 0.603603484461602451169819088340964803, -0.934660772996100744409284102412204269, 0.786957596682732278185794013608705416, 0.368212850177862983247447235281430258
---------------------------------------------------------------------------------------------------
| Order |                  Error^2                   |                 Efficiency                 |
---------------------------------------------------------------------------------------------------
|   2   | 1.032513090505598144479915328075060461e-37 | 4.603684160146543552298511692487335487e+15 |
|   4   | 2.079415032162840470691188353297852494e-32 | 1.517525573301038925884738743533761803e+10 |
|   6   | 6.594352188914864996403169724273361267e-34 | 1.260589957915238479994592947994404703e+08 |
|   8   | 4.251499171104409232605534287424052340e-13 | 7.344160626026138862861927047689043951e-06 |
---------------------------------------------------------------------------------------------------

Scheme evaluation results:
Order: 8, No. cycles: 26
---------------------------------------------------------------------------------------------------
Vector a: -0.538647560999444367190463064917895365, -0.657049716845976414425029941243794211, 0.016135389965179052569949892980805713, 1.179561887880241729045543113180922213, -0.491783775890422403535811567730913413, 0.861175724282636287413591275339620072, -0.253801650777828383878273509182233155, -0.115590297614385499999506198426667939, 0.080511387672904293258484169858740315, -0.080511387672904293258484169858639974, 0.805163643936436752415099985185522438, -0.322767386914702995826487345697897544, -0.015312999105104235119010971875494200, 0.532916742083370478530398332387924870
Vector b: -1.077295121998888734380926129835600449, -0.236804311693064094469133752648506734, 0.269075091623422199609033538609902480, 0.038951555564106886179155627559685467, 1.028578021228002679052118297167643931, 0.693773427337269895775064253512337889, -1.201376728892926663531611271877023561, -0.436654638901859657303052531069795626, 2.004528186813683564655672276880027376, -0.503074191417081040994142281678919985, 0.450924708547543435645843917131398386, -1.096459482376949427298818608530009280, 1.065833484166740957060796664778859969
---------------------------------------------------------------------------------------------------
| Order |                  Error^2                   |                 Efficiency                 |
---------------------------------------------------------------------------------------------------
|   2   | 1.811135815765342473501823858177558356e-70 | 1.099202720477394903665355935650588281e+32 |
|   4   | 1.850931280467217674335604167561342597e-71 | 5.086411126830675432675786588507477417e+29 |
|   6   | 3.078275919777863842272711257976574423e-73 | 5.834533525568245313058546209613785744e+27 |
|   8   | 1.468564780453276165638711852406213248e-11 | 1.249587470498567942953871802980563751e-06 |
---------------------------------------------------------------------------------------------------

