Scheme evaluation results:
Order: 6, No. cycles: 12
---------------------------------------------------------------------------------------------------
Vector a: -0.523036865026643702554384790655937983, 0.718819039568136895486763085434717460, 0.353123361260487020828626669371286944, -0.198521710648064017182041446967312153, 0.104175133079209214274890307480580761, 0.464774228621586339911329476105576598, 0.080666813145288249234816699231088410
Vector b: -0.022662659044936948086111310689341421, 0.380333522337173203617800980793472423, 0.623542324555991389152955010659271031, 0.059911086758233252481127246397058299, -0.257591538307250057564457353661824649, 0.216467263700789160398685426501364410
---------------------------------------------------------------------------------------------------
Highest efficiency at 12 cycles - Slightly more efficient than its counterpart at 11 cycles,
with a relatively good uniformity.
---------------------------------------------------------------------------------------------------
| Order |                  Error^2                   |                 Efficiency                 |
---------------------------------------------------------------------------------------------------
|   2   | 5.999387389722696943474791530213162055e-71 | 8.965696945523402299554023679354737500e+32 |
|   4   | 1.822922458609335371526551151199908341e-73 | 1.129512178925203284558908907202601562e+32 |
|   6   | 2.540875923528496799399551931219077068e-13 | 6.643864930802897681419896400122492341e-01 |
|   8   | 2.054542364671512666110923387742834350e-14 | 1.622529049933920892185208294751700435e-02 |
---------------------------------------------------------------------------------------------------
Distance from the origin: x = 1.0223245182420329
---------------------------------------------------------------------------------------------------

Scheme evaluation results:
Order: 6, No. cycles: 12
---------------------------------------------------------------------------------------------------
Vector a: 0.298977780936914327353162914266743484, -0.133142363054211585258989359768939203, -0.338027245777352565301607660155567725, 0.770855118923402831579255546234496903, -0.127434327194563686435300670372611076, 0.421236300047482163515550049564870427, 0.107534736118328514547929180231007141
Vector b: 0.601899595610200219444016733746587940, -0.235298817745182932720236268532667363, 0.034326513084689040472615165073406122, -0.184558042802587621673593480351524740, 0.475296319656894645421970296293107689, 0.308334432195986649055227553771090394
---------------------------------------------------------------------------------------------------
Second smallest distance from the origin - Another compromise between the two regimes makes it a
good choice in general.
---------------------------------------------------------------------------------------------------
| Order |                  Error^2                   |                 Efficiency                 |
---------------------------------------------------------------------------------------------------
|   2   | 1.131959884853339045938639911360973973e-71 | 2.064058441785330430216057256943882500e+33 |
|   4   | 6.867481235011102366107227001298877739e-74 | 1.840247663963571319045015852859733125e+32 |
|   6   | 4.561068666907503830130414471918081832e-12 | 1.568119727452420176542193536786752724e-01 |
|   8   | 1.026136281241797336782929125268154039e-12 | 2.295871146035979084090434012454095753e-03 |
---------------------------------------------------------------------------------------------------
Distance from the origin: x = 0.8055172154133649
---------------------------------------------------------------------------------------------------

Scheme evaluation results:
Order: 6, No. cycles: 12
---------------------------------------------------------------------------------------------------
Vector a: -0.000030239286926465680552002402051845, 0.616988764667517783725697853436388433, -0.338618659493788211026337156190356758, -0.248499130842201076234696865340383701, 0.376452081827927312737038317201447453, 0.390783429464727638892460620661720344, 0.202923753662743017586389232633236122
Vector b: 0.507120989652122697192562056943999733, 0.217256625815212259951904325918079339, -0.891897175961284066571737092666760140, 0.387884330747602427787514835466224406, 0.374128025084723983565598420871603494, 0.405507204661622698074157453466853216
---------------------------------------------------------------------------------------------------
One of the most uniform schemes at order n > 2 - Very small distance from the origin makes it
a good candidate for local groupings.
---------------------------------------------------------------------------------------------------
| Order |                  Error^2                   |                 Efficiency                 |
---------------------------------------------------------------------------------------------------
|   2   | 2.943095700618681519440463769538532329e-71 | 1.280074705017293164923766517333242000e+33 |
|   4   | 4.112198019193770752823965302991038260e-73 | 7.520349181615488543409341978551133594e+31 |
|   6   | 2.515252876988282473878925404114693914e-10 | 2.111648831862155911515875498963267761e-02 |
|   8   | 3.806228084675468243484770470911319073e-11 | 3.769663867874804426837135690778676710e-04 |
---------------------------------------------------------------------------------------------------
Distance from the origin: x = 0.6413538621500334
---------------------------------------------------------------------------------------------------
