Scheme evaluation results:
Order: 4, No. cycles: 4
---------------------------------------------------------------------------------------------------
Vector a: 0.979073220279426706203777265288201786, -0.323246238136603247441585000216198347, 0.344173017857176541237807734927996561
Vector b: -0.183122446439236716565177997225387133, 1.183122446439236716565177997225387229
---------------------------------------------------------------------------------------------------
| Order |                  Error^2                   |                 Efficiency                 |
---------------------------------------------------------------------------------------------------
|   2   | 9.055679078826712367509119290887791781e-72 | 2.076918743413931051412198531688038400e+34 |
|   4   | 8.501040830258694056706089636484466016e-07 | 4.236663621170036340728015575092829170e+00 |
|   6   | 1.190651726909579852962047050661338661e-08 | 2.237420840105678614756113050007219060e+00 |
|   8   | 2.293891897716724126023315325401353845e-09 | 3.185910679143011594484762246327700436e-01 |
---------------------------------------------------------------------------------------------------

Scheme evaluation results:
Order: 4, No. cycles: 4
---------------------------------------------------------------------------------------------------
Vector a: 0.530209824193593849855257566039921223, -0.129754247401234767709990044503728119, 0.599544423207640917854732478463806920
Vector b: 1.432360315880993853926170664766998813, -0.432360315880993853926170664766998813
---------------------------------------------------------------------------------------------------
| Order |                  Error^2                   |                 Efficiency                 |
---------------------------------------------------------------------------------------------------
|   2   |                    0.0                     |                  Infinity                  |
|   4   | 1.247329337232734626860175177066207529e-06 | 3.497594570927012595016879681979131698e+00 |
|   6   | 8.382238861628214448906413461155689032e-09 | 2.666613269087105459441780659770833292e+00 |
|   8   | 2.298156435045602524302795728673510272e-09 | 3.182953364417185395052763193205339040e-01 |
---------------------------------------------------------------------------------------------------

Scheme evaluation results:
Order: 4, No. cycles: 4
---------------------------------------------------------------------------------------------------
Vector a: -1.616568061652636049209727074256352762, 2.290392162588845602285001280106499547, 0.326175899063790446924725794149853215
Vector b: -0.055901538395505013121374193128111896, 1.055901538395505013121374193128111956
---------------------------------------------------------------------------------------------------
| Order |                  Error^2                   |                 Efficiency                 |
---------------------------------------------------------------------------------------------------
|   2   | 9.055679078826712367509119290887791781e-71 | 6.567793744282856487293125959866288000e+33 |
|   4   | 1.936797659628253913333490050601590333e-06 | 2.806841627878866680231243768117852086e+00 |
|   6   | 7.131228814976460797058823366559847317e-08 | 9.142350478039072675557456012608383740e-01 |
|   8   | 8.518020294129441098364766103368744541e-09 | 1.653296453566514077153963986276058099e-01 |
---------------------------------------------------------------------------------------------------

Scheme evaluation results:
Order: 4, No. cycles: 4
---------------------------------------------------------------------------------------------------
Vector a: 0.776783188450174652967071300965338579, 3.390900597323245571760802191777907726, -3.167683785773420224727873492743246401
Vector b: 1.016107338138137878714093932463769477, -0.016107338138137878714093932463769477
---------------------------------------------------------------------------------------------------
| Order |                  Error^2                   |                 Efficiency                 |
---------------------------------------------------------------------------------------------------
|   2   | 2.318253844179638366082334538467274696e-69 | 1.298074214633706907132624082305024000e+33 |
|   4   | 2.355194283248658452971410625739748554e-04 | 2.545345057616211282878071531853927591e-01 |
|   6   | 3.396677205906359035509234148081888608e-06 | 1.324685899781096498034227383216398351e-01 |
|   8   | 4.108890030229394446625083237624643481e-07 | 2.380443129719179197190975824483543596e-02 |
---------------------------------------------------------------------------------------------------

Scheme evaluation results:
Order: 4, No. cycles: 4
---------------------------------------------------------------------------------------------------
Vector a: -0.098584483651817629443302064939606260, -0.242295254886563486228619488909304902, 1.340879738538381115671921553848911174
Vector b: -2.039201183099597605718144206887913708, 3.039201183099597605718144206887913708
---------------------------------------------------------------------------------------------------
| Order |                  Error^2                   |                 Efficiency                 |
---------------------------------------------------------------------------------------------------
|   2   | 1.811135815765342473501823858177558356e-70 | 4.644131494016993467986128828123735500e+33 |
|   4   | 1.450844477363412864113965644945898680e-03 | 1.025532915932199125086677852762251382e-01 |
|   6   | 1.997074412491161163287313750426725272e-04 | 1.727598937894831651105469740802127688e-02 |
|   8   | 2.618765723474503016948994052333481087e-05 | 2.981753553058313958960891708352247943e-03 |
---------------------------------------------------------------------------------------------------

Scheme evaluation results:
Order: 4, No. cycles: 4
---------------------------------------------------------------------------------------------------
Vector a: -1.150552958220660916518557986765325181, -0.159982982552069787198258603650079385, 2.310535940772730703716816590415404446
Vector b: 3.515512874388408492527833562985894653, -2.515512874388408492527833562985894653
---------------------------------------------------------------------------------------------------
| Order |                  Error^2                   |                 Efficiency                 |
---------------------------------------------------------------------------------------------------
|   2   | 2.318253844179638366082334538467274696e-69 | 1.298074214633706907132624082305024000e+33 |
|   4   | 8.458597506007478641323203933443171734e-03 | 4.247279629335489523449105963886923551e-02 |
|   6   | 9.782477606328686014675896127555878821e-04 | 7.805767669738052935035158982502965276e-03 |
|   8   | 1.844794500992654877803621045474684141e-03 | 3.552598038495777501047732679417072775e-04 |
---------------------------------------------------------------------------------------------------

