Scheme evaluation results:
Order: 4, No. cycles: 6
---------------------------------------------------------------------------------------------------
Vector a: 0.791246764543522299299042857874111106, -0.429379557620806370227016164550133883, 0.500668638127481506061280503516033691, 0.137464154949802564866692803159989086
Vector b: -0.052606049892250448317323809459410805, 0.679972407857037257263693631006216485, 0.372633642035213191053630178453194344
---------------------------------------------------------------------------------------------------
Highest efficiency scheme - Highest efficiency at order n = 4 and 6 cycles. A good choice for a
fourth order scheme (especially in global grouping of operators). Relatively good uniformity too.
---------------------------------------------------------------------------------------------------
| Order |                  Error^2                   |                 Efficiency                 |
---------------------------------------------------------------------------------------------------
|   2   | 2.037527792736010282689551840449753151e-71 | 6.153833313819054967147254908705299000e+33 |
|   4   | 5.074867162192474903181078783913842742e-09 | 1.083135173034281971652961497239327695e+01 |
|   6   | 9.111337121028616349170552553376192931e-11 | 2.245439921911841778122417153590514580e+00 |
|   8   | 1.310711439209858328834987234530341170e-11 | 1.644509747652003980411543877875014985e-01 |
---------------------------------------------------------------------------------------------------
Distance from the origin: x = 0.862546030521283
---------------------------------------------------------------------------------------------------

Scheme evaluation results:
Order: 4, No. cycles: 6
---------------------------------------------------------------------------------------------------
Vector a: 0.244173978873066369903366346498162077, -0.106666143519277588004975875960175057, 0.714327020325727572858153363345193345, 0.148165144320483645243456166116819611
Vector b: 0.837815099941101996817555034776131730, -0.234461087745615885974499719319949158, 0.396645987804513889156944684543817404
---------------------------------------------------------------------------------------------------
2nd highest efficiency scheme - Slightly smaller efficiency, but a good improvement to the
uniformity. A good compromise between the two characteristics, but favours the global ordering.
---------------------------------------------------------------------------------------------------
| Order |                  Error^2                   |                 Efficiency                 |
---------------------------------------------------------------------------------------------------
|   2   | 1.811135815765342473501823858177558356e-71 | 6.527125899739705716824917873199465000e+33 |
|   4   | 5.369342127951688707894865657471381085e-09 | 1.053014762413514029018259100437994835e+01 |
|   6   | 9.498418044963711409702107907335460209e-11 | 2.199210790733984537508391317664771418e+00 |
|   8   | 6.255177996910953453746267204473046144e-12 | 2.380510825001449162487842697043286166e-01 |
---------------------------------------------------------------------------------------------------
Distance from the origin: x = 0.7198967324543112
---------------------------------------------------------------------------------------------------

Scheme evaluation results:
Order: 4, No. cycles: 6
---------------------------------------------------------------------------------------------------
Vector a: 0.233188417579019718082968033318541773, 0.693404509082075536922720378786366715, -0.093105206251776114611292405187438604, 0.166512279590680859605603993082530104
Vector b: 0.498339847145701258954492173782050721, -0.257938145514485855436517363900284637, 0.759598298368784596482025190118233964
---------------------------------------------------------------------------------------------------
2nd best distance from origin - Smaller efficency, and slightly more uniform than the last,
but likely not better performing than it.
---------------------------------------------------------------------------------------------------
| Order |                  Error^2                   |                 Efficiency                 |
---------------------------------------------------------------------------------------------------
|   2   | 2.263919769706678091877279822721947945e-71 | 5.838038883806983544260556408770033000e+33 |
|   4   | 1.017623516536532273395115616802668255e-08 | 7.648943115775670680973797617106911190e+00 |
|   6   | 9.014535730992751110848841288010254913e-11 | 2.257463907224191301152763027428066449e+00 |
|   8   | 7.095776976124114072551252725993462785e-12 | 2.235064283037422192062861821991097535e-01 |
---------------------------------------------------------------------------------------------------
Distance from the origin: x = 0.7041846044804471
---------------------------------------------------------------------------------------------------

Scheme evaluation results:
Order: 4, No. cycles: 6
---------------------------------------------------------------------------------------------------
Vector a: 0.225515415148114953814604986555099764, 0.544965721202801468066088380317394361, -0.346150363590446004491891842527018794, 0.575669227239529582611198475654524669
Vector b: 0.534957780931325926511012861496019745, 0.537720617834760975162032356155601097, -0.072678398766086901673045217651620746
---------------------------------------------------------------------------------------------------
Smallest distance from origin - Even worse efficency, but the best uniformity of any scheme
at 6th order. Likely a good performing scheme in local ordering of operators.
---------------------------------------------------------------------------------------------------
| Order |                  Error^2                   |                 Efficiency                 |
---------------------------------------------------------------------------------------------------
|   2   | 3.622271631530684947003647716355116712e-71 | 4.615374985364291225360441181528974000e+33 |
|   4   | 2.552792597570800505899935471121449316e-08 | 4.829333888836179875509039987749962403e+00 |
|   6   | 2.397679667586256805633183539785178283e-10 | 1.384193856815409876671112677784952867e+00 |
|   8   | 3.800218706185338117377572793849348279e-11 | 9.657966646268790498888862653129086455e-02 |
---------------------------------------------------------------------------------------------------
Distance from the origin: x = 0.6627553293792787
---------------------------------------------------------------------------------------------------
